BL51 BANKED LINKER/LOCATER V6.22                                                        06/15/2016  09:36:36  PAGE 1


BL51 BANKED LINKER/LOCATER V6.22, INVOKED BY:
D:\KEIL_V5\C51\BIN\BL51.EXE GF2488-01F1-E1-RST.obj, .\NewLib9.LIB TO citrans550f RAMSIZE (256)


MEMORY MODEL: LARGE


INPUT MODULES INCLUDED:
  GF2488-01F1-E1-RST.obj (GF2488_01F1_E1_RST)
  .\NewLib9.LIB (TIMER)
  .\NewLib9.LIB (COMM)
  .\NewLib9.LIB (DEBUG)
  .\NewLib9.LIB (HDLC)
  .\NewLib9.LIB (?C_STARTUP)
  D:\KEIL_V5\C51\LIB\C51L.LIB (?C_INIT)
  D:\KEIL_V5\C51\LIB\C51L.LIB (?C?CLDPTR)
  D:\KEIL_V5\C51\LIB\C51L.LIB (?C?CLDOPTR)
  D:\KEIL_V5\C51\LIB\C51L.LIB (?C?CSTPTR)
  D:\KEIL_V5\C51\LIB\C51L.LIB (?C?CSTOPTR)
  D:\KEIL_V5\C51\LIB\C51L.LIB (?C?IMUL)
  D:\KEIL_V5\C51\LIB\C51L.LIB (?C?UIDIV)
  D:\KEIL_V5\C51\LIB\C51L.LIB (?C?IILDX)
  D:\KEIL_V5\C51\LIB\C51L.LIB (?C?ILDIX)
  D:\KEIL_V5\C51\LIB\C51L.LIB (?C?ILDOPTR)
  D:\KEIL_V5\C51\LIB\C51L.LIB (?C?ISTPTR)
  D:\KEIL_V5\C51\LIB\C51L.LIB (?C?ISTOPTR)
  D:\KEIL_V5\C51\LIB\C51L.LIB (?C?ULCMP)
  D:\KEIL_V5\C51\LIB\C51L.LIB (?C?LSHL)
  D:\KEIL_V5\C51\LIB\C51L.LIB (?C?LLDOPTR)
  D:\KEIL_V5\C51\LIB\C51L.LIB (?C?LSTXDATA)
  D:\KEIL_V5\C51\LIB\C51L.LIB (?C?LSTKXDATA)
  D:\KEIL_V5\C51\LIB\C51L.LIB (?C?OFFX256)
  D:\KEIL_V5\C51\LIB\C51L.LIB (?C?OFFXADD)
  D:\KEIL_V5\C51\LIB\C51L.LIB (?C?CCASE)
  D:\KEIL_V5\C51\LIB\C51L.LIB (?C?ICALL)
  D:\KEIL_V5\C51\LIB\C51L.LIB (PRINTF)
  D:\KEIL_V5\C51\LIB\C51L.LIB (TOINT)
  D:\KEIL_V5\C51\LIB\C51L.LIB (ISXDIGIT)
  D:\KEIL_V5\C51\LIB\C51L.LIB (TOUPPER)
  D:\KEIL_V5\C51\LIB\C51L.LIB (STRNCMP)
  D:\KEIL_V5\C51\LIB\C51L.LIB (STRNCPY)
  D:\KEIL_V5\C51\LIB\C51L.LIB (STRLEN)
  D:\KEIL_V5\C51\LIB\C51L.LIB (?C?MEMSET)
  D:\KEIL_V5\C51\LIB\C51L.LIB (?C?MEMCMPAMD)
  D:\KEIL_V5\C51\LIB\C51L.LIB (?C?COPYAMD)
  D:\KEIL_V5\C51\LIB\C51L.LIB (?C?STRCMPAMD)
  D:\KEIL_V5\C51\LIB\C51L.LIB (?C?LLDIDATA)
  D:\KEIL_V5\C51\LIB\C51L.LIB (?C?LLDXDATA)
  D:\KEIL_V5\C51\LIB\C51L.LIB (?C?LLDPDATA)
  D:\KEIL_V5\C51\LIB\C51L.LIB (?C?LLDCODE)
  D:\KEIL_V5\C51\LIB\C51L.LIB (?C?PLDIXDATA)
  D:\KEIL_V5\C51\LIB\C51L.LIB (?C?PSTXDATA)
  D:\KEIL_V5\C51\LIB\C51L.LIB (PUTCHAR)


LINK MAP OF MODULE:  citrans550f (GF2488_01F1_E1_RST)


BL51 BANKED LINKER/LOCATER V6.22                                                      06/15/2016  09:36:36  PAGE 2


            TYPE    BASE      LENGTH    RELOCATION   SEGMENT NAME
            -----------------------------------------------------

            * * * * * * *   D A T A   M E M O R Y   * * * * * * *
            REG     0000H     0008H     ABSOLUTE     "REG BANK 0"
            REG     0008H     0008H     ABSOLUTE     "REG BANK 1"
            REG     0010H     0008H     ABSOLUTE     "REG BANK 2"
            DATA    0018H     0007H     UNIT         _DATA_GROUP_
            DATA    001FH     0001H     UNIT         ?DT?DEBUG
            DATA    0020H     0001H     BIT_ADDR     ?BA?GF2488_01F1_E1_RST
            DATA    0021H     0001H     BIT_ADDR     ?BA?COMM
            BIT     0022H.0   0001H.1   UNIT         _BIT_GROUP_
            BIT     0023H.1   0000H.6   UNIT         ?BI?COMM
            BIT     0023H.7   0000H.1   UNIT         ?BI?DEBUG
            IDATA   0024H     0001H     UNIT         ?STACK

            * * * * * * *  X D A T A   M E M O R Y  * * * * * * *
            XDATA   0000H     2000H     ABSOLUTE     
            XDATA   2000H     56DEH     UNIT         ?XD?GF2488_01F1_E1_RST
            XDATA   76DEH     0437H     UNIT         ?XD?COMM
            XDATA   7B15H     0061H     UNIT         _XDATA_GROUP_
            XDATA   7B76H     002AH     UNIT         ?XD?DEBUG
            XDATA   7BA0H     0010H     UNIT         ?XD?TIMER
            XDATA   7BB0H     000FH     UNIT         ?XD?HDLC

            * * * * * * *   C O D E   M E M O R Y   * * * * * * *
            CODE    0000H     0003H     ABSOLUTE     
            CODE    0003H     0003H     ABSOLUTE     
            CODE    0006H     0007H     UNIT         ?PR?TIMER
            CODE    000DH     0004H     UNIT         ?C_INITSEG
            CODE    0011H     0001H     UNIT         ?PR?USERFUNC?GF2488_01F1_E1_RST
                    0012H     0001H                  *** GAP ***
            CODE    0013H     0003H     ABSOLUTE     
                    0016H     000DH                  *** GAP ***
            CODE    0023H     0003H     ABSOLUTE     
                    0026H     0005H                  *** GAP ***
            CODE    002BH     0003H     ABSOLUTE     
            CODE    002EH     0015H     UNIT         ?PR?_STRLEN?STRLEN
            CODE    0043H     0003H     ABSOLUTE     
            CODE    0046H     0EE9H     UNIT         ?PR?GETDATA?GF2488_01F1_E1_RST
            CODE    0F2FH     0940H     UNIT         ?PR?PROCCMD?COMM
            CODE    186FH     092AH     UNIT         ?PR?DEBUG?DEBUG
            CODE    2199H     06C2H     UNIT         ?C?LIB_CODE
            CODE    285BH     0655H     UNIT         ?PR?_CALUAS?GF2488_01F1_E1_RST
            CODE    2EB0H     05C6H     UNIT         ?PR?USERHDLC?GF2488_01F1_E1_RST
            CODE    3476H     0590H     UNIT         ?PR?INITIOSW1021?GF2488_01F1_E1_RST
            CODE    3A06H     0590H     UNIT         ?PR?COMM
            CODE    3F96H     058EH     UNIT         ?PR?CONFSET?GF2488_01F1_E1_RST
            CODE    4524H     0460H     UNIT         ?PR?_DOWNSOFT?COMM
            CODE    4984H     03CCH     UNIT         ?PR?SELFCONF?GF2488_01F1_E1_RST
            CODE    4D50H     0365H     UNIT         ?PR?PRINTF?PRINTF
            CODE    50B5H     024BH     UNIT         ?CO?COMM
            CODE    5300H     0243H     UNIT         ?PR?PROCALMDATA?COMM
            CODE    5543H     022FH     UNIT         ?CO?DEBUG
            CODE    5772H     0214H     UNIT         ?PR?SOFTUPDATE?COMM
            CODE    5986H     0211H     UNIT         ?PR?HDLCOK?HDLC
            CODE    5B97H     01DFH     UNIT         ?PR?PROCHISDATA?COMM
BL51 BANKED LINKER/LOCATER V6.22                                                      06/15/2016  09:36:36  PAGE 3


            CODE    5D76H     01CDH     UNIT         ?PR?_VERSHOW?COMM
            CODE    5F43H     01B9H     UNIT         ?PR?UASQUARTER?GF2488_01F1_E1_RST
            CODE    60FCH     0118H     UNIT         ?PR?SCC1TX?HDLC
            CODE    6214H     00FAH     UNIT         ?CO?GF2488_01F1_E1_RST
            CODE    630EH     00F9H     UNIT         ?PR?TIMERINTEP?TIMER
            CODE    6407H     00F8H     UNIT         ?PR?DEBUG
            CODE    64FFH     00E6H     UNIT         ?PR?_READRXJ2?GF2488_01F1_E1_RST
            CODE    65E5H     00E6H     UNIT         ?PR?CHECKSW1021INIT?GF2488_01F1_E1_RST
            CODE    66CBH     00E2H     UNIT         ?PR?UASCLEAR?GF2488_01F1_E1_RST
            CODE    67ADH     00CCH     UNIT         ?PR?MAIN?GF2488_01F1_E1_RST
            CODE    6879H     00C5H     UNIT         ?PR?SCC2INTEP?DEBUG
            CODE    693EH     00BEH     UNIT         ?PR?_WRITEEXPECTJ2?GF2488_01F1_E1_RST
            CODE    69FCH     00BDH     UNIT         ?C_C51STARTUP
            CODE    6AB9H     00AFH     UNIT         ?PR?_WRITETXJ2?GF2488_01F1_E1_RST
            CODE    6B68H     00AFH     UNIT         ?PR?_READBCTHEAD?COMM
            CODE    6C17H     00A7H     UNIT         ?PR?HDLC
            CODE    6CBEH     0088H     UNIT         ?PR?COPYFLASH?COMM
            CODE    6D46H     0087H     UNIT         ?PR?_STRNCMP?STRNCMP
            CODE    6DCDH     0083H     UNIT         ?PR?_READFPGAHEAD?COMM
            CODE    6E50H     006EH     UNIT         ?PR?_PROGBAKFLASH?COMM
            CODE    6EBEH     006BH     UNIT         ?PR?RAMTEST?COMM
            CODE    6F29H     0068H     UNIT         ?PR?_STRNCPY?STRNCPY
            CODE    6F91H     0066H     UNIT         ?PR?COMMVARINIT?COMM
            CODE    6FF7H     0065H     UNIT         ?PR?_PROGRAM_ONE_BYTE?COMM
            CODE    705CH     005CH     UNIT         ?PR?_PROGRAMAPROM?COMM
            CODE    70B8H     005CH     UNIT         ?PR?SCC1INIT?HDLC
            CODE    7114H     005BH     UNIT         ?PR?_CHECK_SST_39VF?COMM
            CODE    716FH     0056H     UNIT         ?PR?_MEMCRC?COMM
            CODE    71C5H     0050H     UNIT         ?PR?_CRCCCITT?COMM
            CODE    7215H     0044H     UNIT         ?PR?SCC2INIT?DEBUG
            CODE    7259H     003DH     UNIT         ?PR?JUMPTOAUX?COMM
            CODE    7296H     003AH     UNIT         ?PR?ISPINIT?COMM
            CODE    72D0H     0039H     UNIT         ?PR?TIMERINIT?TIMER
            CODE    7309H     0038H     UNIT         ?PR?_ERASEFLASH?COMM
            CODE    7341H     0035H     UNIT         ?PR?HDLCERR?HDLC
            CODE    7376H     002CH     UNIT         ?PR?HAPPENSWICH?GF2488_01F1_E1_RST
            CODE    73A2H     002AH     UNIT         ?PR?BOOTINIT?COMM
            CODE    73CCH     0027H     UNIT         ?PR?TOINT?TOINT
            CODE    73F3H     0027H     UNIT         ?PR?PUTCHAR?PUTCHAR
            CODE    741AH     0026H     UNIT         ?PR?_ISXDIGIT?ISXDIGIT
            CODE    7440H     0024H     UNIT         ?PR?_DELAY?TIMER
            CODE    7464H     0020H     UNIT         ?PR?_ERASEAPROM?COMM
            CODE    7484H     0017H     UNIT         ?PR?RESET?COMM
            CODE    749BH     0011H     UNIT         ?PR?_TOUPPER?TOUPPER
            CODE    74ACH     0010H     UNIT         ?PR?TXDATA?DEBUG
            CODE    74BCH     0010H     UNIT         ?PR?SCC1HARDINIT?HDLC



OVERLAY MAP OF MODULE:   citrans550f (GF2488_01F1_E1_RST)


SEGMENT                                           BIT_GROUP          DATA_GROUP          XDATA_GROUP
  +--> CALLED SEGMENT                          START    LENGTH     START    LENGTH     START    LENGTH
------------------------------------------------------------------------------------------------------
?PR?TIMERINTEP?TIMER                           -----    -----      -----    -----      -----    -----
  +--> ?PR?TIMER
BL51 BANKED LINKER/LOCATER V6.22                                                      06/15/2016  09:36:36  PAGE 4


  +--> ?PR?SCC1HARDINIT?HDLC
  +--> ?PR?USERFUNC?GF2488_01F1_E1_RST

*** NEW ROOT ***************************************************

?PR?SCC2INTEP?DEBUG                            -----    -----      -----    -----      -----    -----
  +--> ?PR?_TOUPPER?TOUPPER
  +--> ?PR?DEBUG

?PR?DEBUG                                      -----    -----      -----    -----      -----    -----
  +--> ?CO?DEBUG

*** NEW ROOT ***************************************************

?PR?HDLCOK?HDLC                                -----    -----      -----    -----      -----    -----
  +--> ?PR?HDLC
  +--> ?PR?PROCCMD?COMM
  +--> ?PR?SCC1TX?HDLC

?PR?PROCCMD?COMM                               -----    -----      -----    -----      7B15H    000CH
  +--> ?PR?COMM
  +--> ?CO?COMM
  +--> ?PR?_STRLEN?STRLEN
  +--> ?CO?GF2488_01F1_E1_RST
  +--> ?PR?_READBCTHEAD?COMM
  +--> ?PR?_READFPGAHEAD?COMM
  +--> ?PR?_DOWNSOFT?COMM
  +--> ?PR?USERHDLC?GF2488_01F1_E1_RST
  +--> ?PR?_VERSHOW?COMM

?PR?COMM                                       -----    -----      -----    -----      -----    -----
  +--> ?CO?GF2488_01F1_E1_RST
  +--> ?CO?COMM

?PR?_READBCTHEAD?COMM                          -----    -----      -----    -----      7B26H    0003H
  +--> ?PR?COMM
  +--> ?CO?GF2488_01F1_E1_RST
  +--> ?PR?_STRNCPY?STRNCPY

?PR?_STRNCPY?STRNCPY                           -----    -----      -----    -----      7B29H    000AH

?PR?_READFPGAHEAD?COMM                         -----    -----      -----    -----      7B26H    0006H
  +--> ?PR?COMM

?PR?_DOWNSOFT?COMM                             -----    -----      -----    -----      7B21H    0005H
  +--> ?PR?COMM
  +--> ?PR?_READBCTHEAD?COMM
  +--> ?PR?_READFPGAHEAD?COMM
  +--> ?PR?_CRCCCITT?COMM

?PR?_CRCCCITT?COMM                             -----    -----      -----    -----      7B26H    0007H
  +--> ?PR?COMM

?PR?USERHDLC?GF2488_01F1_E1_RST                -----    -----      -----    -----      7B21H    000AH
  +--> ?CO?GF2488_01F1_E1_RST
  +--> ?PR?_READRXJ2?GF2488_01F1_E1_RST

BL51 BANKED LINKER/LOCATER V6.22                                                      06/15/2016  09:36:36  PAGE 5


?PR?_READRXJ2?GF2488_01F1_E1_RST               -----    -----      -----    -----      7B2BH    000BH
  +--> ?CO?GF2488_01F1_E1_RST

?PR?_VERSHOW?COMM                              -----    -----      -----    -----      7B21H    0008H
  +--> ?PR?COMM
  +--> ?CO?COMM
  +--> ?PR?_STRLEN?STRLEN

?PR?SCC1TX?HDLC                                -----    -----      0018H    0002H      7B15H    0002H
  +--> ?PR?HDLC

*** NEW ROOT ***************************************************

?PR?HDLCERR?HDLC                               -----    -----      -----    -----      -----    -----
  +--> ?PR?HDLC

*** NEW ROOT ***************************************************

?C_C51STARTUP                                  -----    -----      -----    -----      -----    -----
  +--> ?PR?BOOTINIT?COMM
  +--> ?PR?MAIN?GF2488_01F1_E1_RST
  +--> ?C_INITSEG

?PR?BOOTINIT?COMM                              -----    -----      -----    -----      -----    -----
  +--> ?PR?COMM
  +--> ?PR?RAMTEST?COMM
  +--> ?PR?COMMVARINIT?COMM
  +--> ?PR?ISPINIT?COMM
  +--> ?PR?SCC2INIT?DEBUG
  +--> ?PR?SCC1INIT?HDLC
  +--> ?PR?TIMERINIT?TIMER

?PR?RAMTEST?COMM                               -----    -----      001AH    0002H      -----    -----
  +--> ?PR?COMM
  +--> ?PR?RESET?COMM

?PR?COMMVARINIT?COMM                           -----    -----      -----    -----      -----    -----
  +--> ?PR?COMM

?PR?SCC2INIT?DEBUG                             -----    -----      -----    -----      -----    -----
  +--> ?PR?DEBUG

?PR?MAIN?GF2488_01F1_E1_RST                    -----    -----      -----    -----      7B36H    0002H
  +--> ?PR?SELFCONF?GF2488_01F1_E1_RST
  +--> ?PR?CHECKSW1021INIT?GF2488_01F1_E1_RST
  +--> ?PR?INITIOSW1021?GF2488_01F1_E1_RST
  +--> ?PR?CONFSET?GF2488_01F1_E1_RST
  +--> ?PR?GETDATA?GF2488_01F1_E1_RST
  +--> ?PR?PROCALMDATA?COMM
  +--> ?PR?UASQUARTER?GF2488_01F1_E1_RST
  +--> ?PR?PROCHISDATA?COMM
  +--> ?PR?DEBUG?DEBUG

?PR?SELFCONF?GF2488_01F1_E1_RST                -----    -----      -----    -----      7B38H    0016H
  +--> ?CO?GF2488_01F1_E1_RST
  +--> ?PR?PRINTF?PRINTF

BL51 BANKED LINKER/LOCATER V6.22                                                      06/15/2016  09:36:36  PAGE 6


?PR?PRINTF?PRINTF                              0022H.0  0001H.1    001AH    0005H      7B4EH    0028H
  +--> ?PR?PUTCHAR?PUTCHAR

?PR?CHECKSW1021INIT?GF2488_01F1_E1_RST         -----    -----      -----    -----      7B38H    0004H
  +--> ?CO?GF2488_01F1_E1_RST

?PR?INITIOSW1021?GF2488_01F1_E1_RST            -----    -----      -----    -----      7B38H    0006H
  +--> ?PR?_DELAY?TIMER
  +--> ?CO?GF2488_01F1_E1_RST
  +--> ?PR?_WRITETXJ2?GF2488_01F1_E1_RST
  +--> ?PR?_WRITEEXPECTJ2?GF2488_01F1_E1_RST

?PR?_DELAY?TIMER                               -----    -----      -----    -----      -----    -----
  +--> ?PR?TIMER

?PR?_WRITETXJ2?GF2488_01F1_E1_RST              -----    -----      -----    -----      7B42H    0009H

?PR?_WRITEEXPECTJ2?GF2488_01F1_E1_RST          -----    -----      -----    -----      7B42H    0009H

?PR?CONFSET?GF2488_01F1_E1_RST                 -----    -----      -----    -----      7B3CH    0006H
  +--> ?CO?GF2488_01F1_E1_RST
  +--> ?PR?_DELAY?TIMER
  +--> ?PR?_WRITETXJ2?GF2488_01F1_E1_RST
  +--> ?PR?_WRITEEXPECTJ2?GF2488_01F1_E1_RST

?PR?GETDATA?GF2488_01F1_E1_RST                 -----    -----      -----    -----      7B38H    0016H
  +--> ?CO?GF2488_01F1_E1_RST
  +--> ?PR?_DELAY?TIMER
  +--> ?PR?UASCLEAR?GF2488_01F1_E1_RST
  +--> ?PR?_CALUAS?GF2488_01F1_E1_RST

?PR?_CALUAS?GF2488_01F1_E1_RST                 -----    -----      -----    -----      7B4EH    0004H

?PR?PROCALMDATA?COMM                           -----    -----      -----    -----      7B38H    0004H
  +--> ?PR?RESET?COMM
  +--> ?CO?GF2488_01F1_E1_RST
  +--> ?PR?_MEMCRC?COMM
  +--> ?PR?COMM
  +--> ?PR?CONFSET?GF2488_01F1_E1_RST
  +--> ?PR?SOFTUPDATE?COMM

?PR?_MEMCRC?COMM                               -----    -----      -----    -----      7B3CH    0007H
  +--> ?PR?COMM

?PR?SOFTUPDATE?COMM                            -----    -----      -----    -----      7B3CH    000AH
  +--> ?PR?_ERASEFLASH?COMM
  +--> ?PR?COMM
  +--> ?PR?COPYFLASH?COMM
  +--> ?PR?RESET?COMM
  +--> ?PR?_CHECK_SST_39VF?COMM
  +--> ?PR?_PROGBAKFLASH?COMM
  +--> ?PR?_ERASEAPROM?COMM
  +--> ?PR?_PROGRAMAPROM?COMM
  +--> ?PR?JUMPTOAUX?COMM

?PR?_ERASEFLASH?COMM                           -----    -----      -----    -----      -----    -----
  +--> ?PR?COMM
BL51 BANKED LINKER/LOCATER V6.22                                                      06/15/2016  09:36:36  PAGE 7


  +--> ?PR?_DELAY?TIMER

?PR?COPYFLASH?COMM                             -----    -----      -----    -----      7B46H    0009H
  +--> ?PR?COMM
  +--> ?PR?_PROGRAM_ONE_BYTE?COMM

?PR?_PROGRAM_ONE_BYTE?COMM                     -----    -----      -----    -----      7B51H    0006H
  +--> ?PR?COMM

?PR?_CHECK_SST_39VF?COMM                       -----    -----      -----    -----      -----    -----
  +--> ?PR?COMM

?PR?_PROGBAKFLASH?COMM                         -----    -----      -----    -----      7B46H    000BH
  +--> ?PR?COMM
  +--> ?PR?_PROGRAM_ONE_BYTE?COMM

?PR?_PROGRAMAPROM?COMM                         -----    -----      -----    -----      7B46H    0007H

?PR?PROCHISDATA?COMM                           -----    -----      -----    -----      -----    -----
  +--> ?PR?COMM
  +--> ?CO?GF2488_01F1_E1_RST
  +--> ?PR?RESET?COMM
  +--> ?PR?_MEMCRC?COMM

?PR?DEBUG?DEBUG                                -----    -----      -----    -----      7B38H    000AH
  +--> ?PR?DEBUG
  +--> ?CO?DEBUG
  +--> ?PR?_DELAY?TIMER
  +--> ?PR?JUMPTOAUX?COMM
  +--> ?PR?PRINTF?PRINTF
  +--> ?PR?TOINT?TOINT
  +--> ?PR?_ISXDIGIT?ISXDIGIT
  +--> ?CO?GF2488_01F1_E1_RST
  +--> ?CO?COMM
  +--> ?PR?_STRNCMP?STRNCMP
  +--> ?PR?RESET?COMM
  +--> ?PR?_CHECK_SST_39VF?COMM
  +--> ?PR?TXDATA?DEBUG

?PR?_STRNCMP?STRNCMP                           -----    -----      -----    -----      7B42H    0008H

?PR?TXDATA?DEBUG                               -----    -----      -----    -----      -----    -----
  +--> ?PR?DEBUG



SYMBOL TABLE OF MODULE:  citrans550f (GF2488_01F1_E1_RST)

  VALUE           TYPE          NAME
  ----------------------------------

  -------         MODULE        GF2488_01F1_E1_RST
  C:0000H         SYMBOL        _ICE_DUMMY_
  C:6227H         PUBLIC        g_usAlmNum
  B:0020H.7       PUBLIC        IO15
  C:3476H         PUBLIC        InitioSw1021
  D:0090H         PUBLIC        P1
BL51 BANKED LINKER/LOCATER V6.22                                                      06/15/2016  09:36:36  PAGE 8


  C:7376H         SYMBOL        happenSwich
  D:00B0H         PUBLIC        P3
  C:65E5H         SYMBOL        checkSW1021Init
  C:6226H         PUBLIC        g_ucBoardCode
  X:2000H         PUBLIC        g_ucNoUseFlag
  D:00A8H         PUBLIC        IE
  X:203FH         PUBLIC        N1000
  X:20BDH         PUBLIC        ulSesLimit
  X:20BFH         PUBLIC        g_usiNoEs
  X:213DH         PUBLIC        g_usiNoUseBbe
  C:5F43H         PUBLIC        UasQuarter
  C:6225H         PUBLIC        g_ucAlmTypeNum
  C:4984H         PUBLIC        SelfConf
  C:66CBH         PUBLIC        UasClear
  C:693EH         SYMBOL        _writeExpectJ2
  D:00B8H         PUBLIC        IP
  C:0046H         PUBLIC        GetData
  X:21BBH         PUBLIC        ulEsLimit
  C:2EB0H         PUBLIC        UserHdlc
  C:62B9H         PUBLIC        SoftDate
  X:21BDH         PUBLIC        g_ucNoUseTime
  C:6229H         PUBLIC        g_usPmNum
  X:21FCH         PUBLIC        g_usiBbe
  X:227AH         PUBLIC        g_ucState
  X:23CCH         PUBLIC        g_ucConfData
  C:67ADH         PUBLIC        main
  C:629BH         PUBLIC        PcbTime
  X:2DCCH         PUBLIC        g_ucLineCode
  X:2E0CH         PUBLIC        g_usiCses
  C:6268H         PUBLIC        BoardSn
  D:0091H         PUBLIC        EXIF
  C:0011H         PUBLIC        UserFunc
  C:62C5H         PUBLIC        SoftTime
  X:2E8AH         PUBLIC        first_conf
  D:0088H         PUBLIC        TCON
  C:3F96H         PUBLIC        ConfSet
  C:6224H         PUBLIC        g_ucPmTypeNum
  X:2E8BH         PUBLIC        sw1021Chip
  C:62A6H         PUBLIC        BoardSoftVer
  X:2E8DH         PUBLIC        g_ucAlmCode
  X:2E9CH         PUBLIC        g_ucLineMask
  C:285BH         PUBLIC        _CalUas
  X:2EDCH         PUBLIC        ulSesLmt
  X:2FD8H         PUBLIC        g_bClearUas
  X:2FD9H         PUBLIC        g_ucLofFlag
  X:3018H         PUBLIC        g_stuAlm
  D:0020H         PUBLIC        hio
  C:62CEH         PUBLIC        slot
  C:6256H         PUBLIC        SysName
  X:6576H         PUBLIC        g_usiOfs
  X:65F4H         PUBLIC        g_usiUas
  X:6672H         PUBLIC        actnumber
  X:6673H         PUBLIC        g_usiSes
  X:66F1H         PUBLIC        almnumber
  B:0090H.2       PUBLIC        IO2
  X:66F2H         PUBLIC        g_ucAlmMask
  B:0090H.3       PUBLIC        IO3
BL51 BANKED LINKER/LOCATER V6.22                                                      06/15/2016  09:36:36  PAGE 9


  C:6278H         PUBLIC        SoftVer
  B:0090H.5       PUBLIC        IO5
  B:0090H.6       PUBLIC        IO6
  B:0090H.7       PUBLIC        IO7
  B:00E8H.0       PUBLIC        EX2
  X:6701H         PUBLIC        g_liError1s
  B:0020H.0       PUBLIC        IO8
  B:0020H.1       PUBLIC        IO9
  X:67FDH         PUBLIC        BIP_2_1S
  X:687BH         PUBLIC        g_usiEs
  D:00E8H         PUBLIC        EIE
  C:622CH         PUBLIC        chipOffSetc
  C:6222H         PUBLIC        g_usStateLen
  C:628BH         PUBLIC        PcbSn
  C:6220H         PUBLIC        g_usConfLen
  B:00F8H.0       PUBLIC        PX2
  X:68F9H         PUBLIC        BIP
  X:6977H         PUBLIC        g_ucPmCode
  C:622BH         PUBLIC        g_ucLineNum
  D:00F8H         PUBLIC        EIP
  X:697EH         PUBLIC        g_ucUseTime
  X:69BDH         PUBLIC        g_ucAlmType
  X:69CCH         PUBLIC        BIP_2_1000S
  X:6A4AH         PUBLIC        g_stuPm
  D:0098H         PUBLIC        SCON0
  D:00C0H         PUBLIC        SCON1
  C:651CH         SYMBOL        _readRxJ2
  D:00C8H         PUBLIC        T2CON
  X:74A0H         PUBLIC        g_ucEsTime
  X:74DFH         PUBLIC        g_ucDefectFlag
  X:751EH         PUBLIC        g_ucPmMask
  C:6261H         PUBLIC        BoardName
  C:6AB9H         SYMBOL        _writeTxJ2
  X:7525H         PUBLIC        g_ucLinePmMask
  B:0020H.2       PUBLIC        IO10
  B:0020H.3       PUBLIC        IO11
  D:00D0H         PUBLIC        PSW
  B:0020H.4       PUBLIC        IO12
  B:0020H.5       PUBLIC        IO13
  D:00D8H         PUBLIC        WDCON
  B:0020H.6       PUBLIC        IO14
  -------         PROC          _CALUAS
  X:7B4EH         SYMBOL        ulSesLmt
  -------         DO            
  X:7B51H         SYMBOL        i
  -------         ENDDO         
  C:285BH         LINE#         65
  C:2866H         LINE#         66
  C:2866H         LINE#         70
  C:2876H         LINE#         71
  C:2876H         LINE#         72
  C:2886H         LINE#         73
  C:2886H         LINE#         74
  C:28DEH         LINE#         75
  C:28DEH         LINE#         77
  C:291AH         LINE#         78
  C:2926H         LINE#         79
BL51 BANKED LINKER/LOCATER V6.22                                                      06/15/2016  09:36:36  PAGE 10


  C:2932H         LINE#         80
  C:2942H         LINE#         81
  C:2952H         LINE#         82
  C:2955H         LINE#         84
  C:2955H         LINE#         85
  C:297FH         LINE#         86
  C:297FH         LINE#         87
  C:2990H         LINE#         89
  C:29ACH         LINE#         91
  C:29ACH         LINE#         92
  C:29D5H         LINE#         93
  C:2A16H         LINE#         94
  C:2A16H         LINE#         95
  C:2A18H         LINE#         96
  C:2A28H         LINE#         97
  C:2A56H         LINE#         98
  C:2A56H         LINE#         99
  C:2A66H         LINE#         101
  C:2A88H         LINE#         103
  C:2AA6H         LINE#         105
  C:2AC9H         LINE#         106
  C:2B04H         LINE#         107
  C:2B18H         LINE#         108
  C:2B24H         LINE#         109
  C:2B2CH         LINE#         110
  C:2B2CH         LINE#         111
  C:2B2CH         LINE#         112
  C:2B2FH         LINE#         114
  C:2B2FH         LINE#         116
  C:2B8BH         LINE#         117
  C:2B8BH         LINE#         118
  C:2BA1H         LINE#         119
  C:2BA1H         LINE#         120
  C:2BB2H         LINE#         122
  C:2BD0H         LINE#         123
  C:2BDCH         LINE#         124
  C:2BDCH         LINE#         126
  C:2C0EH         LINE#         127
  C:2C11H         LINE#         129
  C:2C11H         LINE#         130
  C:2C3BH         LINE#         131
  C:2C3BH         LINE#         132
  C:2C52H         LINE#         133
  C:2C69H         LINE#         135
  C:2C69H         LINE#         136
  C:2C92H         LINE#         137
  C:2CD3H         LINE#         138
  C:2CD3H         LINE#         139
  C:2CD5H         LINE#         140
  C:2CEBH         LINE#         142
  C:2D0DH         LINE#         143
  C:2D2FH         LINE#         144
  C:2D58H         LINE#         145
  C:2D67H         LINE#         147
  C:2D67H         LINE#         149
  C:2D67H         LINE#         151
  C:2D77H         LINE#         152
BL51 BANKED LINKER/LOCATER V6.22                                                      06/15/2016  09:36:36  PAGE 11


  C:2D8CH         LINE#         154
  C:2DBBH         LINE#         155
  C:2DEAH         LINE#         156
  C:2E19H         LINE#         157
  C:2E48H         LINE#         158
  C:2E77H         LINE#         159
  C:2EA6H         LINE#         161
  C:2EAFH         LINE#         163
  -------         ENDPROC       _CALUAS
  -------         PROC          UASCLEAR
  -------         DO            
  D:0007H         SYMBOL        i
  -------         ENDDO         
  C:66CBH         LINE#         165
  C:66CBH         LINE#         166
  C:66CBH         LINE#         169
  C:66D4H         LINE#         170
  C:66D4H         LINE#         171
  C:66D6H         LINE#         172
  C:66D6H         LINE#         173
  C:66E2H         LINE#         174
  C:66EEH         LINE#         175
  C:66FAH         LINE#         176
  C:6706H         LINE#         177
  C:6712H         LINE#         178
  C:671EH         LINE#         179
  C:672EH         LINE#         180
  C:673EH         LINE#         181
  C:674EH         LINE#         182
  C:675EH         LINE#         183
  C:676EH         LINE#         184
  C:677EH         LINE#         185
  C:678EH         LINE#         186
  C:679EH         LINE#         188
  C:67A7H         LINE#         189
  C:67ACH         LINE#         190
  C:67ACH         LINE#         191
  -------         ENDPROC       UASCLEAR
  -------         PROC          UASQUARTER
  -------         DO            
  D:0007H         SYMBOL        i
  -------         ENDDO         
  C:5F43H         LINE#         208
  C:5F43H         LINE#         209
  C:5F43H         LINE#         211
  C:5F45H         LINE#         212
  C:5F45H         LINE#         213
  C:5F52H         LINE#         214
  C:5F52H         LINE#         215
  C:5F5EH         LINE#         217
  C:5F87H         LINE#         218
  C:5F89H         LINE#         220
  C:5F89H         LINE#         221
  C:5FA7H         LINE#         222
  C:5FC5H         LINE#         223
  C:5FEAH         LINE#         225
  C:5FEAH         LINE#         227
BL51 BANKED LINKER/LOCATER V6.22                                                      06/15/2016  09:36:36  PAGE 12


  C:6015H         LINE#         228
  C:6040H         LINE#         229
  C:606BH         LINE#         230
  C:6096H         LINE#         231
  C:60C1H         LINE#         232
  C:60ECH         LINE#         234
  C:60F5H         LINE#         235
  C:60FBH         LINE#         236
  -------         ENDPROC       UASQUARTER
  -------         PROC          _WRITETXJ2
  D:0001H         SYMBOL        chip
  X:7B43H         SYMBOL        witchJ2
  D:0003H         SYMBOL        Slot
  X:7B45H         SYMBOL        j2
  X:7B46H         SYMBOL        busB
  -------         DO            
  X:7B47H         SYMBOL        copOk
  D:0004H         SYMBOL        busBase
  X:7B49H         SYMBOL        i
  -------         ENDDO         
  C:6AB9H         LINE#         135
  C:6AC0H         LINE#         136
  C:6AC0H         LINE#         137
  C:6AC7H         LINE#         138
  C:6ACAH         LINE#         139
  C:6AD0H         LINE#         140
  C:6AD6H         LINE#         141
  C:6AD8H         LINE#         143
  C:6AF6H         LINE#         144
  C:6B07H         LINE#         145
  C:6B24H         LINE#         146
  C:6B2EH         LINE#         147
  C:6B51H         LINE#         148
  C:6B5FH         LINE#         149
  C:6B66H         LINE#         150
  C:6B67H         LINE#         153
  -------         ENDPROC       _WRITETXJ2
  -------         PROC          _WRITEEXPECTJ2
  D:0001H         SYMBOL        chip
  X:7B43H         SYMBOL        witchJ2
  D:0003H         SYMBOL        Slot
  X:7B45H         SYMBOL        j2
  X:7B46H         SYMBOL        busB
  -------         DO            
  X:7B47H         SYMBOL        copOk
  D:0004H         SYMBOL        busBase
  X:7B49H         SYMBOL        i
  -------         ENDDO         
  C:693EH         LINE#         155
  C:6945H         LINE#         156
  C:6945H         LINE#         157
  C:694CH         LINE#         158
  C:694FH         LINE#         159
  C:6955H         LINE#         160
  C:695BH         LINE#         161
  C:695DH         LINE#         163
  C:697BH         LINE#         164
BL51 BANKED LINKER/LOCATER V6.22                                                      06/15/2016  09:36:36  PAGE 13


  C:699BH         LINE#         165
  C:69B8H         LINE#         166
  C:69C2H         LINE#         167
  C:69E5H         LINE#         168
  C:69F3H         LINE#         169
  C:69FAH         LINE#         170
  C:69FBH         LINE#         173
  -------         ENDPROC       _WRITEEXPECTJ2
  -------         PROC          L?0442
  -------         ENDPROC       L?0442
  -------         PROC          _READRXJ2
  D:0001H         SYMBOL        chip
  D:0005H         SYMBOL        witchJ2
  D:0004H         SYMBOL        Slot
  X:7B2EH         SYMBOL        j2
  X:7B31H         SYMBOL        busB
  -------         DO            
  X:7B32H         SYMBOL        copOk
  D:0002H         SYMBOL        busBase
  X:7B34H         SYMBOL        i
  -------         ENDDO         
  C:651CH         LINE#         175
  C:6520H         LINE#         176
  C:6520H         LINE#         177
  C:6527H         LINE#         178
  C:652AH         LINE#         179
  C:6530H         LINE#         180
  C:6536H         LINE#         181
  C:6538H         LINE#         183
  C:6555H         LINE#         184
  C:6561H         LINE#         185
  C:656BH         LINE#         186
  C:658EH         LINE#         187
  C:659CH         LINE#         188
  C:65A3H         LINE#         189
  C:65A3H         LINE#         192
  C:65ADH         LINE#         193
  C:65D2H         LINE#         194
  C:65D4H         LINE#         195
  C:65E4H         LINE#         196
  C:65E4H         LINE#         198
  -------         ENDPROC       _READRXJ2
  -------         PROC          GETDATA
  -------         DO            
  X:7B38H         SYMBOL        i
  X:7B39H         SYMBOL        m
  X:7B3AH         SYMBOL        n
  X:7B3BH         SYMBOL        mi
  X:7B3CH         SYMBOL        ni
  D:0003H         SYMBOL        tmp
  D:0007H         SYMBOL        tmpi
  X:7B3DH         SYMBOL        ADCLK
  X:7B3EH         SYMBOL        PPILOS
  X:7B3FH         SYMBOL        TULOP
  X:7B40H         SYMBOL        LPSLM
  X:7B41H         SYMBOL        LPTIM
  X:7B42H         SYMBOL        LPTIU
BL51 BANKED LINKER/LOCATER V6.22                                                      06/15/2016  09:36:36  PAGE 14


  X:7B43H         SYMBOL        LPRDI
  X:7B44H         SYMBOL        LPRFI
  X:7B45H         SYMBOL        LPUNEQ
  X:7B46H         SYMBOL        TUAIS
  X:7B47H         SYMBOL        PPIAIS
  X:7B48H         SYMBOL        LOOP
  X:7B49H         SYMBOL        LOOPL
  X:7B4AH         SYMBOL        tv5
  X:7B4BH         SYMBOL        LPFEBE
  D:0006H         SYMBOL        HDB3
  X:7B4DH         SYMBOL        lopCnt
  -------         ENDDO         
  C:0046H         LINE#         213
  C:0046H         LINE#         214
  C:0046H         LINE#         218
  C:004BH         LINE#         219
  C:004FH         LINE#         220
  C:0053H         LINE#         221
  C:005CH         LINE#         222
  C:006DH         LINE#         223
  C:006DH         LINE#         225
  C:007AH         LINE#         226
  C:007AH         LINE#         227
  C:008AH         LINE#         229
  C:00A0H         LINE#         231
  C:00A3H         LINE#         233
  C:00A3H         LINE#         234
  C:00AFH         LINE#         235
  C:00B8H         LINE#         236
  C:00C5H         LINE#         237
  C:00CAH         LINE#         239
  C:00DDH         LINE#         241
  C:00E9H         LINE#         242
  C:00FBH         LINE#         244
  C:010AH         LINE#         246
  C:011FH         LINE#         248
  C:0136H         LINE#         249
  C:015EH         LINE#         250
  C:0164H         LINE#         251
  C:016BH         LINE#         264
  C:0177H         LINE#         265
  C:01A3H         LINE#         266
  C:01AAH         LINE#         267
  C:01B1H         LINE#         268
  C:01B8H         LINE#         269
  C:01BDH         LINE#         270
  C:01C2H         LINE#         271
  C:01C7H         LINE#         272
  C:01CCH         LINE#         273
  C:01D1H         LINE#         275
  C:01DAH         LINE#         280
  C:01FFH         LINE#         282
  C:0229H         LINE#         283
  C:022BH         LINE#         285
  C:0255H         LINE#         286
  C:0255H         LINE#         292
  C:0283H         LINE#         293
BL51 BANKED LINKER/LOCATER V6.22                                                      06/15/2016  09:36:36  PAGE 15


  C:030CH         LINE#         295
  C:033CH         LINE#         296
  C:037AH         LINE#         299
  C:03A3H         LINE#         300
  C:03A9H         LINE#         301
  C:03ACH         LINE#         302
  C:03B0H         LINE#         303
  C:03B2H         LINE#         304
  C:03BBH         LINE#         305
  C:03BBH         LINE#         307
  C:03EDH         LINE#         308
  C:03EDH         LINE#         309
  C:0402H         LINE#         310
  C:0418H         LINE#         312
  C:0418H         LINE#         313
  C:0433H         LINE#         314
  C:0436H         LINE#         315
  C:0436H         LINE#         317
  C:0461H         LINE#         318
  C:0472H         LINE#         320
  C:0477H         LINE#         321
  C:04A2H         LINE#         323
  C:04A4H         LINE#         324
  C:04B4H         LINE#         325
  C:04B4H         LINE#         327
  C:04B6H         LINE#         329
  C:04B6H         LINE#         330
  C:04CBH         LINE#         331
  C:04E4H         LINE#         332
  C:04F9H         LINE#         333
  C:04F9H         LINE#         336
  C:0517H         LINE#         337
  C:0528H         LINE#         338
  C:0546H         LINE#         339
  C:0557H         LINE#         340
  C:055DH         LINE#         341
  C:055DH         LINE#         342
  C:0572H         LINE#         343
  C:0583H         LINE#         344
  C:0594H         LINE#         348
  C:0598H         LINE#         349
  C:059BH         LINE#         351
  C:059BH         LINE#         352
  C:05B8H         LINE#         353
  C:05C9H         LINE#         354
  C:05E6H         LINE#         355
  C:05F7H         LINE#         356
  C:0614H         LINE#         357
  C:0625H         LINE#         365
  C:0642H         LINE#         366
  C:0653H         LINE#         367
  C:0653H         LINE#         368
  C:0670H         LINE#         369
  C:0681H         LINE#         370
  C:069EH         LINE#         371
  C:06AFH         LINE#         372
  C:06F3H         LINE#         373
BL51 BANKED LINKER/LOCATER V6.22                                                      06/15/2016  09:36:36  PAGE 16


  C:0713H         LINE#         374
  C:0729H         LINE#         375
  C:0729H         LINE#         377
  C:0758H         LINE#         379
  C:0793H         LINE#         380
  C:07A4H         LINE#         381
  C:07A4H         LINE#         383
  C:07CDH         LINE#         384
  C:07D3H         LINE#         386
  C:0804H         LINE#         387
  C:082FH         LINE#         388
  C:082FH         LINE#         389
  C:0836H         LINE#         390
  C:0839H         LINE#         391
  C:083BH         LINE#         393
  C:083BH         LINE#         394
  C:0842H         LINE#         395
  C:0873H         LINE#         396
  C:0873H         LINE#         397
  C:0873H         LINE#         398
  C:087CH         LINE#         400
  C:0881H         LINE#         401
  C:0881H         LINE#         402
  C:088DH         LINE#         403
  C:0898H         LINE#         404
  C:08ACH         LINE#         408
  C:08E2H         LINE#         411
  C:08ECH         LINE#         412
  C:08F1H         LINE#         413
  C:0921H         LINE#         414
  C:0945H         LINE#         417
  C:096EH         LINE#         421
  C:097CH         LINE#         425
  C:0986H         LINE#         426
  C:098CH         LINE#         429
  C:0992H         LINE#         430
  C:0992H         LINE#         431
  C:0997H         LINE#         432
  C:099BH         LINE#         433
  C:09A6H         LINE#         434
  C:09A8H         LINE#         435
  C:09BAH         LINE#         436
  C:09BAH         LINE#         437
  C:09C7H         LINE#         438
  C:09D4H         LINE#         439
  C:09DCH         LINE#         440
  C:09DCH         LINE#         441
  C:09E5H         LINE#         442
  C:09E5H         LINE#         443
  C:09F3H         LINE#         444
  C:09F3H         LINE#         445
  C:0A11H         LINE#         446
  C:0A11H         LINE#         447
  C:0A22H         LINE#         448
  C:0A2FH         LINE#         449
  C:0A31H         LINE#         451
  C:0A31H         LINE#         452
BL51 BANKED LINKER/LOCATER V6.22                                                      06/15/2016  09:36:36  PAGE 17


  C:0A41H         LINE#         453
  C:0A4DH         LINE#         454
  C:0A4DH         LINE#         455
  C:0A55H         LINE#         456
  C:0A5BH         LINE#         457
  C:0A5FH         LINE#         458
  C:0A65H         LINE#         459
  C:0A65H         LINE#         461
  C:0A68H         LINE#         464
  C:0A6EH         LINE#         465
  C:0A6EH         LINE#         466
  C:0A74H         LINE#         467
  C:0A79H         LINE#         468
  C:0A79H         LINE#         470
  C:0A82H         LINE#         471
  C:0A82H         LINE#         472
  C:0A8BH         LINE#         474
  C:0A9DH         LINE#         475
  C:0A9DH         LINE#         476
  C:0AC3H         LINE#         477
  C:0AECH         LINE#         478
  C:0B15H         LINE#         479
  C:0B3CH         LINE#         480
  C:0B4CH         LINE#         482
  C:0B59H         LINE#         485
  C:0B82H         LINE#         486
  C:0BABH         LINE#         490
  C:0BD3H         LINE#         491
  C:0BD3H         LINE#         492
  C:0BE8H         LINE#         493
  C:0BF2H         LINE#         494
  C:0BF5H         LINE#         496
  C:0BF5H         LINE#         497
  C:0C1BH         LINE#         498
  C:0C42H         LINE#         499
  C:0C56H         LINE#         500
  C:0C77H         LINE#         501
  C:0C77H         LINE#         502
  C:0C77H         LINE#         503
  C:0C90H         LINE#         504
  C:0C99H         LINE#         505
  C:0CA5H         LINE#         506
  C:0CA5H         LINE#         507
  C:0CA7H         LINE#         509
  C:0CA7H         LINE#         510
  C:0CC4H         LINE#         511
  C:0CD9H         LINE#         512
  C:0CE5H         LINE#         513
  C:0CF9H         LINE#         514
  C:0CFCH         LINE#         516
  C:0CFCH         LINE#         519
  C:0D26H         LINE#         520
  C:0D26H         LINE#         521
  C:0D43H         LINE#         522
  C:0D57H         LINE#         523
  C:0D60H         LINE#         524
  C:0D74H         LINE#         525
BL51 BANKED LINKER/LOCATER V6.22                                                      06/15/2016  09:36:36  PAGE 18


  C:0D88H         LINE#         526
  C:0D92H         LINE#         527
  C:0D95H         LINE#         532
  C:0D95H         LINE#         535
  C:0DB9H         LINE#         536
  C:0DB9H         LINE#         537
  C:0DD6H         LINE#         538
  C:0DEAH         LINE#         539
  C:0DF3H         LINE#         540
  C:0E07H         LINE#         541
  C:0E1BH         LINE#         542
  C:0E25H         LINE#         543
  C:0E28H         LINE#         544
  C:0E28H         LINE#         545
  C:0E2BH         LINE#         547
  C:0E2BH         LINE#         550
  C:0E47H         LINE#         551
  C:0E47H         LINE#         552
  C:0E60H         LINE#         553
  C:0E77H         LINE#         554
  C:0E80H         LINE#         555
  C:0E94H         LINE#         556
  C:0EA8H         LINE#         557
  C:0EB8H         LINE#         558
  C:0EBAH         LINE#         560
  C:0ED0H         LINE#         561
  C:0ED0H         LINE#         562
  C:0ED0H         LINE#         563
  C:0ED0H         LINE#         567
  C:0ED9H         LINE#         569
  C:0EDEH         LINE#         571
  C:0EDEH         LINE#         587
  C:0EE4H         LINE#         591
  C:0EF3H         LINE#         592
  C:0EF7H         LINE#         594
  C:0EF9H         LINE#         595
  C:0EFFH         LINE#         596
  C:0F07H         LINE#         598
  C:0F0CH         LINE#         599
  C:0F12H         LINE#         600
  C:0F1AH         LINE#         602
  C:0F1FH         LINE#         603
  C:0F22H         LINE#         604
  C:0F29H         LINE#         606
  C:0F2EH         LINE#         608
  -------         ENDPROC       GETDATA
  -------         PROC          USERFUNC
  C:0011H         LINE#         623
  C:0011H         LINE#         674
  -------         ENDPROC       USERFUNC
  -------         PROC          HAPPENSWICH
  C:7376H         LINE#         691
  C:737CH         LINE#         694
  C:737EH         LINE#         695
  C:7381H         LINE#         698
  C:7387H         LINE#         699
  C:7389H         LINE#         701
BL51 BANKED LINKER/LOCATER V6.22                                                      06/15/2016  09:36:36  PAGE 19


  C:738FH         LINE#         702
  C:7391H         LINE#         704
  C:7397H         LINE#         705
  C:7399H         LINE#         708
  C:739BH         LINE#         710
  -------         ENDPROC       HAPPENSWICH
  -------         PROC          CONFSET
  -------         DO            
  X:7B3CH         SYMBOL        i
  X:7B3DH         SYMBOL        j
  X:7B3EH         SYMBOL        ilong
  X:7B3FH         SYMBOL        m
  X:7B40H         SYMBOL        n
  X:7B41H         SYMBOL        temp
  -------         ENDDO         
  C:3F96H         LINE#         725
  C:3F96H         LINE#         726
  C:3F96H         LINE#         731
  C:3F9EH         LINE#         732
  C:3FA6H         LINE#         733
  C:3FAEH         LINE#         734
  C:3FB6H         LINE#         735
  C:3FBEH         LINE#         736
  C:3FC6H         LINE#         737
  C:3FCEH         LINE#         738
  C:3FE0H         LINE#         739
  C:3FEBH         LINE#         740
  C:3FF4H         LINE#         741
  C:4008H         LINE#         743
  C:4032H         LINE#         744
  C:4059H         LINE#         745
  C:407FH         LINE#         746
  C:40A6H         LINE#         748
  C:40B6H         LINE#         750
  C:40B9H         LINE#         752
  C:40E6H         LINE#         753
  C:40EFH         LINE#         754
  C:411AH         LINE#         755
  C:411AH         LINE#         757
  C:412AH         LINE#         758
  C:4137H         LINE#         759
  C:4144H         LINE#         760
  C:4147H         LINE#         761
  C:4172H         LINE#         762
  C:4198H         LINE#         763
  C:41ABH         LINE#         764
  C:41ABH         LINE#         766
  C:41D6H         LINE#         767
  C:41DBH         LINE#         768
  C:4206H         LINE#         769
  C:4217H         LINE#         770
  C:4223H         LINE#         771
  C:422FH         LINE#         772
  C:422FH         LINE#         773
  C:422FH         LINE#         774
  C:4274H         LINE#         775
  C:42AAH         LINE#         794
BL51 BANKED LINKER/LOCATER V6.22                                                      06/15/2016  09:36:36  PAGE 20


  C:42BCH         LINE#         795
  C:42BCH         LINE#         796
  C:42C7H         LINE#         797
  C:42CCH         LINE#         800
  C:430CH         LINE#         801
  C:434CH         LINE#         803
  C:438DH         LINE#         804
  C:43CEH         LINE#         805
  C:43D7H         LINE#         807
  C:43EAH         LINE#         808
  C:43EAH         LINE#         809
  C:43F7H         LINE#         810
  C:4403H         LINE#         811
  C:4405H         LINE#         813
  C:4405H         LINE#         814
  C:4413H         LINE#         815
  C:4420H         LINE#         816
  C:4420H         LINE#         821
  C:4429H         LINE#         825
  C:442EH         LINE#         826
  C:442EH         LINE#         828
  C:443EH         LINE#         829
  C:443EH         LINE#         830
  C:445EH         LINE#         831
  C:445EH         LINE#         832
  C:446BH         LINE#         833
  C:446DH         LINE#         834
  C:446DH         LINE#         836
  C:447CH         LINE#         838
  C:4484H         LINE#         839
  C:448EH         LINE#         841
  C:4493H         LINE#         842
  C:4493H         LINE#         844
  C:44A3H         LINE#         845
  C:44A3H         LINE#         846
  C:44C3H         LINE#         847
  C:44C3H         LINE#         848
  C:44D0H         LINE#         849
  C:44D2H         LINE#         850
  C:44D2H         LINE#         852
  C:44E1H         LINE#         853
  C:44E9H         LINE#         854
  C:44F3H         LINE#         856
  C:4508H         LINE#         857
  C:451BH         LINE#         866
  C:4523H         LINE#         867
  -------         ENDPROC       CONFSET
  -------         PROC          USERHDLC
  -------         DO            
  X:7B21H         SYMBOL        i
  X:7B22H         SYMBOL        j
  X:7B23H         SYMBOL        m
  X:7B24H         SYMBOL        n
  X:7B25H         SYMBOL        temp
  X:7B26H         SYMBOL        addr
  X:7B28H         SYMBOL        val
  -------         DO            
BL51 BANKED LINKER/LOCATER V6.22                                                      06/15/2016  09:36:36  PAGE 21


  X:7B29H         SYMBOL        addr
  X:7B29H         SYMBOL        addr
  -------         ENDDO         
  -------         DO            
  X:7B29H         SYMBOL        addr
  -------         ENDDO         
  -------         ENDDO         
  C:2EB0H         LINE#         883
  C:2EB0H         LINE#         884
  C:2EB0H         LINE#         889
  C:2EB6H         LINE#         890
  C:2EB6H         LINE#         891
  C:2EBCH         LINE#         892
  C:2EBCH         LINE#         893
  C:2EBCH         LINE#         894
  C:2EBEH         LINE#         895
  C:2EC2H         LINE#         896
  C:2EC2H         LINE#         897
  C:2EC7H         LINE#         898
  C:2EC7H         LINE#         899
  C:2EC7H         LINE#         902
  C:2EEEH         LINE#         903
  C:2EEEH         LINE#         904
  C:2EEEH         LINE#         905
  C:2EFAH         LINE#         906
  C:2EFAH         LINE#         907
  C:2F0EH         LINE#         908
  C:2F11H         LINE#         910
  C:2F2DH         LINE#         911
  C:2F2DH         LINE#         912
  C:2F3DH         LINE#         913
  C:2F48H         LINE#         914
  C:2F51H         LINE#         916
  C:2F64H         LINE#         917
  C:2F6EH         LINE#         918
  C:2F96H         LINE#         919
  C:2F98H         LINE#         920
  C:2FC0H         LINE#         921
  C:2FC0H         LINE#         922
  C:2FC5H         LINE#         923
  C:2FCEH         LINE#         924
  C:2FCEH         LINE#         925
  C:2FD6H         LINE#         926
  C:2FD6H         LINE#         927
  C:2FEAH         LINE#         928
  C:2FF1H         LINE#         929
  C:2FF1H         LINE#         931
  C:2FFAH         LINE#         932
  C:3005H         LINE#         933
  C:3007H         LINE#         934
  C:3018H         LINE#         935
  C:3023H         LINE#         936
  C:302CH         LINE#         937
  C:303FH         LINE#         938
  C:304CH         LINE#         940
  C:3077H         LINE#         941
  C:309DH         LINE#         942
BL51 BANKED LINKER/LOCATER V6.22                                                      06/15/2016  09:36:36  PAGE 22


  C:309DH         LINE#         943
  C:30A6H         LINE#         945
  C:30A6H         LINE#         946
  C:30A8H         LINE#         947
  C:30BAH         LINE#         948
  C:30C5H         LINE#         949
  C:30D0H         LINE#         950
  C:30E4H         LINE#         951
  C:3102H         LINE#         952
  C:310FH         LINE#         954
  C:313CH         LINE#         955
  C:3145H         LINE#         956
  C:3170H         LINE#         957
  C:3170H         LINE#         958
  C:3179H         LINE#         959
  C:3179H         LINE#         963
  C:3195H         LINE#         964
  C:3195H         LINE#         965
  C:31A5H         LINE#         966
  C:31B0H         LINE#         967
  C:31B9H         LINE#         969
  C:31CCH         LINE#         970
  C:31D6H         LINE#         971
  C:31FEH         LINE#         972
  C:3200H         LINE#         973
  C:3228H         LINE#         974
  C:3228H         LINE#         975
  C:322DH         LINE#         976
  C:3236H         LINE#         977
  C:3236H         LINE#         978
  C:3236H         LINE#         979
  C:3236H         LINE#         980
  C:3241H         LINE#         981
  C:3247H         LINE#         982
  C:324BH         LINE#         983
  C:324DH         LINE#         984
  C:3251H         LINE#         985
  C:3255H         LINE#         987
  C:325EH         LINE#         988
  C:3270H         LINE#         989
  C:327AH         LINE#         990
  C:3283H         LINE#         991
  C:329CH         LINE#         992
  C:32B4H         LINE#         993
  C:32C3H         LINE#         994
  C:32C6H         LINE#         995
  C:32E1H         LINE#         996
  C:32E9H         LINE#         997
  C:32F2H         LINE#         998
  C:32F2H         LINE#         1000
  C:32F2H         LINE#         1001
  C:32F5H         LINE#         1002
  C:32F5H         LINE#         1003
  C:3300H         LINE#         1004
  C:3306H         LINE#         1005
  C:330AH         LINE#         1006
  C:330CH         LINE#         1007
BL51 BANKED LINKER/LOCATER V6.22                                                      06/15/2016  09:36:36  PAGE 23


  C:3310H         LINE#         1008
  C:3314H         LINE#         1010
  C:331DH         LINE#         1011
  C:332FH         LINE#         1012
  C:3339H         LINE#         1013
  C:3342H         LINE#         1014
  C:335BH         LINE#         1015
  C:3373H         LINE#         1016
  C:3382H         LINE#         1017
  C:3385H         LINE#         1018
  C:33A0H         LINE#         1019
  C:33A8H         LINE#         1020
  C:33B1H         LINE#         1021
  C:33B6H         LINE#         1023
  C:33B6H         LINE#         1024
  C:33B7H         LINE#         1026
  C:33B7H         LINE#         1027
  C:33CCH         LINE#         1028
  C:33D1H         LINE#         1029
  C:33D3H         LINE#         1030
  C:33D5H         LINE#         1031
  C:33D9H         LINE#         1033
  C:33DEH         LINE#         1034
  C:340CH         LINE#         1035
  C:3412H         LINE#         1036
  C:3413H         LINE#         1038
  C:3413H         LINE#         1039
  C:3429H         LINE#         1040
  C:3432H         LINE#         1041
  C:3437H         LINE#         1042
  C:3439H         LINE#         1043
  C:343BH         LINE#         1044
  C:343FH         LINE#         1045
  C:3444H         LINE#         1046
  C:3473H         LINE#         1047
  C:3473H         LINE#         1050
  C:3473H         LINE#         1051
  C:3473H         LINE#         1052
  C:3475H         LINE#         1053
  C:3475H         LINE#         1057
  C:3475H         LINE#         1058
  C:3475H         LINE#         1067
  C:3475H         LINE#         1068
  C:3475H         LINE#         1070
  -------         ENDPROC       USERHDLC
  -------         PROC          SELFCONF
  -------         DO            
  X:7B38H         SYMBOL        i
  X:7B3AH         SYMBOL        j
  X:7B3CH         SYMBOL        ctt
  D:0007H         SYMBOL        ucii
  -------         ENDDO         
  C:4984H         LINE#         1106
  C:4984H         LINE#         1107
  C:4984H         LINE#         1113
  C:498AH         LINE#         1114
  C:4990H         LINE#         1117
BL51 BANKED LINKER/LOCATER V6.22                                                      06/15/2016  09:36:36  PAGE 24


  C:49A6H         LINE#         1118
  C:49C5H         LINE#         1120
  C:49DCH         LINE#         1121
  C:49FBH         LINE#         1123
  C:4A12H         LINE#         1124
  C:4A31H         LINE#         1126
  C:4A3BH         LINE#         1129
  C:4A52H         LINE#         1130
  C:4A71H         LINE#         1131
  C:4A88H         LINE#         1132
  C:4AA7H         LINE#         1141
  C:4AADH         LINE#         1146
  C:4AB4H         LINE#         1147
  C:4AE4H         LINE#         1148
  C:4AFBH         LINE#         1149
  C:4AFBH         LINE#         1150
  C:4B07H         LINE#         1152
  C:4B17H         LINE#         1160
  C:4B1DH         LINE#         1161
  C:4B22H         LINE#         1163
  C:4B2AH         LINE#         1164
  C:4B33H         LINE#         1166
  C:4B39H         LINE#         1167
  C:4B3DH         LINE#         1168
  C:4B41H         LINE#         1169
  C:4B45H         LINE#         1170
  C:4B49H         LINE#         1172
  C:4B4DH         LINE#         1176
  C:4B53H         LINE#         1178
  C:4B59H         LINE#         1179
  C:4B5DH         LINE#         1180
  C:4B61H         LINE#         1181
  C:4B65H         LINE#         1182
  C:4B69H         LINE#         1183
  C:4B6CH         LINE#         1184
  C:4B71H         LINE#         1185
  C:4B76H         LINE#         1187
  C:4B7AH         LINE#         1188
  C:4B7EH         LINE#         1189
  C:4B81H         LINE#         1190
  C:4B85H         LINE#         1191
  C:4B89H         LINE#         1193
  C:4B8CH         LINE#         1194
  C:4B90H         LINE#         1196
  C:4B95H         LINE#         1197
  C:4B97H         LINE#         1198
  C:4B99H         LINE#         1199
  C:4B9DH         LINE#         1200
  C:4B9FH         LINE#         1201
  C:4BA1H         LINE#         1202
  C:4BA5H         LINE#         1203
  C:4BA9H         LINE#         1204
  C:4BABH         LINE#         1205
  C:4BAEH         LINE#         1206
  C:4BB2H         LINE#         1207
  C:4BB4H         LINE#         1208
  C:4BB7H         LINE#         1209
BL51 BANKED LINKER/LOCATER V6.22                                                      06/15/2016  09:36:36  PAGE 25


  C:4BB9H         LINE#         1210
  C:4BBBH         LINE#         1216
  C:4BC1H         LINE#         1217
  C:4BC1H         LINE#         1218
  C:4BC8H         LINE#         1219
  C:4BC8H         LINE#         1220
  C:4BF9H         LINE#         1221
  C:4C14H         LINE#         1222
  C:4C2EH         LINE#         1223
  C:4C4BH         LINE#         1225
  C:4C51H         LINE#         1226
  C:4C55H         LINE#         1228
  C:4C5BH         LINE#         1229
  C:4C5FH         LINE#         1231
  C:4C65H         LINE#         1232
  C:4C69H         LINE#         1235
  C:4C70H         LINE#         1236
  C:4C70H         LINE#         1237
  C:4C77H         LINE#         1238
  C:4C77H         LINE#         1239
  C:4CA8H         LINE#         1240
  C:4CC3H         LINE#         1241
  C:4CDDH         LINE#         1242
  C:4CFAH         LINE#         1244
  C:4D11H         LINE#         1245
  C:4D11H         LINE#         1246
  C:4D2EH         LINE#         1247
  C:4D3FH         LINE#         1248
  C:4D4FH         LINE#         1249
  -------         ENDPROC       SELFCONF
  -------         PROC          INITIOSW1021
  -------         DO            
  X:7B38H         SYMBOL        i
  X:7B3AH         SYMBOL        j
  X:7B3CH         SYMBOL        m
  X:7B3DH         SYMBOL        n
  -------         ENDDO         
  C:3476H         LINE#         1266
  C:3476H         LINE#         1267
  C:3476H         LINE#         1271
  C:347BH         LINE#         1273
  C:3494H         LINE#         1274
  C:3494H         LINE#         1275
  C:34A8H         LINE#         1276
  C:34ACH         LINE#         1277
  C:34C2H         LINE#         1283
  C:34CEH         LINE#         1284
  C:34DBH         LINE#         1286
  C:34E8H         LINE#         1288
  C:34F5H         LINE#         1291
  C:3501H         LINE#         1292
  C:350DH         LINE#         1295
  C:3527H         LINE#         1296
  C:355CH         LINE#         1298
  C:3589H         LINE#         1304
  C:35C4H         LINE#         1305
  C:35F2H         LINE#         1306
BL51 BANKED LINKER/LOCATER V6.22                                                      06/15/2016  09:36:36  PAGE 26


  C:362DH         LINE#         1312
  C:365FH         LINE#         1315
  C:36BCH         LINE#         1316
  C:3721H         LINE#         1317
  C:3785H         LINE#         1318
  C:37EAH         LINE#         1321
  C:37FBH         LINE#         1323
  C:3812H         LINE#         1324
  C:381DH         LINE#         1326
  C:382EH         LINE#         1329
  C:3835H         LINE#         1330
  C:3835H         LINE#         1331
  C:384CH         LINE#         1332
  C:385AH         LINE#         1333
  C:3874H         LINE#         1334
  C:3874H         LINE#         1335
  C:387BH         LINE#         1336
  C:387BH         LINE#         1337
  C:38A3H         LINE#         1338
  C:38CDH         LINE#         1340
  C:38F8H         LINE#         1341
  C:391FH         LINE#         1342
  C:3922H         LINE#         1344
  C:3922H         LINE#         1346
  C:394AH         LINE#         1347
  C:3972H         LINE#         1349
  C:399BH         LINE#         1350
  C:39C4H         LINE#         1351
  C:39C4H         LINE#         1352
  C:39D5H         LINE#         1353
  C:39F5H         LINE#         1355
  C:39F7H         LINE#         1356
  C:39F9H         LINE#         1357
  C:39FBH         LINE#         1358
  C:39FDH         LINE#         1359
  C:39FFH         LINE#         1360
  C:3A05H         LINE#         1362
  -------         ENDPROC       INITIOSW1021
  -------         PROC          CHECKSW1021INIT
  -------         DO            
  X:7B38H         SYMBOL        ret
  D:0004H         SYMBOL        i
  X:7B3AH         SYMBOL        j
  D:0006H         SYMBOL        reg
  C:66C2H         SYMBOL        quit
  -------         ENDDO         
  C:65E5H         LINE#         1376
  C:65E5H         LINE#         1377
  C:65E5H         LINE#         1378
  C:65ECH         LINE#         1381
  C:65EEH         LINE#         1382
  C:65EEH         LINE#         1383
  C:6600H         LINE#         1384
  C:6606H         LINE#         1385
  C:6606H         LINE#         1386
  C:6609H         LINE#         1387
  C:6609H         LINE#         1388
BL51 BANKED LINKER/LOCATER V6.22                                                      06/15/2016  09:36:36  PAGE 27


  C:661BH         LINE#         1389
  C:6621H         LINE#         1390
  C:6621H         LINE#         1391
  C:6623H         LINE#         1392
  C:6623H         LINE#         1394
  C:6633H         LINE#         1395
  C:6636H         LINE#         1396
  C:6636H         LINE#         1397
  C:6638H         LINE#         1398
  C:6638H         LINE#         1400
  C:6648H         LINE#         1401
  C:664BH         LINE#         1402
  C:664BH         LINE#         1403
  C:664DH         LINE#         1404
  C:664DH         LINE#         1406
  C:6666H         LINE#         1407
  C:6694H         LINE#         1408
  C:669AH         LINE#         1409
  C:66A2H         LINE#         1410
  C:66A4H         LINE#         1411
  C:66A4H         LINE#         1412
  C:66B4H         LINE#         1414
  C:66C2H         LINE#         1415
  C:66C2H         LINE#         1416
  C:66CAH         LINE#         1417
  -------         ENDPROC       CHECKSW1021INIT
  -------         PROC          MAIN
  -------         DO            
  D:0007H         SYMBOL        i
  X:7B36H         SYMBOL        ret
  -------         ENDDO         
  C:67ADH         LINE#         1432
  C:67ADH         LINE#         1433
  C:67ADH         LINE#         1435
  C:67B4H         LINE#         1438
  C:67B7H         LINE#         1439
  C:67C2H         LINE#         1440
  C:67C5H         LINE#         1441
  C:67C8H         LINE#         1446
  C:67CAH         LINE#         1447
  C:67CCH         LINE#         1449
  C:67CCH         LINE#         1450
  C:67CCH         LINE#         1465
  C:67D7H         LINE#         1466
  C:67DAH         LINE#         1467
  C:67DDH         LINE#         1468
  C:67E0H         LINE#         1469
  C:67E3H         LINE#         1470
  C:67E3H         LINE#         1472
  C:67E6H         LINE#         1473
  C:67E9H         LINE#         1475
  C:67F2H         LINE#         1476
  C:67F2H         LINE#         1477
  C:67F5H         LINE#         1478
  C:67F7H         LINE#         1479
  C:67F7H         LINE#         1480
  C:681CH         LINE#         1481
BL51 BANKED LINKER/LOCATER V6.22                                                      06/15/2016  09:36:36  PAGE 28


  C:6841H         LINE#         1482
  C:6866H         LINE#         1483
  C:686BH         LINE#         1484
  C:686EH         LINE#         1485
  C:6873H         LINE#         1486
  C:6873H         LINE#         1488
  C:6876H         LINE#         1489
  -------         ENDPROC       MAIN
  -------         ENDMOD        GF2488_01F1_E1_RST

  -------         MODULE        TIMER
  C:0000H         SYMBOL        _ICE_DUMMY_
  D:0090H         PUBLIC        P1
  D:00B0H         PUBLIC        P3
  C:630EH         PUBLIC        TimerIntep
  X:7BA0H         PUBLIC        g_LampEn
  X:7BA1H         SYMBOL        g_ucTenMs
  D:00A8H         PUBLIC        IE
  D:00C7H         PUBLIC        TA
  D:00B8H         PUBLIC        IP
  C:72D0H         PUBLIC        TimerInit
  X:7BA2H         PUBLIC        g_SecondFlag
  X:7BA3H         PUBLIC        g_QuarterFlag
  D:0088H         PUBLIC        TCON
  X:7BA4H         SYMBOL        ucInActTime
  B:00C8H.7       PUBLIC        TF2
  X:7BA5H         PUBLIC        g_ulResetSec
  D:00E8H         PUBLIC        EIE
  X:7BA9H         PUBLIC        g_stuSysClock
  D:00F8H         PUBLIC        EIP
  D:0098H         PUBLIC        SCON0
  D:00C0H         PUBLIC        SCON1
  D:00C8H         PUBLIC        T2CON
  C:7440H         PUBLIC        _Delay
  D:00D0H         PUBLIC        PSW
  D:00D8H         PUBLIC        WDCON
  B:00D8H.0       PUBLIC        RWT
  C:0006H         SYMBOL        Com0013
  C:0006H         SYMBOL        L?0020
  C:0006H         SYMBOL        L?0021
  -------         PROC          COM0013
  -------         ENDPROC       COM0013
  -------         PROC          TIMERINTEP
  C:630EH         LINE#         37
  C:6324H         LINE#         39
  C:6326H         LINE#         41
  C:632CH         LINE#         42
  C:6339H         LINE#         43
  C:6339H         LINE#         45
  C:633FH         LINE#         46
  C:633FH         LINE#         48
  C:6341H         LINE#         54
  C:6341H         LINE#         57
  C:6344H         LINE#         60
  C:634CH         LINE#         61
  C:634CH         LINE#         62
  C:6350H         LINE#         63
BL51 BANKED LINKER/LOCATER V6.22                                                      06/15/2016  09:36:36  PAGE 29


  C:6353H         LINE#         64
  C:6359H         LINE#         65
  C:6378H         LINE#         67
  C:637EH         LINE#         68
  C:637EH         LINE#         69
  C:6389H         LINE#         70
  C:6389H         LINE#         71
  C:638BH         LINE#         72
  C:638FH         LINE#         74
  C:6394H         LINE#         76
  C:6399H         LINE#         77
  C:639CH         LINE#         78
  C:639CH         LINE#         79
  C:639EH         LINE#         81
  C:639EH         LINE#         82
  C:63A3H         LINE#         83
  C:63A7H         LINE#         84
  C:63ACH         LINE#         85
  C:63ACH         LINE#         87
  C:63B4H         LINE#         88
  C:63B4H         LINE#         89
  C:63B5H         LINE#         90
  C:63BBH         LINE#         92
  C:63C5H         LINE#         93
  C:63CCH         LINE#         94
  C:63CFH         LINE#         95
  C:63D4H         LINE#         97
  C:63DDH         LINE#         98
  C:63DDH         LINE#         99
  C:63DFH         LINE#         100
  C:63E5H         LINE#         101
  C:63EBH         LINE#         102
  C:63EBH         LINE#         103
  C:63EDH         LINE#         104
  C:63F3H         LINE#         105
  C:63F3H         LINE#         106
  C:63F3H         LINE#         107
  C:63F3H         LINE#         108
  C:63F3H         LINE#         109
  C:63F3H         LINE#         111
  C:63F6H         LINE#         132
  -------         ENDPROC       TIMERINTEP
  -------         PROC          TIMERINIT
  C:72D0H         LINE#         148
  C:72D0H         LINE#         149
  C:72D0H         LINE#         171
  C:72D6H         LINE#         172
  C:72DAH         LINE#         173
  C:72DEH         LINE#         174
  C:72E2H         LINE#         175
  C:72E5H         LINE#         176
  C:72E7H         LINE#         177
  C:72E9H         LINE#         179
  C:72EDH         LINE#         180
  C:72EFH         LINE#         181
  C:72F3H         LINE#         182
  C:72F5H         LINE#         184
BL51 BANKED LINKER/LOCATER V6.22                                                      06/15/2016  09:36:36  PAGE 30


  C:72FFH         LINE#         185
  C:7304H         LINE#         187
  C:7308H         LINE#         192
  -------         ENDPROC       TIMERINIT
  -------         PROC          _DELAY
  D:0007H         SYMBOL        uc10ms
  -------         DO            
  D:0006H         SYMBOL        ucLastTime
  -------         ENDDO         
  C:7440H         LINE#         208
  C:7440H         LINE#         209
  C:7440H         LINE#         212
  C:7445H         LINE#         213
  C:744BH         LINE#         214
  C:744BH         LINE#         216
  C:7453H         LINE#         217
  C:7453H         LINE#         218
  C:745BH         LINE#         220
  C:745EH         LINE#         222
  C:745FH         LINE#         223
  C:7461H         LINE#         224
  C:7461H         LINE#         225
  C:7463H         LINE#         226
  -------         ENDPROC       _DELAY
  -------         ENDMOD        TIMER

  -------         MODULE        COMM
  C:0000H         SYMBOL        _ICE_DUMMY_
  D:0090H         PUBLIC        P1
  X:76DEH         PUBLIC        g_AllClrFlag
  B:0023H.1       SYMBOL        ResetFlag
  D:00B0H         PUBLIC        P3
  B:0023H.2       SYMBOL        updateFlag
  D:00A5H         PUBLIC        P4
  C:7495H         PUBLIC        RESET
  X:76DFH         SYMBOL        usiCrcTemp
  B:00A8H.7       PUBLIC        EA
  X:76E1H         PUBLIC        sysErrCode
  B:0023H.3       PUBLIC        HotBoot_f
  C:6B68H         SYMBOL        _ReadBctHead
  D:00A8H         PUBLIC        IE
  C:7259H         PUBLIC        JumpToAux
  B:0023H.4       SYMBOL        isRecOK
  X:76E2H         SYMBOL        PmCodeCRC
  D:00C7H         PUBLIC        TA
  C:50EBH         PUBLIC        LibDate
  D:00B8H         PUBLIC        IP
  X:76E4H         SYMBOL        g_ConfChange
  C:6E50H         SYMBOL        _ProgBakFlash
  D:0021H         PUBLIC        outport
  B:0023H.5       SYMBOL        isBakRun
  C:5100H         PUBLIC        crc_table
  C:5772H         SYMBOL        softUpdate
  C:7114H         PUBLIC        _Check_SST_39VF
  B:0021H.1       PUBLIC        HOLD
  B:0021H.6       PUBLIC        LSCE
  C:50F7H         PUBLIC        LibTime
BL51 BANKED LINKER/LOCATER V6.22                                                      06/15/2016  09:36:36  PAGE 31


  C:0F2FH         PUBLIC        ProcCmd
  C:73A2H         PUBLIC        BootInit
  X:76E5H         PUBLIC        g_buffcom
  C:5300H         PUBLIC        ProcAlmData
  C:6CBEH         SYMBOL        copyFlash
  D:0087H         PUBLIC        PCON
  X:7AFFH         PUBLIC        pfOtherCMD
  D:0088H         PUBLIC        TCON
  C:5B97H         PUBLIC        ProcHisData
  D:009FH         PUBLIC        CHPCON
  C:6EBEH         SYMBOL        RamTest
  X:7B02H         SYMBOL        g_FileIndex
  C:50E4H         PUBLIC        LibVer
  B:0023H.6       PUBLIC        ispFlag
  X:7B06H         PUBLIC        g_ReqConfig
  D:00CDH         PUBLIC        TH2
  C:6F91H         PUBLIC        CommVarInit
  C:5D76H         PUBLIC        _VerShow
  C:71C5H         PUBLIC        _CRCCCITT
  D:00CCH         PUBLIC        TL2
  D:00E8H         PUBLIC        EIE
  C:6FF7H         SYMBOL        _Program_One_Byte
  B:0021H.4       PUBLIC        ACT
  B:00C8H.2       PUBLIC        TR2
  C:4524H         SYMBOL        _downSoft
  B:0021H.3       PUBLIC        RED
  X:7B07H         SYMBOL        g_stuHisTime
  C:705CH         PUBLIC        _ProgramAPROM
  B:0021H.2       PUBLIC        YELLOW
  D:00F8H         PUBLIC        EIP
  X:7B0BH         PUBLIC        g_ucSetTime
  X:7B0CH         SYMBOL        g_CrcValue
  X:7B0EH         SYMBOL        LineCodeCRC
  X:7B10H         SYMBOL        g_HisDataReady
  C:7309H         SYMBOL        _EraseFlash
  C:7296H         SYMBOL        ispInit
  D:0098H         PUBLIC        SCON0
  D:00C0H         PUBLIC        SCON1
  D:00C8H         PUBLIC        T2CON
  X:7B11H         SYMBOL        memErrCode
  X:7B12H         SYMBOL        ispType
  X:7B13H         SYMBOL        AlmCodeCRC
  C:6DCDH         SYMBOL        _ReadFpgaHead
  C:7464H         PUBLIC        _EraseAPROM
  D:00ADH         PUBLIC        SFRAH
  D:00AEH         PUBLIC        SFRFD
  C:716FH         PUBLIC        _MemCRC
  D:00ACH         PUBLIC        SFRAL
  D:00D0H         PUBLIC        PSW
  D:00D8H         PUBLIC        WDCON
  B:00D8H.0       PUBLIC        RWT
  D:00AFH         PUBLIC        SFRCN
  C:3A06H         SYMBOL        Com018B
  C:3A06H         SYMBOL        L?0396
  C:3A07H         SYMBOL        L?0397
  C:3A0BH         SYMBOL        L?0398
  C:3A29H         SYMBOL        L?0399
BL51 BANKED LINKER/LOCATER V6.22                                                      06/15/2016  09:36:36  PAGE 32


  C:3A2CH         SYMBOL        L?0400
  C:3A34H         SYMBOL        L?0401
  C:3A34H         SYMBOL        L?0402
  C:3A35H         SYMBOL        L?0403
  C:3A38H         SYMBOL        L?0404
  C:3A3BH         SYMBOL        L?0405
  C:3A3CH         SYMBOL        L?0406
  C:3A40H         SYMBOL        L?0407
  C:3A49H         SYMBOL        L?0408
  C:3ABBH         SYMBOL        L?0409
  C:3ABCH         SYMBOL        L?0410
  C:3ABDH         SYMBOL        L?0411
  C:3AC8H         SYMBOL        L?0412
  C:3AD1H         SYMBOL        L?0413
  C:3AE7H         SYMBOL        L?0414
  C:3AE8H         SYMBOL        L?0415
  C:3AE9H         SYMBOL        L?0416
  C:3B14H         SYMBOL        L?0417
  C:3B26H         SYMBOL        L?0418
  C:3B41H         SYMBOL        L?0419
  C:3B4BH         SYMBOL        L?0420
  C:3B4DH         SYMBOL        L?0421
  C:3B4EH         SYMBOL        L?0422
  C:3B4FH         SYMBOL        L?0423
  C:3B52H         SYMBOL        L?0424
  C:3B59H         SYMBOL        L?0425
  C:3B59H         SYMBOL        L?0426
  C:3B5EH         SYMBOL        L?0427
  C:3B72H         SYMBOL        L?0428
  C:3B75H         SYMBOL        L?0429
  C:3B79H         SYMBOL        L?0430
  C:3B85H         SYMBOL        L?0433
  C:3B89H         SYMBOL        L?0434
  C:3B91H         SYMBOL        L?0435
  C:3B98H         SYMBOL        L?0436
  C:3BB1H         SYMBOL        L?0437
  C:3BBFH         SYMBOL        L?0438
  C:3BC8H         SYMBOL        L?0439
  C:3BDDH         SYMBOL        L?0440
  C:3BE0H         SYMBOL        L?0441
  C:3BE3H         SYMBOL        L?0442
  C:3BEBH         SYMBOL        L?0443
  C:3BEEH         SYMBOL        L?0444
  C:3BF2H         SYMBOL        L?0445
  C:3BF6H         SYMBOL        L?0446
  C:3BFFH         SYMBOL        L?0447
  C:3BFFH         SYMBOL        L?0448
  C:3C08H         SYMBOL        L?0449
  C:3C0BH         SYMBOL        L?0450
  C:3C14H         SYMBOL        L?0451
  C:3C1FH         SYMBOL        L?0452
  C:3C1FH         SYMBOL        L?0453
  C:3C29H         SYMBOL        L?0454
  C:3C30H         SYMBOL        L?0455
  C:3C3FH         SYMBOL        L?0456
  C:3C4DH         SYMBOL        L?0457
  C:3C4DH         SYMBOL        L?0458
BL51 BANKED LINKER/LOCATER V6.22                                                      06/15/2016  09:36:36  PAGE 33


  C:3C59H         SYMBOL        L?0459
  C:3C61H         SYMBOL        L?0460
  C:3C61H         SYMBOL        L?0461
  C:3C66H         SYMBOL        L?0462
  C:3C6EH         SYMBOL        L?0463
  C:3C6EH         SYMBOL        L?0464
  C:3C71H         SYMBOL        L?0465
  C:3C7AH         SYMBOL        L?0466
  C:3C7AH         SYMBOL        L?0467
  C:3C91H         SYMBOL        L?0468
  C:3CA2H         SYMBOL        L?0469
  C:3CACH         SYMBOL        L?0470
  C:3CAFH         SYMBOL        L?0471
  C:3CC3H         SYMBOL        L?0472
  C:3CD5H         SYMBOL        L?0474
  C:3CE0H         SYMBOL        L?0475
  C:3CE7H         SYMBOL        L?0476
  C:3CE7H         SYMBOL        L?0477
  C:3CEDH         SYMBOL        L?0478
  C:3CF6H         SYMBOL        L?0479
  C:3D0DH         SYMBOL        L?0480
  C:3D13H         SYMBOL        L?0481
  C:3D33H         SYMBOL        L?0482
  C:3D33H         SYMBOL        L?0483
  C:3D45H         SYMBOL        L?0484
  C:3D49H         SYMBOL        L?0485
  C:3D56H         SYMBOL        L?0486
  C:3D56H         SYMBOL        L?0487
  C:3D5FH         SYMBOL        L?0488
  C:3D5FH         SYMBOL        L?0489
  C:3D67H         SYMBOL        L?0490
  C:3D6EH         SYMBOL        L?0491
  C:3D6EH         SYMBOL        L?0492
  C:3D7AH         SYMBOL        L?0493
  C:3D8DH         SYMBOL        L?0494
  C:3D8DH         SYMBOL        L?0495
  C:3D90H         SYMBOL        L?0496
  C:3D9AH         SYMBOL        L?0497
  C:3DA1H         SYMBOL        L?0498
  C:3DA9H         SYMBOL        L?0499
  C:3DABH         SYMBOL        L?0500
  C:3DB9H         SYMBOL        L?0503
  C:3DBFH         SYMBOL        L?0504
  C:3DCAH         SYMBOL        L?0505
  C:3DCAH         SYMBOL        L?0506
  C:3DCDH         SYMBOL        L?0507
  C:3DD3H         SYMBOL        L?0508
  C:3DD3H         SYMBOL        L?0509
  C:3DE1H         SYMBOL        L?0510
  C:3DE3H         SYMBOL        L?0511
  C:3DEAH         SYMBOL        L?0512
  C:3DFEH         SYMBOL        L?0513
  C:3DFFH         SYMBOL        L?0514
  C:3E00H         SYMBOL        L?0515
  C:3E07H         SYMBOL        L?0516
  C:3E07H         SYMBOL        L?0517
  C:3E10H         SYMBOL        L?0518
BL51 BANKED LINKER/LOCATER V6.22                                                      06/15/2016  09:36:36  PAGE 34


  C:3E13H         SYMBOL        L?0519
  C:3E1AH         SYMBOL        L?0520
  C:3E1AH         SYMBOL        L?0521
  C:3E21H         SYMBOL        L?0522
  C:3E21H         SYMBOL        L?0523
  C:3E2CH         SYMBOL        L?0524
  C:3E2CH         SYMBOL        L?0525
  C:3E37H         SYMBOL        L?0526
  C:3E3DH         SYMBOL        L?0527
  C:3E44H         SYMBOL        L?0528
  C:3E44H         SYMBOL        L?0529
  C:3E4BH         SYMBOL        L?0530
  C:3E4DH         SYMBOL        L?0531
  C:3E56H         SYMBOL        L?0532
  C:3E57H         SYMBOL        L?0533
  C:3E5DH         SYMBOL        L?0534
  C:3E5EH         SYMBOL        L?0535
  C:3E64H         SYMBOL        L?0536
  C:3E64H         SYMBOL        L?0537
  C:3E6DH         SYMBOL        L?0538
  C:3E6DH         SYMBOL        L?0539
  C:3E76H         SYMBOL        L?0540
  C:3E83H         SYMBOL        L?0541
  C:3E90H         SYMBOL        L?0542
  C:3E90H         SYMBOL        L?0543
  C:3E96H         SYMBOL        L?0544
  C:3E96H         SYMBOL        L?0545
  C:3E9DH         SYMBOL        L?0546
  C:3EAAH         SYMBOL        L?0547
  C:3EB7H         SYMBOL        L?0548
  C:3EB8H         SYMBOL        L?0549
  C:3EC0H         SYMBOL        L?0550
  C:3EC3H         SYMBOL        L?0551
  C:3ECAH         SYMBOL        L?0552
  C:3ECAH         SYMBOL        L?0553
  C:3ED1H         SYMBOL        L?0554
  C:3ED1H         SYMBOL        L?0555
  C:3ED8H         SYMBOL        L?0556
  C:3ED8H         SYMBOL        L?0557
  C:3EDFH         SYMBOL        L?0558
  C:3EDFH         SYMBOL        L?0559
  C:3EE6H         SYMBOL        L?0560
  C:3EEEH         SYMBOL        L?0561
  C:3EFAH         SYMBOL        L?0562
  C:3EFAH         SYMBOL        L?0563
  C:3F02H         SYMBOL        L?0564
  C:3F02H         SYMBOL        L?0565
  C:3F0AH         SYMBOL        L?0566
  C:3F15H         SYMBOL        L?0567
  C:3F20H         SYMBOL        L?0568
  C:3F2BH         SYMBOL        L?0569
  C:3F36H         SYMBOL        L?0570
  C:3F40H         SYMBOL        L?0571
  C:3F4BH         SYMBOL        L?0572
  C:3F4CH         SYMBOL        L?0573
  C:3F53H         SYMBOL        L?0574
  C:3F54H         SYMBOL        L?0575
BL51 BANKED LINKER/LOCATER V6.22                                                      06/15/2016  09:36:36  PAGE 35


  C:3F5BH         SYMBOL        L?0577
  C:3F5BH         SYMBOL        L?0578
  C:3F62H         SYMBOL        L?0579
  C:3F62H         SYMBOL        L?0580
  C:3F69H         SYMBOL        L?0581
  C:3F69H         SYMBOL        L?0582
  C:3F70H         SYMBOL        L?0583
  C:3F70H         SYMBOL        L?0584
  C:3F77H         SYMBOL        L?0585
  C:3F77H         SYMBOL        L?0586
  C:3F7EH         SYMBOL        L?0587
  C:3F88H         SYMBOL        L?0588
  C:3F88H         SYMBOL        L?0589
  C:3F8FH         SYMBOL        L?0590
  C:3F8FH         SYMBOL        L?0591
  -------         PROC          COM018B
  -------         ENDPROC       COM018B
  C:6C07H         SYMBOL        L?0501
  -------         PROC          _READBCTHEAD
[...]
  C:5A09H         LINE#         63
  C:5A09H         LINE#         64
  C:5A10H         LINE#         65
  C:5A10H         LINE#         66
  C:5A13H         LINE#         67
  C:5A1AH         LINE#         68
  C:5A1AH         LINE#         69
  C:5A1DH         LINE#         71
  C:5A1DH         LINE#         72
  C:5A3CH         LINE#         73
  C:5A3CH         LINE#         74
  C:5A3FH         LINE#         75
  C:5A3FH         LINE#         113
  C:5A46H         LINE#         114
  C:5A46H         LINE#         115
  C:5A61H         LINE#         116
  C:5A71H         LINE#         117
  C:5A71H         LINE#         118
  C:5A74H         LINE#         119
  C:5A77H         LINE#         120
  C:5A77H         LINE#         121
  C:5A7AH         LINE#         123
  C:5A7AH         LINE#         124
  C:5A7DH         LINE#         125
  C:5A80H         LINE#         126
  C:5A80H         LINE#         127
  C:5A80H         LINE#         128
  C:5A80H         LINE#         129
  C:5A80H         LINE#         130
  C:5A83H         LINE#         132
  C:5A83H         LINE#         133
  C:5A83H         LINE#         134
  C:5A8EH         LINE#         135
  C:5A96H         LINE#         136
  C:5A96H         LINE#         137
BL51 BANKED LINKER/LOCATER V6.22                                                      06/15/2016  09:36:36  PAGE 70


  C:5A99H         LINE#         138
  C:5A9CH         LINE#         139
  C:5A9CH         LINE#         140
  C:5A9FH         LINE#         142
  C:5A9FH         LINE#         143
  C:5AAAH         LINE#         144
  C:5AB0H         LINE#         145
  C:5AB0H         LINE#         146
  C:5AB0H         LINE#         147
  C:5AB0H         LINE#         148
  C:5AB0H         LINE#         149
  C:5AB0H         LINE#         150
  C:5AB0H         LINE#         151
  C:5AB0H         LINE#         153
  C:5AB0H         LINE#         154
  C:5AB3H         LINE#         157
  C:5AB3H         LINE#         158
  C:5ABAH         LINE#         159
  C:5ABAH         LINE#         160
  C:5ABDH         LINE#         161
  C:5AC4H         LINE#         162
  C:5AC4H         LINE#         163
  C:5AC7H         LINE#         165
  C:5AC7H         LINE#         166
  C:5AC7H         LINE#         167
  C:5AE0H         LINE#         168
  C:5AE0H         LINE#         169
  C:5AE3H         LINE#         170
  C:5AE9H         LINE#         171
  C:5AE9H         LINE#         172
  C:5AECH         LINE#         174
  C:5AECH         LINE#         175
  C:5AFCH         LINE#         176
  C:5B0BH         LINE#         208
  C:5B12H         LINE#         209
  C:5B12H         LINE#         210
  C:5B15H         LINE#         211
  C:5B30H         LINE#         212
  C:5B30H         LINE#         213
  C:5B33H         LINE#         214
  C:5B39H         LINE#         215
  C:5B39H         LINE#         216
  C:5B3BH         LINE#         218
  C:5B3BH         LINE#         219
  C:5B3EH         LINE#         220
  C:5B45H         LINE#         221
  C:5B45H         LINE#         222
  C:5B45H         LINE#         223
  C:5B47H         LINE#         225
  C:5B47H         LINE#         226
  C:5B49H         LINE#         227
  C:5B49H         LINE#         228
  C:5B49H         LINE#         229
  C:5B4CH         LINE#         230
  C:5B4CH         LINE#         231
  C:5B4CH         LINE#         233
  C:5B4CH         LINE#         234
BL51 BANKED LINKER/LOCATER V6.22                                                      06/15/2016  09:36:36  PAGE 71


  C:5B4CH         LINE#         235
  C:5B4EH         LINE#         238
  C:5B4EH         LINE#         242
  C:5B55H         LINE#         244
  C:5B55H         LINE#         245
  C:5B58H         LINE#         246
  C:5B5FH         LINE#         247
  C:5B65H         LINE#         248
  C:5B67H         LINE#         249
  C:5B6AH         LINE#         250
  C:5B6CH         LINE#         292
  C:5B6CH         LINE#         293
  C:5B71H         LINE#         294
  C:5B76H         LINE#         295
  C:5B76H         LINE#         296
  C:5B76H         LINE#         297
  -------         ENDPROC       HDLCOK
  -------         PROC          HDLCERR
  C:7341H         LINE#         590
  C:7350H         LINE#         592
  C:7355H         LINE#         593
  C:7357H         LINE#         594
  C:7357H         LINE#         595
  C:7357H         LINE#         596
  C:735AH         LINE#         597
  C:735FH         LINE#         598
  C:7366H         LINE#         599
  C:7369H         LINE#         600
  -------         ENDPROC       HDLCERR
  -------         PROC          SCC1HARDINIT
  C:74BCH         LINE#         617
  C:74BCH         LINE#         618
  C:74BCH         LINE#         620
  C:74C1H         LINE#         621
  C:74C3H         LINE#         622
  C:74C5H         LINE#         624
  C:74C7H         LINE#         625
  C:74C9H         LINE#         626
  C:74CBH         LINE#         739
  -------         ENDPROC       SCC1HARDINIT
  -------         PROC          SCC1INIT
  C:70B8H         LINE#         755
  C:70B8H         LINE#         756
  C:70B8H         LINE#         759
  C:70BFH         LINE#         760
  C:70C3H         LINE#         761
  C:70C9H         LINE#         762
  C:70CDH         LINE#         763
  C:70D3H         LINE#         765
  C:70D7H         LINE#         768
  C:70DBH         LINE#         769
  C:70DFH         LINE#         770
  C:70E3H         LINE#         771
  C:70E7H         LINE#         772
  C:70E9H         LINE#         774
  C:70F6H         LINE#         775
  C:7105H         LINE#         776
BL51 BANKED LINKER/LOCATER V6.22                                                      06/15/2016  09:36:36  PAGE 72


  -------         ENDPROC       SCC1INIT
  -------         PROC          SCC1TX
  -------         DO            
  X:7B15H         SYMBOL        uTemp
  D:0018H         SYMBOL        usTemp
  -------         ENDDO         
  C:60FCH         LINE#         793
  C:60FCH         LINE#         794
  C:60FCH         LINE#         804
  C:6107H         LINE#         805
  C:6107H         LINE#         806
  C:610BH         LINE#         808
  C:6110H         LINE#         810
  C:6111H         LINE#         811
  C:611AH         LINE#         812
  C:611AH         LINE#         813
  C:6120H         LINE#         816
  C:6126H         LINE#         820
  C:612AH         LINE#         823
  C:6134H         LINE#         824
  C:6137H         LINE#         825
  C:613AH         LINE#         827
  C:6140H         LINE#         828
  C:6147H         LINE#         829
  C:6168H         LINE#         831
  C:6176H         LINE#         832
  C:6184H         LINE#         833
  C:618AH         LINE#         854
  C:618BH         LINE#         856
  C:618BH         LINE#         860
  C:6190H         LINE#         864
  C:61A0H         LINE#         865
  C:61AEH         LINE#         870
  C:61C4H         LINE#         873
  C:61D3H         LINE#         874
  C:61D3H         LINE#         875
  C:61D6H         LINE#         877
  C:61F2H         LINE#         878
  C:6206H         LINE#         879
  C:620CH         LINE#         896
  C:6213H         LINE#         897
  C:6213H         LINE#         898
  -------         ENDPROC       SCC1TX
  -------         ENDMOD        HDLC

  -------         MODULE        ?C_STARTUP
  C:69FCH         SEGMENT       ?C_C51STARTUP
  I:0024H         SEGMENT       ?STACK
  C:0000H         PUBLIC        ?C_STARTUP
  B:00D0H.6       SYMBOL        AC
  D:00E0H         SYMBOL        ACC
  D:00F0H         SYMBOL        B
  D:008EH         SYMBOL        CKCON
  B:00C8H.0       SYMBOL        CP_RL2
  B:00D0H.7       SYMBOL        CY
  B:00C8H.1       SYMBOL        C_T2
  D:0083H         SYMBOL        DPH
BL51 BANKED LINKER/LOCATER V6.22                                                      06/15/2016  09:36:36  PAGE 73


  D:0085H         SYMBOL        DPH1
  D:0082H         SYMBOL        DPL
  D:0084H         SYMBOL        DPL1
  D:0086H         SYMBOL        DPS
  B:00A8H.7       SYMBOL        EA
  D:00E8H         SYMBOL        EIE
  D:00F8H         SYMBOL        EIP
  B:00D8H.5       SYMBOL        EPFI
  B:00A8H.4       SYMBOL        ES0
  B:00A8H.6       SYMBOL        ES1
  B:00A8H.1       SYMBOL        ET0
  B:00A8H.3       SYMBOL        ET1
  B:00A8H.5       SYMBOL        ET2
  B:00E8H.4       SYMBOL        EWDI
  B:00D8H.1       SYMBOL        EWT
  B:00A8H.0       SYMBOL        EX0
  B:00A8H.2       SYMBOL        EX1
  B:00E8H.0       SYMBOL        EX2
  B:00E8H.1       SYMBOL        EX3
  B:00E8H.2       SYMBOL        EX4
  B:00E8H.3       SYMBOL        EX5
  B:00C8H.3       SYMBOL        EXEN2
  B:00C8H.6       SYMBOL        EXF2
  D:0091H         SYMBOL        EXIF
  B:00D0H.5       SYMBOL        F0
  B:00D0H.1       SYMBOL        FL
  N:0000H         SYMBOL        IBPSTACK
  N:0100H         SYMBOL        IBPSTACKTOP
  N:0100H         SYMBOL        IDATALEN
  C:69FFH         SYMBOL        IDATALOOP
  D:00A8H         SYMBOL        IE
  B:0088H.1       SYMBOL        IE0
  B:0088H.3       SYMBOL        IE1
  B:00B0H.2       SYMBOL        INT0
  B:00B0H.3       SYMBOL        INT1
  B:0090H.4       SYMBOL        INT2
  B:0090H.5       SYMBOL        INT3
  B:0090H.6       SYMBOL        INT4
  B:0090H.7       SYMBOL        INT5
  D:00B8H         SYMBOL        IP
  B:0088H.0       SYMBOL        IT0
  B:0088H.2       SYMBOL        IT1
  B:00D0H.2       SYMBOL        OV
  B:00D0H.0       SYMBOL        P
  D:0080H         SYMBOL        P0
  D:0090H         SYMBOL        P1
  D:00A0H         SYMBOL        P2
  D:00B0H         SYMBOL        P3
  N:0000H         SYMBOL        PBPSTACK
  N:0000H         SYMBOL        PBPSTACKTOP
  D:0087H         SYMBOL        PCON
  N:0000H         SYMBOL        PDATALEN
  N:0000H         SYMBOL        PDATASTART
  B:00D8H.4       SYMBOL        PFI
  B:00D8H.6       SYMBOL        POR
  N:0000H         SYMBOL        PPAGE
  N:0000H         SYMBOL        PPAGEENABLE
BL51 BANKED LINKER/LOCATER V6.22                                                      06/15/2016  09:36:36  PAGE 74


  B:00B8H.4       SYMBOL        PS0
  B:00B8H.6       SYMBOL        PS1
  D:00D0H         SYMBOL        PSW
  B:00B8H.1       SYMBOL        PT0
  B:00B8H.3       SYMBOL        PT1
  B:00B8H.5       SYMBOL        PT2
  B:00F8H.4       SYMBOL        PWDI
  B:00B8H.0       SYMBOL        PX0
  B:00B8H.2       SYMBOL        PX1
  B:00F8H.0       SYMBOL        PX2
  B:00F8H.1       SYMBOL        PX3
  B:00F8H.2       SYMBOL        PX4
  B:00F8H.3       SYMBOL        PX5
  B:0098H.2       SYMBOL        RB8
  B:00C0H.2       SYMBOL        RB81
  D:00CBH         SYMBOL        RCAP2H
  D:00CAH         SYMBOL        RCAP2L
  B:00C8H.5       SYMBOL        RCLK
  B:00B0H.7       SYMBOL        RD
  B:0098H.4       SYMBOL        REN
  B:00C0H.4       SYMBOL        REN1
  B:0098H.0       SYMBOL        RI
  B:00C0H.0       SYMBOL        RI1
  B:00D0H.3       SYMBOL        RS0
  B:00D0H.4       SYMBOL        RS1
  B:00D8H.0       SYMBOL        RWT
  B:00B0H.0       SYMBOL        RXD0
  B:0090H.2       SYMBOL        RXD1
  D:00A9H         SYMBOL        SADDR0
  D:00AAH         SYMBOL        SADDR1
  D:00B9H         SYMBOL        SADEN0
  D:00BAH         SYMBOL        SADEN1
  D:0099H         SYMBOL        SBUF0
  D:00C1H         SYMBOL        SBUF1
  D:0098H         SYMBOL        SCON0
  D:00C0H         SYMBOL        SCON1
  B:0098H.7       SYMBOL        SM0
  B:00C0H.7       SYMBOL        SM01
  B:0098H.6       SYMBOL        SM1
  B:00C0H.6       SYMBOL        SM11
  B:0098H.5       SYMBOL        SM2
  B:00C0H.5       SYMBOL        SM21
  B:00D8H.7       SYMBOL        SMOD
  D:0081H         SYMBOL        SP
  C:69FCH         SYMBOL        STARTUP1
  D:00C5H         SYMBOL        STATUS
  B:00B0H.4       SYMBOL        T0
  B:00B0H.5       SYMBOL        T1
  B:0090H.0       SYMBOL        T2
  D:00C8H         SYMBOL        T2CON
  B:0090H.1       SYMBOL        T2EX
  D:00C9H         SYMBOL        T2MOD
  D:00C7H         SYMBOL        TA
  B:0098H.3       SYMBOL        TB8
  B:00C0H.3       SYMBOL        TB81
  B:00C8H.4       SYMBOL        TCLK
  D:0088H         SYMBOL        TCON
BL51 BANKED LINKER/LOCATER V6.22                                                      06/15/2016  09:36:36  PAGE 75


  B:0088H.5       SYMBOL        TF0
  B:0088H.7       SYMBOL        TF1
  B:00C8H.7       SYMBOL        TF2
  D:008CH         SYMBOL        TH0
  D:008DH         SYMBOL        TH1
  D:00CDH         SYMBOL        TH2
  B:0098H.1       SYMBOL        TI
  B:00C0H.1       SYMBOL        TI1
  D:008AH         SYMBOL        TL0
  D:008BH         SYMBOL        TL1
  D:00CCH         SYMBOL        TL2
  D:0089H         SYMBOL        TMOD
  B:0088H.4       SYMBOL        TR0
  B:0088H.6       SYMBOL        TR1
  B:00C8H.2       SYMBOL        TR2
  B:00B0H.1       SYMBOL        TXD0
  B:0090H.3       SYMBOL        TXD1
  D:00D8H         SYMBOL        WDCON
  B:00D8H.3       SYMBOL        WDIF
  B:00D8H.2       SYMBOL        WDRF
  B:00B0H.6       SYMBOL        WR
  N:0000H         SYMBOL        XBPSTACK
  N:0000H         SYMBOL        XBPSTACKTOP
  N:0000H         SYMBOL        XDATALEN
  N:0000H         SYMBOL        XDATASTART
  C:0000H         LINE#         82
  C:69FCH         LINE#         89
  C:69FEH         LINE#         90
  C:69FFH         LINE#         91
  C:6A00H         LINE#         92
  C:6A02H         LINE#         141
  C:6A05H         LINE#         143
  C:6A07H         LINE#         144
  C:6A0AH         LINE#         145
  C:6A0DH         LINE#         146
  C:6A10H         LINE#         147
  C:6A12H         LINE#         149
  C:6A15H         LINE#         151
  C:6A18H         LINE#         152
  C:6A1BH         LINE#         153
  C:6A1EH         LINE#         154
  C:6A20H         LINE#         155
  C:6A22H         LINE#         157
  C:6A25H         LINE#         158
  C:6A28H         LINE#         159
  C:6A2BH         LINE#         160
  C:6A2EH         LINE#         161
  C:6A31H         LINE#         162
  C:6A33H         LINE#         164
  C:6A36H         LINE#         166
  -------         ENDMOD        ?C_STARTUP

  -------         MODULE        ?C?CLDPTR
  C:2199H         PUBLIC        ?C?CLDPTR
  -------         ENDMOD        ?C?CLDPTR

  -------         MODULE        ?C?CLDOPTR
BL51 BANKED LINKER/LOCATER V6.22                                                      06/15/2016  09:36:36  PAGE 76


  C:21B2H         PUBLIC        ?C?CLDOPTR
  -------         ENDMOD        ?C?CLDOPTR

  -------         MODULE        ?C?CSTPTR
  C:21DFH         PUBLIC        ?C?CSTPTR
  -------         ENDMOD        ?C?CSTPTR

  -------         MODULE        ?C?CSTOPTR
  C:21F1H         PUBLIC        ?C?CSTOPTR
  -------         ENDMOD        ?C?CSTOPTR

  -------         MODULE        ?C?IMUL
  C:2213H         PUBLIC        ?C?IMUL
  -------         ENDMOD        ?C?IMUL

  -------         MODULE        ?C?UIDIV
  C:2225H         PUBLIC        ?C?UIDIV
  -------         ENDMOD        ?C?UIDIV

  -------         MODULE        ?C?IILDX
  C:227AH         PUBLIC        ?C?IILDX
  -------         ENDMOD        ?C?IILDX

  -------         MODULE        ?C?ILDIX
  C:2290H         PUBLIC        ?C?ILDIX
  -------         ENDMOD        ?C?ILDIX

  -------         MODULE        ?C?ILDOPTR
  C:22A6H         PUBLIC        ?C?ILDOPTR
  -------         ENDMOD        ?C?ILDOPTR

  -------         MODULE        ?C?ISTPTR
  C:22DEH         PUBLIC        ?C?ISTPTR
  -------         ENDMOD        ?C?ISTPTR

  -------         MODULE        ?C?ISTOPTR
  C:22FDH         PUBLIC        ?C?ISTOPTR
  -------         ENDMOD        ?C?ISTOPTR

  -------         MODULE        ?C?ULCMP
  C:232AH         PUBLIC        ?C?ULCMP
  -------         ENDMOD        ?C?ULCMP

  -------         MODULE        ?C?LSHL
  C:233BH         PUBLIC        ?C?LSHL
  -------         ENDMOD        ?C?LSHL

  -------         MODULE        ?C?LLDOPTR
  C:234EH         PUBLIC        ?C?LLDOPTR
  -------         ENDMOD        ?C?LLDOPTR

  -------         MODULE        ?C?LSTXDATA
  C:237EH         PUBLIC        ?C?LSTXDATA
  -------         ENDMOD        ?C?LSTXDATA

  -------         MODULE        ?C?LSTKXDATA
  C:238AH         PUBLIC        ?C?LSTKXDATA
BL51 BANKED LINKER/LOCATER V6.22                                                      06/15/2016  09:36:36  PAGE 77


  -------         ENDMOD        ?C?LSTKXDATA

  -------         MODULE        ?C?OFFX256
  C:23BBH         PUBLIC        ?C?OFFX256
  -------         ENDMOD        ?C?OFFX256

  -------         MODULE        ?C?OFFXADD
  C:23CCH         PUBLIC        ?C?OFFXADD
  -------         ENDMOD        ?C?OFFXADD

  -------         MODULE        ?C?CCASE
  C:23D8H         PUBLIC        ?C?CCASE
  -------         ENDMOD        ?C?CCASE

  -------         MODULE        ?C?ICALL
  C:23FEH         PUBLIC        ?C?ICALL
  C:2402H         PUBLIC        ?C?ICALL2
  -------         ENDMOD        ?C?ICALL

  -------         MODULE        PRINTF
  X:7B4EH         PUBLIC        ?_PRINTF517?BYTE
  X:7B4EH         PUBLIC        ?_PRINTF?BYTE
  X:7B4EH         PUBLIC        ?_SPRINTF517?BYTE
  X:7B4EH         PUBLIC        ?_SPRINTF?BYTE
  C:4DBBH         PUBLIC        _PRINTF
  C:4DBBH         PUBLIC        _PRINTF517
  C:4DB5H         PUBLIC        _SPRINTF
  C:4DB5H         PUBLIC        _SPRINTF517
  -------         ENDMOD        PRINTF

  -------         MODULE        TOINT
  C:73CCH         PUBLIC        _TOINT
  -------         ENDMOD        TOINT

  -------         MODULE        ISXDIGIT
  C:741AH         PUBLIC        _isxdigit
  -------         ENDMOD        ISXDIGIT

  -------         MODULE        TOUPPER
  C:749BH         PUBLIC        _toupper
  -------         ENDMOD        TOUPPER

  -------         MODULE        STRNCMP
  X:7B42H         PUBLIC        ?_strncmp?BYTE
  C:6D46H         PUBLIC        _strncmp
  -------         ENDMOD        STRNCMP

  -------         MODULE        STRNCPY
  X:7B29H         PUBLIC        ?_strncpy?BYTE
  C:6F29H         PUBLIC        _strncpy
  -------         ENDMOD        STRNCPY

  -------         MODULE        STRLEN
  C:002EH         PUBLIC        _STRLEN
  -------         ENDMOD        STRLEN

  -------         MODULE        ?C?MEMSET
BL51 BANKED LINKER/LOCATER V6.22                                                      06/15/2016  09:36:36  PAGE 78


  C:2404H         PUBLIC        ?C?MEMSET
  -------         ENDMOD        ?C?MEMSET

  -------         MODULE        ?C?MEMCMPAMD
  C:258EH         PUBLIC        ?C?MEMCMPAMD
  -------         ENDMOD        ?C?MEMCMPAMD

  -------         MODULE        ?C?COPYAMD
  C:266EH         PUBLIC        ?C?COPYAMD
  -------         ENDMOD        ?C?COPYAMD

  -------         MODULE        ?C?STRCMPAMD
  C:27EAH         PUBLIC        ?C?STRCMPAMD
  -------         ENDMOD        ?C?STRCMPAMD

  -------         MODULE        ?C?LLDIDATA
  C:2807H         PUBLIC        ?C?LLDIDATA
  -------         ENDMOD        ?C?LLDIDATA

  -------         MODULE        ?C?LLDXDATA
  C:2813H         PUBLIC        ?C?LLDXDATA
  -------         ENDMOD        ?C?LLDXDATA

  -------         MODULE        ?C?LLDPDATA
  C:281FH         PUBLIC        ?C?LLDPDATA
  -------         ENDMOD        ?C?LLDPDATA

  -------         MODULE        ?C?LLDCODE
  C:282BH         PUBLIC        ?C?LLDCODE
  -------         ENDMOD        ?C?LLDCODE

  -------         MODULE        ?C?PLDIXDATA
  C:283BH         PUBLIC        ?C?PLDIXDATA
  -------         ENDMOD        ?C?PLDIXDATA

  -------         MODULE        ?C?PSTXDATA
  C:2852H         PUBLIC        ?C?PSTXDATA
  -------         ENDMOD        ?C?PSTXDATA

  -------         MODULE        PUTCHAR
  C:73F3H         PUBLIC        _PUTCHAR
  -------         ENDMOD        PUTCHAR

Program Size: data=37.0 xdata=31679 code=29881
LINK/LOCATE RUN COMPLETE.  0 WARNING(S),  0 ERROR(S)
