BL51 BANKED LINKER/LOCATER V6.22                                                        05/17/2016  11:14:00  PAGE 1


BL51 BANKED LINKER/LOCATER V6.22, INVOKED BY:
D:\KEIL_V5\C51\BIN\BL51.EXE GF2488-01F1-E1-RST.obj, .\NewLib9.LIB TO citrans550f RAMSIZE (256)


MEMORY MODEL: LARGE


INPUT MODULES INCLUDED:
  GF2488-01F1-E1-RST.obj (GF2488_01F1_E1_RST)
  .\NewLib9.LIB (TIMER)
  .\NewLib9.LIB (COMM)
  .\NewLib9.LIB (DEBUG)
  .\NewLib9.LIB (HDLC)
  .\NewLib9.LIB (?C_STARTUP)
  D:\KEIL_V5\C51\LIB\C51L.LIB (?C_INIT)
  D:\KEIL_V5\C51\LIB\C51L.LIB (?C?CLDPTR)
  D:\KEIL_V5\C51\LIB\C51L.LIB (?C?CLDOPTR)
  D:\KEIL_V5\C51\LIB\C51L.LIB (?C?CSTPTR)
  D:\KEIL_V5\C51\LIB\C51L.LIB (?C?CSTOPTR)
  D:\KEIL_V5\C51\LIB\C51L.LIB (?C?IMUL)
  D:\KEIL_V5\C51\LIB\C51L.LIB (?C?UIDIV)
  D:\KEIL_V5\C51\LIB\C51L.LIB (?C?IILDX)
  D:\KEIL_V5\C51\LIB\C51L.LIB (?C?ILDIX)
  D:\KEIL_V5\C51\LIB\C51L.LIB (?C?ILDOPTR)
  D:\KEIL_V5\C51\LIB\C51L.LIB (?C?ISTPTR)
  D:\KEIL_V5\C51\LIB\C51L.LIB (?C?ISTOPTR)
  D:\KEIL_V5\C51\LIB\C51L.LIB (?C?ULCMP)
  D:\KEIL_V5\C51\LIB\C51L.LIB (?C?LSHL)
  D:\KEIL_V5\C51\LIB\C51L.LIB (?C?LLDOPTR)
  D:\KEIL_V5\C51\LIB\C51L.LIB (?C?LSTXDATA)
  D:\KEIL_V5\C51\LIB\C51L.LIB (?C?LSTKXDATA)
  D:\KEIL_V5\C51\LIB\C51L.LIB (?C?OFFX256)
  D:\KEIL_V5\C51\LIB\C51L.LIB (?C?OFFXADD)
  D:\KEIL_V5\C51\LIB\C51L.LIB (?C?CCASE)
  D:\KEIL_V5\C51\LIB\C51L.LIB (?C?ICALL)
  D:\KEIL_V5\C51\LIB\C51L.LIB (PRINTF)
  D:\KEIL_V5\C51\LIB\C51L.LIB (TOINT)
  D:\KEIL_V5\C51\LIB\C51L.LIB (ISXDIGIT)
  D:\KEIL_V5\C51\LIB\C51L.LIB (TOUPPER)
  D:\KEIL_V5\C51\LIB\C51L.LIB (STRNCMP)
  D:\KEIL_V5\C51\LIB\C51L.LIB (STRNCPY)
  D:\KEIL_V5\C51\LIB\C51L.LIB (STRLEN)
  D:\KEIL_V5\C51\LIB\C51L.LIB (?C?MEMSET)
  D:\KEIL_V5\C51\LIB\C51L.LIB (?C?MEMCMPAMD)
  D:\KEIL_V5\C51\LIB\C51L.LIB (?C?COPYAMD)
  D:\KEIL_V5\C51\LIB\C51L.LIB (?C?STRCMPAMD)
  D:\KEIL_V5\C51\LIB\C51L.LIB (?C?LLDIDATA)
  D:\KEIL_V5\C51\LIB\C51L.LIB (?C?LLDXDATA)
  D:\KEIL_V5\C51\LIB\C51L.LIB (?C?LLDPDATA)
  D:\KEIL_V5\C51\LIB\C51L.LIB (?C?LLDCODE)
  D:\KEIL_V5\C51\LIB\C51L.LIB (?C?PLDIXDATA)
  D:\KEIL_V5\C51\LIB\C51L.LIB (?C?PSTXDATA)
  D:\KEIL_V5\C51\LIB\C51L.LIB (PUTCHAR)


LINK MAP OF MODULE:  citrans550f (GF2488_01F1_E1_RST)


BL51 BANKED LINKER/LOCATER V6.22                                                      05/17/2016  11:14:00  PAGE 2


            TYPE    BASE      LENGTH    RELOCATION   SEGMENT NAME
            -----------------------------------------------------

            * * * * * * *   D A T A   M E M O R Y   * * * * * * *
            REG     0000H     0008H     ABSOLUTE     "REG BANK 0"
            REG     0008H     0008H     ABSOLUTE     "REG BANK 1"
            REG     0010H     0008H     ABSOLUTE     "REG BANK 2"
            DATA    0018H     0007H     UNIT         _DATA_GROUP_
            DATA    001FH     0001H     UNIT         ?DT?DEBUG
            DATA    0020H     0001H     BIT_ADDR     ?BA?GF2488_01F1_E1_RST
            DATA    0021H     0001H     BIT_ADDR     ?BA?COMM
            BIT     0022H.0   0001H.1   UNIT         _BIT_GROUP_
            BIT     0023H.1   0000H.6   UNIT         ?BI?COMM
            BIT     0023H.7   0000H.1   UNIT         ?BI?DEBUG
            IDATA   0024H     0001H     UNIT         ?STACK

            * * * * * * *  X D A T A   M E M O R Y  * * * * * * *
            XDATA   0000H     2000H     ABSOLUTE     
            XDATA   2000H     56E1H     UNIT         ?XD?GF2488_01F1_E1_RST
            XDATA   76E1H     0437H     UNIT         ?XD?COMM
            XDATA   7B18H     0060H     UNIT         _XDATA_GROUP_
            XDATA   7B78H     002AH     UNIT         ?XD?DEBUG
            XDATA   7BA2H     0010H     UNIT         ?XD?TIMER
            XDATA   7BB2H     000FH     UNIT         ?XD?HDLC

            * * * * * * *   C O D E   M E M O R Y   * * * * * * *
            CODE    0000H     0003H     ABSOLUTE     
            CODE    0003H     0003H     ABSOLUTE     
            CODE    0006H     0009H     UNIT         ?C_INITSEG
                    000FH     0004H                  *** GAP ***
            CODE    0013H     0003H     ABSOLUTE     
            CODE    0016H     0007H     UNIT         ?PR?TIMER
                    001DH     0006H                  *** GAP ***
            CODE    0023H     0003H     ABSOLUTE     
                    0026H     0005H                  *** GAP ***
            CODE    002BH     0003H     ABSOLUTE     
            CODE    002EH     001AH     UNIT         ?PR?CHECKTUXAB?GF2488_01F1_E1_RST
                    0048H     0003H                  *** GAP ***
            CODE    004BH     0003H     ABSOLUTE     
            CODE    004EH     0EDEH     UNIT         ?PR?GETDATA?GF2488_01F1_E1_RST
            CODE    0F2CH     0940H     UNIT         ?PR?PROCCMD?COMM
            CODE    186CH     092AH     UNIT         ?PR?DEBUG?DEBUG
            CODE    2196H     06C2H     UNIT         ?C?LIB_CODE
            CODE    2858H     0655H     UNIT         ?PR?_CALUAS?GF2488_01F1_E1_RST
            CODE    2EADH     0590H     UNIT         ?PR?INITIOSW1021?GF2488_01F1_E1_RST
            CODE    343DH     0590H     UNIT         ?PR?COMM
            CODE    39CDH     058BH     UNIT         ?PR?CONFSET?GF2488_01F1_E1_RST
            CODE    3F58H     0460H     UNIT         ?PR?_DOWNSOFT?COMM
            CODE    43B8H     03CCH     UNIT         ?PR?SELFCONF?GF2488_01F1_E1_RST
            CODE    4784H     0365H     UNIT         ?PR?PRINTF?PRINTF
            CODE    4AE9H     02B6H     UNIT         ?PR?USERHDLC?GF2488_01F1_E1_RST
            CODE    4D9FH     024BH     UNIT         ?CO?COMM
            CODE    4FEAH     0243H     UNIT         ?PR?PROCALMDATA?COMM
            CODE    522DH     022FH     UNIT         ?CO?DEBUG
            CODE    545CH     0214H     UNIT         ?PR?SOFTUPDATE?COMM
            CODE    5670H     0211H     UNIT         ?PR?HDLCOK?HDLC
            CODE    5881H     01DFH     UNIT         ?PR?PROCHISDATA?COMM
BL51 BANKED LINKER/LOCATER V6.22                                                      05/17/2016  11:14:00  PAGE 3


            CODE    5A60H     01CDH     UNIT         ?PR?_VERSHOW?COMM
            CODE    5C2DH     01B9H     UNIT         ?PR?UASQUARTER?GF2488_01F1_E1_RST
            CODE    5DE6H     0118H     UNIT         ?PR?SCC1TX?HDLC
            CODE    5EFEH     00FAH     UNIT         ?CO?GF2488_01F1_E1_RST
            CODE    5FF8H     00F9H     UNIT         ?PR?TIMERINTEP?TIMER
            CODE    60F1H     00F8H     UNIT         ?PR?DEBUG
            CODE    61E9H     00E6H     UNIT         ?PR?CHECKSW1021INIT?GF2488_01F1_E1_RST
            CODE    62CFH     00E2H     UNIT         ?PR?UASCLEAR?GF2488_01F1_E1_RST
            CODE    63B1H     00D2H     UNIT         ?PR?MAIN?GF2488_01F1_E1_RST
            CODE    6483H     00C5H     UNIT         ?PR?SCC2INTEP?DEBUG
            CODE    6548H     00BFH     UNIT         ?PR?USERFUNC?GF2488_01F1_E1_RST
            CODE    6607H     00BEH     UNIT         ?PR?_WRITEEXPECTJ2?GF2488_01F1_E1_RST
            CODE    66C5H     00BDH     UNIT         ?C_C51STARTUP
            CODE    6782H     00AFH     UNIT         ?PR?_WRITETXJ2?GF2488_01F1_E1_RST
            CODE    6831H     00AFH     UNIT         ?PR?_READBCTHEAD?COMM
            CODE    68E0H     00A7H     UNIT         ?PR?HDLC
            CODE    6987H     0088H     UNIT         ?PR?COPYFLASH?COMM
            CODE    6A0FH     0087H     UNIT         ?PR?_STRNCMP?STRNCMP
            CODE    6A96H     0083H     UNIT         ?PR?_READFPGAHEAD?COMM
            CODE    6B19H     006EH     UNIT         ?PR?_PROGBAKFLASH?COMM
            CODE    6B87H     006BH     UNIT         ?PR?RAMTEST?COMM
            CODE    6BF2H     0068H     UNIT         ?PR?_STRNCPY?STRNCPY
            CODE    6C5AH     0066H     UNIT         ?PR?COMMVARINIT?COMM
            CODE    6CC0H     0065H     UNIT         ?PR?_PROGRAM_ONE_BYTE?COMM
            CODE    6D25H     005CH     UNIT         ?PR?_PROGRAMAPROM?COMM
            CODE    6D81H     005CH     UNIT         ?PR?SCC1INIT?HDLC
            CODE    6DDDH     005BH     UNIT         ?PR?_CHECK_SST_39VF?COMM
            CODE    6E38H     0056H     UNIT         ?PR?_MEMCRC?COMM
            CODE    6E8EH     0050H     UNIT         ?PR?_CRCCCITT?COMM
            CODE    6EDEH     0044H     UNIT         ?PR?SCC2INIT?DEBUG
            CODE    6F22H     003DH     UNIT         ?PR?JUMPTOAUX?COMM
            CODE    6F5FH     003AH     UNIT         ?PR?ISPINIT?COMM
            CODE    6F99H     0039H     UNIT         ?PR?TIMERINIT?TIMER
            CODE    6FD2H     0038H     UNIT         ?PR?_ERASEFLASH?COMM
            CODE    700AH     0035H     UNIT         ?PR?HDLCERR?HDLC
            CODE    703FH     002AH     UNIT         ?PR?BOOTINIT?COMM
            CODE    7069H     0027H     UNIT         ?PR?TOINT?TOINT
            CODE    7090H     0027H     UNIT         ?PR?PUTCHAR?PUTCHAR
            CODE    70B7H     0026H     UNIT         ?PR?_ISXDIGIT?ISXDIGIT
            CODE    70DDH     0024H     UNIT         ?PR?_DELAY?TIMER
            CODE    7101H     0020H     UNIT         ?PR?_ERASEAPROM?COMM
            CODE    7121H     0017H     UNIT         ?PR?RESET?COMM
            CODE    7138H     0015H     UNIT         ?PR?_STRLEN?STRLEN
            CODE    714DH     0011H     UNIT         ?PR?_TOUPPER?TOUPPER
            CODE    715EH     0010H     UNIT         ?PR?TXDATA?DEBUG
            CODE    716EH     0010H     UNIT         ?PR?SCC1HARDINIT?HDLC



OVERLAY MAP OF MODULE:   citrans550f (GF2488_01F1_E1_RST)


SEGMENT                                           BIT_GROUP          DATA_GROUP          XDATA_GROUP
  +--> CALLED SEGMENT                          START    LENGTH     START    LENGTH     START    LENGTH
------------------------------------------------------------------------------------------------------
?PR?TIMERINTEP?TIMER                           -----    -----      -----    -----      -----    -----
  +--> ?PR?TIMER
BL51 BANKED LINKER/LOCATER V6.22                                                      05/17/2016  11:14:00  PAGE 4


  +--> ?PR?SCC1HARDINIT?HDLC
  +--> ?PR?USERFUNC?GF2488_01F1_E1_RST

?PR?USERFUNC?GF2488_01F1_E1_RST                -----    -----      -----    -----      7B18H    0002H
  +--> ?CO?GF2488_01F1_E1_RST

*** NEW ROOT ***************************************************

?PR?SCC2INTEP?DEBUG                            -----    -----      -----    -----      -----    -----
  +--> ?PR?_TOUPPER?TOUPPER
  +--> ?PR?DEBUG

?PR?DEBUG                                      -----    -----      -----    -----      -----    -----
  +--> ?CO?DEBUG

*** NEW ROOT ***************************************************

?PR?HDLCOK?HDLC                                -----    -----      -----    -----      -----    -----
  +--> ?PR?HDLC
  +--> ?PR?PROCCMD?COMM
  +--> ?PR?SCC1TX?HDLC

?PR?PROCCMD?COMM                               -----    -----      -----    -----      7B1AH    000CH
  +--> ?PR?COMM
  +--> ?CO?COMM
  +--> ?PR?_STRLEN?STRLEN
  +--> ?CO?GF2488_01F1_E1_RST
  +--> ?PR?_READBCTHEAD?COMM
  +--> ?PR?_READFPGAHEAD?COMM
  +--> ?PR?_DOWNSOFT?COMM
  +--> ?PR?USERHDLC?GF2488_01F1_E1_RST
  +--> ?PR?_VERSHOW?COMM

?PR?COMM                                       -----    -----      -----    -----      -----    -----
  +--> ?CO?GF2488_01F1_E1_RST
  +--> ?CO?COMM

?PR?_READBCTHEAD?COMM                          -----    -----      -----    -----      7B2BH    0003H
  +--> ?PR?COMM
  +--> ?CO?GF2488_01F1_E1_RST
  +--> ?PR?_STRNCPY?STRNCPY

?PR?_STRNCPY?STRNCPY                           -----    -----      -----    -----      7B2EH    000AH

?PR?_READFPGAHEAD?COMM                         -----    -----      -----    -----      7B2BH    0006H
  +--> ?PR?COMM

?PR?_DOWNSOFT?COMM                             -----    -----      -----    -----      7B26H    0005H
  +--> ?PR?COMM
  +--> ?PR?_READBCTHEAD?COMM
  +--> ?PR?_READFPGAHEAD?COMM
  +--> ?PR?_CRCCCITT?COMM

?PR?_CRCCCITT?COMM                             -----    -----      -----    -----      7B2BH    0007H
  +--> ?PR?COMM

?PR?USERHDLC?GF2488_01F1_E1_RST                -----    -----      -----    -----      7B26H    0006H
BL51 BANKED LINKER/LOCATER V6.22                                                      05/17/2016  11:14:00  PAGE 5


  +--> ?CO?GF2488_01F1_E1_RST

?PR?_VERSHOW?COMM                              -----    -----      -----    -----      7B26H    0008H
  +--> ?PR?COMM
  +--> ?CO?COMM
  +--> ?PR?_STRLEN?STRLEN

?PR?SCC1TX?HDLC                                -----    -----      0018H    0002H      7B1AH    0002H
  +--> ?PR?HDLC

*** NEW ROOT ***************************************************

?PR?HDLCERR?HDLC                               -----    -----      -----    -----      -----    -----
  +--> ?PR?HDLC

*** NEW ROOT ***************************************************

?C_C51STARTUP                                  -----    -----      -----    -----      -----    -----
  +--> ?PR?BOOTINIT?COMM
  +--> ?PR?MAIN?GF2488_01F1_E1_RST
  +--> ?C_INITSEG

?PR?BOOTINIT?COMM                              -----    -----      -----    -----      -----    -----
  +--> ?PR?COMM
  +--> ?PR?RAMTEST?COMM
  +--> ?PR?COMMVARINIT?COMM
  +--> ?PR?ISPINIT?COMM
  +--> ?PR?SCC2INIT?DEBUG
  +--> ?PR?SCC1INIT?HDLC
  +--> ?PR?TIMERINIT?TIMER

?PR?RAMTEST?COMM                               -----    -----      001AH    0002H      -----    -----
  +--> ?PR?COMM
  +--> ?PR?RESET?COMM

?PR?COMMVARINIT?COMM                           -----    -----      -----    -----      -----    -----
  +--> ?PR?COMM

?PR?SCC2INIT?DEBUG                             -----    -----      -----    -----      -----    -----
  +--> ?PR?DEBUG

?PR?MAIN?GF2488_01F1_E1_RST                    -----    -----      -----    -----      7B38H    0002H
  +--> ?PR?SELFCONF?GF2488_01F1_E1_RST
  +--> ?PR?CHECKSW1021INIT?GF2488_01F1_E1_RST
  +--> ?PR?INITIOSW1021?GF2488_01F1_E1_RST
  +--> ?PR?CONFSET?GF2488_01F1_E1_RST
  +--> ?PR?GETDATA?GF2488_01F1_E1_RST
  +--> ?PR?PROCALMDATA?COMM
  +--> ?PR?UASQUARTER?GF2488_01F1_E1_RST
  +--> ?PR?PROCHISDATA?COMM
  +--> ?PR?DEBUG?DEBUG

?PR?SELFCONF?GF2488_01F1_E1_RST                -----    -----      -----    -----      7B3AH    0016H
  +--> ?CO?GF2488_01F1_E1_RST
  +--> ?PR?PRINTF?PRINTF

?PR?PRINTF?PRINTF                              0022H.0  0001H.1    001AH    0005H      7B50H    0028H
BL51 BANKED LINKER/LOCATER V6.22                                                      05/17/2016  11:14:00  PAGE 6


  +--> ?PR?PUTCHAR?PUTCHAR

?PR?CHECKSW1021INIT?GF2488_01F1_E1_RST         -----    -----      -----    -----      7B3AH    0004H
  +--> ?CO?GF2488_01F1_E1_RST

?PR?INITIOSW1021?GF2488_01F1_E1_RST            -----    -----      -----    -----      7B3AH    0006H
  +--> ?PR?_DELAY?TIMER
  +--> ?CO?GF2488_01F1_E1_RST
  +--> ?PR?_WRITETXJ2?GF2488_01F1_E1_RST
  +--> ?PR?_WRITEEXPECTJ2?GF2488_01F1_E1_RST

?PR?_DELAY?TIMER                               -----    -----      -----    -----      -----    -----
  +--> ?PR?TIMER

?PR?_WRITETXJ2?GF2488_01F1_E1_RST              -----    -----      -----    -----      7B44H    0009H

?PR?_WRITEEXPECTJ2?GF2488_01F1_E1_RST          -----    -----      -----    -----      7B44H    0009H

?PR?CONFSET?GF2488_01F1_E1_RST                 -----    -----      -----    -----      7B3EH    0006H
  +--> ?CO?GF2488_01F1_E1_RST
  +--> ?PR?_DELAY?TIMER
  +--> ?PR?_WRITETXJ2?GF2488_01F1_E1_RST
  +--> ?PR?_WRITEEXPECTJ2?GF2488_01F1_E1_RST

?PR?GETDATA?GF2488_01F1_E1_RST                 -----    -----      -----    -----      7B3AH    0016H
  +--> ?CO?GF2488_01F1_E1_RST
  +--> ?PR?_DELAY?TIMER
  +--> ?PR?UASCLEAR?GF2488_01F1_E1_RST
  +--> ?PR?_CALUAS?GF2488_01F1_E1_RST

?PR?_CALUAS?GF2488_01F1_E1_RST                 -----    -----      -----    -----      7B50H    0004H

?PR?PROCALMDATA?COMM                           -----    -----      -----    -----      7B3AH    0004H
  +--> ?PR?RESET?COMM
  +--> ?CO?GF2488_01F1_E1_RST
  +--> ?PR?_MEMCRC?COMM
  +--> ?PR?COMM
  +--> ?PR?CONFSET?GF2488_01F1_E1_RST
  +--> ?PR?SOFTUPDATE?COMM

?PR?_MEMCRC?COMM                               -----    -----      -----    -----      7B3EH    0007H
  +--> ?PR?COMM

?PR?SOFTUPDATE?COMM                            -----    -----      -----    -----      7B3EH    000AH
  +--> ?PR?_ERASEFLASH?COMM
  +--> ?PR?COMM
  +--> ?PR?COPYFLASH?COMM
  +--> ?PR?RESET?COMM
  +--> ?PR?_CHECK_SST_39VF?COMM
  +--> ?PR?_PROGBAKFLASH?COMM
  +--> ?PR?_ERASEAPROM?COMM
  +--> ?PR?_PROGRAMAPROM?COMM
  +--> ?PR?JUMPTOAUX?COMM

?PR?_ERASEFLASH?COMM                           -----    -----      -----    -----      -----    -----
  +--> ?PR?COMM
  +--> ?PR?_DELAY?TIMER
BL51 BANKED LINKER/LOCATER V6.22                                                      05/17/2016  11:14:00  PAGE 7



?PR?COPYFLASH?COMM                             -----    -----      -----    -----      7B48H    0009H
  +--> ?PR?COMM
  +--> ?PR?_PROGRAM_ONE_BYTE?COMM

?PR?_PROGRAM_ONE_BYTE?COMM                     -----    -----      -----    -----      7B53H    0006H
  +--> ?PR?COMM

?PR?_CHECK_SST_39VF?COMM                       -----    -----      -----    -----      -----    -----
  +--> ?PR?COMM

?PR?_PROGBAKFLASH?COMM                         -----    -----      -----    -----      7B48H    000BH
  +--> ?PR?COMM
  +--> ?PR?_PROGRAM_ONE_BYTE?COMM

?PR?_PROGRAMAPROM?COMM                         -----    -----      -----    -----      7B48H    0007H

?PR?PROCHISDATA?COMM                           -----    -----      -----    -----      -----    -----
  +--> ?PR?COMM
  +--> ?CO?GF2488_01F1_E1_RST
  +--> ?PR?RESET?COMM
  +--> ?PR?_MEMCRC?COMM

?PR?DEBUG?DEBUG                                -----    -----      -----    -----      7B3AH    000AH
  +--> ?PR?DEBUG
  +--> ?CO?DEBUG
  +--> ?PR?_DELAY?TIMER
  +--> ?PR?JUMPTOAUX?COMM
  +--> ?PR?PRINTF?PRINTF
  +--> ?PR?TOINT?TOINT
  +--> ?PR?_ISXDIGIT?ISXDIGIT
  +--> ?CO?GF2488_01F1_E1_RST
  +--> ?CO?COMM
  +--> ?PR?_STRNCMP?STRNCMP
  +--> ?PR?RESET?COMM
  +--> ?PR?_CHECK_SST_39VF?COMM
  +--> ?PR?TXDATA?DEBUG

?PR?_STRNCMP?STRNCMP                           -----    -----      -----    -----      7B44H    0008H

?PR?TXDATA?DEBUG                               -----    -----      -----    -----      -----    -----
  +--> ?PR?DEBUG



SYMBOL TABLE OF MODULE:  citrans550f (GF2488_01F1_E1_RST)

  VALUE           TYPE          NAME
  ----------------------------------

  -------         MODULE        GF2488_01F1_E1_RST
  C:0000H         SYMBOL        _ICE_DUMMY_
  C:5F11H         PUBLIC        g_usAlmNum
  B:0020H.7       PUBLIC        IO15
  C:2EADH         PUBLIC        InitioSw1021
  D:0090H         PUBLIC        P1
  D:00B0H         PUBLIC        P3
BL51 BANKED LINKER/LOCATER V6.22                                                      05/17/2016  11:14:00  PAGE 8


  C:61E9H         SYMBOL        checkSW1021Init
  C:5F10H         PUBLIC        g_ucBoardCode
  X:2002H         PUBLIC        g_ucNoUseFlag
  D:00A8H         PUBLIC        IE
  X:2041H         PUBLIC        N1000
  X:20BFH         PUBLIC        ulSesLimit
  X:20C1H         PUBLIC        g_usiNoEs
  X:213FH         PUBLIC        g_usiNoUseBbe
  C:5C2DH         PUBLIC        UasQuarter
  C:5F0FH         PUBLIC        g_ucAlmTypeNum
  C:43B8H         PUBLIC        SelfConf
  C:62CFH         PUBLIC        UasClear
  C:6607H         SYMBOL        _writeExpectJ2
  D:00B8H         PUBLIC        IP
  C:004EH         PUBLIC        GetData
  X:21BDH         PUBLIC        ulEsLimit
  C:4AE9H         PUBLIC        UserHdlc
  C:5FA3H         PUBLIC        SoftDate
  X:21BFH         PUBLIC        g_ucNoUseTime
  C:5F13H         PUBLIC        g_usPmNum
  X:21FEH         PUBLIC        g_usiBbe
  X:227CH         PUBLIC        g_ucState
  X:23CEH         PUBLIC        g_ucConfData
  C:63B1H         PUBLIC        main
  C:5F85H         PUBLIC        PcbTime
  X:2DCEH         PUBLIC        g_ucLineCode
  X:2E0EH         PUBLIC        g_usiCses
  C:5F52H         PUBLIC        BoardSn
  D:0091H         PUBLIC        EXIF
  C:6548H         PUBLIC        UserFunc
  C:5FAFH         PUBLIC        SoftTime
  X:2E8CH         PUBLIC        g_haveTux
  X:2E8DH         PUBLIC        first_conf
  D:0088H         PUBLIC        TCON
  C:39CDH         PUBLIC        ConfSet
  C:5F0EH         PUBLIC        g_ucPmTypeNum
  X:2E8EH         PUBLIC        sw1021Chip
  C:5F90H         PUBLIC        BoardSoftVer
  X:2E90H         PUBLIC        g_ucAlmCode
  X:2E9FH         PUBLIC        g_ucLineMask
  C:2858H         PUBLIC        _CalUas
  X:2EDFH         PUBLIC        ulSesLmt
  X:2FDBH         PUBLIC        g_bClearUas
  X:2FDCH         PUBLIC        g_ucLofFlag
  X:301BH         PUBLIC        g_stuAlm
  D:0020H         PUBLIC        hio
  C:5FB8H         PUBLIC        slot
  C:5F40H         PUBLIC        SysName
  X:6579H         PUBLIC        g_usiOfs
  X:65F7H         PUBLIC        g_usiUas
  X:6675H         PUBLIC        actnumber
  X:6676H         PUBLIC        g_usiSes
  C:002EH         SYMBOL        ChecktuxAB
  X:66F4H         PUBLIC        almnumber
  B:0090H.2       PUBLIC        IO2
  X:66F5H         PUBLIC        g_ucAlmMask
  C:5F62H         PUBLIC        SoftVer
BL51 BANKED LINKER/LOCATER V6.22                                                      05/17/2016  11:14:00  PAGE 9


  B:0090H.5       PUBLIC        IO5
  B:0090H.6       PUBLIC        IO6
  B:0090H.7       PUBLIC        IO7
  X:6704H         PUBLIC        g_liError1s
  B:0020H.0       PUBLIC        IO8
  B:00E8H.1       PUBLIC        EX3
  B:0020H.1       PUBLIC        IO9
  X:6800H         PUBLIC        BIP_2_1S
  X:687EH         PUBLIC        g_usiEs
  D:00E8H         PUBLIC        EIE
  C:5F16H         PUBLIC        chipOffSetc
  C:5F0CH         PUBLIC        g_usStateLen
  C:5F75H         PUBLIC        PcbSn
  C:5F0AH         PUBLIC        g_usConfLen
  X:68FCH         PUBLIC        BIP
  B:00F8H.1       PUBLIC        PX3
  X:697AH         PUBLIC        g_ucPmCode
  C:5F15H         PUBLIC        g_ucLineNum
  D:00F8H         PUBLIC        EIP
  X:6981H         PUBLIC        g_ucUseTime
  X:69C0H         PUBLIC        g_ucAlmType
  X:69CFH         PUBLIC        BIP_2_1000S
  X:6A4DH         PUBLIC        g_stuPm
  D:0098H         PUBLIC        SCON0
  D:00C0H         PUBLIC        SCON1
  D:00C8H         PUBLIC        T2CON
  X:74A3H         PUBLIC        g_ucEsTime
  X:74E2H         PUBLIC        g_ucDefectFlag
  X:7521H         PUBLIC        g_ucPmMask
  C:5F4BH         PUBLIC        BoardName
  C:6782H         SYMBOL        _writeTxJ2
  X:7528H         PUBLIC        g_ucLinePmMask
  B:0020H.2       PUBLIC        IO10
  B:0020H.3       PUBLIC        IO11
  D:00D0H         PUBLIC        PSW
  B:0020H.4       PUBLIC        IO12
  B:0020H.5       PUBLIC        IO13
  D:00D8H         PUBLIC        WDCON
  B:0020H.6       PUBLIC        IO14
  -------         PROC          _CALUAS
  X:7B50H         SYMBOL        ulSesLmt
  -------         DO            
  X:7B53H         SYMBOL        i
  -------         ENDDO         
  C:2858H         LINE#         65
  C:2863H         LINE#         66
  C:2863H         LINE#         70
  C:2873H         LINE#         71
  C:2873H         LINE#         72
  C:2883H         LINE#         73
  C:2883H         LINE#         74
  C:28DBH         LINE#         75
  C:28DBH         LINE#         77
  C:2917H         LINE#         78
  C:2923H         LINE#         79
  C:292FH         LINE#         80
  C:293FH         LINE#         81
BL51 BANKED LINKER/LOCATER V6.22                                                      05/17/2016  11:14:00  PAGE 10


  C:294FH         LINE#         82
  C:2952H         LINE#         84
  C:2952H         LINE#         85
  C:297CH         LINE#         86
  C:297CH         LINE#         87
  C:298DH         LINE#         89
  C:29A9H         LINE#         91
  C:29A9H         LINE#         92
  C:29D2H         LINE#         93
  C:2A13H         LINE#         94
  C:2A13H         LINE#         95
  C:2A15H         LINE#         96
  C:2A25H         LINE#         97
  C:2A53H         LINE#         98
  C:2A53H         LINE#         99
  C:2A63H         LINE#         101
  C:2A85H         LINE#         103
  C:2AA3H         LINE#         105
  C:2AC6H         LINE#         106
  C:2B01H         LINE#         107
  C:2B15H         LINE#         108
  C:2B21H         LINE#         109
  C:2B29H         LINE#         110
  C:2B29H         LINE#         111
  C:2B29H         LINE#         112
  C:2B2CH         LINE#         114
  C:2B2CH         LINE#         116
  C:2B88H         LINE#         117
  C:2B88H         LINE#         118
  C:2B9EH         LINE#         119
  C:2B9EH         LINE#         120
  C:2BAFH         LINE#         122
  C:2BCDH         LINE#         123
  C:2BD9H         LINE#         124
  C:2BD9H         LINE#         126
  C:2C0BH         LINE#         127
  C:2C0EH         LINE#         129
  C:2C0EH         LINE#         130
  C:2C38H         LINE#         131
  C:2C38H         LINE#         132
  C:2C4FH         LINE#         133
  C:2C66H         LINE#         135
  C:2C66H         LINE#         136
  C:2C8FH         LINE#         137
  C:2CD0H         LINE#         138
  C:2CD0H         LINE#         139
  C:2CD2H         LINE#         140
  C:2CE8H         LINE#         142
  C:2D0AH         LINE#         143
  C:2D2CH         LINE#         144
  C:2D55H         LINE#         145
  C:2D64H         LINE#         147
  C:2D64H         LINE#         149
  C:2D64H         LINE#         151
  C:2D74H         LINE#         152
  C:2D89H         LINE#         154
  C:2DB8H         LINE#         155
BL51 BANKED LINKER/LOCATER V6.22                                                      05/17/2016  11:14:00  PAGE 11


  C:2DE7H         LINE#         156
  C:2E16H         LINE#         157
  C:2E45H         LINE#         158
  C:2E74H         LINE#         159
  C:2EA3H         LINE#         161
  C:2EACH         LINE#         163
  -------         ENDPROC       _CALUAS
  -------         PROC          UASCLEAR
  -------         DO            
  D:0007H         SYMBOL        i
  -------         ENDDO         
  C:62CFH         LINE#         165
  C:62CFH         LINE#         166
  C:62CFH         LINE#         169
  C:62D8H         LINE#         170
  C:62D8H         LINE#         171
  C:62DAH         LINE#         172
  C:62DAH         LINE#         173
  C:62E6H         LINE#         174
  C:62F2H         LINE#         175
  C:62FEH         LINE#         176
  C:630AH         LINE#         177
  C:6316H         LINE#         178
  C:6322H         LINE#         179
  C:6332H         LINE#         180
  C:6342H         LINE#         181
  C:6352H         LINE#         182
  C:6362H         LINE#         183
  C:6372H         LINE#         184
  C:6382H         LINE#         185
  C:6392H         LINE#         186
  C:63A2H         LINE#         188
  C:63ABH         LINE#         189
  C:63B0H         LINE#         190
  C:63B0H         LINE#         191
  -------         ENDPROC       UASCLEAR
  -------         PROC          UASQUARTER
  -------         DO            
  D:0007H         SYMBOL        i
  -------         ENDDO         
  C:5C2DH         LINE#         208
  C:5C2DH         LINE#         209
  C:5C2DH         LINE#         211
  C:5C2FH         LINE#         212
  C:5C2FH         LINE#         213
  C:5C3CH         LINE#         214
  C:5C3CH         LINE#         215
  C:5C48H         LINE#         217
  C:5C71H         LINE#         218
  C:5C73H         LINE#         220
  C:5C73H         LINE#         221
  C:5C91H         LINE#         222
  C:5CAFH         LINE#         223
  C:5CD4H         LINE#         225
  C:5CD4H         LINE#         227
  C:5CFFH         LINE#         228
  C:5D2AH         LINE#         229
BL51 BANKED LINKER/LOCATER V6.22                                                      05/17/2016  11:14:00  PAGE 12


  C:5D55H         LINE#         230
  C:5D80H         LINE#         231
  C:5DABH         LINE#         232
  C:5DD6H         LINE#         234
  C:5DDFH         LINE#         235
  C:5DE5H         LINE#         236
  -------         ENDPROC       UASQUARTER
  -------         PROC          _WRITETXJ2
  D:0001H         SYMBOL        chip
  X:7B45H         SYMBOL        witchJ2
  D:0003H         SYMBOL        Slot
  X:7B47H         SYMBOL        j2
  X:7B48H         SYMBOL        busB
  -------         DO            
  X:7B49H         SYMBOL        copOk
  D:0004H         SYMBOL        busBase
  X:7B4BH         SYMBOL        i
  -------         ENDDO         
  C:6782H         LINE#         130
  C:6789H         LINE#         131
  C:6789H         LINE#         132
  C:6790H         LINE#         133
  C:6793H         LINE#         134
  C:6799H         LINE#         135
  C:679FH         LINE#         136
  C:67A1H         LINE#         138
  C:67BFH         LINE#         139
  C:67D0H         LINE#         140
  C:67EDH         LINE#         141
  C:67F7H         LINE#         142
  C:681AH         LINE#         143
  C:6828H         LINE#         144
  C:682FH         LINE#         145
  C:6830H         LINE#         148
  -------         ENDPROC       _WRITETXJ2
  -------         PROC          _WRITEEXPECTJ2
  D:0001H         SYMBOL        chip
  X:7B45H         SYMBOL        witchJ2
  D:0003H         SYMBOL        Slot
  X:7B47H         SYMBOL        j2
  X:7B48H         SYMBOL        busB
  -------         DO            
  X:7B49H         SYMBOL        copOk
  D:0004H         SYMBOL        busBase
  X:7B4BH         SYMBOL        i
  -------         ENDDO         
  C:6607H         LINE#         150
  C:660EH         LINE#         151
  C:660EH         LINE#         152
  C:6615H         LINE#         153
  C:6618H         LINE#         154
  C:661EH         LINE#         155
  C:6624H         LINE#         156
  C:6626H         LINE#         158
  C:6644H         LINE#         159
  C:6664H         LINE#         160
  C:6681H         LINE#         161
BL51 BANKED LINKER/LOCATER V6.22                                                      05/17/2016  11:14:00  PAGE 13


  C:668BH         LINE#         162
  C:66AEH         LINE#         163
  C:66BCH         LINE#         164
  C:66C3H         LINE#         165
  C:66C4H         LINE#         168
  -------         ENDPROC       _WRITEEXPECTJ2
  -------         PROC          GETDATA
  -------         DO            
  X:7B3AH         SYMBOL        i
  X:7B3BH         SYMBOL        m
  X:7B3CH         SYMBOL        n
  X:7B3DH         SYMBOL        mi
  X:7B3EH         SYMBOL        ni
  D:0003H         SYMBOL        tmp
  D:0007H         SYMBOL        tmpi
  X:7B3FH         SYMBOL        ADCLK
  X:7B40H         SYMBOL        PPILOS
  X:7B41H         SYMBOL        TULOP
  X:7B42H         SYMBOL        LPSLM
  X:7B43H         SYMBOL        LPTIM
  X:7B44H         SYMBOL        LPTIU
  X:7B45H         SYMBOL        LPRDI
  X:7B46H         SYMBOL        LPRFI
  X:7B47H         SYMBOL        LPUNEQ
  X:7B48H         SYMBOL        TUAIS
  X:7B49H         SYMBOL        PPIAIS
  X:7B4AH         SYMBOL        LOOP
  X:7B4BH         SYMBOL        LOOPL
  X:7B4CH         SYMBOL        tv5
  X:7B4DH         SYMBOL        LPFEBE
  D:0006H         SYMBOL        HDB3
  X:7B4FH         SYMBOL        lopCnt
  -------         ENDDO         
  C:004EH         LINE#         183
  C:004EH         LINE#         184
  C:004EH         LINE#         188
  C:0053H         LINE#         189
  C:0057H         LINE#         190
  C:005BH         LINE#         191
  C:0064H         LINE#         192
  C:0075H         LINE#         193
  C:0075H         LINE#         195
  C:0082H         LINE#         196
  C:0082H         LINE#         197
  C:0092H         LINE#         199
  C:00A8H         LINE#         201
  C:00ABH         LINE#         203
  C:00ABH         LINE#         204
  C:00B7H         LINE#         205
  C:00C0H         LINE#         206
  C:00CDH         LINE#         207
  C:00D2H         LINE#         209
  C:00E5H         LINE#         211
  C:00F1H         LINE#         212
  C:0103H         LINE#         214
  C:0112H         LINE#         216
  C:0127H         LINE#         218
BL51 BANKED LINKER/LOCATER V6.22                                                      05/17/2016  11:14:00  PAGE 14


  C:013EH         LINE#         219
  C:0166H         LINE#         220
  C:016CH         LINE#         221
  C:0173H         LINE#         234
  C:017FH         LINE#         235
  C:01ABH         LINE#         236
  C:01B2H         LINE#         237
  C:01B9H         LINE#         238
  C:01C0H         LINE#         239
  C:01C5H         LINE#         240
  C:01CAH         LINE#         241
  C:01CFH         LINE#         242
  C:01D4H         LINE#         243
  C:01D9H         LINE#         245
  C:01E2H         LINE#         250
  C:0207H         LINE#         252
  C:0231H         LINE#         253
  C:0233H         LINE#         255
  C:025DH         LINE#         256
  C:025DH         LINE#         262
  C:028BH         LINE#         263
  C:0314H         LINE#         265
  C:0344H         LINE#         266
  C:0382H         LINE#         268
  C:03ABH         LINE#         270
  C:03B1H         LINE#         271
  C:03BAH         LINE#         273
  C:03EAH         LINE#         274
  C:03EAH         LINE#         275
  C:03FFH         LINE#         276
  C:0415H         LINE#         278
  C:0415H         LINE#         279
  C:0430H         LINE#         280
  C:0433H         LINE#         281
  C:0433H         LINE#         283
  C:045EH         LINE#         284
  C:046FH         LINE#         286
  C:0474H         LINE#         287
  C:049FH         LINE#         289
  C:04A1H         LINE#         290
  C:04B1H         LINE#         291
  C:04B1H         LINE#         293
  C:04B3H         LINE#         295
  C:04B3H         LINE#         296
  C:04C8H         LINE#         297
  C:04E1H         LINE#         298
  C:04F6H         LINE#         299
  C:04F6H         LINE#         302
  C:0514H         LINE#         303
  C:0525H         LINE#         304
  C:0543H         LINE#         305
  C:0554H         LINE#         306
  C:055AH         LINE#         307
  C:055AH         LINE#         308
  C:056FH         LINE#         309
  C:0580H         LINE#         310
  C:0591H         LINE#         314
BL51 BANKED LINKER/LOCATER V6.22                                                      05/17/2016  11:14:00  PAGE 15


  C:0595H         LINE#         315
  C:0598H         LINE#         317
  C:0598H         LINE#         318
  C:05B5H         LINE#         319
  C:05C6H         LINE#         320
  C:05E3H         LINE#         321
  C:05F4H         LINE#         322
  C:0611H         LINE#         323
  C:0622H         LINE#         331
  C:063FH         LINE#         332
  C:0650H         LINE#         333
  C:0650H         LINE#         334
  C:066DH         LINE#         335
  C:067EH         LINE#         336
  C:069BH         LINE#         337
  C:06ACH         LINE#         338
  C:06F0H         LINE#         339
  C:0710H         LINE#         340
  C:0726H         LINE#         341
  C:0726H         LINE#         343
  C:0755H         LINE#         345
  C:0790H         LINE#         346
  C:07A1H         LINE#         347
  C:07A1H         LINE#         349
  C:07CAH         LINE#         350
  C:07D0H         LINE#         352
  C:0801H         LINE#         353
  C:082CH         LINE#         354
  C:082CH         LINE#         355
  C:0833H         LINE#         356
  C:0836H         LINE#         357
  C:0838H         LINE#         359
  C:0838H         LINE#         360
  C:083FH         LINE#         361
  C:0870H         LINE#         362
  C:0870H         LINE#         363
  C:0870H         LINE#         364
  C:0879H         LINE#         366
  C:087EH         LINE#         367
  C:087EH         LINE#         368
  C:088AH         LINE#         369
  C:0895H         LINE#         370
  C:08A9H         LINE#         374
  C:08DFH         LINE#         377
  C:08E9H         LINE#         378
  C:08EEH         LINE#         379
  C:091EH         LINE#         380
  C:0942H         LINE#         383
  C:096BH         LINE#         387
  C:0979H         LINE#         391
  C:0983H         LINE#         392
  C:0989H         LINE#         395
  C:098FH         LINE#         396
  C:098FH         LINE#         397
  C:0994H         LINE#         398
  C:0998H         LINE#         399
  C:09A3H         LINE#         400
BL51 BANKED LINKER/LOCATER V6.22                                                      05/17/2016  11:14:00  PAGE 16


  C:09A5H         LINE#         401
  C:09B7H         LINE#         402
  C:09B7H         LINE#         403
  C:09C4H         LINE#         404
  C:09D1H         LINE#         405
  C:09D9H         LINE#         406
  C:09D9H         LINE#         407
  C:09E2H         LINE#         408
  C:09E2H         LINE#         409
  C:09F0H         LINE#         410
  C:09F0H         LINE#         411
  C:0A0EH         LINE#         412
  C:0A0EH         LINE#         413
  C:0A1FH         LINE#         414
  C:0A2CH         LINE#         415
  C:0A2EH         LINE#         417
  C:0A2EH         LINE#         418
  C:0A3EH         LINE#         419
  C:0A4AH         LINE#         420
  C:0A4AH         LINE#         421
  C:0A52H         LINE#         422
  C:0A58H         LINE#         423
  C:0A5CH         LINE#         424
  C:0A62H         LINE#         425
  C:0A62H         LINE#         427
  C:0A65H         LINE#         430
  C:0A6BH         LINE#         431
  C:0A6BH         LINE#         432
  C:0A71H         LINE#         433
  C:0A76H         LINE#         434
  C:0A76H         LINE#         436
  C:0A7FH         LINE#         437
  C:0A7FH         LINE#         438
  C:0A88H         LINE#         440
  C:0A9AH         LINE#         441
  C:0A9AH         LINE#         442
  C:0AC0H         LINE#         443
  C:0AE9H         LINE#         444
  C:0B12H         LINE#         445
  C:0B39H         LINE#         446
  C:0B49H         LINE#         448
  C:0B56H         LINE#         451
  C:0B7FH         LINE#         452
  C:0BA8H         LINE#         456
  C:0BD0H         LINE#         457
  C:0BD0H         LINE#         458
  C:0BE5H         LINE#         459
  C:0BEFH         LINE#         460
  C:0BF2H         LINE#         462
  C:0BF2H         LINE#         463
  C:0C18H         LINE#         464
  C:0C3FH         LINE#         465
  C:0C53H         LINE#         466
  C:0C74H         LINE#         467
  C:0C74H         LINE#         468
  C:0C74H         LINE#         469
  C:0C8DH         LINE#         470
BL51 BANKED LINKER/LOCATER V6.22                                                      05/17/2016  11:14:00  PAGE 17


  C:0C96H         LINE#         471
  C:0CA2H         LINE#         472
  C:0CA2H         LINE#         473
  C:0CA4H         LINE#         475
  C:0CA4H         LINE#         476
  C:0CC1H         LINE#         477
  C:0CD6H         LINE#         478
  C:0CE2H         LINE#         479
  C:0CF6H         LINE#         480
  C:0CF9H         LINE#         482
  C:0CF9H         LINE#         485
  C:0D23H         LINE#         486
  C:0D23H         LINE#         487
  C:0D40H         LINE#         488
  C:0D54H         LINE#         489
  C:0D5DH         LINE#         490
  C:0D71H         LINE#         491
  C:0D85H         LINE#         492
  C:0D8FH         LINE#         493
  C:0D92H         LINE#         498
  C:0D92H         LINE#         501
  C:0DB6H         LINE#         502
  C:0DB6H         LINE#         503
  C:0DD3H         LINE#         504
  C:0DE7H         LINE#         505
  C:0DF0H         LINE#         506
  C:0E04H         LINE#         507
  C:0E18H         LINE#         508
  C:0E22H         LINE#         509
  C:0E25H         LINE#         510
  C:0E25H         LINE#         511
  C:0E28H         LINE#         513
  C:0E28H         LINE#         516
  C:0E44H         LINE#         517
  C:0E44H         LINE#         518
  C:0E5DH         LINE#         519
  C:0E74H         LINE#         520
  C:0E7DH         LINE#         521
  C:0E91H         LINE#         522
  C:0EA5H         LINE#         523
  C:0EB5H         LINE#         524
  C:0EB7H         LINE#         526
  C:0ECDH         LINE#         527
  C:0ECDH         LINE#         528
  C:0ECDH         LINE#         529
  C:0ECDH         LINE#         533
  C:0ED6H         LINE#         535
  C:0EDBH         LINE#         537
  C:0EDBH         LINE#         553
  C:0EE1H         LINE#         557
  C:0EF0H         LINE#         558
  C:0EF4H         LINE#         560
  C:0EF6H         LINE#         561
  C:0EFCH         LINE#         562
  C:0F04H         LINE#         564
  C:0F09H         LINE#         565
  C:0F0FH         LINE#         566
BL51 BANKED LINKER/LOCATER V6.22                                                      05/17/2016  11:14:00  PAGE 18


  C:0F17H         LINE#         568
  C:0F1CH         LINE#         569
  C:0F1FH         LINE#         570
  C:0F26H         LINE#         572
  C:0F2BH         LINE#         574
  -------         ENDPROC       GETDATA
  -------         PROC          USERFUNC
  -------         DO            
  X:7B18H         SYMBOL        i
  D:000AH         SYMBOL        j
  D:000EH         SYMBOL        tmp
  D:000CH         SYMBOL        chip
  X:2000H         SYMBOL        docnt
  -------         ENDDO         
  C:6548H         LINE#         589
  C:654DH         LINE#         593
  C:6551H         LINE#         595
  C:655AH         LINE#         596
  C:656BH         LINE#         597
  C:656FH         LINE#         598
  C:6573H         LINE#         599
  C:6573H         LINE#         600
  C:657AH         LINE#         601
  C:657DH         LINE#         602
  C:65A1H         LINE#         603
  C:65A4H         LINE#         604
  C:65A6H         LINE#         605
  C:65A6H         LINE#         607
  C:65ACH         LINE#         608
  C:65AEH         LINE#         610
  C:65B4H         LINE#         611
  C:65B6H         LINE#         613
  C:65BCH         LINE#         614
  C:65BEH         LINE#         616
  C:65C2H         LINE#         617
  C:65CAH         LINE#         619
  C:65CAH         LINE#         620
  C:65D5H         LINE#         621
  C:65DCH         LINE#         622
  C:65F6H         LINE#         623
  C:6604H         LINE#         624
  C:6604H         LINE#         627
  -------         ENDPROC       USERFUNC
  -------         PROC          CHECKTUXAB
  C:002EH         LINE#         631
  C:0034H         LINE#         634
  C:0036H         LINE#         635
  C:0039H         LINE#         636
  C:003FH         LINE#         639
  C:0041H         LINE#         641
  -------         ENDPROC       CHECKTUXAB
  -------         PROC          CONFSET
  -------         DO            
  X:7B3EH         SYMBOL        i
  X:7B3FH         SYMBOL        j
  X:7B40H         SYMBOL        ilong
  X:7B41H         SYMBOL        m
BL51 BANKED LINKER/LOCATER V6.22                                                      05/17/2016  11:14:00  PAGE 19


  X:7B42H         SYMBOL        n
  X:7B43H         SYMBOL        temp
  -------         ENDDO         
  C:39CDH         LINE#         657
  C:39CDH         LINE#         658
  C:39CDH         LINE#         663
  C:39D5H         LINE#         664
  C:39DDH         LINE#         665
  C:39E5H         LINE#         666
  C:39EDH         LINE#         667
  C:39F5H         LINE#         668
  C:39FDH         LINE#         669
  C:3A05H         LINE#         670
  C:3A17H         LINE#         671
  C:3A22H         LINE#         672
  C:3A2BH         LINE#         673
  C:3A3FH         LINE#         675
  C:3A69H         LINE#         676
  C:3A90H         LINE#         677
  C:3AB6H         LINE#         678
  C:3ADDH         LINE#         680
  C:3AEDH         LINE#         683
  C:3B1AH         LINE#         684
  C:3B23H         LINE#         685
  C:3B4EH         LINE#         687
  C:3B5EH         LINE#         688
  C:3B6BH         LINE#         689
  C:3B78H         LINE#         690
  C:3B7BH         LINE#         691
  C:3BA6H         LINE#         692
  C:3BCCH         LINE#         693
  C:3BDFH         LINE#         694
  C:3BDFH         LINE#         696
  C:3C0AH         LINE#         697
  C:3C0FH         LINE#         698
  C:3C3AH         LINE#         699
  C:3C4BH         LINE#         700
  C:3C57H         LINE#         701
  C:3C63H         LINE#         702
  C:3C63H         LINE#         703
  C:3C63H         LINE#         704
  C:3CA8H         LINE#         705
  C:3CDEH         LINE#         724
  C:3CF0H         LINE#         725
  C:3CF0H         LINE#         726
  C:3CFBH         LINE#         727
  C:3D00H         LINE#         730
  C:3D40H         LINE#         731
  C:3D80H         LINE#         733
  C:3DC1H         LINE#         734
  C:3E02H         LINE#         735
  C:3E0BH         LINE#         737
  C:3E1EH         LINE#         738
  C:3E1EH         LINE#         739
  C:3E2BH         LINE#         740
  C:3E37H         LINE#         741
  C:3E39H         LINE#         743
BL51 BANKED LINKER/LOCATER V6.22                                                      05/17/2016  11:14:00  PAGE 20


  C:3E39H         LINE#         744
  C:3E47H         LINE#         745
  C:3E54H         LINE#         746
  C:3E54H         LINE#         751
  C:3E5DH         LINE#         755
  C:3E62H         LINE#         756
  C:3E62H         LINE#         758
  C:3E72H         LINE#         759
  C:3E72H         LINE#         760
  C:3E92H         LINE#         761
  C:3E92H         LINE#         762
  C:3E9FH         LINE#         763
  C:3EA1H         LINE#         764
  C:3EA1H         LINE#         766
  C:3EB0H         LINE#         768
  C:3EB8H         LINE#         769
  C:3EC2H         LINE#         771
  C:3EC7H         LINE#         772
  C:3EC7H         LINE#         774
  C:3ED7H         LINE#         775
  C:3ED7H         LINE#         776
  C:3EF7H         LINE#         777
  C:3EF7H         LINE#         778
  C:3F04H         LINE#         779
  C:3F06H         LINE#         780
  C:3F06H         LINE#         782
  C:3F15H         LINE#         783
  C:3F1DH         LINE#         784
  C:3F27H         LINE#         786
  C:3F3CH         LINE#         787
  C:3F4FH         LINE#         796
  C:3F57H         LINE#         797
  -------         ENDPROC       CONFSET
  -------         PROC          USERHDLC
  -------         DO            
  X:7B26H         SYMBOL        i
  X:7B27H         SYMBOL        m
  X:7B28H         SYMBOL        n
  X:7B29H         SYMBOL        temp
  X:7B2AH         SYMBOL        addr
  -------         ENDDO         
  C:4AE9H         LINE#         813
  C:4AE9H         LINE#         814
  C:4AE9H         LINE#         818
  C:4AEFH         LINE#         819
  C:4AEFH         LINE#         820
  C:4AF5H         LINE#         821
  C:4AF5H         LINE#         822
  C:4AF5H         LINE#         823
  C:4AF7H         LINE#         824
  C:4AFBH         LINE#         825
  C:4AFBH         LINE#         826
  C:4B00H         LINE#         827
  C:4B00H         LINE#         828
  C:4B00H         LINE#         831
  C:4B20H         LINE#         832
  C:4B20H         LINE#         833
BL51 BANKED LINKER/LOCATER V6.22                                                      05/17/2016  11:14:00  PAGE 21


  C:4B20H         LINE#         834
  C:4B2CH         LINE#         835
  C:4B2CH         LINE#         836
  C:4B40H         LINE#         837
  C:4B43H         LINE#         839
  C:4B5FH         LINE#         840
  C:4B5FH         LINE#         841
  C:4B6FH         LINE#         842
  C:4B7AH         LINE#         843
  C:4B83H         LINE#         845
  C:4B96H         LINE#         846
  C:4BA0H         LINE#         847
  C:4BC8H         LINE#         848
  C:4BCAH         LINE#         849
  C:4BF2H         LINE#         850
  C:4BF2H         LINE#         851
  C:4BF7H         LINE#         852
  C:4C00H         LINE#         853
  C:4C00H         LINE#         854
  C:4C08H         LINE#         855
  C:4C08H         LINE#         856
  C:4C1CH         LINE#         857
  C:4C23H         LINE#         859
  C:4C3FH         LINE#         860
  C:4C3FH         LINE#         861
  C:4C4FH         LINE#         862
  C:4C5AH         LINE#         863
  C:4C63H         LINE#         865
  C:4C76H         LINE#         866
  C:4C80H         LINE#         867
  C:4CA8H         LINE#         868
  C:4CAAH         LINE#         869
  C:4CD2H         LINE#         870
  C:4CD2H         LINE#         871
  C:4CD7H         LINE#         872
  C:4CE0H         LINE#         873
  C:4CE0H         LINE#         875
  C:4CE0H         LINE#         877
  C:4CE0H         LINE#         878
  C:4CF5H         LINE#         879
  C:4CFAH         LINE#         880
  C:4CFCH         LINE#         881
  C:4CFEH         LINE#         882
  C:4D02H         LINE#         884
  C:4D07H         LINE#         885
  C:4D35H         LINE#         886
  C:4D3BH         LINE#         887
  C:4D3CH         LINE#         889
  C:4D3CH         LINE#         890
  C:4D52H         LINE#         891
  C:4D5BH         LINE#         892
  C:4D60H         LINE#         893
  C:4D62H         LINE#         894
  C:4D64H         LINE#         895
  C:4D68H         LINE#         896
  C:4D6DH         LINE#         897
  C:4D9CH         LINE#         898
BL51 BANKED LINKER/LOCATER V6.22                                                      05/17/2016  11:14:00  PAGE 22


  C:4D9CH         LINE#         900
  C:4D9CH         LINE#         901
  C:4D9CH         LINE#         902
  C:4D9EH         LINE#         903
  C:4D9EH         LINE#         907
  C:4D9EH         LINE#         908
  C:4D9EH         LINE#         917
  C:4D9EH         LINE#         918
  C:4D9EH         LINE#         920
  -------         ENDPROC       USERHDLC
  -------         PROC          SELFCONF
  -------         DO            
  X:7B3AH         SYMBOL        i
  X:7B3CH         SYMBOL        j
  X:7B3EH         SYMBOL        ctt
  D:0007H         SYMBOL        ucii
  -------         ENDDO         
  C:43B8H         LINE#         956
  C:43B8H         LINE#         957
  C:43B8H         LINE#         963
  C:43BEH         LINE#         964
  C:43C4H         LINE#         967
  C:43DAH         LINE#         968
  C:43F9H         LINE#         970
  C:4410H         LINE#         971
  C:442FH         LINE#         973
  C:4446H         LINE#         974
  C:4465H         LINE#         976
  C:446FH         LINE#         979
  C:4486H         LINE#         980
  C:44A5H         LINE#         981
  C:44BCH         LINE#         982
  C:44DBH         LINE#         991
  C:44E1H         LINE#         996
  C:44E8H         LINE#         997
  C:4518H         LINE#         998
  C:452FH         LINE#         999
  C:452FH         LINE#         1000
  C:453BH         LINE#         1002
  C:454BH         LINE#         1010
  C:4551H         LINE#         1011
  C:4556H         LINE#         1013
  C:455EH         LINE#         1014
  C:4567H         LINE#         1016
  C:456DH         LINE#         1017
  C:4571H         LINE#         1018
  C:4575H         LINE#         1019
  C:4579H         LINE#         1020
  C:457DH         LINE#         1022
  C:4581H         LINE#         1026
  C:4587H         LINE#         1028
  C:458DH         LINE#         1029
  C:4591H         LINE#         1030
  C:4595H         LINE#         1031
  C:4599H         LINE#         1032
  C:459DH         LINE#         1033
  C:45A0H         LINE#         1034
BL51 BANKED LINKER/LOCATER V6.22                                                      05/17/2016  11:14:00  PAGE 23


  C:45A5H         LINE#         1035
  C:45AAH         LINE#         1037
  C:45AEH         LINE#         1038
  C:45B2H         LINE#         1039
  C:45B5H         LINE#         1040
  C:45B9H         LINE#         1041
  C:45BDH         LINE#         1043
  C:45C0H         LINE#         1044
  C:45C4H         LINE#         1046
  C:45C9H         LINE#         1047
  C:45CBH         LINE#         1048
  C:45CDH         LINE#         1049
  C:45D1H         LINE#         1050
  C:45D3H         LINE#         1051
  C:45D5H         LINE#         1052
  C:45D9H         LINE#         1053
  C:45DDH         LINE#         1054
  C:45DFH         LINE#         1055
  C:45E2H         LINE#         1056
  C:45E6H         LINE#         1057
  C:45E8H         LINE#         1058
  C:45EBH         LINE#         1059
  C:45EDH         LINE#         1060
  C:45EFH         LINE#         1066
  C:45F5H         LINE#         1067
  C:45F5H         LINE#         1068
  C:45FCH         LINE#         1069
  C:45FCH         LINE#         1070
  C:462DH         LINE#         1071
  C:4648H         LINE#         1072
  C:4662H         LINE#         1073
  C:467FH         LINE#         1075
  C:4685H         LINE#         1076
  C:4689H         LINE#         1078
  C:468FH         LINE#         1079
  C:4693H         LINE#         1081
  C:4699H         LINE#         1082
  C:469DH         LINE#         1085
  C:46A4H         LINE#         1086
  C:46A4H         LINE#         1087
  C:46ABH         LINE#         1088
  C:46ABH         LINE#         1089
  C:46DCH         LINE#         1090
  C:46F7H         LINE#         1091
  C:4711H         LINE#         1092
  C:472EH         LINE#         1094
  C:4745H         LINE#         1095
  C:4745H         LINE#         1096
  C:4762H         LINE#         1097
  C:4773H         LINE#         1098
  C:4783H         LINE#         1099
  -------         ENDPROC       SELFCONF
  -------         PROC          INITIOSW1021
  -------         DO            
  X:7B3AH         SYMBOL        i
  X:7B3CH         SYMBOL        j
  X:7B3EH         SYMBOL        m
BL51 BANKED LINKER/LOCATER V6.22                                                      05/17/2016  11:14:00  PAGE 24


  X:7B3FH         SYMBOL        n
  -------         ENDDO         
  C:2EADH         LINE#         1116
  C:2EADH         LINE#         1117
  C:2EADH         LINE#         1121
  C:2EB2H         LINE#         1123
  C:2ECBH         LINE#         1124
  C:2ECBH         LINE#         1125
  C:2EDFH         LINE#         1126
  C:2EE3H         LINE#         1127
  C:2EF9H         LINE#         1133
  C:2F05H         LINE#         1134
  C:2F12H         LINE#         1136
  C:2F1FH         LINE#         1138
  C:2F2CH         LINE#         1141
  C:2F38H         LINE#         1142
  C:2F44H         LINE#         1145
  C:2F5EH         LINE#         1146
  C:2F93H         LINE#         1148
  C:2FC0H         LINE#         1154
  C:2FFBH         LINE#         1155
  C:3029H         LINE#         1156
  C:3064H         LINE#         1162
  C:3096H         LINE#         1165
  C:30F3H         LINE#         1166
  C:3158H         LINE#         1167
  C:31BCH         LINE#         1168
  C:3221H         LINE#         1171
  C:3232H         LINE#         1173
  C:3249H         LINE#         1174
  C:3254H         LINE#         1176
  C:3265H         LINE#         1179
  C:326CH         LINE#         1180
  C:326CH         LINE#         1181
  C:3283H         LINE#         1182
  C:3291H         LINE#         1183
  C:32ABH         LINE#         1184
  C:32ABH         LINE#         1185
  C:32B2H         LINE#         1186
  C:32B2H         LINE#         1187
  C:32DAH         LINE#         1188
  C:3304H         LINE#         1190
  C:332FH         LINE#         1191
  C:3356H         LINE#         1192
  C:3359H         LINE#         1194
  C:3359H         LINE#         1196
  C:3381H         LINE#         1197
  C:33A9H         LINE#         1199
  C:33D2H         LINE#         1200
  C:33FBH         LINE#         1201
  C:33FBH         LINE#         1202
  C:340CH         LINE#         1203
  C:342CH         LINE#         1205
  C:342EH         LINE#         1206
  C:3430H         LINE#         1207
  C:3432H         LINE#         1208
  C:3434H         LINE#         1209
BL51 BANKED LINKER/LOCATER V6.22                                                      05/17/2016  11:14:00  PAGE 25


  C:3436H         LINE#         1210
  C:343CH         LINE#         1212
  -------         ENDPROC       INITIOSW1021
  -------         PROC          CHECKSW1021INIT
  -------         DO            
  X:7B3AH         SYMBOL        ret
  D:0004H         SYMBOL        i
  X:7B3CH         SYMBOL        j
  D:0006H         SYMBOL        reg
  C:62C6H         SYMBOL        quit
  -------         ENDDO         
  C:61E9H         LINE#         1226
  C:61E9H         LINE#         1227
  C:61E9H         LINE#         1228
  C:61F0H         LINE#         1231
  C:61F2H         LINE#         1232
  C:61F2H         LINE#         1233
  C:6204H         LINE#         1234
  C:620AH         LINE#         1235
  C:620AH         LINE#         1236
  C:620DH         LINE#         1237
  C:620DH         LINE#         1238
  C:621FH         LINE#         1239
  C:6225H         LINE#         1240
  C:6225H         LINE#         1241
  C:6227H         LINE#         1242
  C:6227H         LINE#         1244
  C:6237H         LINE#         1245
  C:623AH         LINE#         1246
  C:623AH         LINE#         1247
  C:623CH         LINE#         1248
  C:623CH         LINE#         1250
  C:624CH         LINE#         1251
  C:624FH         LINE#         1252
  C:624FH         LINE#         1253
  C:6251H         LINE#         1254
  C:6251H         LINE#         1256
  C:626AH         LINE#         1257
  C:6298H         LINE#         1258
  C:629EH         LINE#         1259
  C:62A6H         LINE#         1260
  C:62A8H         LINE#         1261
  C:62A8H         LINE#         1262
  C:62B8H         LINE#         1264
  C:62C6H         LINE#         1265
  C:62C6H         LINE#         1266
  C:62CEH         LINE#         1267
  -------         ENDPROC       CHECKSW1021INIT
  -------         PROC          MAIN
  -------         DO            
  D:0007H         SYMBOL        i
  X:7B38H         SYMBOL        ret
  -------         ENDDO         
  C:63B1H         LINE#         1282
  C:63B1H         LINE#         1283
  C:63B1H         LINE#         1285
  C:63B8H         LINE#         1288
BL51 BANKED LINKER/LOCATER V6.22                                                      05/17/2016  11:14:00  PAGE 26


  C:63BBH         LINE#         1290
  C:63C6H         LINE#         1291
  C:63C9H         LINE#         1292
  C:63CCH         LINE#         1295
  C:63CEH         LINE#         1296
  C:63D0H         LINE#         1298
  C:63D0H         LINE#         1299
  C:63D0H         LINE#         1305
  C:63D6H         LINE#         1314
  C:63E1H         LINE#         1315
  C:63E4H         LINE#         1316
  C:63E7H         LINE#         1317
  C:63EAH         LINE#         1318
  C:63EDH         LINE#         1319
  C:63EDH         LINE#         1321
  C:63F0H         LINE#         1322
  C:63F3H         LINE#         1324
  C:63FCH         LINE#         1325
  C:63FCH         LINE#         1326
  C:63FFH         LINE#         1327
  C:6401H         LINE#         1328
  C:6401H         LINE#         1329
  C:6426H         LINE#         1330
  C:644BH         LINE#         1331
  C:6470H         LINE#         1332
  C:6475H         LINE#         1333
  C:6478H         LINE#         1334
  C:647DH         LINE#         1335
  C:647DH         LINE#         1337
  C:6480H         LINE#         1338
  -------         ENDPROC       MAIN
  -------         ENDMOD        GF2488_01F1_E1_RST

  -------         MODULE        TIMER
  C:0000H         SYMBOL        _ICE_DUMMY_
  D:0090H         PUBLIC        P1
  D:00B0H         PUBLIC        P3
  C:5FF8H         PUBLIC        TimerIntep
  X:7BA2H         PUBLIC        g_LampEn
  X:7BA3H         SYMBOL        g_ucTenMs
  D:00A8H         PUBLIC        IE
  D:00C7H         PUBLIC        TA
  D:00B8H         PUBLIC        IP
  C:6F99H         PUBLIC        TimerInit
  X:7BA4H         PUBLIC        g_SecondFlag
  X:7BA5H         PUBLIC        g_QuarterFlag
  D:0088H         PUBLIC        TCON
  X:7BA6H         SYMBOL        ucInActTime
  B:00C8H.7       PUBLIC        TF2
  X:7BA7H         PUBLIC        g_ulResetSec
  D:00E8H         PUBLIC        EIE
  X:7BABH         PUBLIC        g_stuSysClock
  D:00F8H         PUBLIC        EIP
  D:0098H         PUBLIC        SCON0
  D:00C0H         PUBLIC        SCON1
  D:00C8H         PUBLIC        T2CON
  C:70DDH         PUBLIC        _Delay
BL51 BANKED LINKER/LOCATER V6.22                                                      05/17/2016  11:14:00  PAGE 27


  D:00D0H         PUBLIC        PSW
  D:00D8H         PUBLIC        WDCON
  B:00D8H.0       PUBLIC        RWT
  C:0016H         SYMBOL        Com0013
  C:0016H         SYMBOL        L?0020
  C:0016H         SYMBOL        L?0021
  -------         PROC          COM0013
  -------         ENDPROC       COM0013
  -------         PROC          TIMERINTEP
  C:5FF8H         LINE#         37
  C:600EH         LINE#         39
  C:6010H         LINE#         41
  C:6016H         LINE#         42
  C:6023H         LINE#         43
  C:6023H         LINE#         45
  C:6029H         LINE#         46
  C:6029H         LINE#         48
  C:602BH         LINE#         54
  C:602BH         LINE#         57
  C:602EH         LINE#         60
  C:6036H         LINE#         61
  C:6036H         LINE#         62
  C:603AH         LINE#         63
  C:603DH         LINE#         64
  C:6043H         LINE#         65
  C:6062H         LINE#         67
  C:6068H         LINE#         68
  C:6068H         LINE#         69
  C:6073H         LINE#         70
  C:6073H         LINE#         71
  C:6075H         LINE#         72
  C:6079H         LINE#         74
  C:607EH         LINE#         76
  C:6083H         LINE#         77
  C:6086H         LINE#         78
  C:6086H         LINE#         79
  C:6088H         LINE#         81
  C:6088H         LINE#         82
  C:608DH         LINE#         83
  C:6091H         LINE#         84
  C:6096H         LINE#         85
  C:6096H         LINE#         87
  C:609EH         LINE#         88
  C:609EH         LINE#         89
  C:609FH         LINE#         90
  C:60A5H         LINE#         92
  C:60AFH         LINE#         93
  C:60B6H         LINE#         94
  C:60B9H         LINE#         95
  C:60BEH         LINE#         97
  C:60C7H         LINE#         98
  C:60C7H         LINE#         99
  C:60C9H         LINE#         100
  C:60CFH         LINE#         101
  C:60D5H         LINE#         102
  C:60D5H         LINE#         103
  C:60D7H         LINE#         104
BL51 BANKED LINKER/LOCATER V6.22                                                      05/17/2016  11:14:00  PAGE 28


  C:60DDH         LINE#         105
  C:60DDH         LINE#         106
  C:60DDH         LINE#         107
  C:60DDH         LINE#         108
  C:60DDH         LINE#         109
  C:60DDH         LINE#         111
  C:60E0H         LINE#         132
  -------         ENDPROC       TIMERINTEP
  -------         PROC          TIMERINIT
  C:6F99H         LINE#         148
  C:6F99H         LINE#         149
  C:6F99H         LINE#         171
  C:6F9FH         LINE#         172
  C:6FA3H         LINE#         173
  C:6FA7H         LINE#         174
  C:6FABH         LINE#         175
  C:6FAEH         LINE#         176
  C:6FB0H         LINE#         177
  C:6FB2H         LINE#         179
  C:6FB6H         LINE#         180
  C:6FB8H         LINE#         181
  C:6FBCH         LINE#         182
  C:6FBEH         LINE#         184
  C:6FC8H         LINE#         185
  C:6FCDH         LINE#         187
  C:6FD1H         LINE#         192
  -------         ENDPROC       TIMERINIT
  -------         PROC          _DELAY
  D:0007H         SYMBOL        uc10ms
  -------         DO            
  D:0006H         SYMBOL        ucLastTime
  -------         ENDDO         
  C:70DDH         LINE#         208
  C:70DDH         LINE#         209
  C:70DDH         LINE#         212
  C:70E2H         LINE#         213
  C:70E8H         LINE#         214
  C:70E8H         LINE#         216
  C:70F0H         LINE#         217
  C:70F0H         LINE#         218
  C:70F8H         LINE#         220
  C:70FBH         LINE#         222
  C:70FCH         LINE#         223
  C:70FEH         LINE#         224
  C:70FEH         LINE#         225
  C:7100H         LINE#         226
  -------         ENDPROC       _DELAY
  -------         ENDMOD        TIMER

  -------         MODULE        COMM
  C:0000H         SYMBOL        _ICE_DUMMY_
  D:0090H         PUBLIC        P1
  X:76E1H         PUBLIC        g_AllClrFlag
  B:0023H.1       SYMBOL        ResetFlag
  D:00B0H         PUBLIC        P3
  B:0023H.2       SYMBOL        updateFlag
  D:00A5H         PUBLIC        P4
BL51 BANKED LINKER/LOCATER V6.22                                                      05/17/2016  11:14:00  PAGE 29


  C:7132H         PUBLIC        RESET
  X:76E2H         SYMBOL        usiCrcTemp
  B:00A8H.7       PUBLIC        EA
  X:76E4H         PUBLIC        sysErrCode
  B:0023H.3       PUBLIC        HotBoot_f
  C:6831H         SYMBOL        _ReadBctHead
  D:00A8H         PUBLIC        IE
  C:6F22H         PUBLIC        JumpToAux
  B:0023H.4       SYMBOL        isRecOK
  X:76E5H         SYMBOL        PmCodeCRC
  D:00C7H         PUBLIC        TA
  C:4DD5H         PUBLIC        LibDate
  D:00B8H         PUBLIC        IP
  X:76E7H         SYMBOL        g_ConfChange
  C:6B19H         SYMBOL        _ProgBakFlash
  D:0021H         PUBLIC        outport
  B:0023H.5       SYMBOL        isBakRun
  C:4DEAH         PUBLIC        crc_table
  C:545CH         SYMBOL        softUpdate
  C:6DDDH         PUBLIC        _Check_SST_39VF
  B:0021H.1       PUBLIC        HOLD
  B:0021H.6       PUBLIC        LSCE
  C:4DE1H         PUBLIC        LibTime
  C:0F2CH         PUBLIC        ProcCmd
  C:703FH         PUBLIC        BootInit
  X:76E8H         PUBLIC        g_buffcom
  C:4FEAH         PUBLIC        ProcAlmData
  C:6987H         SYMBOL        copyFlash
  D:0087H         PUBLIC        PCON
  X:7B02H         PUBLIC        pfOtherCMD
  D:0088H         PUBLIC        TCON
  C:5881H         PUBLIC        ProcHisData
  D:009FH         PUBLIC        CHPCON
  C:6B87H         SYMBOL        RamTest
  X:7B05H         SYMBOL        g_FileIndex
  C:4DCEH         PUBLIC        LibVer
  B:0023H.6       PUBLIC        ispFlag
  X:7B09H         PUBLIC        g_ReqConfig
  D:00CDH         PUBLIC        TH2
  C:6C5AH         PUBLIC        CommVarInit
  C:5A60H         PUBLIC        _VerShow
  C:6E8EH         PUBLIC        _CRCCCITT
  D:00CCH         PUBLIC        TL2
  D:00E8H         PUBLIC        EIE
  C:6CC0H         SYMBOL        _Program_One_Byte
  B:0021H.4       PUBLIC        ACT
  B:00C8H.2       PUBLIC        TR2
  C:3F58H         SYMBOL        _downSoft
  B:0021H.3       PUBLIC        RED
  X:7B0AH         SYMBOL        g_stuHisTime
  C:6D25H         PUBLIC        _ProgramAPROM
  B:0021H.2       PUBLIC        YELLOW
  D:00F8H         PUBLIC        EIP
  X:7B0EH         PUBLIC        g_ucSetTime
  X:7B0FH         SYMBOL        g_CrcValue
  X:7B11H         SYMBOL        LineCodeCRC
  X:7B13H         SYMBOL        g_HisDataReady
BL51 BANKED LINKER/LOCATER V6.22                                                      05/17/2016  11:14:00  PAGE 30


  C:6FD2H         SYMBOL        _EraseFlash
  C:6F5FH         SYMBOL        ispInit
  D:0098H         PUBLIC        SCON0
  D:00C0H         PUBLIC        SCON1
  D:00C8H         PUBLIC        T2CON
  X:7B14H         SYMBOL        memErrCode
  X:7B15H         SYMBOL        ispType
  X:7B16H         SYMBOL        AlmCodeCRC
  C:6A96H         SYMBOL        _ReadFpgaHead
  C:7101H         PUBLIC        _EraseAPROM
  D:00ADH         PUBLIC        SFRAH
  D:00AEH         PUBLIC        SFRFD
  C:6E38H         PUBLIC        _MemCRC
  D:00ACH         PUBLIC        SFRAL
  D:00D0H         PUBLIC        PSW
  D:00D8H         PUBLIC        WDCON
  B:00D8H.0       PUBLIC        RWT
  D:00AFH         PUBLIC        SFRCN
  C:343DH         SYMBOL        Com018B
  C:343DH         SYMBOL        L?0396
  C:343EH         SYMBOL        L?0397
  C:3442H         SYMBOL        L?0398
  C:3460H         SYMBOL        L?0399
  C:3463H         SYMBOL        L?0400
  C:346BH         SYMBOL        L?0401
  C:346BH         SYMBOL        L?0402
  C:346CH         SYMBOL        L?0403
  C:346FH         SYMBOL        L?0404
  C:3472H         SYMBOL        L?0405
  C:3473H         SYMBOL        L?0406
  C:3477H         SYMBOL        L?0407
  C:3480H         SYMBOL        L?0408
  C:34F2H         SYMBOL        L?0409
  C:34F3H         SYMBOL        L?0410
  C:34F4H         SYMBOL        L?0411
  C:34FFH         SYMBOL        L?0412
  C:3508H         SYMBOL        L?0413
  C:351EH         SYMBOL        L?0414
  C:351FH         SYMBOL        L?0415
  C:3520H         SYMBOL        L?0416
  C:354BH         SYMBOL        L?0417
  C:355DH         SYMBOL        L?0418
  C:3578H         SYMBOL        L?0419
  C:3582H         SYMBOL        L?0420
  C:3584H         SYMBOL        L?0421
  C:3585H         SYMBOL        L?0422
  C:3586H         SYMBOL        L?0423
  C:3589H         SYMBOL        L?0424
  C:3590H         SYMBOL        L?0425
  C:3590H         SYMBOL        L?0426
  C:3595H         SYMBOL        L?0427
  C:35A9H         SYMBOL        L?0428
  C:35ACH         SYMBOL        L?0429
  C:35B0H         SYMBOL        L?0430
  C:35BCH         SYMBOL        L?0433
  C:35C0H         SYMBOL        L?0434
  C:35C8H         SYMBOL        L?0435
BL51 BANKED LINKER/LOCATER V6.22                                                      05/17/2016  11:14:00  PAGE 31


  C:35CFH         SYMBOL        L?0436
  C:35E8H         SYMBOL        L?0437
  C:35F6H         SYMBOL        L?0438
  C:35FFH         SYMBOL        L?0439
  C:3614H         SYMBOL        L?0440
  C:3617H         SYMBOL        L?0441
  C:361AH         SYMBOL        L?0442
  C:3622H         SYMBOL        L?0443
  C:3625H         SYMBOL        L?0444
  C:3629H         SYMBOL        L?0445
  C:362DH         SYMBOL        L?0446
  C:3636H         SYMBOL        L?0447
  C:3636H         SYMBOL        L?0448
  C:363FH         SYMBOL        L?0449
  C:3642H         SYMBOL        L?0450
  C:364BH         SYMBOL        L?0451
  C:3656H         SYMBOL        L?0452
  C:3656H         SYMBOL        L?0453
  C:3660H         SYMBOL        L?0454
  C:3667H         SYMBOL        L?0455
  C:3676H         SYMBOL        L?0456
  C:3684H         SYMBOL        L?0457
  C:3684H         SYMBOL        L?0458
  C:3690H         SYMBOL        L?0459
  C:3698H         SYMBOL        L?0460
  C:3698H         SYMBOL        L?0461
  C:369DH         SYMBOL        L?0462
  C:36A5H         SYMBOL        L?0463
  C:36A5H         SYMBOL        L?0464
  C:36A8H         SYMBOL        L?0465
  C:36B1H         SYMBOL        L?0466
  C:36B1H         SYMBOL        L?0467
  C:36C8H         SYMBOL        L?0468
  C:36D9H         SYMBOL        L?0469
  C:36E3H         SYMBOL        L?0470
  C:36E6H         SYMBOL        L?0471
  C:36FAH         SYMBOL        L?0472
  C:370CH         SYMBOL        L?0474
  C:3717H         SYMBOL        L?0475
  C:371EH         SYMBOL        L?0476
  C:371EH         SYMBOL        L?0477
  C:3724H         SYMBOL        L?0478
  C:372DH         SYMBOL        L?0479
  C:3744H         SYMBOL        L?0480
  C:374AH         SYMBOL        L?0481
  C:376AH         SYMBOL        L?0482
  C:376AH         SYMBOL        L?0483
  C:377CH         SYMBOL        L?0484
  C:3780H         SYMBOL        L?0485
  C:378DH         SYMBOL        L?0486
  C:378DH         SYMBOL        L?0487
  C:3796H         SYMBOL        L?0488
  C:3796H         SYMBOL        L?0489
  C:379EH         SYMBOL        L?0490
  C:37A5H         SYMBOL        L?0491
  C:37A5H         SYMBOL        L?0492
  C:37B1H         SYMBOL        L?0493
BL51 BANKED LINKER/LOCATER V6.22                                                      05/17/2016  11:14:00  PAGE 32


  C:37C4H         SYMBOL        L?0494
  C:37C4H         SYMBOL        L?0495
  C:37C7H         SYMBOL        L?0496
  C:37D1H         SYMBOL        L?0497
  C:37D8H         SYMBOL        L?0498
  C:37E0H         SYMBOL        L?0499
  C:37E2H         SYMBOL        L?0500
  C:37F0H         SYMBOL        L?0503
  C:37F6H         SYMBOL        L?0504
  C:3801H         SYMBOL        L?0505
  C:3801H         SYMBOL        L?0506
  C:3804H         SYMBOL        L?0507
  C:380AH         SYMBOL        L?0508
  C:380AH         SYMBOL        L?0509
  C:3818H         SYMBOL        L?0510
  C:381AH         SYMBOL        L?0511
  C:3821H         SYMBOL        L?0512
  C:3835H         SYMBOL        L?0513
  C:3836H         SYMBOL        L?0514
  C:3837H         SYMBOL        L?0515
  C:383EH         SYMBOL        L?0516
  C:383EH         SYMBOL        L?0517
  C:3847H         SYMBOL        L?0518
  C:384AH         SYMBOL        L?0519
  C:3851H         SYMBOL        L?0520
  C:3851H         SYMBOL        L?0521
  C:3858H         SYMBOL        L?0522
  C:3858H         SYMBOL        L?0523
  C:3863H         SYMBOL        L?0524
  C:3863H         SYMBOL        L?0525
  C:386EH         SYMBOL        L?0526
  C:3874H         SYMBOL        L?0527
  C:387BH         SYMBOL        L?0528
  C:387BH         SYMBOL        L?0529
  C:3882H         SYMBOL        L?0530
  C:3884H         SYMBOL        L?0531
  C:388DH         SYMBOL        L?0532
  C:388EH         SYMBOL        L?0533
  C:3894H         SYMBOL        L?0534
  C:3895H         SYMBOL        L?0535
  C:389BH         SYMBOL        L?0536
  C:389BH         SYMBOL        L?0537
  C:38A4H         SYMBOL        L?0538
  C:38A4H         SYMBOL        L?0539
  C:38ADH         SYMBOL        L?0540
  C:38BAH         SYMBOL        L?0541
  C:38C7H         SYMBOL        L?0542
  C:38C7H         SYMBOL        L?0543
  C:38CDH         SYMBOL        L?0544
  C:38CDH         SYMBOL        L?0545
  C:38D4H         SYMBOL        L?0546
  C:38E1H         SYMBOL        L?0547
  C:38EEH         SYMBOL        L?0548
  C:38EFH         SYMBOL        L?0549
  C:38F7H         SYMBOL        L?0550
  C:38FAH         SYMBOL        L?0551
  C:3901H         SYMBOL        L?0552
BL51 BANKED LINKER/LOCATER V6.22                                                      05/17/2016  11:14:00  PAGE 33


  C:3901H         SYMBOL        L?0553
  C:3908H         SYMBOL        L?0554
  C:3908H         SYMBOL        L?0555
  C:390FH         SYMBOL        L?0556
  C:390FH         SYMBOL        L?0557
  C:3916H         SYMBOL        L?0558
  C:3916H         SYMBOL        L?0559
  C:391DH         SYMBOL        L?0560
  C:3925H         SYMBOL        L?0561
  C:3931H         SYMBOL        L?0562
  C:3931H         SYMBOL        L?0563
  C:3939H         SYMBOL        L?0564
  C:3939H         SYMBOL        L?0565
  C:3941H         SYMBOL        L?0566
  C:394CH         SYMBOL        L?0567
  C:3957H         SYMBOL        L?0568
  C:3962H         SYMBOL        L?0569
  C:396DH         SYMBOL        L?0570
  C:3977H         SYMBOL        L?0571
  C:3982H         SYMBOL        L?0572
  C:3983H         SYMBOL        L?0573
  C:398AH         SYMBOL        L?0574
  C:398BH         SYMBOL        L?0575
  C:3992H         SYMBOL        L?0577
  C:3992H         SYMBOL        L?0578
  C:3999H         SYMBOL        L?0579
  C:3999H         SYMBOL        L?0580
  C:39A0H         SYMBOL        L?0581
  C:39A0H         SYMBOL        L?0582
  C:39A7H         SYMBOL        L?0583
  C:39A7H         SYMBOL        L?0584
  C:39AEH         SYMBOL        L?0585
  C:39AEH         SYMBOL        L?0586
  C:39B5H         SYMBOL        L?0587
  C:39BFH         SYMBOL        L?0588
  C:39BFH         SYMBOL        L?0589
  C:39C6H         SYMBOL        L?0590
  C:39C6H         SYMBOL        L?0591
  -------         PROC          COM018B
  -------         ENDPROC       COM018B
  C:68D0H         SYMBOL        L?0501
  -------         PROC          _READBCTHEAD
  X:7B2BH         SYMBOL        pHead
  C:6831H         LINE#         138
  C:6837H         LINE#         139
  C:6837H         LINE#         145
  C:6845H         LINE#         146
  C:6845H         LINE#         147
  C:685DH         LINE#         148
  C:685DH         LINE#         150
  C:685DH         LINE#         151
  C:686BH         LINE#         153
  C:6887H         LINE#         154
  C:68A3H         LINE#         155
  C:68B3H         LINE#         156
  C:68C3H         LINE#         157
  C:68CFH         LINE#         158
BL51 BANKED LINKER/LOCATER V6.22                                                      05/17/2016  11:14:00  PAGE 34


  C:68CFH         LINE#         160
  -------         ENDPROC       _READBCTHEAD
  -------         PROC          _CHECK_SST_39VF
  D:0007H         SYMBOL        ucIC
  -------         DO            
  D:0004H         SYMBOL        ucSstID
  D:0003H         SYMBOL        ucSstCap
  -------         ENDDO         
  C:6DDDH         LINE#         179
  C:6DDDH         LINE#         180
  C:6DDDH         LINE#         183
  C:6DE7H         LINE#         185
  C:6DE7H         LINE#         186
  C:6DE7H         LINE#         187
  C:6DE7H         LINE#         188
  C:6DE7H         LINE#         189
  C:6DECH         LINE#         190
  C:6DEEH         LINE#         192
  C:6DF8H         LINE#         194
  C:6DFBH         LINE#         195
  C:6DFDH         LINE#         196
  C:6DFFH         LINE#         198
  C:6E02H         LINE#         200
  C:6E08H         LINE#         202
  C:6E0DH         LINE#         204
  C:6E15H         LINE#         205
  C:6E17H         LINE#         206
  C:6E1BH         LINE#         207
  C:6E1BH         LINE#         208
  C:6E20H         LINE#         209
  C:6E26H         LINE#         211
  C:6E2BH         LINE#         213
  C:6E35H         LINE#         215
  C:6E37H         LINE#         216
  -------         ENDPROC       _CHECK_SST_39VF
  -------         PROC          _READFPGAHEAD
  D:0001H         SYMBOL        pHead
  D:0005H         SYMBOL        ucIC
  -------         DO            
  X:7B2BH         SYMBOL        i
  X:7B2DH         SYMBOL        FlashAddr
  -------         ENDDO         
  C:6A96H         LINE#         230
  C:6A96H         LINE#         231
  C:6A96H         LINE#         235
  C:6A99H         LINE#         236
  C:6A99H         LINE#         237
  C:6AA3H         LINE#         238
  C:6AA3H         LINE#         239
  C:6AA7H         LINE#         240
  C:6AA7H         LINE#         241
  C:6AB1H         LINE#         242
  C:6AB1H         LINE#         244
  C:6AB1H         LINE#         245
  C:6AB4H         LINE#         246
  C:6AB4H         LINE#         248
  C:6ABEH         LINE#         249
BL51 BANKED LINKER/LOCATER V6.22                                                      05/17/2016  11:14:00  PAGE 35


  C:6AC8H         LINE#         250
  C:6ACFH         LINE#         251
  C:6ACFH         LINE#         252
  C:6AE2H         LINE#         253
  C:6AE9H         LINE#         254
  C:6AF0H         LINE#         255
  C:6AFCH         LINE#         256
  C:6B16H         LINE#         257
  C:6B18H         LINE#         258
  -------         ENDPROC       _READFPGAHEAD
  -------         PROC          ISPINIT
  C:6F5FH         LINE#         273
  C:6F5FH         LINE#         274
  C:6F5FH         LINE#         276
  C:6F61H         LINE#         277
  C:6F63H         LINE#         278
  C:6F65H         LINE#         279
  C:6F67H         LINE#         281
  C:6F6FH         LINE#         282
  C:6F79H         LINE#         284
  C:6F7BH         LINE#         285
[...]
  C:56FDH         LINE#         67
  C:5704H         LINE#         68
  C:5704H         LINE#         69
  C:5707H         LINE#         71
  C:5707H         LINE#         72
  C:5726H         LINE#         73
  C:5726H         LINE#         74
  C:5729H         LINE#         75
BL51 BANKED LINKER/LOCATER V6.22                                                      05/17/2016  11:14:00  PAGE 68


  C:5729H         LINE#         113
  C:5730H         LINE#         114
  C:5730H         LINE#         115
  C:574BH         LINE#         116
  C:575BH         LINE#         117
  C:575BH         LINE#         118
  C:575EH         LINE#         119
  C:5761H         LINE#         120
  C:5761H         LINE#         121
  C:5764H         LINE#         123
  C:5764H         LINE#         124
  C:5767H         LINE#         125
  C:576AH         LINE#         126
  C:576AH         LINE#         127
  C:576AH         LINE#         128
  C:576AH         LINE#         129
  C:576AH         LINE#         130
  C:576DH         LINE#         132
  C:576DH         LINE#         133
  C:576DH         LINE#         134
  C:5778H         LINE#         135
  C:5780H         LINE#         136
  C:5780H         LINE#         137
  C:5783H         LINE#         138
  C:5786H         LINE#         139
  C:5786H         LINE#         140
  C:5789H         LINE#         142
  C:5789H         LINE#         143
  C:5794H         LINE#         144
  C:579AH         LINE#         145
  C:579AH         LINE#         146
  C:579AH         LINE#         147
  C:579AH         LINE#         148
  C:579AH         LINE#         149
  C:579AH         LINE#         150
  C:579AH         LINE#         151
  C:579AH         LINE#         153
  C:579AH         LINE#         154
  C:579DH         LINE#         157
  C:579DH         LINE#         158
  C:57A4H         LINE#         159
  C:57A4H         LINE#         160
  C:57A7H         LINE#         161
  C:57AEH         LINE#         162
  C:57AEH         LINE#         163
  C:57B1H         LINE#         165
  C:57B1H         LINE#         166
  C:57B1H         LINE#         167
  C:57CAH         LINE#         168
  C:57CAH         LINE#         169
  C:57CDH         LINE#         170
  C:57D3H         LINE#         171
  C:57D3H         LINE#         172
  C:57D6H         LINE#         174
  C:57D6H         LINE#         175
  C:57E6H         LINE#         176
  C:57F5H         LINE#         208
BL51 BANKED LINKER/LOCATER V6.22                                                      05/17/2016  11:14:00  PAGE 69


  C:57FCH         LINE#         209
  C:57FCH         LINE#         210
  C:57FFH         LINE#         211
  C:581AH         LINE#         212
  C:581AH         LINE#         213
  C:581DH         LINE#         214
  C:5823H         LINE#         215
  C:5823H         LINE#         216
  C:5825H         LINE#         218
  C:5825H         LINE#         219
  C:5828H         LINE#         220
  C:582FH         LINE#         221
  C:582FH         LINE#         222
  C:582FH         LINE#         223
  C:5831H         LINE#         225
  C:5831H         LINE#         226
  C:5833H         LINE#         227
  C:5833H         LINE#         228
  C:5833H         LINE#         229
  C:5836H         LINE#         230
  C:5836H         LINE#         231
  C:5836H         LINE#         233
  C:5836H         LINE#         234
  C:5836H         LINE#         235
  C:5838H         LINE#         238
  C:5838H         LINE#         242
  C:583FH         LINE#         244
  C:583FH         LINE#         245
  C:5842H         LINE#         246
  C:5849H         LINE#         247
  C:584FH         LINE#         248
  C:5851H         LINE#         249
  C:5854H         LINE#         250
  C:5856H         LINE#         292
  C:5856H         LINE#         293
  C:585BH         LINE#         294
  C:5860H         LINE#         295
  C:5860H         LINE#         296
  C:5860H         LINE#         297
  -------         ENDPROC       HDLCOK
  -------         PROC          HDLCERR
  C:700AH         LINE#         590
  C:7019H         LINE#         592
  C:701EH         LINE#         593
  C:7020H         LINE#         594
  C:7020H         LINE#         595
  C:7020H         LINE#         596
  C:7023H         LINE#         597
  C:7028H         LINE#         598
  C:702FH         LINE#         599
  C:7032H         LINE#         600
  -------         ENDPROC       HDLCERR
  -------         PROC          SCC1HARDINIT
  C:716EH         LINE#         617
  C:716EH         LINE#         618
  C:716EH         LINE#         620
  C:7173H         LINE#         621
BL51 BANKED LINKER/LOCATER V6.22                                                      05/17/2016  11:14:00  PAGE 70


  C:7175H         LINE#         622
  C:7177H         LINE#         624
  C:7179H         LINE#         625
  C:717BH         LINE#         626
  C:717DH         LINE#         739
  -------         ENDPROC       SCC1HARDINIT
  -------         PROC          SCC1INIT
  C:6D81H         LINE#         755
  C:6D81H         LINE#         756
  C:6D81H         LINE#         759
  C:6D88H         LINE#         760
  C:6D8CH         LINE#         761
  C:6D92H         LINE#         762
  C:6D96H         LINE#         763
  C:6D9CH         LINE#         765
  C:6DA0H         LINE#         768
  C:6DA4H         LINE#         769
  C:6DA8H         LINE#         770
  C:6DACH         LINE#         771
  C:6DB0H         LINE#         772
  C:6DB2H         LINE#         774
  C:6DBFH         LINE#         775
  C:6DCEH         LINE#         776
  -------         ENDPROC       SCC1INIT
  -------         PROC          SCC1TX
  -------         DO            
  X:7B1AH         SYMBOL        uTemp
  D:0018H         SYMBOL        usTemp
  -------         ENDDO         
  C:5DE6H         LINE#         793
  C:5DE6H         LINE#         794
  C:5DE6H         LINE#         804
  C:5DF1H         LINE#         805
  C:5DF1H         LINE#         806
  C:5DF5H         LINE#         808
  C:5DFAH         LINE#         810
  C:5DFBH         LINE#         811
  C:5E04H         LINE#         812
  C:5E04H         LINE#         813
  C:5E0AH         LINE#         816
  C:5E10H         LINE#         820
  C:5E14H         LINE#         823
  C:5E1EH         LINE#         824
  C:5E21H         LINE#         825
  C:5E24H         LINE#         827
  C:5E2AH         LINE#         828
  C:5E31H         LINE#         829
  C:5E52H         LINE#         831
  C:5E60H         LINE#         832
  C:5E6EH         LINE#         833
  C:5E74H         LINE#         854
  C:5E75H         LINE#         856
  C:5E75H         LINE#         860
  C:5E7AH         LINE#         864
  C:5E8AH         LINE#         865
  C:5E98H         LINE#         870
  C:5EAEH         LINE#         873
BL51 BANKED LINKER/LOCATER V6.22                                                      05/17/2016  11:14:00  PAGE 71


  C:5EBDH         LINE#         874
  C:5EBDH         LINE#         875
  C:5EC0H         LINE#         877
  C:5EDCH         LINE#         878
  C:5EF0H         LINE#         879
  C:5EF6H         LINE#         896
  C:5EFDH         LINE#         897
  C:5EFDH         LINE#         898
  -------         ENDPROC       SCC1TX
  -------         ENDMOD        HDLC

  -------         MODULE        ?C_STARTUP
  C:66C5H         SEGMENT       ?C_C51STARTUP
  I:0024H         SEGMENT       ?STACK
  C:0000H         PUBLIC        ?C_STARTUP
  B:00D0H.6       SYMBOL        AC
  D:00E0H         SYMBOL        ACC
  D:00F0H         SYMBOL        B
  D:008EH         SYMBOL        CKCON
  B:00C8H.0       SYMBOL        CP_RL2
  B:00D0H.7       SYMBOL        CY
  B:00C8H.1       SYMBOL        C_T2
  D:0083H         SYMBOL        DPH
  D:0085H         SYMBOL        DPH1
  D:0082H         SYMBOL        DPL
  D:0084H         SYMBOL        DPL1
  D:0086H         SYMBOL        DPS
  B:00A8H.7       SYMBOL        EA
  D:00E8H         SYMBOL        EIE
  D:00F8H         SYMBOL        EIP
  B:00D8H.5       SYMBOL        EPFI
  B:00A8H.4       SYMBOL        ES0
  B:00A8H.6       SYMBOL        ES1
  B:00A8H.1       SYMBOL        ET0
  B:00A8H.3       SYMBOL        ET1
  B:00A8H.5       SYMBOL        ET2
  B:00E8H.4       SYMBOL        EWDI
  B:00D8H.1       SYMBOL        EWT
  B:00A8H.0       SYMBOL        EX0
  B:00A8H.2       SYMBOL        EX1
  B:00E8H.0       SYMBOL        EX2
  B:00E8H.1       SYMBOL        EX3
  B:00E8H.2       SYMBOL        EX4
  B:00E8H.3       SYMBOL        EX5
  B:00C8H.3       SYMBOL        EXEN2
  B:00C8H.6       SYMBOL        EXF2
  D:0091H         SYMBOL        EXIF
  B:00D0H.5       SYMBOL        F0
  B:00D0H.1       SYMBOL        FL
  N:0000H         SYMBOL        IBPSTACK
  N:0100H         SYMBOL        IBPSTACKTOP
  N:0100H         SYMBOL        IDATALEN
  C:66C8H         SYMBOL        IDATALOOP
  D:00A8H         SYMBOL        IE
  B:0088H.1       SYMBOL        IE0
  B:0088H.3       SYMBOL        IE1
  B:00B0H.2       SYMBOL        INT0
BL51 BANKED LINKER/LOCATER V6.22                                                      05/17/2016  11:14:00  PAGE 72


  B:00B0H.3       SYMBOL        INT1
  B:0090H.4       SYMBOL        INT2
  B:0090H.5       SYMBOL        INT3
  B:0090H.6       SYMBOL        INT4
  B:0090H.7       SYMBOL        INT5
  D:00B8H         SYMBOL        IP
  B:0088H.0       SYMBOL        IT0
  B:0088H.2       SYMBOL        IT1
  B:00D0H.2       SYMBOL        OV
  B:00D0H.0       SYMBOL        P
  D:0080H         SYMBOL        P0
  D:0090H         SYMBOL        P1
  D:00A0H         SYMBOL        P2
  D:00B0H         SYMBOL        P3
  N:0000H         SYMBOL        PBPSTACK
  N:0000H         SYMBOL        PBPSTACKTOP
  D:0087H         SYMBOL        PCON
  N:0000H         SYMBOL        PDATALEN
  N:0000H         SYMBOL        PDATASTART
  B:00D8H.4       SYMBOL        PFI
  B:00D8H.6       SYMBOL        POR
  N:0000H         SYMBOL        PPAGE
  N:0000H         SYMBOL        PPAGEENABLE
  B:00B8H.4       SYMBOL        PS0
  B:00B8H.6       SYMBOL        PS1
  D:00D0H         SYMBOL        PSW
  B:00B8H.1       SYMBOL        PT0
  B:00B8H.3       SYMBOL        PT1
  B:00B8H.5       SYMBOL        PT2
  B:00F8H.4       SYMBOL        PWDI
  B:00B8H.0       SYMBOL        PX0
  B:00B8H.2       SYMBOL        PX1
  B:00F8H.0       SYMBOL        PX2
  B:00F8H.1       SYMBOL        PX3
  B:00F8H.2       SYMBOL        PX4
  B:00F8H.3       SYMBOL        PX5
  B:0098H.2       SYMBOL        RB8
  B:00C0H.2       SYMBOL        RB81
  D:00CBH         SYMBOL        RCAP2H
  D:00CAH         SYMBOL        RCAP2L
  B:00C8H.5       SYMBOL        RCLK
  B:00B0H.7       SYMBOL        RD
  B:0098H.4       SYMBOL        REN
  B:00C0H.4       SYMBOL        REN1
  B:0098H.0       SYMBOL        RI
  B:00C0H.0       SYMBOL        RI1
  B:00D0H.3       SYMBOL        RS0
  B:00D0H.4       SYMBOL        RS1
  B:00D8H.0       SYMBOL        RWT
  B:00B0H.0       SYMBOL        RXD0
  B:0090H.2       SYMBOL        RXD1
  D:00A9H         SYMBOL        SADDR0
  D:00AAH         SYMBOL        SADDR1
  D:00B9H         SYMBOL        SADEN0
  D:00BAH         SYMBOL        SADEN1
  D:0099H         SYMBOL        SBUF0
  D:00C1H         SYMBOL        SBUF1
BL51 BANKED LINKER/LOCATER V6.22                                                      05/17/2016  11:14:00  PAGE 73


  D:0098H         SYMBOL        SCON0
  D:00C0H         SYMBOL        SCON1
  B:0098H.7       SYMBOL        SM0
  B:00C0H.7       SYMBOL        SM01
  B:0098H.6       SYMBOL        SM1
  B:00C0H.6       SYMBOL        SM11
  B:0098H.5       SYMBOL        SM2
  B:00C0H.5       SYMBOL        SM21
  B:00D8H.7       SYMBOL        SMOD
  D:0081H         SYMBOL        SP
  C:66C5H         SYMBOL        STARTUP1
  D:00C5H         SYMBOL        STATUS
  B:00B0H.4       SYMBOL        T0
  B:00B0H.5       SYMBOL        T1
  B:0090H.0       SYMBOL        T2
  D:00C8H         SYMBOL        T2CON
  B:0090H.1       SYMBOL        T2EX
  D:00C9H         SYMBOL        T2MOD
  D:00C7H         SYMBOL        TA
  B:0098H.3       SYMBOL        TB8
  B:00C0H.3       SYMBOL        TB81
  B:00C8H.4       SYMBOL        TCLK
  D:0088H         SYMBOL        TCON
  B:0088H.5       SYMBOL        TF0
  B:0088H.7       SYMBOL        TF1
  B:00C8H.7       SYMBOL        TF2
  D:008CH         SYMBOL        TH0
  D:008DH         SYMBOL        TH1
  D:00CDH         SYMBOL        TH2
  B:0098H.1       SYMBOL        TI
  B:00C0H.1       SYMBOL        TI1
  D:008AH         SYMBOL        TL0
  D:008BH         SYMBOL        TL1
  D:00CCH         SYMBOL        TL2
  D:0089H         SYMBOL        TMOD
  B:0088H.4       SYMBOL        TR0
  B:0088H.6       SYMBOL        TR1
  B:00C8H.2       SYMBOL        TR2
  B:00B0H.1       SYMBOL        TXD0
  B:0090H.3       SYMBOL        TXD1
  D:00D8H         SYMBOL        WDCON
  B:00D8H.3       SYMBOL        WDIF
  B:00D8H.2       SYMBOL        WDRF
  B:00B0H.6       SYMBOL        WR
  N:0000H         SYMBOL        XBPSTACK
  N:0000H         SYMBOL        XBPSTACKTOP
  N:0000H         SYMBOL        XDATALEN
  N:0000H         SYMBOL        XDATASTART
  C:0000H         LINE#         82
  C:66C5H         LINE#         89
  C:66C7H         LINE#         90
  C:66C8H         LINE#         91
  C:66C9H         LINE#         92
  C:66CBH         LINE#         141
  C:66CEH         LINE#         143
  C:66D0H         LINE#         144
  C:66D3H         LINE#         145
BL51 BANKED LINKER/LOCATER V6.22                                                      05/17/2016  11:14:00  PAGE 74


  C:66D6H         LINE#         146
  C:66D9H         LINE#         147
  C:66DBH         LINE#         149
  C:66DEH         LINE#         151
  C:66E1H         LINE#         152
  C:66E4H         LINE#         153
  C:66E7H         LINE#         154
  C:66E9H         LINE#         155
  C:66EBH         LINE#         157
  C:66EEH         LINE#         158
  C:66F1H         LINE#         159
  C:66F4H         LINE#         160
  C:66F7H         LINE#         161
  C:66FAH         LINE#         162
  C:66FCH         LINE#         164
  C:66FFH         LINE#         166
  -------         ENDMOD        ?C_STARTUP

  -------         MODULE        ?C?CLDPTR
  C:2196H         PUBLIC        ?C?CLDPTR
  -------         ENDMOD        ?C?CLDPTR

  -------         MODULE        ?C?CLDOPTR
  C:21AFH         PUBLIC        ?C?CLDOPTR
  -------         ENDMOD        ?C?CLDOPTR

  -------         MODULE        ?C?CSTPTR
  C:21DCH         PUBLIC        ?C?CSTPTR
  -------         ENDMOD        ?C?CSTPTR

  -------         MODULE        ?C?CSTOPTR
  C:21EEH         PUBLIC        ?C?CSTOPTR
  -------         ENDMOD        ?C?CSTOPTR

  -------         MODULE        ?C?IMUL
  C:2210H         PUBLIC        ?C?IMUL
  -------         ENDMOD        ?C?IMUL

  -------         MODULE        ?C?UIDIV
  C:2222H         PUBLIC        ?C?UIDIV
  -------         ENDMOD        ?C?UIDIV

  -------         MODULE        ?C?IILDX
  C:2277H         PUBLIC        ?C?IILDX
  -------         ENDMOD        ?C?IILDX

  -------         MODULE        ?C?ILDIX
  C:228DH         PUBLIC        ?C?ILDIX
  -------         ENDMOD        ?C?ILDIX

  -------         MODULE        ?C?ILDOPTR
  C:22A3H         PUBLIC        ?C?ILDOPTR
  -------         ENDMOD        ?C?ILDOPTR

  -------         MODULE        ?C?ISTPTR
  C:22DBH         PUBLIC        ?C?ISTPTR
  -------         ENDMOD        ?C?ISTPTR
BL51 BANKED LINKER/LOCATER V6.22                                                      05/17/2016  11:14:00  PAGE 75



  -------         MODULE        ?C?ISTOPTR
  C:22FAH         PUBLIC        ?C?ISTOPTR
  -------         ENDMOD        ?C?ISTOPTR

  -------         MODULE        ?C?ULCMP
  C:2327H         PUBLIC        ?C?ULCMP
  -------         ENDMOD        ?C?ULCMP

  -------         MODULE        ?C?LSHL
  C:2338H         PUBLIC        ?C?LSHL
  -------         ENDMOD        ?C?LSHL

  -------         MODULE        ?C?LLDOPTR
  C:234BH         PUBLIC        ?C?LLDOPTR
  -------         ENDMOD        ?C?LLDOPTR

  -------         MODULE        ?C?LSTXDATA
  C:237BH         PUBLIC        ?C?LSTXDATA
  -------         ENDMOD        ?C?LSTXDATA

  -------         MODULE        ?C?LSTKXDATA
  C:2387H         PUBLIC        ?C?LSTKXDATA
  -------         ENDMOD        ?C?LSTKXDATA

  -------         MODULE        ?C?OFFX256
  C:23B8H         PUBLIC        ?C?OFFX256
  -------         ENDMOD        ?C?OFFX256

  -------         MODULE        ?C?OFFXADD
  C:23C9H         PUBLIC        ?C?OFFXADD
  -------         ENDMOD        ?C?OFFXADD

  -------         MODULE        ?C?CCASE
  C:23D5H         PUBLIC        ?C?CCASE
  -------         ENDMOD        ?C?CCASE

  -------         MODULE        ?C?ICALL
  C:23FBH         PUBLIC        ?C?ICALL
  C:23FFH         PUBLIC        ?C?ICALL2
  -------         ENDMOD        ?C?ICALL

  -------         MODULE        PRINTF
  X:7B50H         PUBLIC        ?_PRINTF517?BYTE
  X:7B50H         PUBLIC        ?_PRINTF?BYTE
  X:7B50H         PUBLIC        ?_SPRINTF517?BYTE
  X:7B50H         PUBLIC        ?_SPRINTF?BYTE
  C:47EFH         PUBLIC        _PRINTF
  C:47EFH         PUBLIC        _PRINTF517
  C:47E9H         PUBLIC        _SPRINTF
  C:47E9H         PUBLIC        _SPRINTF517
  -------         ENDMOD        PRINTF

  -------         MODULE        TOINT
  C:7069H         PUBLIC        _TOINT
  -------         ENDMOD        TOINT

BL51 BANKED LINKER/LOCATER V6.22                                                      05/17/2016  11:14:00  PAGE 76


  -------         MODULE        ISXDIGIT
  C:70B7H         PUBLIC        _isxdigit
  -------         ENDMOD        ISXDIGIT

  -------         MODULE        TOUPPER
  C:714DH         PUBLIC        _toupper
  -------         ENDMOD        TOUPPER

  -------         MODULE        STRNCMP
  X:7B44H         PUBLIC        ?_strncmp?BYTE
  C:6A0FH         PUBLIC        _strncmp
  -------         ENDMOD        STRNCMP

  -------         MODULE        STRNCPY
  X:7B2EH         PUBLIC        ?_strncpy?BYTE
  C:6BF2H         PUBLIC        _strncpy
  -------         ENDMOD        STRNCPY

  -------         MODULE        STRLEN
  C:7138H         PUBLIC        _STRLEN
  -------         ENDMOD        STRLEN

  -------         MODULE        ?C?MEMSET
  C:2401H         PUBLIC        ?C?MEMSET
  -------         ENDMOD        ?C?MEMSET

  -------         MODULE        ?C?MEMCMPAMD
  C:258BH         PUBLIC        ?C?MEMCMPAMD
  -------         ENDMOD        ?C?MEMCMPAMD

  -------         MODULE        ?C?COPYAMD
  C:266BH         PUBLIC        ?C?COPYAMD
  -------         ENDMOD        ?C?COPYAMD

  -------         MODULE        ?C?STRCMPAMD
  C:27E7H         PUBLIC        ?C?STRCMPAMD
  -------         ENDMOD        ?C?STRCMPAMD

  -------         MODULE        ?C?LLDIDATA
  C:2804H         PUBLIC        ?C?LLDIDATA
  -------         ENDMOD        ?C?LLDIDATA

  -------         MODULE        ?C?LLDXDATA
  C:2810H         PUBLIC        ?C?LLDXDATA
  -------         ENDMOD        ?C?LLDXDATA

  -------         MODULE        ?C?LLDPDATA
  C:281CH         PUBLIC        ?C?LLDPDATA
  -------         ENDMOD        ?C?LLDPDATA

  -------         MODULE        ?C?LLDCODE
  C:2828H         PUBLIC        ?C?LLDCODE
  -------         ENDMOD        ?C?LLDCODE

  -------         MODULE        ?C?PLDIXDATA
  C:2838H         PUBLIC        ?C?PLDIXDATA
  -------         ENDMOD        ?C?PLDIXDATA
BL51 BANKED LINKER/LOCATER V6.22                                                      05/17/2016  11:14:00  PAGE 77



  -------         MODULE        ?C?PSTXDATA
  C:284FH         PUBLIC        ?C?PSTXDATA
  -------         ENDMOD        ?C?PSTXDATA

  -------         MODULE        PUTCHAR
  C:7090H         PUBLIC        _PUTCHAR
  -------         ENDMOD        PUTCHAR

Program Size: data=37.0 xdata=31681 code=29036
LINK/LOCATE RUN COMPLETE.  0 WARNING(S),  0 ERROR(S)
