BL51 BANKED LINKER/LOCATER V6.22                                                        04/15/2016  18:54:07  PAGE 1


BL51 BANKED LINKER/LOCATER V6.22, INVOKED BY:
D:\KEIL_V5\C51\BIN\BL51.EXE GF2488-01F1-E1-RST.obj, .\NewLib9.LIB TO citrans550f RAMSIZE (256)


MEMORY MODEL: LARGE


INPUT MODULES INCLUDED:
  GF2488-01F1-E1-RST.obj (GF2488_01F1_E1_RST)
  .\NewLib9.LIB (TIMER)
  .\NewLib9.LIB (COMM)
  .\NewLib9.LIB (DEBUG)
  .\NewLib9.LIB (HDLC)
  .\NewLib9.LIB (?C_STARTUP)
  D:\KEIL_V5\C51\LIB\C51L.LIB (?C_INIT)
  D:\KEIL_V5\C51\LIB\C51L.LIB (?C?CLDPTR)
  D:\KEIL_V5\C51\LIB\C51L.LIB (?C?CLDOPTR)
  D:\KEIL_V5\C51\LIB\C51L.LIB (?C?CSTPTR)
  D:\KEIL_V5\C51\LIB\C51L.LIB (?C?CSTOPTR)
  D:\KEIL_V5\C51\LIB\C51L.LIB (?C?IMUL)
  D:\KEIL_V5\C51\LIB\C51L.LIB (?C?UIDIV)
  D:\KEIL_V5\C51\LIB\C51L.LIB (?C?SIDIV)
  D:\KEIL_V5\C51\LIB\C51L.LIB (?C?IILDX)
  D:\KEIL_V5\C51\LIB\C51L.LIB (?C?ILDIX)
  D:\KEIL_V5\C51\LIB\C51L.LIB (?C?ILDOPTR)
  D:\KEIL_V5\C51\LIB\C51L.LIB (?C?ISTPTR)
  D:\KEIL_V5\C51\LIB\C51L.LIB (?C?ISTOPTR)
  D:\KEIL_V5\C51\LIB\C51L.LIB (?C?ULCMP)
  D:\KEIL_V5\C51\LIB\C51L.LIB (?C?LSHL)
  D:\KEIL_V5\C51\LIB\C51L.LIB (?C?LLDOPTR)
  D:\KEIL_V5\C51\LIB\C51L.LIB (?C?LSTXDATA)
  D:\KEIL_V5\C51\LIB\C51L.LIB (?C?LSTKXDATA)
  D:\KEIL_V5\C51\LIB\C51L.LIB (?C?OFFX256)
  D:\KEIL_V5\C51\LIB\C51L.LIB (?C?OFFXADD)
  D:\KEIL_V5\C51\LIB\C51L.LIB (?C?CCASE)
  D:\KEIL_V5\C51\LIB\C51L.LIB (?C?ICALL)
  D:\KEIL_V5\C51\LIB\C51L.LIB (PRINTF)
  D:\KEIL_V5\C51\LIB\C51L.LIB (TOINT)
  D:\KEIL_V5\C51\LIB\C51L.LIB (ISXDIGIT)
  D:\KEIL_V5\C51\LIB\C51L.LIB (TOUPPER)
  D:\KEIL_V5\C51\LIB\C51L.LIB (STRNCMP)
  D:\KEIL_V5\C51\LIB\C51L.LIB (STRNCPY)
  D:\KEIL_V5\C51\LIB\C51L.LIB (STRLEN)
  D:\KEIL_V5\C51\LIB\C51L.LIB (?C?MEMSET)
  D:\KEIL_V5\C51\LIB\C51L.LIB (?C?MEMCMPAMD)
  D:\KEIL_V5\C51\LIB\C51L.LIB (?C?COPYAMD)
  D:\KEIL_V5\C51\LIB\C51L.LIB (?C?STRCMPAMD)
  D:\KEIL_V5\C51\LIB\C51L.LIB (?C?LLDIDATA)
  D:\KEIL_V5\C51\LIB\C51L.LIB (?C?LLDXDATA)
  D:\KEIL_V5\C51\LIB\C51L.LIB (?C?LLDPDATA)
  D:\KEIL_V5\C51\LIB\C51L.LIB (?C?LLDCODE)
  D:\KEIL_V5\C51\LIB\C51L.LIB (?C?PLDIXDATA)
  D:\KEIL_V5\C51\LIB\C51L.LIB (?C?PSTXDATA)
  D:\KEIL_V5\C51\LIB\C51L.LIB (PUTCHAR)


LINK MAP OF MODULE:  citrans550f (GF2488_01F1_E1_RST)

BL51 BANKED LINKER/LOCATER V6.22                                                      04/15/2016  18:54:07  PAGE 2



            TYPE    BASE      LENGTH    RELOCATION   SEGMENT NAME
            -----------------------------------------------------

            * * * * * * *   D A T A   M E M O R Y   * * * * * * *
            REG     0000H     0008H     ABSOLUTE     "REG BANK 0"
            REG     0008H     0008H     ABSOLUTE     "REG BANK 1"
            REG     0010H     0008H     ABSOLUTE     "REG BANK 2"
            DATA    0018H     0007H     UNIT         _DATA_GROUP_
            DATA    001FH     0001H     UNIT         ?DT?DEBUG
            DATA    0020H     0001H     BIT_ADDR     ?BA?GF2488_01F1_E1_RST
            DATA    0021H     0001H     BIT_ADDR     ?BA?COMM
            BIT     0022H.0   0001H.1   UNIT         _BIT_GROUP_
            BIT     0023H.1   0000H.6   UNIT         ?BI?COMM
            BIT     0023H.7   0000H.1   UNIT         ?BI?DEBUG
            IDATA   0024H     0001H     UNIT         ?STACK

            * * * * * * *  X D A T A   M E M O R Y  * * * * * * *
            XDATA   0000H     2000H     ABSOLUTE     
            XDATA   2000H     56DEH     UNIT         ?XD?GF2488_01F1_E1_RST
            XDATA   76DEH     0437H     UNIT         ?XD?COMM
            XDATA   7B15H     005EH     UNIT         _XDATA_GROUP_
            XDATA   7B73H     002AH     UNIT         ?XD?DEBUG
            XDATA   7B9DH     0010H     UNIT         ?XD?TIMER
            XDATA   7BADH     000FH     UNIT         ?XD?HDLC

            * * * * * * *   C O D E   M E M O R Y   * * * * * * *
            CODE    0000H     0003H     ABSOLUTE     
            CODE    0003H     0003H     ABSOLUTE     
            CODE    0006H     0007H     UNIT         ?PR?TIMER
            CODE    000DH     0004H     UNIT         ?C_INITSEG
            CODE    0011H     0001H     UNIT         ?PR?USERFUNC?GF2488_01F1_E1_RST
                    0012H     0001H                  *** GAP ***
            CODE    0013H     0003H     ABSOLUTE     
                    0016H     000DH                  *** GAP ***
            CODE    0023H     0003H     ABSOLUTE     
                    0026H     0005H                  *** GAP ***
            CODE    002BH     0003H     ABSOLUTE     
            CODE    002EH     0E4BH     UNIT         ?PR?GETDATA?GF2488_01F1_E1_RST
            CODE    0E79H     0940H     UNIT         ?PR?PROCCMD?COMM
            CODE    17B9H     092AH     UNIT         ?PR?DEBUG?DEBUG
            CODE    20E3H     06F8H     UNIT         ?C?LIB_CODE
            CODE    27DBH     0655H     UNIT         ?PR?_CALUAS?GF2488_01F1_E1_RST
            CODE    2E30H     0590H     UNIT         ?PR?COMM
            CODE    33C0H     0580H     UNIT         ?PR?CONFSET?GF2488_01F1_E1_RST
            CODE    3940H     050FH     UNIT         ?PR?INITIOSW1021?GF2488_01F1_E1_RST
            CODE    3E4FH     0460H     UNIT         ?PR?_DOWNSOFT?COMM
            CODE    42AFH     03CCH     UNIT         ?PR?SELFCONF?GF2488_01F1_E1_RST
            CODE    467BH     0365H     UNIT         ?PR?PRINTF?PRINTF
            CODE    49E0H     02D2H     UNIT         ?PR?USERHDLC?GF2488_01F1_E1_RST
            CODE    4CB2H     024BH     UNIT         ?CO?COMM
            CODE    4EFDH     0243H     UNIT         ?PR?PROCALMDATA?COMM
            CODE    5140H     022FH     UNIT         ?CO?DEBUG
            CODE    536FH     0214H     UNIT         ?PR?SOFTUPDATE?COMM
            CODE    5583H     0211H     UNIT         ?PR?HDLCOK?HDLC
            CODE    5794H     01DFH     UNIT         ?PR?PROCHISDATA?COMM
            CODE    5973H     01CDH     UNIT         ?PR?_VERSHOW?COMM
BL51 BANKED LINKER/LOCATER V6.22                                                      04/15/2016  18:54:07  PAGE 3


            CODE    5B40H     01B9H     UNIT         ?PR?UASQUARTER?GF2488_01F1_E1_RST
            CODE    5CF9H     0118H     UNIT         ?PR?SCC1TX?HDLC
            CODE    5E11H     00FDH     UNIT         ?PR?CHECKSW1021INIT?GF2488_01F1_E1_RST
            CODE    5F0EH     00F9H     UNIT         ?PR?TIMERINTEP?TIMER
            CODE    6007H     00F8H     UNIT         ?PR?DEBUG
            CODE    60FFH     00E2H     UNIT         ?PR?UASCLEAR?GF2488_01F1_E1_RST
            CODE    61E1H     00D0H     UNIT         ?CO?GF2488_01F1_E1_RST
            CODE    62B1H     00CEH     UNIT         ?PR?MAIN?GF2488_01F1_E1_RST
            CODE    637FH     00C5H     UNIT         ?PR?SCC2INTEP?DEBUG
            CODE    6444H     00BEH     UNIT         ?PR?_WRITEEXPECTJ2?GF2488_01F1_E1_RST
            CODE    6502H     00BDH     UNIT         ?C_C51STARTUP
            CODE    65BFH     00AFH     UNIT         ?PR?_WRITETXJ2?GF2488_01F1_E1_RST
            CODE    666EH     00AFH     UNIT         ?PR?_READBCTHEAD?COMM
            CODE    671DH     00A7H     UNIT         ?PR?HDLC
            CODE    67C4H     0088H     UNIT         ?PR?COPYFLASH?COMM
            CODE    684CH     0087H     UNIT         ?PR?_STRNCMP?STRNCMP
            CODE    68D3H     0083H     UNIT         ?PR?_READFPGAHEAD?COMM
            CODE    6956H     006EH     UNIT         ?PR?_PROGBAKFLASH?COMM
            CODE    69C4H     006BH     UNIT         ?PR?RAMTEST?COMM
            CODE    6A2FH     0068H     UNIT         ?PR?_STRNCPY?STRNCPY
            CODE    6A97H     0066H     UNIT         ?PR?COMMVARINIT?COMM
            CODE    6AFDH     0065H     UNIT         ?PR?_PROGRAM_ONE_BYTE?COMM
            CODE    6B62H     005CH     UNIT         ?PR?_PROGRAMAPROM?COMM
            CODE    6BBEH     005CH     UNIT         ?PR?SCC1INIT?HDLC
            CODE    6C1AH     005BH     UNIT         ?PR?_CHECK_SST_39VF?COMM
            CODE    6C75H     0056H     UNIT         ?PR?_MEMCRC?COMM
            CODE    6CCBH     0050H     UNIT         ?PR?_CRCCCITT?COMM
            CODE    6D1BH     0044H     UNIT         ?PR?SCC2INIT?DEBUG
            CODE    6D5FH     003DH     UNIT         ?PR?JUMPTOAUX?COMM
            CODE    6D9CH     003AH     UNIT         ?PR?ISPINIT?COMM
            CODE    6DD6H     0039H     UNIT         ?PR?TIMERINIT?TIMER
            CODE    6E0FH     0038H     UNIT         ?PR?_ERASEFLASH?COMM
            CODE    6E47H     0035H     UNIT         ?PR?HDLCERR?HDLC
            CODE    6E7CH     002AH     UNIT         ?PR?BOOTINIT?COMM
            CODE    6EA6H     0027H     UNIT         ?PR?TOINT?TOINT
            CODE    6ECDH     0027H     UNIT         ?PR?PUTCHAR?PUTCHAR
            CODE    6EF4H     0026H     UNIT         ?PR?_ISXDIGIT?ISXDIGIT
            CODE    6F1AH     0024H     UNIT         ?PR?_DELAY?TIMER
            CODE    6F3EH     0020H     UNIT         ?PR?_ERASEAPROM?COMM
            CODE    6F5EH     0017H     UNIT         ?PR?RESET?COMM
            CODE    6F75H     0015H     UNIT         ?PR?_STRLEN?STRLEN
            CODE    6F8AH     0011H     UNIT         ?PR?_TOUPPER?TOUPPER
            CODE    6F9BH     0010H     UNIT         ?PR?TXDATA?DEBUG
            CODE    6FABH     0010H     UNIT         ?PR?SCC1HARDINIT?HDLC



OVERLAY MAP OF MODULE:   citrans550f (GF2488_01F1_E1_RST)


SEGMENT                                           BIT_GROUP          DATA_GROUP          XDATA_GROUP
  +--> CALLED SEGMENT                          START    LENGTH     START    LENGTH     START    LENGTH
------------------------------------------------------------------------------------------------------
?PR?TIMERINTEP?TIMER                           -----    -----      -----    -----      -----    -----
  +--> ?PR?TIMER
  +--> ?PR?SCC1HARDINIT?HDLC
  +--> ?PR?USERFUNC?GF2488_01F1_E1_RST
BL51 BANKED LINKER/LOCATER V6.22                                                      04/15/2016  18:54:07  PAGE 4



*** NEW ROOT ***************************************************

?PR?SCC2INTEP?DEBUG                            -----    -----      -----    -----      -----    -----
  +--> ?PR?_TOUPPER?TOUPPER
  +--> ?PR?DEBUG

?PR?DEBUG                                      -----    -----      -----    -----      -----    -----
  +--> ?CO?DEBUG

*** NEW ROOT ***************************************************

?PR?HDLCOK?HDLC                                -----    -----      -----    -----      -----    -----
  +--> ?PR?HDLC
  +--> ?PR?PROCCMD?COMM
  +--> ?PR?SCC1TX?HDLC

?PR?PROCCMD?COMM                               -----    -----      -----    -----      7B15H    000CH
  +--> ?PR?COMM
  +--> ?CO?COMM
  +--> ?PR?_STRLEN?STRLEN
  +--> ?CO?GF2488_01F1_E1_RST
  +--> ?PR?_READBCTHEAD?COMM
  +--> ?PR?_READFPGAHEAD?COMM
  +--> ?PR?_DOWNSOFT?COMM
  +--> ?PR?USERHDLC?GF2488_01F1_E1_RST
  +--> ?PR?_VERSHOW?COMM

?PR?COMM                                       -----    -----      -----    -----      -----    -----
  +--> ?CO?GF2488_01F1_E1_RST
  +--> ?CO?COMM

?PR?_READBCTHEAD?COMM                          -----    -----      -----    -----      7B26H    0003H
  +--> ?PR?COMM
  +--> ?CO?GF2488_01F1_E1_RST
  +--> ?PR?_STRNCPY?STRNCPY

?PR?_STRNCPY?STRNCPY                           -----    -----      -----    -----      7B29H    000AH

?PR?_READFPGAHEAD?COMM                         -----    -----      -----    -----      7B26H    0006H
  +--> ?PR?COMM

?PR?_DOWNSOFT?COMM                             -----    -----      -----    -----      7B21H    0005H
  +--> ?PR?COMM
  +--> ?PR?_READBCTHEAD?COMM
  +--> ?PR?_READFPGAHEAD?COMM
  +--> ?PR?_CRCCCITT?COMM

?PR?_CRCCCITT?COMM                             -----    -----      -----    -----      7B26H    0007H
  +--> ?PR?COMM

?PR?USERHDLC?GF2488_01F1_E1_RST                -----    -----      -----    -----      7B21H    0006H

?PR?_VERSHOW?COMM                              -----    -----      -----    -----      7B21H    0008H
  +--> ?PR?COMM
  +--> ?CO?COMM
  +--> ?PR?_STRLEN?STRLEN
BL51 BANKED LINKER/LOCATER V6.22                                                      04/15/2016  18:54:07  PAGE 5



?PR?SCC1TX?HDLC                                -----    -----      0018H    0002H      7B15H    0002H
  +--> ?PR?HDLC

*** NEW ROOT ***************************************************

?PR?HDLCERR?HDLC                               -----    -----      -----    -----      -----    -----
  +--> ?PR?HDLC

*** NEW ROOT ***************************************************

?C_C51STARTUP                                  -----    -----      -----    -----      -----    -----
  +--> ?PR?BOOTINIT?COMM
  +--> ?PR?MAIN?GF2488_01F1_E1_RST
  +--> ?C_INITSEG

?PR?BOOTINIT?COMM                              -----    -----      -----    -----      -----    -----
  +--> ?PR?COMM
  +--> ?PR?RAMTEST?COMM
  +--> ?PR?COMMVARINIT?COMM
  +--> ?PR?ISPINIT?COMM
  +--> ?PR?SCC2INIT?DEBUG
  +--> ?PR?SCC1INIT?HDLC
  +--> ?PR?TIMERINIT?TIMER

?PR?RAMTEST?COMM                               -----    -----      001AH    0002H      -----    -----
  +--> ?PR?COMM
  +--> ?PR?RESET?COMM

?PR?COMMVARINIT?COMM                           -----    -----      -----    -----      -----    -----
  +--> ?PR?COMM

?PR?SCC2INIT?DEBUG                             -----    -----      -----    -----      -----    -----
  +--> ?PR?DEBUG

?PR?MAIN?GF2488_01F1_E1_RST                    -----    -----      -----    -----      7B33H    0002H
  +--> ?PR?SELFCONF?GF2488_01F1_E1_RST
  +--> ?PR?CHECKSW1021INIT?GF2488_01F1_E1_RST
  +--> ?PR?INITIOSW1021?GF2488_01F1_E1_RST
  +--> ?PR?CONFSET?GF2488_01F1_E1_RST
  +--> ?PR?GETDATA?GF2488_01F1_E1_RST
  +--> ?PR?PROCALMDATA?COMM
  +--> ?PR?UASQUARTER?GF2488_01F1_E1_RST
  +--> ?PR?PROCHISDATA?COMM
  +--> ?PR?DEBUG?DEBUG

?PR?SELFCONF?GF2488_01F1_E1_RST                -----    -----      -----    -----      7B35H    0016H
  +--> ?CO?GF2488_01F1_E1_RST
  +--> ?PR?PRINTF?PRINTF

?PR?PRINTF?PRINTF                              0022H.0  0001H.1    001AH    0005H      7B4BH    0028H
  +--> ?PR?PUTCHAR?PUTCHAR

?PR?CHECKSW1021INIT?GF2488_01F1_E1_RST         -----    -----      -----    -----      7B35H    0004H

?PR?INITIOSW1021?GF2488_01F1_E1_RST            -----    -----      -----    -----      7B35H    0006H
  +--> ?PR?_DELAY?TIMER
BL51 BANKED LINKER/LOCATER V6.22                                                      04/15/2016  18:54:07  PAGE 6


  +--> ?CO?GF2488_01F1_E1_RST
  +--> ?PR?_WRITETXJ2?GF2488_01F1_E1_RST
  +--> ?PR?_WRITEEXPECTJ2?GF2488_01F1_E1_RST

?PR?_DELAY?TIMER                               -----    -----      -----    -----      -----    -----
  +--> ?PR?TIMER

?PR?_WRITETXJ2?GF2488_01F1_E1_RST              -----    -----      -----    -----      7B3FH    0009H

?PR?_WRITEEXPECTJ2?GF2488_01F1_E1_RST          -----    -----      -----    -----      7B3FH    0009H

?PR?CONFSET?GF2488_01F1_E1_RST                 -----    -----      -----    -----      7B39H    0006H
  +--> ?CO?GF2488_01F1_E1_RST
  +--> ?PR?_DELAY?TIMER
  +--> ?PR?_WRITETXJ2?GF2488_01F1_E1_RST
  +--> ?PR?_WRITEEXPECTJ2?GF2488_01F1_E1_RST

?PR?GETDATA?GF2488_01F1_E1_RST                 -----    -----      -----    -----      7B35H    0014H
  +--> ?PR?_DELAY?TIMER
  +--> ?PR?UASCLEAR?GF2488_01F1_E1_RST
  +--> ?PR?_CALUAS?GF2488_01F1_E1_RST

?PR?_CALUAS?GF2488_01F1_E1_RST                 -----    -----      -----    -----      7B49H    0004H

?PR?PROCALMDATA?COMM                           -----    -----      -----    -----      7B35H    0004H
  +--> ?PR?RESET?COMM
  +--> ?CO?GF2488_01F1_E1_RST
  +--> ?PR?_MEMCRC?COMM
  +--> ?PR?COMM
  +--> ?PR?CONFSET?GF2488_01F1_E1_RST
  +--> ?PR?SOFTUPDATE?COMM

?PR?_MEMCRC?COMM                               -----    -----      -----    -----      7B39H    0007H
  +--> ?PR?COMM

?PR?SOFTUPDATE?COMM                            -----    -----      -----    -----      7B39H    000AH
  +--> ?PR?_ERASEFLASH?COMM
  +--> ?PR?COMM
  +--> ?PR?COPYFLASH?COMM
  +--> ?PR?RESET?COMM
  +--> ?PR?_CHECK_SST_39VF?COMM
  +--> ?PR?_PROGBAKFLASH?COMM
  +--> ?PR?_ERASEAPROM?COMM
  +--> ?PR?_PROGRAMAPROM?COMM
  +--> ?PR?JUMPTOAUX?COMM

?PR?_ERASEFLASH?COMM                           -----    -----      -----    -----      -----    -----
  +--> ?PR?COMM
  +--> ?PR?_DELAY?TIMER

?PR?COPYFLASH?COMM                             -----    -----      -----    -----      7B43H    0009H
  +--> ?PR?COMM
  +--> ?PR?_PROGRAM_ONE_BYTE?COMM

?PR?_PROGRAM_ONE_BYTE?COMM                     -----    -----      -----    -----      7B4EH    0006H
  +--> ?PR?COMM

BL51 BANKED LINKER/LOCATER V6.22                                                      04/15/2016  18:54:07  PAGE 7


?PR?_CHECK_SST_39VF?COMM                       -----    -----      -----    -----      -----    -----
  +--> ?PR?COMM

?PR?_PROGBAKFLASH?COMM                         -----    -----      -----    -----      7B43H    000BH
  +--> ?PR?COMM
  +--> ?PR?_PROGRAM_ONE_BYTE?COMM

?PR?_PROGRAMAPROM?COMM                         -----    -----      -----    -----      7B43H    0007H

?PR?PROCHISDATA?COMM                           -----    -----      -----    -----      -----    -----
  +--> ?PR?COMM
  +--> ?CO?GF2488_01F1_E1_RST
  +--> ?PR?RESET?COMM
  +--> ?PR?_MEMCRC?COMM

?PR?DEBUG?DEBUG                                -----    -----      -----    -----      7B35H    000AH
  +--> ?PR?DEBUG
  +--> ?CO?DEBUG
  +--> ?PR?_DELAY?TIMER
  +--> ?PR?JUMPTOAUX?COMM
  +--> ?PR?PRINTF?PRINTF
  +--> ?PR?TOINT?TOINT
  +--> ?PR?_ISXDIGIT?ISXDIGIT
  +--> ?CO?GF2488_01F1_E1_RST
  +--> ?CO?COMM
  +--> ?PR?_STRNCMP?STRNCMP
  +--> ?PR?RESET?COMM
  +--> ?PR?_CHECK_SST_39VF?COMM
  +--> ?PR?TXDATA?DEBUG

?PR?_STRNCMP?STRNCMP                           -----    -----      -----    -----      7B3FH    0008H

?PR?TXDATA?DEBUG                               -----    -----      -----    -----      -----    -----
  +--> ?PR?DEBUG



SYMBOL TABLE OF MODULE:  citrans550f (GF2488_01F1_E1_RST)

  VALUE           TYPE          NAME
  ----------------------------------

  -------         MODULE        GF2488_01F1_E1_RST
  C:0000H         SYMBOL        _ICE_DUMMY_
  C:61F4H         PUBLIC        g_usAlmNum
  B:0020H.7       PUBLIC        IO15
  C:3940H         PUBLIC        InitioSw1021
  D:0090H         PUBLIC        P1
  D:00B0H         PUBLIC        P3
  C:5E11H         SYMBOL        checkSW1021Init
  C:61F3H         PUBLIC        g_ucBoardCode
  X:2000H         PUBLIC        g_ucNoUseFlag
  D:00A8H         PUBLIC        IE
  X:203FH         PUBLIC        N1000
  X:20BDH         PUBLIC        ulSesLimit
  X:20BFH         PUBLIC        g_usiNoEs
  X:213DH         PUBLIC        g_usiNoUseBbe
BL51 BANKED LINKER/LOCATER V6.22                                                      04/15/2016  18:54:07  PAGE 8


  C:5B40H         PUBLIC        UasQuarter
  C:61F2H         PUBLIC        g_ucAlmTypeNum
  C:42AFH         PUBLIC        SelfConf
  C:60FFH         PUBLIC        UasClear
  C:6444H         SYMBOL        _writeExpectJ2
  D:00B8H         PUBLIC        IP
  C:002EH         PUBLIC        GetData
  X:21BBH         PUBLIC        ulEsLimit
  C:49E0H         PUBLIC        UserHdlc
  C:625CH         PUBLIC        SoftDate
  X:21BDH         PUBLIC        g_ucNoUseTime
  C:61F6H         PUBLIC        g_usPmNum
  X:21FCH         PUBLIC        g_usiBbe
  X:227AH         PUBLIC        g_ucState
  X:23CCH         PUBLIC        g_ucConfData
  C:62B1H         PUBLIC        main
  C:623EH         PUBLIC        PcbTime
  X:2DCCH         PUBLIC        g_ucLineCode
  X:2E0CH         PUBLIC        g_usiCses
  C:620BH         PUBLIC        BoardSn
  C:0011H         PUBLIC        UserFunc
  C:6268H         PUBLIC        SoftTime
  X:2E8AH         PUBLIC        first_conf
  D:0088H         PUBLIC        TCON
  C:33C0H         PUBLIC        ConfSet
  C:61F1H         PUBLIC        g_ucPmTypeNum
  X:2E8BH         PUBLIC        sw1021Chip
  C:6249H         PUBLIC        BoardSoftVer
  X:2E8DH         PUBLIC        g_ucAlmCode
  X:2E9CH         PUBLIC        g_ucLineMask
  C:27DBH         PUBLIC        _CalUas
  X:2EDCH         PUBLIC        ulSesLmt
  X:2FD8H         PUBLIC        g_bClearUas
  X:2FD9H         PUBLIC        g_ucLofFlag
  X:3018H         PUBLIC        g_stuAlm
  D:0020H         PUBLIC        hio
  C:6271H         PUBLIC        slot
  C:61F9H         PUBLIC        SysName
  X:6576H         PUBLIC        g_usiOfs
  X:65F4H         PUBLIC        g_usiUas
  X:6672H         PUBLIC        actnumber
  X:6673H         PUBLIC        g_usiSes
  X:66F1H         PUBLIC        almnumber
  B:0090H.2       PUBLIC        IO2
  X:66F2H         PUBLIC        g_ucAlmMask
  C:621BH         PUBLIC        SoftVer
  B:0090H.5       PUBLIC        IO5
  B:0090H.6       PUBLIC        IO6
  B:0090H.7       PUBLIC        IO7
  X:6701H         PUBLIC        g_liError1s
  B:0020H.0       PUBLIC        IO8
  B:0020H.1       PUBLIC        IO9
  X:67FDH         PUBLIC        BIP_2_1S
  X:687BH         PUBLIC        g_usiEs
  D:00E8H         PUBLIC        EIE
  C:61EFH         PUBLIC        g_usStateLen
  C:622EH         PUBLIC        PcbSn
BL51 BANKED LINKER/LOCATER V6.22                                                      04/15/2016  18:54:07  PAGE 9


  C:61EDH         PUBLIC        g_usConfLen
  X:68F9H         PUBLIC        BIP
  X:6977H         PUBLIC        g_ucPmCode
  C:61F8H         PUBLIC        g_ucLineNum
  D:00F8H         PUBLIC        EIP
  X:697EH         PUBLIC        g_ucUseTime
  X:69BDH         PUBLIC        g_ucAlmType
  X:69CCH         PUBLIC        BIP_2_1000S
  X:6A4AH         PUBLIC        g_stuPm
  D:0098H         PUBLIC        SCON0
  D:00C0H         PUBLIC        SCON1
  D:00C8H         PUBLIC        T2CON
  X:74A0H         PUBLIC        g_ucEsTime
  X:74DFH         PUBLIC        g_ucDefectFlag
  X:751EH         PUBLIC        g_ucPmMask
  C:6204H         PUBLIC        BoardName
  C:65BFH         SYMBOL        _writeTxJ2
  X:7525H         PUBLIC        g_ucLinePmMask
  B:0020H.2       PUBLIC        IO10
  B:0020H.3       PUBLIC        IO11
  D:00D0H         PUBLIC        PSW
  B:0020H.4       PUBLIC        IO12
  B:0020H.5       PUBLIC        IO13
  D:00D8H         PUBLIC        WDCON
  B:0020H.6       PUBLIC        IO14
  -------         PROC          _CALUAS
  X:7B49H         SYMBOL        ulSesLmt
  -------         DO            
  X:7B4CH         SYMBOL        i
  -------         ENDDO         
  C:27DBH         LINE#         65
  C:27E6H         LINE#         66
  C:27E6H         LINE#         70
  C:27F6H         LINE#         71
  C:27F6H         LINE#         72
  C:2806H         LINE#         73
  C:2806H         LINE#         74
  C:285EH         LINE#         75
  C:285EH         LINE#         77
  C:289AH         LINE#         78
  C:28A6H         LINE#         79
  C:28B2H         LINE#         80
  C:28C2H         LINE#         81
  C:28D2H         LINE#         82
  C:28D5H         LINE#         84
  C:28D5H         LINE#         85
  C:28FFH         LINE#         86
  C:28FFH         LINE#         87
  C:2910H         LINE#         89
  C:292CH         LINE#         91
  C:292CH         LINE#         92
  C:2955H         LINE#         93
  C:2996H         LINE#         94
  C:2996H         LINE#         95
  C:2998H         LINE#         96
  C:29A8H         LINE#         97
  C:29D6H         LINE#         98
BL51 BANKED LINKER/LOCATER V6.22                                                      04/15/2016  18:54:07  PAGE 10


  C:29D6H         LINE#         99
  C:29E6H         LINE#         101
  C:2A08H         LINE#         103
  C:2A26H         LINE#         105
  C:2A49H         LINE#         106
  C:2A84H         LINE#         107
  C:2A98H         LINE#         108
  C:2AA4H         LINE#         109
  C:2AACH         LINE#         110
  C:2AACH         LINE#         111
  C:2AACH         LINE#         112
  C:2AAFH         LINE#         114
  C:2AAFH         LINE#         116
  C:2B0BH         LINE#         117
  C:2B0BH         LINE#         118
  C:2B21H         LINE#         119
  C:2B21H         LINE#         120
  C:2B32H         LINE#         122
  C:2B50H         LINE#         123
  C:2B5CH         LINE#         124
  C:2B5CH         LINE#         126
  C:2B8EH         LINE#         127
  C:2B91H         LINE#         129
  C:2B91H         LINE#         130
  C:2BBBH         LINE#         131
  C:2BBBH         LINE#         132
  C:2BD2H         LINE#         133
  C:2BE9H         LINE#         135
  C:2BE9H         LINE#         136
  C:2C12H         LINE#         137
  C:2C53H         LINE#         138
  C:2C53H         LINE#         139
  C:2C55H         LINE#         140
  C:2C6BH         LINE#         142
  C:2C8DH         LINE#         143
  C:2CAFH         LINE#         144
  C:2CD8H         LINE#         145
  C:2CE7H         LINE#         147
  C:2CE7H         LINE#         149
  C:2CE7H         LINE#         151
  C:2CF7H         LINE#         152
  C:2D0CH         LINE#         154
  C:2D3BH         LINE#         155
  C:2D6AH         LINE#         156
  C:2D99H         LINE#         157
  C:2DC8H         LINE#         158
  C:2DF7H         LINE#         159
  C:2E26H         LINE#         161
  C:2E2FH         LINE#         163
  -------         ENDPROC       _CALUAS
  -------         PROC          UASCLEAR
  -------         DO            
  D:0007H         SYMBOL        i
  -------         ENDDO         
  C:60FFH         LINE#         165
  C:60FFH         LINE#         166
  C:60FFH         LINE#         169
BL51 BANKED LINKER/LOCATER V6.22                                                      04/15/2016  18:54:07  PAGE 11


  C:6108H         LINE#         170
  C:6108H         LINE#         171
  C:610AH         LINE#         172
  C:610AH         LINE#         173
  C:6116H         LINE#         174
  C:6122H         LINE#         175
  C:612EH         LINE#         176
  C:613AH         LINE#         177
  C:6146H         LINE#         178
  C:6152H         LINE#         179
  C:6162H         LINE#         180
  C:6172H         LINE#         181
  C:6182H         LINE#         182
  C:6192H         LINE#         183
  C:61A2H         LINE#         184
  C:61B2H         LINE#         185
  C:61C2H         LINE#         186
  C:61D2H         LINE#         188
  C:61DBH         LINE#         189
  C:61E0H         LINE#         190
  C:61E0H         LINE#         191
  -------         ENDPROC       UASCLEAR
  -------         PROC          UASQUARTER
  -------         DO            
  D:0007H         SYMBOL        i
  -------         ENDDO         
  C:5B40H         LINE#         208
  C:5B40H         LINE#         209
  C:5B40H         LINE#         211
  C:5B42H         LINE#         212
  C:5B42H         LINE#         213
  C:5B4FH         LINE#         214
  C:5B4FH         LINE#         215
  C:5B5BH         LINE#         217
  C:5B84H         LINE#         218
  C:5B86H         LINE#         220
  C:5B86H         LINE#         221
  C:5BA4H         LINE#         222
  C:5BC2H         LINE#         223
  C:5BE7H         LINE#         225
  C:5BE7H         LINE#         227
  C:5C12H         LINE#         228
  C:5C3DH         LINE#         229
  C:5C68H         LINE#         230
  C:5C93H         LINE#         231
  C:5CBEH         LINE#         232
  C:5CE9H         LINE#         234
  C:5CF2H         LINE#         235
  C:5CF8H         LINE#         236
  -------         ENDPROC       UASQUARTER
  -------         PROC          _WRITETXJ2
  D:0001H         SYMBOL        chip
  X:7B40H         SYMBOL        witchJ2
  D:0003H         SYMBOL        Slot
  X:7B42H         SYMBOL        j2
  X:7B43H         SYMBOL        busB
  -------         DO            
BL51 BANKED LINKER/LOCATER V6.22                                                      04/15/2016  18:54:07  PAGE 12


  X:7B44H         SYMBOL        copOk
  D:0004H         SYMBOL        busBase
  X:7B46H         SYMBOL        i
  -------         ENDDO         
  C:65BFH         LINE#         97
  C:65C6H         LINE#         98
  C:65C6H         LINE#         99
  C:65CDH         LINE#         100
  C:65D0H         LINE#         101
  C:65D6H         LINE#         102
  C:65DCH         LINE#         103
  C:65DEH         LINE#         105
  C:65FCH         LINE#         106
  C:660DH         LINE#         107
  C:662AH         LINE#         108
  C:6634H         LINE#         109
  C:6657H         LINE#         110
  C:6665H         LINE#         111
  C:666CH         LINE#         112
  C:666DH         LINE#         115
  -------         ENDPROC       _WRITETXJ2
  -------         PROC          _WRITEEXPECTJ2
  D:0001H         SYMBOL        chip
  X:7B40H         SYMBOL        witchJ2
  D:0003H         SYMBOL        Slot
  X:7B42H         SYMBOL        j2
  X:7B43H         SYMBOL        busB
  -------         DO            
  X:7B44H         SYMBOL        copOk
  D:0004H         SYMBOL        busBase
  X:7B46H         SYMBOL        i
  -------         ENDDO         
  C:6444H         LINE#         117
  C:644BH         LINE#         118
  C:644BH         LINE#         119
  C:6452H         LINE#         120
  C:6455H         LINE#         121
  C:645BH         LINE#         122
  C:6461H         LINE#         123
  C:6463H         LINE#         125
  C:6481H         LINE#         126
  C:64A1H         LINE#         127
  C:64BEH         LINE#         128
  C:64C8H         LINE#         129
  C:64EBH         LINE#         130
  C:64F9H         LINE#         131
  C:6500H         LINE#         132
  C:6501H         LINE#         135
  -------         ENDPROC       _WRITEEXPECTJ2
  -------         PROC          GETDATA
  -------         DO            
  X:7B35H         SYMBOL        i
  X:7B36H         SYMBOL        m
  X:7B37H         SYMBOL        n
  X:7B38H         SYMBOL        mi
  X:7B39H         SYMBOL        ni
  D:0007H         SYMBOL        tmp
BL51 BANKED LINKER/LOCATER V6.22                                                      04/15/2016  18:54:07  PAGE 13


  X:7B3AH         SYMBOL        ADCLK
  X:7B3BH         SYMBOL        PPILOS
  X:7B3CH         SYMBOL        TULOP
  X:7B3DH         SYMBOL        LPSLM
  X:7B3EH         SYMBOL        LPTIM
  X:7B3FH         SYMBOL        LPTIU
  X:7B40H         SYMBOL        LPRDI
  X:7B41H         SYMBOL        LPRFI
  X:7B42H         SYMBOL        LPUNEQ
  X:7B43H         SYMBOL        TUAIS
  X:7B44H         SYMBOL        PPIAIS
  X:7B45H         SYMBOL        LOOP
  X:7B46H         SYMBOL        LOOPL
  D:0001H         SYMBOL        tv5
  X:7B47H         SYMBOL        LPFEBE
  D:0006H         SYMBOL        HDB3
  -------         ENDDO         
  C:002EH         LINE#         150
  C:002EH         LINE#         151
  C:002EH         LINE#         155
  C:0033H         LINE#         156
  C:0037H         LINE#         157
  C:0040H         LINE#         158
  C:0051H         LINE#         159
  C:0051H         LINE#         161
  C:005EH         LINE#         162
  C:005EH         LINE#         163
  C:006EH         LINE#         165
  C:0084H         LINE#         167
  C:0087H         LINE#         169
  C:0087H         LINE#         170
  C:0093H         LINE#         171
  C:009CH         LINE#         172
  C:00A9H         LINE#         173
  C:00AEH         LINE#         175
  C:00C1H         LINE#         177
  C:00CDH         LINE#         178
  C:00DFH         LINE#         180
  C:00EEH         LINE#         182
  C:0104H         LINE#         184
  C:011AH         LINE#         185
  C:014CH         LINE#         186
  C:0152H         LINE#         187
  C:0159H         LINE#         201
  C:0165H         LINE#         202
  C:016BH         LINE#         203
  C:0172H         LINE#         204
  C:0179H         LINE#         205
  C:017EH         LINE#         206
  C:0183H         LINE#         207
  C:0188H         LINE#         208
  C:018DH         LINE#         209
  C:0192H         LINE#         212
  C:01A8H         LINE#         213
  C:0230H         LINE#         215
  C:0264H         LINE#         216
  C:02B3H         LINE#         218
BL51 BANKED LINKER/LOCATER V6.22                                                      04/15/2016  18:54:07  PAGE 14


  C:02BEH         LINE#         220
  C:02C4H         LINE#         221
  C:02CBH         LINE#         223
  C:02FDH         LINE#         224
  C:02FDH         LINE#         225
  C:0312H         LINE#         226
  C:0328H         LINE#         228
  C:0328H         LINE#         229
  C:0343H         LINE#         230
  C:0349H         LINE#         231
  C:0349H         LINE#         233
  C:037CH         LINE#         234
  C:038DH         LINE#         236
  C:0392H         LINE#         237
  C:03C4H         LINE#         239
  C:03C6H         LINE#         240
  C:03D6H         LINE#         241
  C:03D6H         LINE#         243
  C:03D8H         LINE#         245
  C:03D8H         LINE#         246
  C:03EDH         LINE#         247
  C:0406H         LINE#         248
  C:041BH         LINE#         249
  C:041BH         LINE#         252
  C:0439H         LINE#         253
  C:044AH         LINE#         254
  C:0468H         LINE#         255
  C:0479H         LINE#         256
  C:047FH         LINE#         257
  C:047FH         LINE#         258
  C:0494H         LINE#         259
  C:04A5H         LINE#         260
  C:04B6H         LINE#         262
  C:04BAH         LINE#         263
  C:04BDH         LINE#         265
  C:04BDH         LINE#         266
  C:04DAH         LINE#         267
  C:04EBH         LINE#         268
  C:0508H         LINE#         269
  C:0519H         LINE#         270
  C:0536H         LINE#         271
  C:0547H         LINE#         275
  C:0564H         LINE#         276
  C:0575H         LINE#         277
  C:0575H         LINE#         278
  C:0592H         LINE#         279
  C:05A3H         LINE#         280
  C:05C0H         LINE#         281
  C:05D1H         LINE#         282
  C:0615H         LINE#         283
  C:0635H         LINE#         284
  C:064EH         LINE#         285
  C:064EH         LINE#         287
  C:0682H         LINE#         289
  C:06BDH         LINE#         290
  C:06CEH         LINE#         291
  C:06CEH         LINE#         293
BL51 BANKED LINKER/LOCATER V6.22                                                      04/15/2016  18:54:07  PAGE 15


  C:06F7H         LINE#         294
  C:06FDH         LINE#         296
  C:0730H         LINE#         297
  C:075BH         LINE#         298
  C:075BH         LINE#         299
  C:075FH         LINE#         300
  C:0772H         LINE#         301
  C:0774H         LINE#         303
  C:0774H         LINE#         304
  C:0778H         LINE#         305
  C:07AEH         LINE#         306
  C:07AEH         LINE#         307
  C:07AEH         LINE#         308
  C:07B7H         LINE#         310
  C:07BCH         LINE#         311
  C:07BCH         LINE#         312
  C:07C8H         LINE#         313
  C:07D1H         LINE#         314
  C:07E4H         LINE#         318
  C:082CH         LINE#         321
  C:0836H         LINE#         322
  C:083BH         LINE#         323
  C:086BH         LINE#         324
  C:088FH         LINE#         327
  C:08B8H         LINE#         331
  C:08C6H         LINE#         335
  C:08D0H         LINE#         336
  C:08D6H         LINE#         339
  C:08DCH         LINE#         340
  C:08DCH         LINE#         341
  C:08E1H         LINE#         342
  C:08E5H         LINE#         343
  C:08F0H         LINE#         344
  C:08F2H         LINE#         345
  C:0904H         LINE#         346
  C:0904H         LINE#         347
  C:0911H         LINE#         348
  C:091EH         LINE#         349
  C:0926H         LINE#         350
  C:0926H         LINE#         351
  C:092FH         LINE#         352
  C:092FH         LINE#         353
  C:093DH         LINE#         354
  C:093DH         LINE#         355
  C:095BH         LINE#         356
  C:095BH         LINE#         357
  C:096CH         LINE#         358
  C:0979H         LINE#         359
  C:097BH         LINE#         361
  C:097BH         LINE#         362
  C:098BH         LINE#         363
  C:0997H         LINE#         364
  C:0997H         LINE#         365
  C:099FH         LINE#         366
  C:09A5H         LINE#         367
  C:09A9H         LINE#         368
  C:09AFH         LINE#         369
BL51 BANKED LINKER/LOCATER V6.22                                                      04/15/2016  18:54:07  PAGE 16


  C:09AFH         LINE#         371
  C:09B2H         LINE#         374
  C:09B8H         LINE#         375
  C:09B8H         LINE#         376
  C:09BEH         LINE#         377
  C:09C3H         LINE#         378
  C:09C3H         LINE#         380
  C:09CCH         LINE#         381
  C:09CCH         LINE#         382
  C:09D5H         LINE#         384
  C:09E7H         LINE#         385
  C:09E7H         LINE#         386
  C:0A0DH         LINE#         387
  C:0A36H         LINE#         388
  C:0A5FH         LINE#         389
  C:0A86H         LINE#         390
  C:0A96H         LINE#         392
  C:0AA3H         LINE#         395
  C:0ACCH         LINE#         396
  C:0AF5H         LINE#         400
  C:0B1DH         LINE#         401
  C:0B1DH         LINE#         402
  C:0B32H         LINE#         403
  C:0B3CH         LINE#         404
  C:0B3FH         LINE#         406
  C:0B3FH         LINE#         407
  C:0B65H         LINE#         408
  C:0B8CH         LINE#         409
  C:0BA0H         LINE#         410
  C:0BC1H         LINE#         411
  C:0BC1H         LINE#         412
  C:0BC1H         LINE#         413
  C:0BDAH         LINE#         414
  C:0BE3H         LINE#         415
  C:0BEFH         LINE#         416
  C:0BEFH         LINE#         417
  C:0BF1H         LINE#         419
  C:0BF1H         LINE#         420
  C:0C0EH         LINE#         421
  C:0C23H         LINE#         422
  C:0C2FH         LINE#         423
  C:0C43H         LINE#         424
  C:0C46H         LINE#         426
  C:0C46H         LINE#         429
  C:0C70H         LINE#         430
  C:0C70H         LINE#         431
  C:0C8DH         LINE#         432
  C:0CA1H         LINE#         433
  C:0CAAH         LINE#         434
  C:0CBEH         LINE#         435
  C:0CD2H         LINE#         436
  C:0CDCH         LINE#         437
  C:0CDFH         LINE#         442
  C:0CDFH         LINE#         445
  C:0D03H         LINE#         446
  C:0D03H         LINE#         447
  C:0D20H         LINE#         448
BL51 BANKED LINKER/LOCATER V6.22                                                      04/15/2016  18:54:07  PAGE 17


  C:0D34H         LINE#         449
  C:0D3DH         LINE#         450
  C:0D51H         LINE#         451
  C:0D65H         LINE#         452
  C:0D6FH         LINE#         453
  C:0D72H         LINE#         454
  C:0D72H         LINE#         455
  C:0D75H         LINE#         457
  C:0D75H         LINE#         460
  C:0D91H         LINE#         461
  C:0D91H         LINE#         462
  C:0DAAH         LINE#         463
  C:0DC1H         LINE#         464
  C:0DCAH         LINE#         465
  C:0DDEH         LINE#         466
  C:0DF2H         LINE#         467
  C:0E02H         LINE#         468
  C:0E04H         LINE#         470
  C:0E1AH         LINE#         471
  C:0E1AH         LINE#         472
  C:0E1AH         LINE#         473
  C:0E1AH         LINE#         477
  C:0E23H         LINE#         479
  C:0E28H         LINE#         481
  C:0E28H         LINE#         497
  C:0E2EH         LINE#         501
  C:0E3DH         LINE#         502
  C:0E41H         LINE#         504
  C:0E43H         LINE#         505
  C:0E49H         LINE#         506
  C:0E51H         LINE#         508
  C:0E56H         LINE#         509
  C:0E5CH         LINE#         510
  C:0E64H         LINE#         512
  C:0E69H         LINE#         513
  C:0E6CH         LINE#         514
  C:0E73H         LINE#         516
  C:0E78H         LINE#         518
  -------         ENDPROC       GETDATA
  -------         PROC          USERFUNC
  C:0011H         LINE#         534
  C:0011H         LINE#         537
  -------         ENDPROC       USERFUNC
  -------         PROC          CONFSET
  -------         DO            
  X:7B39H         SYMBOL        i
  X:7B3AH         SYMBOL        j
  X:7B3BH         SYMBOL        ilong
  X:7B3CH         SYMBOL        m
  X:7B3DH         SYMBOL        n
  X:7B3EH         SYMBOL        temp
  -------         ENDDO         
  C:33C0H         LINE#         552
  C:33C0H         LINE#         553
  C:33C0H         LINE#         558
  C:33C8H         LINE#         559
  C:33D0H         LINE#         560
BL51 BANKED LINKER/LOCATER V6.22                                                      04/15/2016  18:54:07  PAGE 18


  C:33D8H         LINE#         561
  C:33E0H         LINE#         562
  C:33E8H         LINE#         563
  C:33F0H         LINE#         564
  C:33F8H         LINE#         565
  C:340AH         LINE#         566
  C:3414H         LINE#         567
  C:341FH         LINE#         568
  C:3432H         LINE#         570
  C:346EH         LINE#         571
  C:3484H         LINE#         572
  C:34B8H         LINE#         573
  C:34CEH         LINE#         575
  C:34DEH         LINE#         578
  C:3514H         LINE#         579
  C:3523H         LINE#         580
  C:3551H         LINE#         582
  C:3561H         LINE#         583
  C:356EH         LINE#         584
  C:357BH         LINE#         585
  C:357EH         LINE#         586
  C:35B2H         LINE#         587
  C:35BFH         LINE#         588
  C:35D2H         LINE#         589
  C:35D2H         LINE#         591
  C:3602H         LINE#         592
  C:3607H         LINE#         593
  C:3639H         LINE#         594
  C:364AH         LINE#         595
  C:3656H         LINE#         596
  C:3662H         LINE#         597
  C:3662H         LINE#         598
  C:3662H         LINE#         599
  C:36A9H         LINE#         600
  C:36C6H         LINE#         605
  C:36D8H         LINE#         606
  C:36D8H         LINE#         607
  C:36E3H         LINE#         608
  C:36E8H         LINE#         611
  C:3728H         LINE#         612
  C:3768H         LINE#         614
  C:37A9H         LINE#         615
  C:37EAH         LINE#         616
  C:37F3H         LINE#         618
  C:3806H         LINE#         619
  C:3806H         LINE#         620
  C:3813H         LINE#         621
  C:381FH         LINE#         622
  C:3821H         LINE#         624
  C:3821H         LINE#         625
  C:382FH         LINE#         626
  C:383CH         LINE#         627
  C:383CH         LINE#         632
  C:3845H         LINE#         636
  C:384AH         LINE#         637
  C:384AH         LINE#         639
  C:385AH         LINE#         640
BL51 BANKED LINKER/LOCATER V6.22                                                      04/15/2016  18:54:07  PAGE 19


  C:385AH         LINE#         641
  C:387AH         LINE#         642
  C:387AH         LINE#         643
  C:3887H         LINE#         644
  C:3889H         LINE#         645
  C:3889H         LINE#         647
  C:3898H         LINE#         649
  C:38A0H         LINE#         650
  C:38AAH         LINE#         652
  C:38AFH         LINE#         653
  C:38AFH         LINE#         655
  C:38BFH         LINE#         656
  C:38BFH         LINE#         657
  C:38DFH         LINE#         658
  C:38DFH         LINE#         659
  C:38ECH         LINE#         660
  C:38EEH         LINE#         661
  C:38EEH         LINE#         663
  C:38FDH         LINE#         664
  C:3905H         LINE#         665
  C:390FH         LINE#         667
  C:3924H         LINE#         668
  C:3937H         LINE#         676
  C:393FH         LINE#         677
  -------         ENDPROC       CONFSET
  -------         PROC          USERHDLC
  -------         DO            
  X:7B21H         SYMBOL        i
  X:7B22H         SYMBOL        m
  X:7B23H         SYMBOL        n
  X:7B24H         SYMBOL        temp
  X:7B25H         SYMBOL        addr
  -------         ENDDO         
  C:49E0H         LINE#         693
  C:49E0H         LINE#         694
  C:49E0H         LINE#         698
  C:49E6H         LINE#         699
  C:49E6H         LINE#         700
  C:49ECH         LINE#         701
  C:49ECH         LINE#         702
  C:49ECH         LINE#         703
  C:49EEH         LINE#         704
  C:49F2H         LINE#         705
  C:49F2H         LINE#         706
  C:49F7H         LINE#         707
  C:49F7H         LINE#         708
  C:49F7H         LINE#         711
  C:4A10H         LINE#         712
  C:4A10H         LINE#         713
  C:4A10H         LINE#         714
  C:4A1CH         LINE#         715
  C:4A1CH         LINE#         716
  C:4A30H         LINE#         717
  C:4A33H         LINE#         719
  C:4A4FH         LINE#         720
  C:4A4FH         LINE#         721
  C:4A5FH         LINE#         722
BL51 BANKED LINKER/LOCATER V6.22                                                      04/15/2016  18:54:07  PAGE 20


  C:4A6AH         LINE#         723
  C:4A73H         LINE#         725
  C:4A86H         LINE#         726
  C:4A91H         LINE#         727
  C:4AC2H         LINE#         728
  C:4AC4H         LINE#         729
  C:4AF5H         LINE#         730
  C:4AF5H         LINE#         731
  C:4AFAH         LINE#         732
  C:4B03H         LINE#         733
  C:4B03H         LINE#         734
  C:4B0BH         LINE#         735
  C:4B0BH         LINE#         736
  C:4B1FH         LINE#         737
  C:4B26H         LINE#         739
  C:4B42H         LINE#         740
  C:4B42H         LINE#         741
  C:4B52H         LINE#         742
  C:4B5DH         LINE#         743
  C:4B66H         LINE#         745
  C:4B79H         LINE#         746
  C:4B84H         LINE#         747
  C:4BB5H         LINE#         748
  C:4BB7H         LINE#         749
  C:4BE8H         LINE#         750
  C:4BE8H         LINE#         751
  C:4BEDH         LINE#         752
  C:4BF6H         LINE#         753
  C:4BF6H         LINE#         755
  C:4BF6H         LINE#         757
  C:4BF6H         LINE#         758
  C:4C0BH         LINE#         759
  C:4C10H         LINE#         760
  C:4C12H         LINE#         761
  C:4C14H         LINE#         762
  C:4C18H         LINE#         764
  C:4C1DH         LINE#         765
  C:4C4BH         LINE#         766
  C:4C51H         LINE#         767
  C:4C52H         LINE#         769
  C:4C52H         LINE#         770
  C:4C68H         LINE#         771
  C:4C71H         LINE#         772
  C:4C76H         LINE#         773
  C:4C78H         LINE#         774
  C:4C7AH         LINE#         775
  C:4C7EH         LINE#         776
  C:4C83H         LINE#         777
  C:4CB1H         LINE#         778
  C:4CB1H         LINE#         820
  C:4CB1H         LINE#         822
  -------         ENDPROC       USERHDLC
  -------         PROC          SELFCONF
  -------         DO            
  X:7B35H         SYMBOL        i
  X:7B37H         SYMBOL        j
  X:7B39H         SYMBOL        ctt
BL51 BANKED LINKER/LOCATER V6.22                                                      04/15/2016  18:54:07  PAGE 21


  D:0007H         SYMBOL        ucii
  -------         ENDDO         
  C:42AFH         LINE#         838
  C:42AFH         LINE#         839
  C:42AFH         LINE#         845
  C:42B5H         LINE#         846
  C:42BBH         LINE#         849
  C:42D1H         LINE#         850
  C:42F0H         LINE#         852
  C:4307H         LINE#         853
  C:4326H         LINE#         855
  C:433DH         LINE#         856
  C:435CH         LINE#         858
  C:4366H         LINE#         861
  C:437DH         LINE#         862
  C:439CH         LINE#         863
  C:43B3H         LINE#         864
  C:43D2H         LINE#         873
  C:43D8H         LINE#         881
  C:43DFH         LINE#         882
  C:440FH         LINE#         883
  C:4426H         LINE#         884
  C:4426H         LINE#         885
  C:4432H         LINE#         887
  C:4442H         LINE#         895
  C:4448H         LINE#         896
  C:444DH         LINE#         898
  C:4455H         LINE#         899
  C:445EH         LINE#         901
  C:4464H         LINE#         902
  C:4468H         LINE#         903
  C:446CH         LINE#         904
  C:4470H         LINE#         905
  C:4474H         LINE#         907
  C:4478H         LINE#         909
  C:447EH         LINE#         911
  C:4484H         LINE#         912
  C:4488H         LINE#         913
  C:448CH         LINE#         914
  C:4490H         LINE#         915
  C:4494H         LINE#         916
  C:4497H         LINE#         917
  C:449CH         LINE#         918
  C:44A1H         LINE#         920
  C:44A5H         LINE#         921
  C:44A9H         LINE#         922
  C:44ACH         LINE#         923
  C:44B0H         LINE#         924
  C:44B4H         LINE#         926
  C:44B7H         LINE#         927
  C:44BBH         LINE#         929
  C:44C0H         LINE#         930
  C:44C2H         LINE#         931
  C:44C4H         LINE#         932
  C:44C8H         LINE#         933
  C:44CAH         LINE#         934
  C:44CCH         LINE#         935
BL51 BANKED LINKER/LOCATER V6.22                                                      04/15/2016  18:54:07  PAGE 22


  C:44D0H         LINE#         936
  C:44D4H         LINE#         937
  C:44D6H         LINE#         938
  C:44D9H         LINE#         939
  C:44DDH         LINE#         940
  C:44DFH         LINE#         941
  C:44E2H         LINE#         942
  C:44E4H         LINE#         943
  C:44E6H         LINE#         946
  C:44ECH         LINE#         947
  C:44ECH         LINE#         948
  C:44F3H         LINE#         949
  C:44F3H         LINE#         950
  C:4524H         LINE#         951
  C:453FH         LINE#         952
  C:4559H         LINE#         953
  C:4576H         LINE#         955
  C:457CH         LINE#         956
  C:4580H         LINE#         958
  C:4586H         LINE#         959
  C:458AH         LINE#         961
  C:4590H         LINE#         962
  C:4594H         LINE#         965
  C:459BH         LINE#         966
  C:459BH         LINE#         967
  C:45A2H         LINE#         968
  C:45A2H         LINE#         969
  C:45D3H         LINE#         970
  C:45EEH         LINE#         971
  C:4608H         LINE#         972
  C:4625H         LINE#         974
  C:463CH         LINE#         975
  C:463CH         LINE#         976
  C:4659H         LINE#         977
  C:466AH         LINE#         978
  C:467AH         LINE#         979
  -------         ENDPROC       SELFCONF
  -------         PROC          INITIOSW1021
  -------         DO            
  X:7B35H         SYMBOL        i
  X:7B37H         SYMBOL        j
  X:7B39H         SYMBOL        m
  X:7B3AH         SYMBOL        n
  -------         ENDDO         
  C:3940H         LINE#         996
  C:3940H         LINE#         997
  C:3940H         LINE#         1001
  C:3945H         LINE#         1003
  C:395EH         LINE#         1004
  C:395EH         LINE#         1005
  C:3972H         LINE#         1006
  C:3977H         LINE#         1007
  C:398DH         LINE#         1013
  C:3999H         LINE#         1014
  C:39A6H         LINE#         1017
  C:39B2H         LINE#         1018
  C:39BEH         LINE#         1021
BL51 BANKED LINKER/LOCATER V6.22                                                      04/15/2016  18:54:07  PAGE 23


  C:39C5H         LINE#         1022
  C:3A16H         LINE#         1024
  C:3A22H         LINE#         1030
  C:3A2FH         LINE#         1031
  C:3A3CH         LINE#         1032
  C:3A49H         LINE#         1038
  C:3A56H         LINE#         1041
  C:3AC5H         LINE#         1042
  C:3B3BH         LINE#         1043
  C:3BB1H         LINE#         1044
  C:3C27H         LINE#         1047
  C:3C44H         LINE#         1049
  C:3C5BH         LINE#         1050
  C:3C66H         LINE#         1052
  C:3C77H         LINE#         1055
  C:3C7EH         LINE#         1056
  C:3C7EH         LINE#         1057
  C:3C95H         LINE#         1058
  C:3CA3H         LINE#         1059
  C:3CBDH         LINE#         1060
  C:3CBDH         LINE#         1061
  C:3CC4H         LINE#         1062
  C:3CC4H         LINE#         1063
  C:3CECH         LINE#         1064
  C:3D16H         LINE#         1066
  C:3D41H         LINE#         1067
  C:3D68H         LINE#         1068
  C:3D6BH         LINE#         1070
  C:3D6BH         LINE#         1072
  C:3D93H         LINE#         1073
  C:3DBBH         LINE#         1075
  C:3DE4H         LINE#         1076
  C:3E0DH         LINE#         1077
  C:3E0DH         LINE#         1078
  C:3E1EH         LINE#         1079
  C:3E3EH         LINE#         1081
  C:3E40H         LINE#         1082
  C:3E42H         LINE#         1083
  C:3E44H         LINE#         1084
  C:3E46H         LINE#         1085
  C:3E48H         LINE#         1086
  C:3E4EH         LINE#         1088
  -------         ENDPROC       INITIOSW1021
  -------         PROC          CHECKSW1021INIT
  -------         DO            
  X:7B35H         SYMBOL        ret
  D:0002H         SYMBOL        i
  X:7B37H         SYMBOL        j
  D:0004H         SYMBOL        reg
  C:5F05H         SYMBOL        quit
  -------         ENDDO         
  C:5E11H         LINE#         1102
  C:5E11H         LINE#         1103
  C:5E11H         LINE#         1104
  C:5E18H         LINE#         1107
  C:5E1AH         LINE#         1108
  C:5E1AH         LINE#         1109
BL51 BANKED LINKER/LOCATER V6.22                                                      04/15/2016  18:54:07  PAGE 24


  C:5E2CH         LINE#         1110
  C:5E32H         LINE#         1111
  C:5E32H         LINE#         1112
  C:5E35H         LINE#         1113
  C:5E35H         LINE#         1114
  C:5E47H         LINE#         1115
  C:5E4DH         LINE#         1116
  C:5E4DH         LINE#         1117
  C:5E50H         LINE#         1118
  C:5E50H         LINE#         1120
  C:5E60H         LINE#         1121
  C:5E63H         LINE#         1122
  C:5E63H         LINE#         1123
  C:5E65H         LINE#         1124
  C:5E65H         LINE#         1126
  C:5E75H         LINE#         1127
  C:5E78H         LINE#         1128
  C:5E78H         LINE#         1129
  C:5E7AH         LINE#         1130
  C:5E7AH         LINE#         1132
  C:5E93H         LINE#         1133
  C:5ED7H         LINE#         1134
  C:5EDDH         LINE#         1135
  C:5EE5H         LINE#         1136
  C:5EE7H         LINE#         1137
  C:5EE7H         LINE#         1138
  C:5EF7H         LINE#         1140
  C:5F05H         LINE#         1141
  C:5F05H         LINE#         1142
  C:5F0DH         LINE#         1143
  -------         ENDPROC       CHECKSW1021INIT
  -------         PROC          MAIN
  -------         DO            
  D:0007H         SYMBOL        i
  X:7B33H         SYMBOL        ret
  -------         ENDDO         
  C:62B1H         LINE#         1158
  C:62B1H         LINE#         1159
  C:62B1H         LINE#         1161
  C:62B8H         LINE#         1164
  C:62BBH         LINE#         1166
  C:62C6H         LINE#         1167
  C:62C9H         LINE#         1168
  C:62CCH         LINE#         1170
  C:62CCH         LINE#         1171
  C:62CCH         LINE#         1175
  C:62D2H         LINE#         1182
  C:62DDH         LINE#         1183
  C:62E0H         LINE#         1184
  C:62E3H         LINE#         1185
  C:62E6H         LINE#         1186
  C:62E9H         LINE#         1187
  C:62E9H         LINE#         1189
  C:62ECH         LINE#         1190
  C:62EFH         LINE#         1192
  C:62F8H         LINE#         1193
  C:62F8H         LINE#         1194
BL51 BANKED LINKER/LOCATER V6.22                                                      04/15/2016  18:54:07  PAGE 25


  C:62FBH         LINE#         1195
  C:62FDH         LINE#         1196
  C:62FDH         LINE#         1197
  C:6322H         LINE#         1198
  C:6347H         LINE#         1199
  C:636CH         LINE#         1200
  C:6371H         LINE#         1201
  C:6374H         LINE#         1202
  C:6379H         LINE#         1203
  C:6379H         LINE#         1205
  C:637CH         LINE#         1206
  -------         ENDPROC       MAIN
  -------         ENDMOD        GF2488_01F1_E1_RST

  -------         MODULE        TIMER
  C:0000H         SYMBOL        _ICE_DUMMY_
  D:0090H         PUBLIC        P1
  D:00B0H         PUBLIC        P3
  C:5F0EH         PUBLIC        TimerIntep
  X:7B9DH         PUBLIC        g_LampEn
  X:7B9EH         SYMBOL        g_ucTenMs
  D:00A8H         PUBLIC        IE
  D:00C7H         PUBLIC        TA
  D:00B8H         PUBLIC        IP
  C:6DD6H         PUBLIC        TimerInit
  X:7B9FH         PUBLIC        g_SecondFlag
  X:7BA0H         PUBLIC        g_QuarterFlag
  D:0088H         PUBLIC        TCON
  X:7BA1H         SYMBOL        ucInActTime
  B:00C8H.7       PUBLIC        TF2
  X:7BA2H         PUBLIC        g_ulResetSec
  D:00E8H         PUBLIC        EIE
  X:7BA6H         PUBLIC        g_stuSysClock
  D:00F8H         PUBLIC        EIP
  D:0098H         PUBLIC        SCON0
  D:00C0H         PUBLIC        SCON1
  D:00C8H         PUBLIC        T2CON
  C:6F1AH         PUBLIC        _Delay
  D:00D0H         PUBLIC        PSW
  D:00D8H         PUBLIC        WDCON
  B:00D8H.0       PUBLIC        RWT
  C:0006H         SYMBOL        Com0013
  C:0006H         SYMBOL        L?0020
  C:0006H         SYMBOL        L?0021
  -------         PROC          COM0013
  -------         ENDPROC       COM0013
  -------         PROC          TIMERINTEP
  C:5F0EH         LINE#         37
  C:5F24H         LINE#         39
  C:5F26H         LINE#         41
  C:5F2CH         LINE#         42
  C:5F39H         LINE#         43
  C:5F39H         LINE#         45
  C:5F3FH         LINE#         46
  C:5F3FH         LINE#         48
  C:5F41H         LINE#         54
  C:5F41H         LINE#         57
BL51 BANKED LINKER/LOCATER V6.22                                                      04/15/2016  18:54:07  PAGE 26


  C:5F44H         LINE#         60
  C:5F4CH         LINE#         61
  C:5F4CH         LINE#         62
  C:5F50H         LINE#         63
  C:5F53H         LINE#         64
  C:5F59H         LINE#         65
  C:5F78H         LINE#         67
  C:5F7EH         LINE#         68
  C:5F7EH         LINE#         69
  C:5F89H         LINE#         70
  C:5F89H         LINE#         71
  C:5F8BH         LINE#         72
  C:5F8FH         LINE#         74
  C:5F94H         LINE#         76
  C:5F99H         LINE#         77
  C:5F9CH         LINE#         78
  C:5F9CH         LINE#         79
  C:5F9EH         LINE#         81
  C:5F9EH         LINE#         82
  C:5FA3H         LINE#         83
  C:5FA7H         LINE#         84
  C:5FACH         LINE#         85
  C:5FACH         LINE#         87
  C:5FB4H         LINE#         88
  C:5FB4H         LINE#         89
  C:5FB5H         LINE#         90
  C:5FBBH         LINE#         92
  C:5FC5H         LINE#         93
  C:5FCCH         LINE#         94
  C:5FCFH         LINE#         95
  C:5FD4H         LINE#         97
  C:5FDDH         LINE#         98
  C:5FDDH         LINE#         99
  C:5FDFH         LINE#         100
  C:5FE5H         LINE#         101
  C:5FEBH         LINE#         102
  C:5FEBH         LINE#         103
  C:5FEDH         LINE#         104
  C:5FF3H         LINE#         105
  C:5FF3H         LINE#         106
  C:5FF3H         LINE#         107
  C:5FF3H         LINE#         108
  C:5FF3H         LINE#         109
  C:5FF3H         LINE#         111
  C:5FF6H         LINE#         132
  -------         ENDPROC       TIMERINTEP
  -------         PROC          TIMERINIT
  C:6DD6H         LINE#         148
  C:6DD6H         LINE#         149
  C:6DD6H         LINE#         171
  C:6DDCH         LINE#         172
  C:6DE0H         LINE#         173
  C:6DE4H         LINE#         174
  C:6DE8H         LINE#         175
  C:6DEBH         LINE#         176
  C:6DEDH         LINE#         177
  C:6DEFH         LINE#         179
BL51 BANKED LINKER/LOCATER V6.22                                                      04/15/2016  18:54:07  PAGE 27


  C:6DF3H         LINE#         180
  C:6DF5H         LINE#         181
  C:6DF9H         LINE#         182
  C:6DFBH         LINE#         184
  C:6E05H         LINE#         185
  C:6E0AH         LINE#         187
  C:6E0EH         LINE#         192
  -------         ENDPROC       TIMERINIT
  -------         PROC          _DELAY
  D:0007H         SYMBOL        uc10ms
  -------         DO            
  D:0006H         SYMBOL        ucLastTime
  -------         ENDDO         
  C:6F1AH         LINE#         208
  C:6F1AH         LINE#         209
  C:6F1AH         LINE#         212
  C:6F1FH         LINE#         213
  C:6F25H         LINE#         214
  C:6F25H         LINE#         216
  C:6F2DH         LINE#         217
  C:6F2DH         LINE#         218
  C:6F35H         LINE#         220
  C:6F38H         LINE#         222
  C:6F39H         LINE#         223
  C:6F3BH         LINE#         224
  C:6F3BH         LINE#         225
  C:6F3DH         LINE#         226
  -------         ENDPROC       _DELAY
  -------         ENDMOD        TIMER

  -------         MODULE        COMM
  C:0000H         SYMBOL        _ICE_DUMMY_
  D:0090H         PUBLIC        P1
  X:76DEH         PUBLIC        g_AllClrFlag
  B:0023H.1       SYMBOL        ResetFlag
  D:00B0H         PUBLIC        P3
  B:0023H.2       SYMBOL        updateFlag
  D:00A5H         PUBLIC        P4
  C:6F6FH         PUBLIC        RESET
  X:76DFH         SYMBOL        usiCrcTemp
  B:00A8H.7       PUBLIC        EA
  X:76E1H         PUBLIC        sysErrCode
  B:0023H.3       PUBLIC        HotBoot_f
  C:666EH         SYMBOL        _ReadBctHead
  D:00A8H         PUBLIC        IE
  C:6D5FH         PUBLIC        JumpToAux
  B:0023H.4       SYMBOL        isRecOK
  X:76E2H         SYMBOL        PmCodeCRC
  D:00C7H         PUBLIC        TA
  C:4CE8H         PUBLIC        LibDate
  D:00B8H         PUBLIC        IP
  X:76E4H         SYMBOL        g_ConfChange
  C:6956H         SYMBOL        _ProgBakFlash
  D:0021H         PUBLIC        outport
  B:0023H.5       SYMBOL        isBakRun
  C:4CFDH         PUBLIC        crc_table
  C:536FH         SYMBOL        softUpdate
BL51 BANKED LINKER/LOCATER V6.22                                                      04/15/2016  18:54:07  PAGE 28


  C:6C1AH         PUBLIC        _Check_SST_39VF
  B:0021H.1       PUBLIC        HOLD
  B:0021H.6       PUBLIC        LSCE
  C:4CF4H         PUBLIC        LibTime
  C:0E79H         PUBLIC        ProcCmd
  C:6E7CH         PUBLIC        BootInit
  X:76E5H         PUBLIC        g_buffcom
  C:4EFDH         PUBLIC        ProcAlmData
  C:67C4H         SYMBOL        copyFlash
  D:0087H         PUBLIC        PCON
  X:7AFFH         PUBLIC        pfOtherCMD
  D:0088H         PUBLIC        TCON
  C:5794H         PUBLIC        ProcHisData
  D:009FH         PUBLIC        CHPCON
  C:69C4H         SYMBOL        RamTest
  X:7B02H         SYMBOL        g_FileIndex
  C:4CE1H         PUBLIC        LibVer
  B:0023H.6       PUBLIC        ispFlag
  X:7B06H         PUBLIC        g_ReqConfig
  D:00CDH         PUBLIC        TH2
  C:6A97H         PUBLIC        CommVarInit
  C:5973H         PUBLIC        _VerShow
  C:6CCBH         PUBLIC        _CRCCCITT
  D:00CCH         PUBLIC        TL2
  D:00E8H         PUBLIC        EIE
  C:6AFDH         SYMBOL        _Program_One_Byte
  B:0021H.4       PUBLIC        ACT
  B:00C8H.2       PUBLIC        TR2
  C:3E4FH         SYMBOL        _downSoft
  B:0021H.3       PUBLIC        RED
  X:7B07H         SYMBOL        g_stuHisTime
  C:6B62H         PUBLIC        _ProgramAPROM
  B:0021H.2       PUBLIC        YELLOW
  D:00F8H         PUBLIC        EIP
  X:7B0BH         PUBLIC        g_ucSetTime
  X:7B0CH         SYMBOL        g_CrcValue
  X:7B0EH         SYMBOL        LineCodeCRC
  X:7B10H         SYMBOL        g_HisDataReady
  C:6E0FH         SYMBOL        _EraseFlash
  C:6D9CH         SYMBOL        ispInit
  D:0098H         PUBLIC        SCON0
  D:00C0H         PUBLIC        SCON1
  D:00C8H         PUBLIC        T2CON
  X:7B11H         SYMBOL        memErrCode
  X:7B12H         SYMBOL        ispType
  X:7B13H         SYMBOL        AlmCodeCRC
  C:68D3H         SYMBOL        _ReadFpgaHead
  C:6F3EH         PUBLIC        _EraseAPROM
  D:00ADH         PUBLIC        SFRAH
  D:00AEH         PUBLIC        SFRFD
  C:6C75H         PUBLIC        _MemCRC
  D:00ACH         PUBLIC        SFRAL
  D:00D0H         PUBLIC        PSW
  D:00D8H         PUBLIC        WDCON
  B:00D8H.0       PUBLIC        RWT
  D:00AFH         PUBLIC        SFRCN
  C:2E30H         SYMBOL        Com018B
BL51 BANKED LINKER/LOCATER V6.22                                                      04/15/2016  18:54:07  PAGE 29


  C:2E30H         SYMBOL        L?0396
  C:2E31H         SYMBOL        L?0397
  C:2E35H         SYMBOL        L?0398
  C:2E53H         SYMBOL        L?0399
  C:2E56H         SYMBOL        L?0400
  C:2E5EH         SYMBOL        L?0401
  C:2E5EH         SYMBOL        L?0402
  C:2E5FH         SYMBOL        L?0403
  C:2E62H         SYMBOL        L?0404
  C:2E65H         SYMBOL        L?0405
  C:2E66H         SYMBOL        L?0406
  C:2E6AH         SYMBOL        L?0407
  C:2E73H         SYMBOL        L?0408
  C:2EE5H         SYMBOL        L?0409
  C:2EE6H         SYMBOL        L?0410
  C:2EE7H         SYMBOL        L?0411
  C:2EF2H         SYMBOL        L?0412
  C:2EFBH         SYMBOL        L?0413
  C:2F11H         SYMBOL        L?0414
  C:2F12H         SYMBOL        L?0415
  C:2F13H         SYMBOL        L?0416
  C:2F3EH         SYMBOL        L?0417
  C:2F50H         SYMBOL        L?0418
  C:2F6BH         SYMBOL        L?0419
  C:2F75H         SYMBOL        L?0420
  C:2F77H         SYMBOL        L?0421
  C:2F78H         SYMBOL        L?0422
  C:2F79H         SYMBOL        L?0423
  C:2F7CH         SYMBOL        L?0424
  C:2F83H         SYMBOL        L?0425
  C:2F83H         SYMBOL        L?0426
  C:2F88H         SYMBOL        L?0427
  C:2F9CH         SYMBOL        L?0428
  C:2F9FH         SYMBOL        L?0429
  C:2FA3H         SYMBOL        L?0430
  C:2FAFH         SYMBOL        L?0433
  C:2FB3H         SYMBOL        L?0434
  C:2FBBH         SYMBOL        L?0435
  C:2FC2H         SYMBOL        L?0436
  C:2FDBH         SYMBOL        L?0437
  C:2FE9H         SYMBOL        L?0438
  C:2FF2H         SYMBOL        L?0439
  C:3007H         SYMBOL        L?0440
  C:300AH         SYMBOL        L?0441
  C:300DH         SYMBOL        L?0442
  C:3015H         SYMBOL        L?0443
  C:3018H         SYMBOL        L?0444
  C:301CH         SYMBOL        L?0445
  C:3020H         SYMBOL        L?0446
  C:3029H         SYMBOL        L?0447
  C:3029H         SYMBOL        L?0448
  C:3032H         SYMBOL        L?0449
  C:3035H         SYMBOL        L?0450
  C:303EH         SYMBOL        L?0451
  C:3049H         SYMBOL        L?0452
  C:3049H         SYMBOL        L?0453
  C:3053H         SYMBOL        L?0454
BL51 BANKED LINKER/LOCATER V6.22                                                      04/15/2016  18:54:07  PAGE 30


  C:305AH         SYMBOL        L?0455
  C:3069H         SYMBOL        L?0456
  C:3077H         SYMBOL        L?0457
  C:3077H         SYMBOL        L?0458
  C:3083H         SYMBOL        L?0459
  C:308BH         SYMBOL        L?0460
  C:308BH         SYMBOL        L?0461
  C:3090H         SYMBOL        L?0462
  C:3098H         SYMBOL        L?0463
  C:3098H         SYMBOL        L?0464
  C:309BH         SYMBOL        L?0465
  C:30A4H         SYMBOL        L?0466
  C:30A4H         SYMBOL        L?0467
  C:30BBH         SYMBOL        L?0468
  C:30CCH         SYMBOL        L?0469
  C:30D6H         SYMBOL        L?0470
  C:30D9H         SYMBOL        L?0471
  C:30EDH         SYMBOL        L?0472
  C:30FFH         SYMBOL        L?0474
  C:310AH         SYMBOL        L?0475
  C:3111H         SYMBOL        L?0476
  C:3111H         SYMBOL        L?0477
  C:3117H         SYMBOL        L?0478
  C:3120H         SYMBOL        L?0479
  C:3137H         SYMBOL        L?0480
  C:313DH         SYMBOL        L?0481
  C:315DH         SYMBOL        L?0482
  C:315DH         SYMBOL        L?0483
  C:316FH         SYMBOL        L?0484
  C:3173H         SYMBOL        L?0485
  C:3180H         SYMBOL        L?0486
  C:3180H         SYMBOL        L?0487
  C:3189H         SYMBOL        L?0488
  C:3189H         SYMBOL        L?0489
  C:3191H         SYMBOL        L?0490
  C:3198H         SYMBOL        L?0491
  C:3198H         SYMBOL        L?0492
  C:31A4H         SYMBOL        L?0493
  C:31B7H         SYMBOL        L?0494
  C:31B7H         SYMBOL        L?0495
  C:31BAH         SYMBOL        L?0496
  C:31C4H         SYMBOL        L?0497
  C:31CBH         SYMBOL        L?0498
  C:31D3H         SYMBOL        L?0499
  C:31D5H         SYMBOL        L?0500
  C:31E3H         SYMBOL        L?0503
  C:31E9H         SYMBOL        L?0504
  C:31F4H         SYMBOL        L?0505
  C:31F4H         SYMBOL        L?0506
  C:31F7H         SYMBOL        L?0507
  C:31FDH         SYMBOL        L?0508
  C:31FDH         SYMBOL        L?0509
  C:320BH         SYMBOL        L?0510
  C:320DH         SYMBOL        L?0511
  C:3214H         SYMBOL        L?0512
  C:3228H         SYMBOL        L?0513
  C:3229H         SYMBOL        L?0514
BL51 BANKED LINKER/LOCATER V6.22                                                      04/15/2016  18:54:07  PAGE 31


  C:322AH         SYMBOL        L?0515
  C:3231H         SYMBOL        L?0516
  C:3231H         SYMBOL        L?0517
  C:323AH         SYMBOL        L?0518
  C:323DH         SYMBOL        L?0519
  C:3244H         SYMBOL        L?0520
  C:3244H         SYMBOL        L?0521
  C:324BH         SYMBOL        L?0522
  C:324BH         SYMBOL        L?0523
  C:3256H         SYMBOL        L?0524
  C:3256H         SYMBOL        L?0525
  C:3261H         SYMBOL        L?0526
  C:3267H         SYMBOL        L?0527
  C:326EH         SYMBOL        L?0528
  C:326EH         SYMBOL        L?0529
  C:3275H         SYMBOL        L?0530
  C:3277H         SYMBOL        L?0531
  C:3280H         SYMBOL        L?0532
  C:3281H         SYMBOL        L?0533
  C:3287H         SYMBOL        L?0534
  C:3288H         SYMBOL        L?0535
  C:328EH         SYMBOL        L?0536
  C:328EH         SYMBOL        L?0537
  C:3297H         SYMBOL        L?0538
  C:3297H         SYMBOL        L?0539
  C:32A0H         SYMBOL        L?0540
  C:32ADH         SYMBOL        L?0541
  C:32BAH         SYMBOL        L?0542
  C:32BAH         SYMBOL        L?0543
  C:32C0H         SYMBOL        L?0544
  C:32C0H         SYMBOL        L?0545
  C:32C7H         SYMBOL        L?0546
  C:32D4H         SYMBOL        L?0547
  C:32E1H         SYMBOL        L?0548
  C:32E2H         SYMBOL        L?0549
  C:32EAH         SYMBOL        L?0550
  C:32EDH         SYMBOL        L?0551
  C:32F4H         SYMBOL        L?0552
  C:32F4H         SYMBOL        L?0553
  C:32FBH         SYMBOL        L?0554
  C:32FBH         SYMBOL        L?0555
  C:3302H         SYMBOL        L?0556
  C:3302H         SYMBOL        L?0557
  C:3309H         SYMBOL        L?0558
  C:3309H         SYMBOL        L?0559
  C:3310H         SYMBOL        L?0560
  C:3318H         SYMBOL        L?0561
  C:3324H         SYMBOL        L?0562
  C:3324H         SYMBOL        L?0563
  C:332CH         SYMBOL        L?0564
  C:332CH         SYMBOL        L?0565
  C:3334H         SYMBOL        L?0566
  C:333FH         SYMBOL        L?0567
  C:334AH         SYMBOL        L?0568
  C:3355H         SYMBOL        L?0569
  C:3360H         SYMBOL        L?0570
  C:336AH         SYMBOL        L?0571
BL51 BANKED LINKER/LOCATER V6.22                                                      04/15/2016  18:54:07  PAGE 32


  C:3375H         SYMBOL        L?0572
  C:3376H         SYMBOL        L?0573
  C:337DH         SYMBOL        L?0574
  C:337EH         SYMBOL        L?0575
  C:3385H         SYMBOL        L?0577
  C:3385H         SYMBOL        L?0578
  C:338CH         SYMBOL        L?0579
  C:338CH         SYMBOL        L?0580
  C:3393H         SYMBOL        L?0581
  C:3393H         SYMBOL        L?0582
  C:339AH         SYMBOL        L?0583
  C:339AH         SYMBOL        L?0584
  C:33A1H         SYMBOL        L?0585
  C:33A1H         SYMBOL        L?0586
  C:33A8H         SYMBOL        L?0587
  C:33B2H         SYMBOL        L?0588
  C:33B2H         SYMBOL        L?0589
  C:33B9H         SYMBOL        L?0590
  C:33B9H         SYMBOL        L?0591
  -------         PROC          COM018B
  -------         ENDPROC       COM018B
  C:670DH         SYMBOL        L?0501
  -------         PROC          _READBCTHEAD
  X:7B26H         SYMBOL        pHead
  C:666EH         LINE#         138
  C:6674H         LINE#         139
  C:6674H         LINE#         145
  C:6682H         LINE#         146
  C:6682H         LINE#         147
  C:669AH         LINE#         148
  C:669AH         LINE#         150
  C:669AH         LINE#         151
  C:66A8H         LINE#         153
  C:66C4H         LINE#         154
  C:66E0H         LINE#         155
  C:66F0H         LINE#         156
  C:6700H         LINE#         157
  C:670CH         LINE#         158
  C:670CH         LINE#         160
  -------         ENDPROC       _READBCTHEAD
  -------         PROC          _CHECK_SST_39VF
  D:0007H         SYMBOL        ucIC
  -------         DO            
  D:0004H         SYMBOL        ucSstID
  D:0003H         SYMBOL        ucSstCap
  -------         ENDDO         
  C:6C1AH         LINE#         179
  C:6C1AH         LINE#         180
  C:6C1AH         LINE#         183
  C:6C24H         LINE#         185
  C:6C24H         LINE#         186
  C:6C24H         LINE#         187
  C:6C24H         LINE#         188
  C:6C24H         LINE#         189
  C:6C29H         LINE#         190
  C:6C2BH         LINE#         192
  C:6C35H         LINE#         194
BL51 BANKED LINKER/LOCATER V6.22                                                      04/15/2016  18:54:07  PAGE 33


  C:6C38H         LINE#         195
  C:6C3AH         LINE#         196
  C:6C3CH         LINE#         198
  C:6C3FH         LINE#         200
  C:6C45H         LINE#         202
  C:6C4AH         LINE#         204
  C:6C52H         LINE#         205
  C:6C54H         LINE#         206
  C:6C58H         LINE#         207
  C:6C58H         LINE#         208
  C:6C5DH         LINE#         209
  C:6C63H         LINE#         211
  C:6C68H         LINE#         213
  C:6C72H         LINE#         215
  C:6C74H         LINE#         216
  -------         ENDPROC       _CHECK_SST_39VF
  -------         PROC          _READFPGAHEAD
  D:0001H         SYMBOL        pHead
  D:0005H         SYMBOL        ucIC
  -------         DO            
  X:7B26H         SYMBOL        i
  X:7B28H         SYMBOL        FlashAddr
  -------         ENDDO         
  C:68D3H         LINE#         230
  C:68D3H         LINE#         231
  C:68D3H         LINE#         235
  C:68D6H         LINE#         236
  C:68D6H         LINE#         237
  C:68E0H         LINE#         238
  C:68E0H         LINE#         239
  C:68E4H         LINE#         240
  C:68E4H         LINE#         241
  C:68EEH         LINE#         242
  C:68EEH         LINE#         244
  C:68EEH         LINE#         245
  C:68F1H         LINE#         246
  C:68F1H         LINE#         248
  C:68FBH         LINE#         249
  C:6905H         LINE#         250
  C:690CH         LINE#         251
  C:690CH         LINE#         252
  C:691FH         LINE#         253
  C:6926H         LINE#         254
  C:692DH         LINE#         255
  C:6939H         LINE#         256
  C:6953H         LINE#         257
  C:6955H         LINE#         258
  -------         ENDPROC       _READFPGAHEAD
  -------         PROC          ISPINIT
  C:6D9CH         LINE#         273
  C:6D9CH         LINE#         274
  C:6D9CH         LINE#         276
  C:6D9EH         LINE#         277
  C:6DA0H         LINE#         278
  C:6DA2H         LINE#         279
  C:6DA4H         LINE#         281
  C:6DACH         LINE#         282
BL51 BANKED LINKER/LOCATER V6.22                                                      04/15/2016  18:54:07  PAGE 34


  C:6DB6H         LINE#         284
  C:6DB8H         LINE#         285
  C:6DBDH         LINE#         288
  C:6DC6H         LINE#         291
  C:6DD5H         LINE#         292
  -------         ENDPROC       ISPINIT
  C:6F5EH         SYMBOL        L?0432
  -------         PROC          L?0431
  -------         ENDPROC       L?0431
  C:6F5EH         SYMBOL        L?0432
  -------         PROC          RESET
  C:6F6FH         LINE#         303
  C:6F6FH         LINE#         304
  C:6F6FH         LINE#         306
  C:6F72H         LINE#         307
  -------         ENDPROC       RESET
  -------         PROC          _ERASEFLASH
  D:0007H         SYMBOL        ucIC
  C:6E0FH         LINE#         335
  C:6E0FH         LINE#         336
  C:6E0FH         LINE#         337
  C:6E19H         LINE#         339
  C:6E19H         LINE#         340
  C:6E19H         LINE#         342
  C:6E19H         LINE#         343
  C:6E19H         LINE#         345
  C:6E1EH         LINE#         346
  C:6E20H         LINE#         348
  C:6E27H         LINE#         349
  C:6E2AH         LINE#         351
  C:6E2EH         LINE#         352
  C:6E2EH         LINE#         354
  C:6E33H         LINE#         355
  C:6E39H         LINE#         357
  C:6E3FH         LINE#         359
  C:6E44H         LINE#         361
  C:6E46H         LINE#         362
  -------         ENDPROC       _ERASEFLASH
  -------         PROC          _PROGRAM_ONE_BYTE
  D:0007H         SYMBOL        ucIC
  D:0005H         SYMBOL        ucSrcByte
  X:7B50H         SYMBOL        FlashAddr
  -------         DO            
  D:0005H         SYMBOL        ucPreData
  D:0006H         SYMBOL        ucCurrData
  D:0007H         SYMBOL        ucTimeOut
  -------         ENDDO         
  C:6AFDH         LINE#         376
  C:6AFDH         LINE#         377
  C:6AFDH         LINE#         382
  C:6B07H         LINE#         384
  C:6B0EH         LINE#         385
  C:6B11H         LINE#         387
  C:6B14H         LINE#         388
  C:6B14H         LINE#         390
  C:6B19H         LINE#         391
  C:6B1FH         LINE#         393
BL51 BANKED LINKER/LOCATER V6.22                                                      04/15/2016  18:54:07  PAGE 35


  C:6B27H         LINE#         395
  C:6B3AH         LINE#         396
  C:6B3FH         LINE#         400
  C:6B41H         LINE#         401
  C:6B45H         LINE#         403
  C:6B4EH         LINE#         404
  C:6B4EH         LINE#         405
  C:6B55H         LINE#         406
  C:6B58H         LINE#         407
  C:6B58H         LINE#         408
  C:6B5BH         LINE#         409
  C:6B5BH         LINE#         410
  C:6B5DH         LINE#         411
  C:6B5FH         LINE#         412
  C:6B61H         LINE#         413
  -------         ENDPROC       _PROGRAM_ONE_BYTE
  -------         PROC          _PROGBAKFLASH
  X:7B43H         SYMBOL        pSour
  X:7B46H         SYMBOL        dstAddr
  X:7B4AH         SYMBOL        length
  C:6956H         LINE#         426
  C:695CH         LINE#         427
  C:695CH         LINE#         428
  C:6969H         LINE#         429
[...]
  C:5610H         LINE#         67
  C:5617H         LINE#         68
  C:5617H         LINE#         69
  C:561AH         LINE#         71
  C:561AH         LINE#         72
  C:5639H         LINE#         73
  C:5639H         LINE#         74
  C:563CH         LINE#         75
  C:563CH         LINE#         113
  C:5643H         LINE#         114
  C:5643H         LINE#         115
  C:565EH         LINE#         116
  C:566EH         LINE#         117
  C:566EH         LINE#         118
  C:5671H         LINE#         119
  C:5674H         LINE#         120
  C:5674H         LINE#         121
  C:5677H         LINE#         123
  C:5677H         LINE#         124
  C:567AH         LINE#         125
  C:567DH         LINE#         126
  C:567DH         LINE#         127
  C:567DH         LINE#         128
  C:567DH         LINE#         129
  C:567DH         LINE#         130
  C:5680H         LINE#         132
  C:5680H         LINE#         133
BL51 BANKED LINKER/LOCATER V6.22                                                      04/15/2016  18:54:07  PAGE 67


  C:5680H         LINE#         134
  C:568BH         LINE#         135
  C:5693H         LINE#         136
  C:5693H         LINE#         137
  C:5696H         LINE#         138
  C:5699H         LINE#         139
  C:5699H         LINE#         140
  C:569CH         LINE#         142
  C:569CH         LINE#         143
  C:56A7H         LINE#         144
  C:56ADH         LINE#         145
  C:56ADH         LINE#         146
  C:56ADH         LINE#         147
  C:56ADH         LINE#         148
  C:56ADH         LINE#         149
  C:56ADH         LINE#         150
  C:56ADH         LINE#         151
  C:56ADH         LINE#         153
  C:56ADH         LINE#         154
  C:56B0H         LINE#         157
  C:56B0H         LINE#         158
  C:56B7H         LINE#         159
  C:56B7H         LINE#         160
  C:56BAH         LINE#         161
  C:56C1H         LINE#         162
  C:56C1H         LINE#         163
  C:56C4H         LINE#         165
  C:56C4H         LINE#         166
  C:56C4H         LINE#         167
  C:56DDH         LINE#         168
  C:56DDH         LINE#         169
  C:56E0H         LINE#         170
  C:56E6H         LINE#         171
  C:56E6H         LINE#         172
  C:56E9H         LINE#         174
  C:56E9H         LINE#         175
  C:56F9H         LINE#         176
  C:5708H         LINE#         208
  C:570FH         LINE#         209
  C:570FH         LINE#         210
  C:5712H         LINE#         211
  C:572DH         LINE#         212
  C:572DH         LINE#         213
  C:5730H         LINE#         214
  C:5736H         LINE#         215
  C:5736H         LINE#         216
  C:5738H         LINE#         218
  C:5738H         LINE#         219
  C:573BH         LINE#         220
  C:5742H         LINE#         221
  C:5742H         LINE#         222
  C:5742H         LINE#         223
  C:5744H         LINE#         225
  C:5744H         LINE#         226
  C:5746H         LINE#         227
  C:5746H         LINE#         228
  C:5746H         LINE#         229
BL51 BANKED LINKER/LOCATER V6.22                                                      04/15/2016  18:54:07  PAGE 68


  C:5749H         LINE#         230
  C:5749H         LINE#         231
  C:5749H         LINE#         233
  C:5749H         LINE#         234
  C:5749H         LINE#         235
  C:574BH         LINE#         238
  C:574BH         LINE#         242
  C:5752H         LINE#         244
  C:5752H         LINE#         245
  C:5755H         LINE#         246
  C:575CH         LINE#         247
  C:5762H         LINE#         248
  C:5764H         LINE#         249
  C:5767H         LINE#         250
  C:5769H         LINE#         292
  C:5769H         LINE#         293
  C:576EH         LINE#         294
  C:5773H         LINE#         295
  C:5773H         LINE#         296
  C:5773H         LINE#         297
  -------         ENDPROC       HDLCOK
  -------         PROC          HDLCERR
  C:6E47H         LINE#         590
  C:6E56H         LINE#         592
  C:6E5BH         LINE#         593
  C:6E5DH         LINE#         594
  C:6E5DH         LINE#         595
  C:6E5DH         LINE#         596
  C:6E60H         LINE#         597
  C:6E65H         LINE#         598
  C:6E6CH         LINE#         599
  C:6E6FH         LINE#         600
  -------         ENDPROC       HDLCERR
  -------         PROC          SCC1HARDINIT
  C:6FABH         LINE#         617
  C:6FABH         LINE#         618
  C:6FABH         LINE#         620
  C:6FB0H         LINE#         621
  C:6FB2H         LINE#         622
  C:6FB4H         LINE#         624
  C:6FB6H         LINE#         625
  C:6FB8H         LINE#         626
  C:6FBAH         LINE#         739
  -------         ENDPROC       SCC1HARDINIT
  -------         PROC          SCC1INIT
  C:6BBEH         LINE#         755
  C:6BBEH         LINE#         756
  C:6BBEH         LINE#         759
  C:6BC5H         LINE#         760
  C:6BC9H         LINE#         761
  C:6BCFH         LINE#         762
  C:6BD3H         LINE#         763
  C:6BD9H         LINE#         765
  C:6BDDH         LINE#         768
  C:6BE1H         LINE#         769
  C:6BE5H         LINE#         770
  C:6BE9H         LINE#         771
BL51 BANKED LINKER/LOCATER V6.22                                                      04/15/2016  18:54:07  PAGE 69


  C:6BEDH         LINE#         772
  C:6BEFH         LINE#         774
  C:6BFCH         LINE#         775
  C:6C0BH         LINE#         776
  -------         ENDPROC       SCC1INIT
  -------         PROC          SCC1TX
  -------         DO            
  X:7B15H         SYMBOL        uTemp
  D:0018H         SYMBOL        usTemp
  -------         ENDDO         
  C:5CF9H         LINE#         793
  C:5CF9H         LINE#         794
  C:5CF9H         LINE#         804
  C:5D04H         LINE#         805
  C:5D04H         LINE#         806
  C:5D08H         LINE#         808
  C:5D0DH         LINE#         810
  C:5D0EH         LINE#         811
  C:5D17H         LINE#         812
  C:5D17H         LINE#         813
  C:5D1DH         LINE#         816
  C:5D23H         LINE#         820
  C:5D27H         LINE#         823
  C:5D31H         LINE#         824
  C:5D34H         LINE#         825
  C:5D37H         LINE#         827
  C:5D3DH         LINE#         828
  C:5D44H         LINE#         829
  C:5D65H         LINE#         831
  C:5D73H         LINE#         832
  C:5D81H         LINE#         833
  C:5D87H         LINE#         854
  C:5D88H         LINE#         856
  C:5D88H         LINE#         860
  C:5D8DH         LINE#         864
  C:5D9DH         LINE#         865
  C:5DABH         LINE#         870
  C:5DC1H         LINE#         873
  C:5DD0H         LINE#         874
  C:5DD0H         LINE#         875
  C:5DD3H         LINE#         877
  C:5DEFH         LINE#         878
  C:5E03H         LINE#         879
  C:5E09H         LINE#         896
  C:5E10H         LINE#         897
  C:5E10H         LINE#         898
  -------         ENDPROC       SCC1TX
  -------         ENDMOD        HDLC

  -------         MODULE        ?C_STARTUP
  C:6502H         SEGMENT       ?C_C51STARTUP
  I:0024H         SEGMENT       ?STACK
  C:0000H         PUBLIC        ?C_STARTUP
  B:00D0H.6       SYMBOL        AC
  D:00E0H         SYMBOL        ACC
  D:00F0H         SYMBOL        B
  D:008EH         SYMBOL        CKCON
BL51 BANKED LINKER/LOCATER V6.22                                                      04/15/2016  18:54:07  PAGE 70


  B:00C8H.0       SYMBOL        CP_RL2
  B:00D0H.7       SYMBOL        CY
  B:00C8H.1       SYMBOL        C_T2
  D:0083H         SYMBOL        DPH
  D:0085H         SYMBOL        DPH1
  D:0082H         SYMBOL        DPL
  D:0084H         SYMBOL        DPL1
  D:0086H         SYMBOL        DPS
  B:00A8H.7       SYMBOL        EA
  D:00E8H         SYMBOL        EIE
  D:00F8H         SYMBOL        EIP
  B:00D8H.5       SYMBOL        EPFI
  B:00A8H.4       SYMBOL        ES0
  B:00A8H.6       SYMBOL        ES1
  B:00A8H.1       SYMBOL        ET0
  B:00A8H.3       SYMBOL        ET1
  B:00A8H.5       SYMBOL        ET2
  B:00E8H.4       SYMBOL        EWDI
  B:00D8H.1       SYMBOL        EWT
  B:00A8H.0       SYMBOL        EX0
  B:00A8H.2       SYMBOL        EX1
  B:00E8H.0       SYMBOL        EX2
  B:00E8H.1       SYMBOL        EX3
  B:00E8H.2       SYMBOL        EX4
  B:00E8H.3       SYMBOL        EX5
  B:00C8H.3       SYMBOL        EXEN2
  B:00C8H.6       SYMBOL        EXF2
  D:0091H         SYMBOL        EXIF
  B:00D0H.5       SYMBOL        F0
  B:00D0H.1       SYMBOL        FL
  N:0000H         SYMBOL        IBPSTACK
  N:0100H         SYMBOL        IBPSTACKTOP
  N:0100H         SYMBOL        IDATALEN
  C:6505H         SYMBOL        IDATALOOP
  D:00A8H         SYMBOL        IE
  B:0088H.1       SYMBOL        IE0
  B:0088H.3       SYMBOL        IE1
  B:00B0H.2       SYMBOL        INT0
  B:00B0H.3       SYMBOL        INT1
  B:0090H.4       SYMBOL        INT2
  B:0090H.5       SYMBOL        INT3
  B:0090H.6       SYMBOL        INT4
  B:0090H.7       SYMBOL        INT5
  D:00B8H         SYMBOL        IP
  B:0088H.0       SYMBOL        IT0
  B:0088H.2       SYMBOL        IT1
  B:00D0H.2       SYMBOL        OV
  B:00D0H.0       SYMBOL        P
  D:0080H         SYMBOL        P0
  D:0090H         SYMBOL        P1
  D:00A0H         SYMBOL        P2
  D:00B0H         SYMBOL        P3
  N:0000H         SYMBOL        PBPSTACK
  N:0000H         SYMBOL        PBPSTACKTOP
  D:0087H         SYMBOL        PCON
  N:0000H         SYMBOL        PDATALEN
  N:0000H         SYMBOL        PDATASTART
BL51 BANKED LINKER/LOCATER V6.22                                                      04/15/2016  18:54:07  PAGE 71


  B:00D8H.4       SYMBOL        PFI
  B:00D8H.6       SYMBOL        POR
  N:0000H         SYMBOL        PPAGE
  N:0000H         SYMBOL        PPAGEENABLE
  B:00B8H.4       SYMBOL        PS0
  B:00B8H.6       SYMBOL        PS1
  D:00D0H         SYMBOL        PSW
  B:00B8H.1       SYMBOL        PT0
  B:00B8H.3       SYMBOL        PT1
  B:00B8H.5       SYMBOL        PT2
  B:00F8H.4       SYMBOL        PWDI
  B:00B8H.0       SYMBOL        PX0
  B:00B8H.2       SYMBOL        PX1
  B:00F8H.0       SYMBOL        PX2
  B:00F8H.1       SYMBOL        PX3
  B:00F8H.2       SYMBOL        PX4
  B:00F8H.3       SYMBOL        PX5
  B:0098H.2       SYMBOL        RB8
  B:00C0H.2       SYMBOL        RB81
  D:00CBH         SYMBOL        RCAP2H
  D:00CAH         SYMBOL        RCAP2L
  B:00C8H.5       SYMBOL        RCLK
  B:00B0H.7       SYMBOL        RD
  B:0098H.4       SYMBOL        REN
  B:00C0H.4       SYMBOL        REN1
  B:0098H.0       SYMBOL        RI
  B:00C0H.0       SYMBOL        RI1
  B:00D0H.3       SYMBOL        RS0
  B:00D0H.4       SYMBOL        RS1
  B:00D8H.0       SYMBOL        RWT
  B:00B0H.0       SYMBOL        RXD0
  B:0090H.2       SYMBOL        RXD1
  D:00A9H         SYMBOL        SADDR0
  D:00AAH         SYMBOL        SADDR1
  D:00B9H         SYMBOL        SADEN0
  D:00BAH         SYMBOL        SADEN1
  D:0099H         SYMBOL        SBUF0
  D:00C1H         SYMBOL        SBUF1
  D:0098H         SYMBOL        SCON0
  D:00C0H         SYMBOL        SCON1
  B:0098H.7       SYMBOL        SM0
  B:00C0H.7       SYMBOL        SM01
  B:0098H.6       SYMBOL        SM1
  B:00C0H.6       SYMBOL        SM11
  B:0098H.5       SYMBOL        SM2
  B:00C0H.5       SYMBOL        SM21
  B:00D8H.7       SYMBOL        SMOD
  D:0081H         SYMBOL        SP
  C:6502H         SYMBOL        STARTUP1
  D:00C5H         SYMBOL        STATUS
  B:00B0H.4       SYMBOL        T0
  B:00B0H.5       SYMBOL        T1
  B:0090H.0       SYMBOL        T2
  D:00C8H         SYMBOL        T2CON
  B:0090H.1       SYMBOL        T2EX
  D:00C9H         SYMBOL        T2MOD
  D:00C7H         SYMBOL        TA
BL51 BANKED LINKER/LOCATER V6.22                                                      04/15/2016  18:54:07  PAGE 72


  B:0098H.3       SYMBOL        TB8
  B:00C0H.3       SYMBOL        TB81
  B:00C8H.4       SYMBOL        TCLK
  D:0088H         SYMBOL        TCON
  B:0088H.5       SYMBOL        TF0
  B:0088H.7       SYMBOL        TF1
  B:00C8H.7       SYMBOL        TF2
  D:008CH         SYMBOL        TH0
  D:008DH         SYMBOL        TH1
  D:00CDH         SYMBOL        TH2
  B:0098H.1       SYMBOL        TI
  B:00C0H.1       SYMBOL        TI1
  D:008AH         SYMBOL        TL0
  D:008BH         SYMBOL        TL1
  D:00CCH         SYMBOL        TL2
  D:0089H         SYMBOL        TMOD
  B:0088H.4       SYMBOL        TR0
  B:0088H.6       SYMBOL        TR1
  B:00C8H.2       SYMBOL        TR2
  B:00B0H.1       SYMBOL        TXD0
  B:0090H.3       SYMBOL        TXD1
  D:00D8H         SYMBOL        WDCON
  B:00D8H.3       SYMBOL        WDIF
  B:00D8H.2       SYMBOL        WDRF
  B:00B0H.6       SYMBOL        WR
  N:0000H         SYMBOL        XBPSTACK
  N:0000H         SYMBOL        XBPSTACKTOP
  N:0000H         SYMBOL        XDATALEN
  N:0000H         SYMBOL        XDATASTART
  C:0000H         LINE#         82
  C:6502H         LINE#         89
  C:6504H         LINE#         90
  C:6505H         LINE#         91
  C:6506H         LINE#         92
  C:6508H         LINE#         141
  C:650BH         LINE#         143
  C:650DH         LINE#         144
  C:6510H         LINE#         145
  C:6513H         LINE#         146
  C:6516H         LINE#         147
  C:6518H         LINE#         149
  C:651BH         LINE#         151
  C:651EH         LINE#         152
  C:6521H         LINE#         153
  C:6524H         LINE#         154
  C:6526H         LINE#         155
  C:6528H         LINE#         157
  C:652BH         LINE#         158
  C:652EH         LINE#         159
  C:6531H         LINE#         160
  C:6534H         LINE#         161
  C:6537H         LINE#         162
  C:6539H         LINE#         164
  C:653CH         LINE#         166
  -------         ENDMOD        ?C_STARTUP

  -------         MODULE        ?C?CLDPTR
BL51 BANKED LINKER/LOCATER V6.22                                                      04/15/2016  18:54:07  PAGE 73


  C:20E3H         PUBLIC        ?C?CLDPTR
  -------         ENDMOD        ?C?CLDPTR

  -------         MODULE        ?C?CLDOPTR
  C:20FCH         PUBLIC        ?C?CLDOPTR
  -------         ENDMOD        ?C?CLDOPTR

  -------         MODULE        ?C?CSTPTR
  C:2129H         PUBLIC        ?C?CSTPTR
  -------         ENDMOD        ?C?CSTPTR

  -------         MODULE        ?C?CSTOPTR
  C:213BH         PUBLIC        ?C?CSTOPTR
  -------         ENDMOD        ?C?CSTOPTR

  -------         MODULE        ?C?IMUL
  C:215DH         PUBLIC        ?C?IMUL
  -------         ENDMOD        ?C?IMUL

  -------         MODULE        ?C?UIDIV
  C:216FH         PUBLIC        ?C?UIDIV
  -------         ENDMOD        ?C?UIDIV

  -------         MODULE        ?C?SIDIV
  C:21C4H         PUBLIC        ?C?SIDIV
  -------         ENDMOD        ?C?SIDIV

  -------         MODULE        ?C?IILDX
  C:21FAH         PUBLIC        ?C?IILDX
  -------         ENDMOD        ?C?IILDX

  -------         MODULE        ?C?ILDIX
  C:2210H         PUBLIC        ?C?ILDIX
  -------         ENDMOD        ?C?ILDIX

  -------         MODULE        ?C?ILDOPTR
  C:2226H         PUBLIC        ?C?ILDOPTR
  -------         ENDMOD        ?C?ILDOPTR

  -------         MODULE        ?C?ISTPTR
  C:225EH         PUBLIC        ?C?ISTPTR
  -------         ENDMOD        ?C?ISTPTR

  -------         MODULE        ?C?ISTOPTR
  C:227DH         PUBLIC        ?C?ISTOPTR
  -------         ENDMOD        ?C?ISTOPTR

  -------         MODULE        ?C?ULCMP
  C:22AAH         PUBLIC        ?C?ULCMP
  -------         ENDMOD        ?C?ULCMP

  -------         MODULE        ?C?LSHL
  C:22BBH         PUBLIC        ?C?LSHL
  -------         ENDMOD        ?C?LSHL

  -------         MODULE        ?C?LLDOPTR
  C:22CEH         PUBLIC        ?C?LLDOPTR
BL51 BANKED LINKER/LOCATER V6.22                                                      04/15/2016  18:54:07  PAGE 74


  -------         ENDMOD        ?C?LLDOPTR

  -------         MODULE        ?C?LSTXDATA
  C:22FEH         PUBLIC        ?C?LSTXDATA
  -------         ENDMOD        ?C?LSTXDATA

  -------         MODULE        ?C?LSTKXDATA
  C:230AH         PUBLIC        ?C?LSTKXDATA
  -------         ENDMOD        ?C?LSTKXDATA

  -------         MODULE        ?C?OFFX256
  C:233BH         PUBLIC        ?C?OFFX256
  -------         ENDMOD        ?C?OFFX256

  -------         MODULE        ?C?OFFXADD
  C:234CH         PUBLIC        ?C?OFFXADD
  -------         ENDMOD        ?C?OFFXADD

  -------         MODULE        ?C?CCASE
  C:2358H         PUBLIC        ?C?CCASE
  -------         ENDMOD        ?C?CCASE

  -------         MODULE        ?C?ICALL
  C:237EH         PUBLIC        ?C?ICALL
  C:2382H         PUBLIC        ?C?ICALL2
  -------         ENDMOD        ?C?ICALL

  -------         MODULE        PRINTF
  X:7B4BH         PUBLIC        ?_PRINTF517?BYTE
  X:7B4BH         PUBLIC        ?_PRINTF?BYTE
  X:7B4BH         PUBLIC        ?_SPRINTF517?BYTE
  X:7B4BH         PUBLIC        ?_SPRINTF?BYTE
  C:46E6H         PUBLIC        _PRINTF
  C:46E6H         PUBLIC        _PRINTF517
  C:46E0H         PUBLIC        _SPRINTF
  C:46E0H         PUBLIC        _SPRINTF517
  -------         ENDMOD        PRINTF

  -------         MODULE        TOINT
  C:6EA6H         PUBLIC        _TOINT
  -------         ENDMOD        TOINT

  -------         MODULE        ISXDIGIT
  C:6EF4H         PUBLIC        _isxdigit
  -------         ENDMOD        ISXDIGIT

  -------         MODULE        TOUPPER
  C:6F8AH         PUBLIC        _toupper
  -------         ENDMOD        TOUPPER

  -------         MODULE        STRNCMP
  X:7B3FH         PUBLIC        ?_strncmp?BYTE
  C:684CH         PUBLIC        _strncmp
  -------         ENDMOD        STRNCMP

  -------         MODULE        STRNCPY
  X:7B29H         PUBLIC        ?_strncpy?BYTE
BL51 BANKED LINKER/LOCATER V6.22                                                      04/15/2016  18:54:07  PAGE 75


  C:6A2FH         PUBLIC        _strncpy
  -------         ENDMOD        STRNCPY

  -------         MODULE        STRLEN
  C:6F75H         PUBLIC        _STRLEN
  -------         ENDMOD        STRLEN

  -------         MODULE        ?C?MEMSET
  C:2384H         PUBLIC        ?C?MEMSET
  -------         ENDMOD        ?C?MEMSET

  -------         MODULE        ?C?MEMCMPAMD
  C:250EH         PUBLIC        ?C?MEMCMPAMD
  -------         ENDMOD        ?C?MEMCMPAMD

  -------         MODULE        ?C?COPYAMD
  C:25EEH         PUBLIC        ?C?COPYAMD
  -------         ENDMOD        ?C?COPYAMD

  -------         MODULE        ?C?STRCMPAMD
  C:276AH         PUBLIC        ?C?STRCMPAMD
  -------         ENDMOD        ?C?STRCMPAMD

  -------         MODULE        ?C?LLDIDATA
  C:2787H         PUBLIC        ?C?LLDIDATA
  -------         ENDMOD        ?C?LLDIDATA

  -------         MODULE        ?C?LLDXDATA
  C:2793H         PUBLIC        ?C?LLDXDATA
  -------         ENDMOD        ?C?LLDXDATA

  -------         MODULE        ?C?LLDPDATA
  C:279FH         PUBLIC        ?C?LLDPDATA
  -------         ENDMOD        ?C?LLDPDATA

  -------         MODULE        ?C?LLDCODE
  C:27ABH         PUBLIC        ?C?LLDCODE
  -------         ENDMOD        ?C?LLDCODE

  -------         MODULE        ?C?PLDIXDATA
  C:27BBH         PUBLIC        ?C?PLDIXDATA
  -------         ENDMOD        ?C?PLDIXDATA

  -------         MODULE        ?C?PSTXDATA
  C:27D2H         PUBLIC        ?C?PSTXDATA
  -------         ENDMOD        ?C?PSTXDATA

  -------         MODULE        PUTCHAR
  C:6ECDH         PUBLIC        _PUTCHAR
  -------         ENDMOD        PUTCHAR

Program Size: data=37.0 xdata=31676 code=28584
LINK/LOCATE RUN COMPLETE.  0 WARNING(S),  0 ERROR(S)
