BL51 BANKED LINKER/LOCATER V6.22                                                        05/27/2016  09:04:11  PAGE 1


BL51 BANKED LINKER/LOCATER V6.22, INVOKED BY:
D:\KEIL_V5\C51\BIN\BL51.EXE GF2488-01F1-E1-RST.obj, .\NewLib9.LIB TO citrans550f RAMSIZE (256)


MEMORY MODEL: LARGE


INPUT MODULES INCLUDED:
  GF2488-01F1-E1-RST.obj (GF2488_01F1_E1_RST)
  .\NewLib9.LIB (TIMER)
  .\NewLib9.LIB (COMM)
  .\NewLib9.LIB (DEBUG)
  .\NewLib9.LIB (HDLC)
  .\NewLib9.LIB (?C_STARTUP)
  D:\KEIL_V5\C51\LIB\C51L.LIB (?C_INIT)
  D:\KEIL_V5\C51\LIB\C51L.LIB (?C?CLDPTR)
  D:\KEIL_V5\C51\LIB\C51L.LIB (?C?CLDOPTR)
  D:\KEIL_V5\C51\LIB\C51L.LIB (?C?CSTPTR)
  D:\KEIL_V5\C51\LIB\C51L.LIB (?C?CSTOPTR)
  D:\KEIL_V5\C51\LIB\C51L.LIB (?C?IMUL)
  D:\KEIL_V5\C51\LIB\C51L.LIB (?C?UIDIV)
  D:\KEIL_V5\C51\LIB\C51L.LIB (?C?IILDX)
  D:\KEIL_V5\C51\LIB\C51L.LIB (?C?ILDIX)
  D:\KEIL_V5\C51\LIB\C51L.LIB (?C?ILDOPTR)
  D:\KEIL_V5\C51\LIB\C51L.LIB (?C?ISTPTR)
  D:\KEIL_V5\C51\LIB\C51L.LIB (?C?ISTOPTR)
  D:\KEIL_V5\C51\LIB\C51L.LIB (?C?ULCMP)
  D:\KEIL_V5\C51\LIB\C51L.LIB (?C?LSHL)
  D:\KEIL_V5\C51\LIB\C51L.LIB (?C?LLDOPTR)
  D:\KEIL_V5\C51\LIB\C51L.LIB (?C?LSTXDATA)
  D:\KEIL_V5\C51\LIB\C51L.LIB (?C?LSTKXDATA)
  D:\KEIL_V5\C51\LIB\C51L.LIB (?C?OFFX256)
  D:\KEIL_V5\C51\LIB\C51L.LIB (?C?OFFXADD)
  D:\KEIL_V5\C51\LIB\C51L.LIB (?C?CCASE)
  D:\KEIL_V5\C51\LIB\C51L.LIB (?C?ICALL)
  D:\KEIL_V5\C51\LIB\C51L.LIB (PRINTF)
  D:\KEIL_V5\C51\LIB\C51L.LIB (TOINT)
  D:\KEIL_V5\C51\LIB\C51L.LIB (ISXDIGIT)
  D:\KEIL_V5\C51\LIB\C51L.LIB (TOUPPER)
  D:\KEIL_V5\C51\LIB\C51L.LIB (STRNCMP)
  D:\KEIL_V5\C51\LIB\C51L.LIB (STRNCPY)
  D:\KEIL_V5\C51\LIB\C51L.LIB (STRLEN)
  D:\KEIL_V5\C51\LIB\C51L.LIB (?C?MEMSET)
  D:\KEIL_V5\C51\LIB\C51L.LIB (?C?MEMCMPAMD)
  D:\KEIL_V5\C51\LIB\C51L.LIB (?C?COPYAMD)
  D:\KEIL_V5\C51\LIB\C51L.LIB (?C?STRCMPAMD)
  D:\KEIL_V5\C51\LIB\C51L.LIB (?C?LLDIDATA)
  D:\KEIL_V5\C51\LIB\C51L.LIB (?C?LLDXDATA)
  D:\KEIL_V5\C51\LIB\C51L.LIB (?C?LLDPDATA)
  D:\KEIL_V5\C51\LIB\C51L.LIB (?C?LLDCODE)
  D:\KEIL_V5\C51\LIB\C51L.LIB (?C?PLDIXDATA)
  D:\KEIL_V5\C51\LIB\C51L.LIB (?C?PSTXDATA)
  D:\KEIL_V5\C51\LIB\C51L.LIB (PUTCHAR)


LINK MAP OF MODULE:  citrans550f (GF2488_01F1_E1_RST)


BL51 BANKED LINKER/LOCATER V6.22                                                      05/27/2016  09:04:11  PAGE 2


            TYPE    BASE      LENGTH    RELOCATION   SEGMENT NAME
            -----------------------------------------------------

            * * * * * * *   D A T A   M E M O R Y   * * * * * * *
            REG     0000H     0008H     ABSOLUTE     "REG BANK 0"
            REG     0008H     0008H     ABSOLUTE     "REG BANK 1"
            REG     0010H     0008H     ABSOLUTE     "REG BANK 2"
            DATA    0018H     0007H     UNIT         _DATA_GROUP_
            DATA    001FH     0001H     UNIT         ?DT?DEBUG
            DATA    0020H     0001H     BIT_ADDR     ?BA?GF2488_01F1_E1_RST
            DATA    0021H     0001H     BIT_ADDR     ?BA?COMM
            BIT     0022H.0   0001H.1   UNIT         _BIT_GROUP_
            BIT     0023H.1   0000H.6   UNIT         ?BI?COMM
            BIT     0023H.7   0000H.1   UNIT         ?BI?DEBUG
            IDATA   0024H     0001H     UNIT         ?STACK

            * * * * * * *  X D A T A   M E M O R Y  * * * * * * *
            XDATA   0000H     2000H     ABSOLUTE     
            XDATA   2000H     56DEH     UNIT         ?XD?GF2488_01F1_E1_RST
            XDATA   76DEH     0437H     UNIT         ?XD?COMM
            XDATA   7B15H     0061H     UNIT         _XDATA_GROUP_
            XDATA   7B76H     002AH     UNIT         ?XD?DEBUG
            XDATA   7BA0H     0010H     UNIT         ?XD?TIMER
            XDATA   7BB0H     000FH     UNIT         ?XD?HDLC

            * * * * * * *   C O D E   M E M O R Y   * * * * * * *
            CODE    0000H     0003H     ABSOLUTE     
            CODE    0003H     0003H     ABSOLUTE     
            CODE    0006H     0007H     UNIT         ?PR?TIMER
            CODE    000DH     0004H     UNIT         ?C_INITSEG
            CODE    0011H     0001H     UNIT         ?PR?USERFUNC?GF2488_01F1_E1_RST
                    0012H     0001H                  *** GAP ***
            CODE    0013H     0003H     ABSOLUTE     
                    0016H     000DH                  *** GAP ***
            CODE    0023H     0003H     ABSOLUTE     
                    0026H     0005H                  *** GAP ***
            CODE    002BH     0003H     ABSOLUTE     
            CODE    002EH     0015H     UNIT         ?PR?_STRLEN?STRLEN
            CODE    0043H     0003H     ABSOLUTE     
            CODE    0046H     0EDEH     UNIT         ?PR?GETDATA?GF2488_01F1_E1_RST
            CODE    0F24H     0940H     UNIT         ?PR?PROCCMD?COMM
            CODE    1864H     092AH     UNIT         ?PR?DEBUG?DEBUG
            CODE    218EH     06C2H     UNIT         ?C?LIB_CODE
            CODE    2850H     0655H     UNIT         ?PR?_CALUAS?GF2488_01F1_E1_RST
            CODE    2EA5H     0590H     UNIT         ?PR?INITIOSW1021?GF2488_01F1_E1_RST
            CODE    3435H     0590H     UNIT         ?PR?COMM
            CODE    39C5H     058BH     UNIT         ?PR?CONFSET?GF2488_01F1_E1_RST
            CODE    3F50H     0460H     UNIT         ?PR?_DOWNSOFT?COMM
            CODE    43B0H     043BH     UNIT         ?PR?USERHDLC?GF2488_01F1_E1_RST
            CODE    47EBH     03CCH     UNIT         ?PR?SELFCONF?GF2488_01F1_E1_RST
            CODE    4BB7H     0365H     UNIT         ?PR?PRINTF?PRINTF
            CODE    4F1CH     024BH     UNIT         ?CO?COMM
            CODE    5167H     0243H     UNIT         ?PR?PROCALMDATA?COMM
            CODE    53AAH     022FH     UNIT         ?CO?DEBUG
            CODE    55D9H     0214H     UNIT         ?PR?SOFTUPDATE?COMM
            CODE    57EDH     0211H     UNIT         ?PR?HDLCOK?HDLC
            CODE    59FEH     01DFH     UNIT         ?PR?PROCHISDATA?COMM
BL51 BANKED LINKER/LOCATER V6.22                                                      05/27/2016  09:04:11  PAGE 3


            CODE    5BDDH     01CDH     UNIT         ?PR?_VERSHOW?COMM
            CODE    5DAAH     01B9H     UNIT         ?PR?UASQUARTER?GF2488_01F1_E1_RST
            CODE    5F63H     0118H     UNIT         ?PR?SCC1TX?HDLC
            CODE    607BH     00FAH     UNIT         ?CO?GF2488_01F1_E1_RST
            CODE    6175H     00F9H     UNIT         ?PR?TIMERINTEP?TIMER
            CODE    626EH     00F8H     UNIT         ?PR?DEBUG
            CODE    6366H     00E6H     UNIT         ?PR?_READRXJ2?GF2488_01F1_E1_RST
            CODE    644CH     00E6H     UNIT         ?PR?CHECKSW1021INIT?GF2488_01F1_E1_RST
            CODE    6532H     00E2H     UNIT         ?PR?UASCLEAR?GF2488_01F1_E1_RST
            CODE    6614H     00CCH     UNIT         ?PR?MAIN?GF2488_01F1_E1_RST
            CODE    66E0H     00C5H     UNIT         ?PR?SCC2INTEP?DEBUG
            CODE    67A5H     00BEH     UNIT         ?PR?_WRITEEXPECTJ2?GF2488_01F1_E1_RST
            CODE    6863H     00BDH     UNIT         ?C_C51STARTUP
            CODE    6920H     00AFH     UNIT         ?PR?_WRITETXJ2?GF2488_01F1_E1_RST
            CODE    69CFH     00AFH     UNIT         ?PR?_READBCTHEAD?COMM
            CODE    6A7EH     00A7H     UNIT         ?PR?HDLC
            CODE    6B25H     0088H     UNIT         ?PR?COPYFLASH?COMM
            CODE    6BADH     0087H     UNIT         ?PR?_STRNCMP?STRNCMP
            CODE    6C34H     0083H     UNIT         ?PR?_READFPGAHEAD?COMM
            CODE    6CB7H     006EH     UNIT         ?PR?_PROGBAKFLASH?COMM
            CODE    6D25H     006BH     UNIT         ?PR?RAMTEST?COMM
            CODE    6D90H     0068H     UNIT         ?PR?_STRNCPY?STRNCPY
            CODE    6DF8H     0066H     UNIT         ?PR?COMMVARINIT?COMM
            CODE    6E5EH     0065H     UNIT         ?PR?_PROGRAM_ONE_BYTE?COMM
            CODE    6EC3H     005CH     UNIT         ?PR?_PROGRAMAPROM?COMM
            CODE    6F1FH     005CH     UNIT         ?PR?SCC1INIT?HDLC
            CODE    6F7BH     005BH     UNIT         ?PR?_CHECK_SST_39VF?COMM
            CODE    6FD6H     0056H     UNIT         ?PR?_MEMCRC?COMM
            CODE    702CH     0050H     UNIT         ?PR?_CRCCCITT?COMM
            CODE    707CH     0044H     UNIT         ?PR?SCC2INIT?DEBUG
            CODE    70C0H     003DH     UNIT         ?PR?JUMPTOAUX?COMM
            CODE    70FDH     003AH     UNIT         ?PR?ISPINIT?COMM
            CODE    7137H     0039H     UNIT         ?PR?TIMERINIT?TIMER
            CODE    7170H     0038H     UNIT         ?PR?_ERASEFLASH?COMM
            CODE    71A8H     0035H     UNIT         ?PR?HDLCERR?HDLC
            CODE    71DDH     002CH     UNIT         ?PR?HAPPENSWICH?GF2488_01F1_E1_RST
            CODE    7209H     002AH     UNIT         ?PR?BOOTINIT?COMM
            CODE    7233H     0027H     UNIT         ?PR?TOINT?TOINT
            CODE    725AH     0027H     UNIT         ?PR?PUTCHAR?PUTCHAR
            CODE    7281H     0026H     UNIT         ?PR?_ISXDIGIT?ISXDIGIT
            CODE    72A7H     0024H     UNIT         ?PR?_DELAY?TIMER
            CODE    72CBH     0020H     UNIT         ?PR?_ERASEAPROM?COMM
            CODE    72EBH     0017H     UNIT         ?PR?RESET?COMM
            CODE    7302H     0011H     UNIT         ?PR?_TOUPPER?TOUPPER
            CODE    7313H     0010H     UNIT         ?PR?TXDATA?DEBUG
            CODE    7323H     0010H     UNIT         ?PR?SCC1HARDINIT?HDLC



OVERLAY MAP OF MODULE:   citrans550f (GF2488_01F1_E1_RST)


SEGMENT                                           BIT_GROUP          DATA_GROUP          XDATA_GROUP
  +--> CALLED SEGMENT                          START    LENGTH     START    LENGTH     START    LENGTH
------------------------------------------------------------------------------------------------------
?PR?TIMERINTEP?TIMER                           -----    -----      -----    -----      -----    -----
  +--> ?PR?TIMER
BL51 BANKED LINKER/LOCATER V6.22                                                      05/27/2016  09:04:11  PAGE 4


  +--> ?PR?SCC1HARDINIT?HDLC
  +--> ?PR?USERFUNC?GF2488_01F1_E1_RST

*** NEW ROOT ***************************************************

?PR?SCC2INTEP?DEBUG                            -----    -----      -----    -----      -----    -----
  +--> ?PR?_TOUPPER?TOUPPER
  +--> ?PR?DEBUG

?PR?DEBUG                                      -----    -----      -----    -----      -----    -----
  +--> ?CO?DEBUG

*** NEW ROOT ***************************************************

?PR?HDLCOK?HDLC                                -----    -----      -----    -----      -----    -----
  +--> ?PR?HDLC
  +--> ?PR?PROCCMD?COMM
  +--> ?PR?SCC1TX?HDLC

?PR?PROCCMD?COMM                               -----    -----      -----    -----      7B15H    000CH
  +--> ?PR?COMM
  +--> ?CO?COMM
  +--> ?PR?_STRLEN?STRLEN
  +--> ?CO?GF2488_01F1_E1_RST
  +--> ?PR?_READBCTHEAD?COMM
  +--> ?PR?_READFPGAHEAD?COMM
  +--> ?PR?_DOWNSOFT?COMM
  +--> ?PR?USERHDLC?GF2488_01F1_E1_RST
  +--> ?PR?_VERSHOW?COMM

?PR?COMM                                       -----    -----      -----    -----      -----    -----
  +--> ?CO?GF2488_01F1_E1_RST
  +--> ?CO?COMM

?PR?_READBCTHEAD?COMM                          -----    -----      -----    -----      7B26H    0003H
  +--> ?PR?COMM
  +--> ?CO?GF2488_01F1_E1_RST
  +--> ?PR?_STRNCPY?STRNCPY

?PR?_STRNCPY?STRNCPY                           -----    -----      -----    -----      7B29H    000AH

?PR?_READFPGAHEAD?COMM                         -----    -----      -----    -----      7B26H    0006H
  +--> ?PR?COMM

?PR?_DOWNSOFT?COMM                             -----    -----      -----    -----      7B21H    0005H
  +--> ?PR?COMM
  +--> ?PR?_READBCTHEAD?COMM
  +--> ?PR?_READFPGAHEAD?COMM
  +--> ?PR?_CRCCCITT?COMM

?PR?_CRCCCITT?COMM                             -----    -----      -----    -----      7B26H    0007H
  +--> ?PR?COMM

?PR?USERHDLC?GF2488_01F1_E1_RST                -----    -----      -----    -----      7B21H    000AH
  +--> ?CO?GF2488_01F1_E1_RST
  +--> ?PR?_READRXJ2?GF2488_01F1_E1_RST

BL51 BANKED LINKER/LOCATER V6.22                                                      05/27/2016  09:04:11  PAGE 5


?PR?_READRXJ2?GF2488_01F1_E1_RST               -----    -----      -----    -----      7B2BH    000BH
  +--> ?CO?GF2488_01F1_E1_RST

?PR?_VERSHOW?COMM                              -----    -----      -----    -----      7B21H    0008H
  +--> ?PR?COMM
  +--> ?CO?COMM
  +--> ?PR?_STRLEN?STRLEN

?PR?SCC1TX?HDLC                                -----    -----      0018H    0002H      7B15H    0002H
  +--> ?PR?HDLC

*** NEW ROOT ***************************************************

?PR?HDLCERR?HDLC                               -----    -----      -----    -----      -----    -----
  +--> ?PR?HDLC

*** NEW ROOT ***************************************************

?C_C51STARTUP                                  -----    -----      -----    -----      -----    -----
  +--> ?PR?BOOTINIT?COMM
  +--> ?PR?MAIN?GF2488_01F1_E1_RST
  +--> ?C_INITSEG

?PR?BOOTINIT?COMM                              -----    -----      -----    -----      -----    -----
  +--> ?PR?COMM
  +--> ?PR?RAMTEST?COMM
  +--> ?PR?COMMVARINIT?COMM
  +--> ?PR?ISPINIT?COMM
  +--> ?PR?SCC2INIT?DEBUG
  +--> ?PR?SCC1INIT?HDLC
  +--> ?PR?TIMERINIT?TIMER

?PR?RAMTEST?COMM                               -----    -----      001AH    0002H      -----    -----
  +--> ?PR?COMM
  +--> ?PR?RESET?COMM

?PR?COMMVARINIT?COMM                           -----    -----      -----    -----      -----    -----
  +--> ?PR?COMM

?PR?SCC2INIT?DEBUG                             -----    -----      -----    -----      -----    -----
  +--> ?PR?DEBUG

?PR?MAIN?GF2488_01F1_E1_RST                    -----    -----      -----    -----      7B36H    0002H
  +--> ?PR?SELFCONF?GF2488_01F1_E1_RST
  +--> ?PR?CHECKSW1021INIT?GF2488_01F1_E1_RST
  +--> ?PR?INITIOSW1021?GF2488_01F1_E1_RST
  +--> ?PR?CONFSET?GF2488_01F1_E1_RST
  +--> ?PR?GETDATA?GF2488_01F1_E1_RST
  +--> ?PR?PROCALMDATA?COMM
  +--> ?PR?UASQUARTER?GF2488_01F1_E1_RST
  +--> ?PR?PROCHISDATA?COMM
  +--> ?PR?DEBUG?DEBUG

?PR?SELFCONF?GF2488_01F1_E1_RST                -----    -----      -----    -----      7B38H    0016H
  +--> ?CO?GF2488_01F1_E1_RST
  +--> ?PR?PRINTF?PRINTF

BL51 BANKED LINKER/LOCATER V6.22                                                      05/27/2016  09:04:11  PAGE 6


?PR?PRINTF?PRINTF                              0022H.0  0001H.1    001AH    0005H      7B4EH    0028H
  +--> ?PR?PUTCHAR?PUTCHAR

?PR?CHECKSW1021INIT?GF2488_01F1_E1_RST         -----    -----      -----    -----      7B38H    0004H
  +--> ?CO?GF2488_01F1_E1_RST

?PR?INITIOSW1021?GF2488_01F1_E1_RST            -----    -----      -----    -----      7B38H    0006H
  +--> ?PR?_DELAY?TIMER
  +--> ?CO?GF2488_01F1_E1_RST
  +--> ?PR?_WRITETXJ2?GF2488_01F1_E1_RST
  +--> ?PR?_WRITEEXPECTJ2?GF2488_01F1_E1_RST

?PR?_DELAY?TIMER                               -----    -----      -----    -----      -----    -----
  +--> ?PR?TIMER

?PR?_WRITETXJ2?GF2488_01F1_E1_RST              -----    -----      -----    -----      7B42H    0009H

?PR?_WRITEEXPECTJ2?GF2488_01F1_E1_RST          -----    -----      -----    -----      7B42H    0009H

?PR?CONFSET?GF2488_01F1_E1_RST                 -----    -----      -----    -----      7B3CH    0006H
  +--> ?CO?GF2488_01F1_E1_RST
  +--> ?PR?_DELAY?TIMER
  +--> ?PR?_WRITETXJ2?GF2488_01F1_E1_RST
  +--> ?PR?_WRITEEXPECTJ2?GF2488_01F1_E1_RST

?PR?GETDATA?GF2488_01F1_E1_RST                 -----    -----      -----    -----      7B38H    0016H
  +--> ?CO?GF2488_01F1_E1_RST
  +--> ?PR?_DELAY?TIMER
  +--> ?PR?UASCLEAR?GF2488_01F1_E1_RST
  +--> ?PR?_CALUAS?GF2488_01F1_E1_RST

?PR?_CALUAS?GF2488_01F1_E1_RST                 -----    -----      -----    -----      7B4EH    0004H

?PR?PROCALMDATA?COMM                           -----    -----      -----    -----      7B38H    0004H
  +--> ?PR?RESET?COMM
  +--> ?CO?GF2488_01F1_E1_RST
  +--> ?PR?_MEMCRC?COMM
  +--> ?PR?COMM
  +--> ?PR?CONFSET?GF2488_01F1_E1_RST
  +--> ?PR?SOFTUPDATE?COMM

?PR?_MEMCRC?COMM                               -----    -----      -----    -----      7B3CH    0007H
  +--> ?PR?COMM

?PR?SOFTUPDATE?COMM                            -----    -----      -----    -----      7B3CH    000AH
  +--> ?PR?_ERASEFLASH?COMM
  +--> ?PR?COMM
  +--> ?PR?COPYFLASH?COMM
  +--> ?PR?RESET?COMM
  +--> ?PR?_CHECK_SST_39VF?COMM
  +--> ?PR?_PROGBAKFLASH?COMM
  +--> ?PR?_ERASEAPROM?COMM
  +--> ?PR?_PROGRAMAPROM?COMM
  +--> ?PR?JUMPTOAUX?COMM

?PR?_ERASEFLASH?COMM                           -----    -----      -----    -----      -----    -----
  +--> ?PR?COMM
BL51 BANKED LINKER/LOCATER V6.22                                                      05/27/2016  09:04:11  PAGE 7


  +--> ?PR?_DELAY?TIMER

?PR?COPYFLASH?COMM                             -----    -----      -----    -----      7B46H    0009H
  +--> ?PR?COMM
  +--> ?PR?_PROGRAM_ONE_BYTE?COMM

?PR?_PROGRAM_ONE_BYTE?COMM                     -----    -----      -----    -----      7B51H    0006H
  +--> ?PR?COMM

?PR?_CHECK_SST_39VF?COMM                       -----    -----      -----    -----      -----    -----
  +--> ?PR?COMM

?PR?_PROGBAKFLASH?COMM                         -----    -----      -----    -----      7B46H    000BH
  +--> ?PR?COMM
  +--> ?PR?_PROGRAM_ONE_BYTE?COMM

?PR?_PROGRAMAPROM?COMM                         -----    -----      -----    -----      7B46H    0007H

?PR?PROCHISDATA?COMM                           -----    -----      -----    -----      -----    -----
  +--> ?PR?COMM
  +--> ?CO?GF2488_01F1_E1_RST
  +--> ?PR?RESET?COMM
  +--> ?PR?_MEMCRC?COMM

?PR?DEBUG?DEBUG                                -----    -----      -----    -----      7B38H    000AH
  +--> ?PR?DEBUG
  +--> ?CO?DEBUG
  +--> ?PR?_DELAY?TIMER
  +--> ?PR?JUMPTOAUX?COMM
  +--> ?PR?PRINTF?PRINTF
  +--> ?PR?TOINT?TOINT
  +--> ?PR?_ISXDIGIT?ISXDIGIT
  +--> ?CO?GF2488_01F1_E1_RST
  +--> ?CO?COMM
  +--> ?PR?_STRNCMP?STRNCMP
  +--> ?PR?RESET?COMM
  +--> ?PR?_CHECK_SST_39VF?COMM
  +--> ?PR?TXDATA?DEBUG

?PR?_STRNCMP?STRNCMP                           -----    -----      -----    -----      7B42H    0008H

?PR?TXDATA?DEBUG                               -----    -----      -----    -----      -----    -----
  +--> ?PR?DEBUG



SYMBOL TABLE OF MODULE:  citrans550f (GF2488_01F1_E1_RST)

  VALUE           TYPE          NAME
  ----------------------------------

  -------         MODULE        GF2488_01F1_E1_RST
  C:0000H         SYMBOL        _ICE_DUMMY_
  C:608EH         PUBLIC        g_usAlmNum
  B:0020H.7       PUBLIC        IO15
  C:2EA5H         PUBLIC        InitioSw1021
  D:0090H         PUBLIC        P1
BL51 BANKED LINKER/LOCATER V6.22                                                      05/27/2016  09:04:11  PAGE 8


  C:71DDH         SYMBOL        happenSwich
  D:00B0H         PUBLIC        P3
  C:644CH         SYMBOL        checkSW1021Init
  C:608DH         PUBLIC        g_ucBoardCode
  X:2000H         PUBLIC        g_ucNoUseFlag
  D:00A8H         PUBLIC        IE
  X:203FH         PUBLIC        N1000
  X:20BDH         PUBLIC        ulSesLimit
  X:20BFH         PUBLIC        g_usiNoEs
  X:213DH         PUBLIC        g_usiNoUseBbe
  C:5DAAH         PUBLIC        UasQuarter
  C:608CH         PUBLIC        g_ucAlmTypeNum
  C:47EBH         PUBLIC        SelfConf
  C:6532H         PUBLIC        UasClear
  C:67A5H         SYMBOL        _writeExpectJ2
  D:00B8H         PUBLIC        IP
  C:0046H         PUBLIC        GetData
  X:21BBH         PUBLIC        ulEsLimit
  C:43B0H         PUBLIC        UserHdlc
  C:6120H         PUBLIC        SoftDate
  X:21BDH         PUBLIC        g_ucNoUseTime
  C:6090H         PUBLIC        g_usPmNum
  X:21FCH         PUBLIC        g_usiBbe
  X:227AH         PUBLIC        g_ucState
  X:23CCH         PUBLIC        g_ucConfData
  C:6614H         PUBLIC        main
  C:6102H         PUBLIC        PcbTime
  X:2DCCH         PUBLIC        g_ucLineCode
  X:2E0CH         PUBLIC        g_usiCses
  C:60CFH         PUBLIC        BoardSn
  D:0091H         PUBLIC        EXIF
  C:0011H         PUBLIC        UserFunc
  C:612CH         PUBLIC        SoftTime
  X:2E8AH         PUBLIC        first_conf
  D:0088H         PUBLIC        TCON
  C:39C5H         PUBLIC        ConfSet
  C:608BH         PUBLIC        g_ucPmTypeNum
  X:2E8BH         PUBLIC        sw1021Chip
  C:610DH         PUBLIC        BoardSoftVer
  X:2E8DH         PUBLIC        g_ucAlmCode
  X:2E9CH         PUBLIC        g_ucLineMask
  C:2850H         PUBLIC        _CalUas
  X:2EDCH         PUBLIC        ulSesLmt
  X:2FD8H         PUBLIC        g_bClearUas
  X:2FD9H         PUBLIC        g_ucLofFlag
  X:3018H         PUBLIC        g_stuAlm
  D:0020H         PUBLIC        hio
  C:6135H         PUBLIC        slot
  C:60BDH         PUBLIC        SysName
  X:6576H         PUBLIC        g_usiOfs
  X:65F4H         PUBLIC        g_usiUas
  X:6672H         PUBLIC        actnumber
  X:6673H         PUBLIC        g_usiSes
  X:66F1H         PUBLIC        almnumber
  B:0090H.2       PUBLIC        IO2
  X:66F2H         PUBLIC        g_ucAlmMask
  C:60DFH         PUBLIC        SoftVer
BL51 BANKED LINKER/LOCATER V6.22                                                      05/27/2016  09:04:11  PAGE 9


  B:0090H.5       PUBLIC        IO5
  B:0090H.6       PUBLIC        IO6
  B:0090H.7       PUBLIC        IO7
  B:00E8H.0       PUBLIC        EX2
  X:6701H         PUBLIC        g_liError1s
  B:0020H.0       PUBLIC        IO8
  B:0020H.1       PUBLIC        IO9
  X:67FDH         PUBLIC        BIP_2_1S
  X:687BH         PUBLIC        g_usiEs
  D:00E8H         PUBLIC        EIE
  C:6093H         PUBLIC        chipOffSetc
  C:6089H         PUBLIC        g_usStateLen
  C:60F2H         PUBLIC        PcbSn
  C:6087H         PUBLIC        g_usConfLen
  B:00F8H.0       PUBLIC        PX2
  X:68F9H         PUBLIC        BIP
  X:6977H         PUBLIC        g_ucPmCode
  C:6092H         PUBLIC        g_ucLineNum
  D:00F8H         PUBLIC        EIP
  X:697EH         PUBLIC        g_ucUseTime
  X:69BDH         PUBLIC        g_ucAlmType
  X:69CCH         PUBLIC        BIP_2_1000S
  X:6A4AH         PUBLIC        g_stuPm
  D:0098H         PUBLIC        SCON0
  D:00C0H         PUBLIC        SCON1
  C:6383H         SYMBOL        _readRxJ2
  D:00C8H         PUBLIC        T2CON
  X:74A0H         PUBLIC        g_ucEsTime
  X:74DFH         PUBLIC        g_ucDefectFlag
  X:751EH         PUBLIC        g_ucPmMask
  C:60C8H         PUBLIC        BoardName
  C:6920H         SYMBOL        _writeTxJ2
  X:7525H         PUBLIC        g_ucLinePmMask
  B:0020H.2       PUBLIC        IO10
  B:0020H.3       PUBLIC        IO11
  D:00D0H         PUBLIC        PSW
  B:0020H.4       PUBLIC        IO12
  B:0020H.5       PUBLIC        IO13
  D:00D8H         PUBLIC        WDCON
  B:0020H.6       PUBLIC        IO14
  -------         PROC          _CALUAS
  X:7B4EH         SYMBOL        ulSesLmt
  -------         DO            
  X:7B51H         SYMBOL        i
  -------         ENDDO         
  C:2850H         LINE#         65
  C:285BH         LINE#         66
  C:285BH         LINE#         70
  C:286BH         LINE#         71
  C:286BH         LINE#         72
  C:287BH         LINE#         73
  C:287BH         LINE#         74
  C:28D3H         LINE#         75
  C:28D3H         LINE#         77
  C:290FH         LINE#         78
  C:291BH         LINE#         79
  C:2927H         LINE#         80
BL51 BANKED LINKER/LOCATER V6.22                                                      05/27/2016  09:04:11  PAGE 10


  C:2937H         LINE#         81
  C:2947H         LINE#         82
  C:294AH         LINE#         84
  C:294AH         LINE#         85
  C:2974H         LINE#         86
  C:2974H         LINE#         87
  C:2985H         LINE#         89
  C:29A1H         LINE#         91
  C:29A1H         LINE#         92
  C:29CAH         LINE#         93
  C:2A0BH         LINE#         94
  C:2A0BH         LINE#         95
  C:2A0DH         LINE#         96
  C:2A1DH         LINE#         97
  C:2A4BH         LINE#         98
  C:2A4BH         LINE#         99
  C:2A5BH         LINE#         101
  C:2A7DH         LINE#         103
  C:2A9BH         LINE#         105
  C:2ABEH         LINE#         106
  C:2AF9H         LINE#         107
  C:2B0DH         LINE#         108
  C:2B19H         LINE#         109
  C:2B21H         LINE#         110
  C:2B21H         LINE#         111
  C:2B21H         LINE#         112
  C:2B24H         LINE#         114
  C:2B24H         LINE#         116
  C:2B80H         LINE#         117
  C:2B80H         LINE#         118
  C:2B96H         LINE#         119
  C:2B96H         LINE#         120
  C:2BA7H         LINE#         122
  C:2BC5H         LINE#         123
  C:2BD1H         LINE#         124
  C:2BD1H         LINE#         126
  C:2C03H         LINE#         127
  C:2C06H         LINE#         129
  C:2C06H         LINE#         130
  C:2C30H         LINE#         131
  C:2C30H         LINE#         132
  C:2C47H         LINE#         133
  C:2C5EH         LINE#         135
  C:2C5EH         LINE#         136
  C:2C87H         LINE#         137
  C:2CC8H         LINE#         138
  C:2CC8H         LINE#         139
  C:2CCAH         LINE#         140
  C:2CE0H         LINE#         142
  C:2D02H         LINE#         143
  C:2D24H         LINE#         144
  C:2D4DH         LINE#         145
  C:2D5CH         LINE#         147
  C:2D5CH         LINE#         149
  C:2D5CH         LINE#         151
  C:2D6CH         LINE#         152
  C:2D81H         LINE#         154
BL51 BANKED LINKER/LOCATER V6.22                                                      05/27/2016  09:04:11  PAGE 11


  C:2DB0H         LINE#         155
  C:2DDFH         LINE#         156
  C:2E0EH         LINE#         157
  C:2E3DH         LINE#         158
  C:2E6CH         LINE#         159
  C:2E9BH         LINE#         161
  C:2EA4H         LINE#         163
  -------         ENDPROC       _CALUAS
  -------         PROC          UASCLEAR
  -------         DO            
  D:0007H         SYMBOL        i
  -------         ENDDO         
  C:6532H         LINE#         165
  C:6532H         LINE#         166
  C:6532H         LINE#         169
  C:653BH         LINE#         170
  C:653BH         LINE#         171
  C:653DH         LINE#         172
  C:653DH         LINE#         173
  C:6549H         LINE#         174
  C:6555H         LINE#         175
  C:6561H         LINE#         176
  C:656DH         LINE#         177
  C:6579H         LINE#         178
  C:6585H         LINE#         179
  C:6595H         LINE#         180
  C:65A5H         LINE#         181
  C:65B5H         LINE#         182
  C:65C5H         LINE#         183
  C:65D5H         LINE#         184
  C:65E5H         LINE#         185
  C:65F5H         LINE#         186
  C:6605H         LINE#         188
  C:660EH         LINE#         189
  C:6613H         LINE#         190
  C:6613H         LINE#         191
  -------         ENDPROC       UASCLEAR
  -------         PROC          UASQUARTER
  -------         DO            
  D:0007H         SYMBOL        i
  -------         ENDDO         
  C:5DAAH         LINE#         208
  C:5DAAH         LINE#         209
  C:5DAAH         LINE#         211
  C:5DACH         LINE#         212
  C:5DACH         LINE#         213
  C:5DB9H         LINE#         214
  C:5DB9H         LINE#         215
  C:5DC5H         LINE#         217
  C:5DEEH         LINE#         218
  C:5DF0H         LINE#         220
  C:5DF0H         LINE#         221
  C:5E0EH         LINE#         222
  C:5E2CH         LINE#         223
  C:5E51H         LINE#         225
  C:5E51H         LINE#         227
  C:5E7CH         LINE#         228
BL51 BANKED LINKER/LOCATER V6.22                                                      05/27/2016  09:04:11  PAGE 12


  C:5EA7H         LINE#         229
  C:5ED2H         LINE#         230
  C:5EFDH         LINE#         231
  C:5F28H         LINE#         232
  C:5F53H         LINE#         234
  C:5F5CH         LINE#         235
  C:5F62H         LINE#         236
  -------         ENDPROC       UASQUARTER
  -------         PROC          _WRITETXJ2
  D:0001H         SYMBOL        chip
  X:7B43H         SYMBOL        witchJ2
  D:0003H         SYMBOL        Slot
  X:7B45H         SYMBOL        j2
  X:7B46H         SYMBOL        busB
  -------         DO            
  X:7B47H         SYMBOL        copOk
  D:0004H         SYMBOL        busBase
  X:7B49H         SYMBOL        i
  -------         ENDDO         
  C:6920H         LINE#         131
  C:6927H         LINE#         132
  C:6927H         LINE#         133
  C:692EH         LINE#         134
  C:6931H         LINE#         135
  C:6937H         LINE#         136
  C:693DH         LINE#         137
  C:693FH         LINE#         139
  C:695DH         LINE#         140
  C:696EH         LINE#         141
  C:698BH         LINE#         142
  C:6995H         LINE#         143
  C:69B8H         LINE#         144
  C:69C6H         LINE#         145
  C:69CDH         LINE#         146
  C:69CEH         LINE#         149
  -------         ENDPROC       _WRITETXJ2
  -------         PROC          _WRITEEXPECTJ2
  D:0001H         SYMBOL        chip
  X:7B43H         SYMBOL        witchJ2
  D:0003H         SYMBOL        Slot
  X:7B45H         SYMBOL        j2
  X:7B46H         SYMBOL        busB
  -------         DO            
  X:7B47H         SYMBOL        copOk
  D:0004H         SYMBOL        busBase
  X:7B49H         SYMBOL        i
  -------         ENDDO         
  C:67A5H         LINE#         151
  C:67ACH         LINE#         152
  C:67ACH         LINE#         153
  C:67B3H         LINE#         154
  C:67B6H         LINE#         155
  C:67BCH         LINE#         156
  C:67C2H         LINE#         157
  C:67C4H         LINE#         159
  C:67E2H         LINE#         160
  C:6802H         LINE#         161
BL51 BANKED LINKER/LOCATER V6.22                                                      05/27/2016  09:04:11  PAGE 13


  C:681FH         LINE#         162
  C:6829H         LINE#         163
  C:684CH         LINE#         164
  C:685AH         LINE#         165
  C:6861H         LINE#         166
  C:6862H         LINE#         169
  -------         ENDPROC       _WRITEEXPECTJ2
  -------         PROC          L?0426
  -------         ENDPROC       L?0426
  -------         PROC          _READRXJ2
  D:0001H         SYMBOL        chip
  D:0005H         SYMBOL        witchJ2
  D:0004H         SYMBOL        Slot
  X:7B2EH         SYMBOL        j2
  X:7B31H         SYMBOL        busB
  -------         DO            
  X:7B32H         SYMBOL        copOk
  D:0002H         SYMBOL        busBase
  X:7B34H         SYMBOL        i
  -------         ENDDO         
  C:6383H         LINE#         171
  C:6387H         LINE#         172
  C:6387H         LINE#         173
  C:638EH         LINE#         174
  C:6391H         LINE#         175
  C:6397H         LINE#         176
  C:639DH         LINE#         177
  C:639FH         LINE#         179
  C:63BCH         LINE#         180
  C:63C8H         LINE#         181
  C:63D2H         LINE#         182
  C:63F5H         LINE#         183
  C:6403H         LINE#         184
  C:640AH         LINE#         185
  C:640AH         LINE#         188
  C:6414H         LINE#         189
  C:6439H         LINE#         190
  C:643BH         LINE#         191
  C:644BH         LINE#         192
  C:644BH         LINE#         194
  -------         ENDPROC       _READRXJ2
  -------         PROC          GETDATA
  -------         DO            
  X:7B38H         SYMBOL        i
  X:7B39H         SYMBOL        m
  X:7B3AH         SYMBOL        n
  X:7B3BH         SYMBOL        mi
  X:7B3CH         SYMBOL        ni
  D:0003H         SYMBOL        tmp
  D:0007H         SYMBOL        tmpi
  X:7B3DH         SYMBOL        ADCLK
  X:7B3EH         SYMBOL        PPILOS
  X:7B3FH         SYMBOL        TULOP
  X:7B40H         SYMBOL        LPSLM
  X:7B41H         SYMBOL        LPTIM
  X:7B42H         SYMBOL        LPTIU
  X:7B43H         SYMBOL        LPRDI
BL51 BANKED LINKER/LOCATER V6.22                                                      05/27/2016  09:04:11  PAGE 14


  X:7B44H         SYMBOL        LPRFI
  X:7B45H         SYMBOL        LPUNEQ
  X:7B46H         SYMBOL        TUAIS
  X:7B47H         SYMBOL        PPIAIS
  X:7B48H         SYMBOL        LOOP
  X:7B49H         SYMBOL        LOOPL
  X:7B4AH         SYMBOL        tv5
  X:7B4BH         SYMBOL        LPFEBE
  D:0006H         SYMBOL        HDB3
  X:7B4DH         SYMBOL        lopCnt
  -------         ENDDO         
  C:0046H         LINE#         209
  C:0046H         LINE#         210
  C:0046H         LINE#         214
  C:004BH         LINE#         215
  C:004FH         LINE#         216
  C:0053H         LINE#         217
  C:005CH         LINE#         218
  C:006DH         LINE#         219
  C:006DH         LINE#         221
  C:007AH         LINE#         222
  C:007AH         LINE#         223
  C:008AH         LINE#         225
  C:00A0H         LINE#         227
  C:00A3H         LINE#         229
  C:00A3H         LINE#         230
  C:00AFH         LINE#         231
  C:00B8H         LINE#         232
  C:00C5H         LINE#         233
  C:00CAH         LINE#         235
  C:00DDH         LINE#         237
  C:00E9H         LINE#         238
  C:00FBH         LINE#         240
  C:010AH         LINE#         242
  C:011FH         LINE#         244
  C:0136H         LINE#         245
  C:015EH         LINE#         246
  C:0164H         LINE#         247
  C:016BH         LINE#         260
  C:0177H         LINE#         261
  C:01A3H         LINE#         262
  C:01AAH         LINE#         263
  C:01B1H         LINE#         264
  C:01B8H         LINE#         265
  C:01BDH         LINE#         266
  C:01C2H         LINE#         267
  C:01C7H         LINE#         268
  C:01CCH         LINE#         269
  C:01D1H         LINE#         271
  C:01DAH         LINE#         276
  C:01FFH         LINE#         278
  C:0229H         LINE#         279
  C:022BH         LINE#         281
  C:0255H         LINE#         282
  C:0255H         LINE#         288
  C:0283H         LINE#         289
  C:030CH         LINE#         291
BL51 BANKED LINKER/LOCATER V6.22                                                      05/27/2016  09:04:11  PAGE 15


  C:033CH         LINE#         292
  C:037AH         LINE#         294
  C:03A3H         LINE#         296
  C:03A9H         LINE#         297
  C:03B2H         LINE#         299
  C:03E2H         LINE#         300
  C:03E2H         LINE#         301
  C:03F7H         LINE#         302
  C:040DH         LINE#         304
  C:040DH         LINE#         305
  C:0428H         LINE#         306
  C:042BH         LINE#         307
  C:042BH         LINE#         309
  C:0456H         LINE#         310
  C:0467H         LINE#         312
  C:046CH         LINE#         313
  C:0497H         LINE#         315
  C:0499H         LINE#         316
  C:04A9H         LINE#         317
  C:04A9H         LINE#         319
  C:04ABH         LINE#         321
  C:04ABH         LINE#         322
  C:04C0H         LINE#         323
  C:04D9H         LINE#         324
  C:04EEH         LINE#         325
  C:04EEH         LINE#         328
  C:050CH         LINE#         329
  C:051DH         LINE#         330
  C:053BH         LINE#         331
  C:054CH         LINE#         332
  C:0552H         LINE#         333
  C:0552H         LINE#         334
  C:0567H         LINE#         335
  C:0578H         LINE#         336
  C:0589H         LINE#         340
  C:058DH         LINE#         341
  C:0590H         LINE#         343
  C:0590H         LINE#         344
  C:05ADH         LINE#         345
  C:05BEH         LINE#         346
  C:05DBH         LINE#         347
  C:05ECH         LINE#         348
  C:0609H         LINE#         349
  C:061AH         LINE#         357
  C:0637H         LINE#         358
  C:0648H         LINE#         359
  C:0648H         LINE#         360
  C:0665H         LINE#         361
  C:0676H         LINE#         362
  C:0693H         LINE#         363
  C:06A4H         LINE#         364
  C:06E8H         LINE#         365
  C:0708H         LINE#         366
  C:071EH         LINE#         367
  C:071EH         LINE#         369
  C:074DH         LINE#         371
  C:0788H         LINE#         372
BL51 BANKED LINKER/LOCATER V6.22                                                      05/27/2016  09:04:11  PAGE 16


  C:0799H         LINE#         373
  C:0799H         LINE#         375
  C:07C2H         LINE#         376
  C:07C8H         LINE#         378
  C:07F9H         LINE#         379
  C:0824H         LINE#         380
  C:0824H         LINE#         381
  C:082BH         LINE#         382
  C:082EH         LINE#         383
  C:0830H         LINE#         385
  C:0830H         LINE#         386
  C:0837H         LINE#         387
  C:0868H         LINE#         388
  C:0868H         LINE#         389
  C:0868H         LINE#         390
  C:0871H         LINE#         392
  C:0876H         LINE#         393
  C:0876H         LINE#         394
  C:0882H         LINE#         395
  C:088DH         LINE#         396
  C:08A1H         LINE#         400
  C:08D7H         LINE#         403
  C:08E1H         LINE#         404
  C:08E6H         LINE#         405
  C:0916H         LINE#         406
  C:093AH         LINE#         409
  C:0963H         LINE#         413
  C:0971H         LINE#         417
  C:097BH         LINE#         418
  C:0981H         LINE#         421
  C:0987H         LINE#         422
  C:0987H         LINE#         423
  C:098CH         LINE#         424
  C:0990H         LINE#         425
  C:099BH         LINE#         426
  C:099DH         LINE#         427
  C:09AFH         LINE#         428
  C:09AFH         LINE#         429
  C:09BCH         LINE#         430
  C:09C9H         LINE#         431
  C:09D1H         LINE#         432
  C:09D1H         LINE#         433
  C:09DAH         LINE#         434
  C:09DAH         LINE#         435
  C:09E8H         LINE#         436
  C:09E8H         LINE#         437
  C:0A06H         LINE#         438
  C:0A06H         LINE#         439
  C:0A17H         LINE#         440
  C:0A24H         LINE#         441
  C:0A26H         LINE#         443
  C:0A26H         LINE#         444
  C:0A36H         LINE#         445
  C:0A42H         LINE#         446
  C:0A42H         LINE#         447
  C:0A4AH         LINE#         448
  C:0A50H         LINE#         449
BL51 BANKED LINKER/LOCATER V6.22                                                      05/27/2016  09:04:11  PAGE 17


  C:0A54H         LINE#         450
  C:0A5AH         LINE#         451
  C:0A5AH         LINE#         453
  C:0A5DH         LINE#         456
  C:0A63H         LINE#         457
  C:0A63H         LINE#         458
  C:0A69H         LINE#         459
  C:0A6EH         LINE#         460
  C:0A6EH         LINE#         462
  C:0A77H         LINE#         463
  C:0A77H         LINE#         464
  C:0A80H         LINE#         466
  C:0A92H         LINE#         467
  C:0A92H         LINE#         468
  C:0AB8H         LINE#         469
  C:0AE1H         LINE#         470
  C:0B0AH         LINE#         471
  C:0B31H         LINE#         472
  C:0B41H         LINE#         474
  C:0B4EH         LINE#         477
  C:0B77H         LINE#         478
  C:0BA0H         LINE#         482
  C:0BC8H         LINE#         483
  C:0BC8H         LINE#         484
  C:0BDDH         LINE#         485
  C:0BE7H         LINE#         486
  C:0BEAH         LINE#         488
  C:0BEAH         LINE#         489
  C:0C10H         LINE#         490
  C:0C37H         LINE#         491
  C:0C4BH         LINE#         492
  C:0C6CH         LINE#         493
  C:0C6CH         LINE#         494
  C:0C6CH         LINE#         495
  C:0C85H         LINE#         496
  C:0C8EH         LINE#         497
  C:0C9AH         LINE#         498
  C:0C9AH         LINE#         499
  C:0C9CH         LINE#         501
  C:0C9CH         LINE#         502
  C:0CB9H         LINE#         503
  C:0CCEH         LINE#         504
  C:0CDAH         LINE#         505
  C:0CEEH         LINE#         506
  C:0CF1H         LINE#         508
  C:0CF1H         LINE#         511
  C:0D1BH         LINE#         512
  C:0D1BH         LINE#         513
  C:0D38H         LINE#         514
  C:0D4CH         LINE#         515
  C:0D55H         LINE#         516
  C:0D69H         LINE#         517
  C:0D7DH         LINE#         518
  C:0D87H         LINE#         519
  C:0D8AH         LINE#         524
  C:0D8AH         LINE#         527
  C:0DAEH         LINE#         528
BL51 BANKED LINKER/LOCATER V6.22                                                      05/27/2016  09:04:11  PAGE 18


  C:0DAEH         LINE#         529
  C:0DCBH         LINE#         530
  C:0DDFH         LINE#         531
  C:0DE8H         LINE#         532
  C:0DFCH         LINE#         533
  C:0E10H         LINE#         534
  C:0E1AH         LINE#         535
  C:0E1DH         LINE#         536
  C:0E1DH         LINE#         537
  C:0E20H         LINE#         539
  C:0E20H         LINE#         542
  C:0E3CH         LINE#         543
  C:0E3CH         LINE#         544
  C:0E55H         LINE#         545
  C:0E6CH         LINE#         546
  C:0E75H         LINE#         547
  C:0E89H         LINE#         548
  C:0E9DH         LINE#         549
  C:0EADH         LINE#         550
  C:0EAFH         LINE#         552
  C:0EC5H         LINE#         553
  C:0EC5H         LINE#         554
  C:0EC5H         LINE#         555
  C:0EC5H         LINE#         559
  C:0ECEH         LINE#         561
  C:0ED3H         LINE#         563
  C:0ED3H         LINE#         579
  C:0ED9H         LINE#         583
  C:0EE8H         LINE#         584
  C:0EECH         LINE#         586
  C:0EEEH         LINE#         587
  C:0EF4H         LINE#         588
  C:0EFCH         LINE#         590
  C:0F01H         LINE#         591
  C:0F07H         LINE#         592
  C:0F0FH         LINE#         594
  C:0F14H         LINE#         595
  C:0F17H         LINE#         596
  C:0F1EH         LINE#         598
  C:0F23H         LINE#         600
  -------         ENDPROC       GETDATA
  -------         PROC          USERFUNC
  C:0011H         LINE#         615
  C:0011H         LINE#         666
  -------         ENDPROC       USERFUNC
  -------         PROC          HAPPENSWICH
  C:71DDH         LINE#         683
  C:71E3H         LINE#         686
  C:71E5H         LINE#         687
  C:71E8H         LINE#         690
  C:71EEH         LINE#         691
  C:71F0H         LINE#         693
  C:71F6H         LINE#         694
  C:71F8H         LINE#         696
  C:71FEH         LINE#         697
  C:7200H         LINE#         700
  C:7202H         LINE#         702
BL51 BANKED LINKER/LOCATER V6.22                                                      05/27/2016  09:04:11  PAGE 19


  -------         ENDPROC       HAPPENSWICH
  -------         PROC          CONFSET
  -------         DO            
  X:7B3CH         SYMBOL        i
  X:7B3DH         SYMBOL        j
  X:7B3EH         SYMBOL        ilong
  X:7B3FH         SYMBOL        m
  X:7B40H         SYMBOL        n
  X:7B41H         SYMBOL        temp
  -------         ENDDO         
  C:39C5H         LINE#         717
  C:39C5H         LINE#         718
  C:39C5H         LINE#         723
  C:39CDH         LINE#         724
  C:39D5H         LINE#         725
  C:39DDH         LINE#         726
  C:39E5H         LINE#         727
  C:39EDH         LINE#         728
  C:39F5H         LINE#         729
  C:39FDH         LINE#         730
  C:3A0FH         LINE#         731
  C:3A1AH         LINE#         732
  C:3A23H         LINE#         733
  C:3A37H         LINE#         735
  C:3A61H         LINE#         736
  C:3A88H         LINE#         737
  C:3AAEH         LINE#         738
  C:3AD5H         LINE#         740
  C:3AE5H         LINE#         743
  C:3B12H         LINE#         744
  C:3B1BH         LINE#         745
  C:3B46H         LINE#         747
  C:3B56H         LINE#         748
  C:3B63H         LINE#         749
  C:3B70H         LINE#         750
  C:3B73H         LINE#         751
  C:3B9EH         LINE#         752
  C:3BC4H         LINE#         753
  C:3BD7H         LINE#         754
  C:3BD7H         LINE#         756
  C:3C02H         LINE#         757
  C:3C07H         LINE#         758
  C:3C32H         LINE#         759
  C:3C43H         LINE#         760
  C:3C4FH         LINE#         761
  C:3C5BH         LINE#         762
  C:3C5BH         LINE#         763
  C:3C5BH         LINE#         764
  C:3CA0H         LINE#         765
  C:3CD6H         LINE#         784
  C:3CE8H         LINE#         785
  C:3CE8H         LINE#         786
  C:3CF3H         LINE#         787
  C:3CF8H         LINE#         790
  C:3D38H         LINE#         791
  C:3D78H         LINE#         793
  C:3DB9H         LINE#         794
BL51 BANKED LINKER/LOCATER V6.22                                                      05/27/2016  09:04:11  PAGE 20


  C:3DFAH         LINE#         795
  C:3E03H         LINE#         797
  C:3E16H         LINE#         798
  C:3E16H         LINE#         799
  C:3E23H         LINE#         800
  C:3E2FH         LINE#         801
  C:3E31H         LINE#         803
  C:3E31H         LINE#         804
  C:3E3FH         LINE#         805
  C:3E4CH         LINE#         806
  C:3E4CH         LINE#         811
  C:3E55H         LINE#         815
  C:3E5AH         LINE#         816
  C:3E5AH         LINE#         818
  C:3E6AH         LINE#         819
  C:3E6AH         LINE#         820
  C:3E8AH         LINE#         821
  C:3E8AH         LINE#         822
  C:3E97H         LINE#         823
  C:3E99H         LINE#         824
  C:3E99H         LINE#         826
  C:3EA8H         LINE#         828
  C:3EB0H         LINE#         829
  C:3EBAH         LINE#         831
  C:3EBFH         LINE#         832
  C:3EBFH         LINE#         834
  C:3ECFH         LINE#         835
  C:3ECFH         LINE#         836
  C:3EEFH         LINE#         837
  C:3EEFH         LINE#         838
  C:3EFCH         LINE#         839
  C:3EFEH         LINE#         840
  C:3EFEH         LINE#         842
  C:3F0DH         LINE#         843
  C:3F15H         LINE#         844
  C:3F1FH         LINE#         846
  C:3F34H         LINE#         847
  C:3F47H         LINE#         856
  C:3F4FH         LINE#         857
  -------         ENDPROC       CONFSET
  -------         PROC          USERHDLC
  -------         DO            
  X:7B21H         SYMBOL        i
  X:7B22H         SYMBOL        j
  X:7B23H         SYMBOL        m
  X:7B24H         SYMBOL        n
  X:7B25H         SYMBOL        temp
  X:7B26H         SYMBOL        addr
  X:7B28H         SYMBOL        val
  -------         DO            
  X:7B29H         SYMBOL        addr
  X:7B29H         SYMBOL        addr
  -------         ENDDO         
  -------         DO            
  X:7B29H         SYMBOL        addr
  -------         ENDDO         
  -------         ENDDO         
BL51 BANKED LINKER/LOCATER V6.22                                                      05/27/2016  09:04:11  PAGE 21


  C:43B0H         LINE#         873
  C:43B0H         LINE#         874
  C:43B0H         LINE#         879
  C:43B6H         LINE#         880
  C:43B6H         LINE#         881
  C:43BCH         LINE#         882
  C:43BCH         LINE#         883
  C:43BCH         LINE#         884
  C:43BEH         LINE#         885
  C:43C2H         LINE#         886
  C:43C2H         LINE#         887
  C:43C7H         LINE#         888
  C:43C7H         LINE#         889
  C:43C7H         LINE#         892
  C:43EEH         LINE#         893
  C:43EEH         LINE#         894
  C:43EEH         LINE#         895
  C:43FAH         LINE#         896
  C:43FAH         LINE#         897
  C:440EH         LINE#         898
  C:4411H         LINE#         900
  C:442DH         LINE#         901
  C:442DH         LINE#         902
  C:443DH         LINE#         903
  C:4448H         LINE#         904
  C:4451H         LINE#         906
  C:4464H         LINE#         907
  C:446EH         LINE#         908
  C:4496H         LINE#         909
  C:4498H         LINE#         910
  C:44C0H         LINE#         911
  C:44C0H         LINE#         912
  C:44C5H         LINE#         913
  C:44CEH         LINE#         914
  C:44CEH         LINE#         915
  C:44D6H         LINE#         916
  C:44D6H         LINE#         917
  C:44EAH         LINE#         918
  C:44F1H         LINE#         920
  C:450DH         LINE#         921
  C:450DH         LINE#         922
  C:451DH         LINE#         923
  C:4528H         LINE#         924
  C:4531H         LINE#         926
  C:4544H         LINE#         927
  C:454EH         LINE#         928
  C:4576H         LINE#         929
  C:4578H         LINE#         930
  C:45A0H         LINE#         931
  C:45A0H         LINE#         932
  C:45A5H         LINE#         933
  C:45AEH         LINE#         934
  C:45AEH         LINE#         935
  C:45B9H         LINE#         936
  C:45BFH         LINE#         937
  C:45C3H         LINE#         938
  C:45C5H         LINE#         939
BL51 BANKED LINKER/LOCATER V6.22                                                      05/27/2016  09:04:11  PAGE 22


  C:45C9H         LINE#         940
  C:45CDH         LINE#         942
  C:45D6H         LINE#         943
  C:45E8H         LINE#         944
  C:45F2H         LINE#         945
  C:45FBH         LINE#         946
  C:4614H         LINE#         947
  C:462CH         LINE#         948
  C:463BH         LINE#         949
  C:463EH         LINE#         950
  C:4659H         LINE#         951
  C:4661H         LINE#         952
  C:466AH         LINE#         957
  C:466AH         LINE#         958
  C:4675H         LINE#         959
  C:467BH         LINE#         960
  C:467FH         LINE#         961
  C:4681H         LINE#         962
  C:4685H         LINE#         963
  C:4689H         LINE#         965
  C:4692H         LINE#         966
  C:46A4H         LINE#         967
  C:46AEH         LINE#         968
  C:46B7H         LINE#         969
  C:46D0H         LINE#         970
  C:46E8H         LINE#         971
  C:46F7H         LINE#         972
  C:46FAH         LINE#         973
  C:4715H         LINE#         974
  C:471DH         LINE#         975
  C:4726H         LINE#         976
  C:472BH         LINE#         978
  C:472BH         LINE#         979
  C:472CH         LINE#         981
  C:472CH         LINE#         982
  C:4741H         LINE#         983
  C:4746H         LINE#         984
  C:4748H         LINE#         985
  C:474AH         LINE#         986
  C:474EH         LINE#         988
  C:4753H         LINE#         989
  C:4781H         LINE#         990
  C:4787H         LINE#         991
  C:4788H         LINE#         993
  C:4788H         LINE#         994
  C:479EH         LINE#         995
  C:47A7H         LINE#         996
  C:47ACH         LINE#         997
  C:47AEH         LINE#         998
  C:47B0H         LINE#         999
  C:47B4H         LINE#         1000
  C:47B9H         LINE#         1001
  C:47E8H         LINE#         1002
  C:47E8H         LINE#         1005
  C:47E8H         LINE#         1006
  C:47E8H         LINE#         1007
  C:47EAH         LINE#         1008
BL51 BANKED LINKER/LOCATER V6.22                                                      05/27/2016  09:04:11  PAGE 23


  C:47EAH         LINE#         1012
  C:47EAH         LINE#         1013
  C:47EAH         LINE#         1022
  C:47EAH         LINE#         1023
  C:47EAH         LINE#         1025
  -------         ENDPROC       USERHDLC
  -------         PROC          SELFCONF
  -------         DO            
  X:7B38H         SYMBOL        i
  X:7B3AH         SYMBOL        j
  X:7B3CH         SYMBOL        ctt
  D:0007H         SYMBOL        ucii
  -------         ENDDO         
  C:47EBH         LINE#         1061
  C:47EBH         LINE#         1062
  C:47EBH         LINE#         1068
  C:47F1H         LINE#         1069
  C:47F7H         LINE#         1072
  C:480DH         LINE#         1073
  C:482CH         LINE#         1075
  C:4843H         LINE#         1076
  C:4862H         LINE#         1078
  C:4879H         LINE#         1079
  C:4898H         LINE#         1081
  C:48A2H         LINE#         1084
  C:48B9H         LINE#         1085
  C:48D8H         LINE#         1086
  C:48EFH         LINE#         1087
  C:490EH         LINE#         1096
  C:4914H         LINE#         1101
  C:491BH         LINE#         1102
  C:494BH         LINE#         1103
  C:4962H         LINE#         1104
  C:4962H         LINE#         1105
  C:496EH         LINE#         1107
  C:497EH         LINE#         1115
  C:4984H         LINE#         1116
  C:4989H         LINE#         1118
  C:4991H         LINE#         1119
  C:499AH         LINE#         1121
  C:49A0H         LINE#         1122
  C:49A4H         LINE#         1123
  C:49A8H         LINE#         1124
  C:49ACH         LINE#         1125
  C:49B0H         LINE#         1127
  C:49B4H         LINE#         1131
  C:49BAH         LINE#         1133
  C:49C0H         LINE#         1134
  C:49C4H         LINE#         1135
  C:49C8H         LINE#         1136
  C:49CCH         LINE#         1137
  C:49D0H         LINE#         1138
  C:49D3H         LINE#         1139
  C:49D8H         LINE#         1140
  C:49DDH         LINE#         1142
  C:49E1H         LINE#         1143
  C:49E5H         LINE#         1144
BL51 BANKED LINKER/LOCATER V6.22                                                      05/27/2016  09:04:11  PAGE 24


  C:49E8H         LINE#         1145
  C:49ECH         LINE#         1146
  C:49F0H         LINE#         1148
  C:49F3H         LINE#         1149
  C:49F7H         LINE#         1151
  C:49FCH         LINE#         1152
  C:49FEH         LINE#         1153
  C:4A00H         LINE#         1154
  C:4A04H         LINE#         1155
  C:4A06H         LINE#         1156
  C:4A08H         LINE#         1157
  C:4A0CH         LINE#         1158
  C:4A10H         LINE#         1159
  C:4A12H         LINE#         1160
  C:4A15H         LINE#         1161
  C:4A19H         LINE#         1162
  C:4A1BH         LINE#         1163
  C:4A1EH         LINE#         1164
  C:4A20H         LINE#         1165
  C:4A22H         LINE#         1171
  C:4A28H         LINE#         1172
  C:4A28H         LINE#         1173
  C:4A2FH         LINE#         1174
  C:4A2FH         LINE#         1175
  C:4A60H         LINE#         1176
  C:4A7BH         LINE#         1177
  C:4A95H         LINE#         1178
  C:4AB2H         LINE#         1180
  C:4AB8H         LINE#         1181
  C:4ABCH         LINE#         1183
  C:4AC2H         LINE#         1184
  C:4AC6H         LINE#         1186
  C:4ACCH         LINE#         1187
  C:4AD0H         LINE#         1190
  C:4AD7H         LINE#         1191
  C:4AD7H         LINE#         1192
  C:4ADEH         LINE#         1193
  C:4ADEH         LINE#         1194
  C:4B0FH         LINE#         1195
  C:4B2AH         LINE#         1196
  C:4B44H         LINE#         1197
  C:4B61H         LINE#         1199
  C:4B78H         LINE#         1200
  C:4B78H         LINE#         1201
  C:4B95H         LINE#         1202
  C:4BA6H         LINE#         1203
  C:4BB6H         LINE#         1204
  -------         ENDPROC       SELFCONF
  -------         PROC          INITIOSW1021
  -------         DO            
  X:7B38H         SYMBOL        i
  X:7B3AH         SYMBOL        j
  X:7B3CH         SYMBOL        m
  X:7B3DH         SYMBOL        n
  -------         ENDDO         
  C:2EA5H         LINE#         1221
  C:2EA5H         LINE#         1222
BL51 BANKED LINKER/LOCATER V6.22                                                      05/27/2016  09:04:11  PAGE 25


  C:2EA5H         LINE#         1226
  C:2EAAH         LINE#         1228
  C:2EC3H         LINE#         1229
  C:2EC3H         LINE#         1230
  C:2ED7H         LINE#         1231
  C:2EDBH         LINE#         1232
  C:2EF1H         LINE#         1238
  C:2EFDH         LINE#         1239
  C:2F0AH         LINE#         1241
  C:2F17H         LINE#         1243
  C:2F24H         LINE#         1246
  C:2F30H         LINE#         1247
  C:2F3CH         LINE#         1250
  C:2F56H         LINE#         1251
  C:2F8BH         LINE#         1253
  C:2FB8H         LINE#         1259
  C:2FF3H         LINE#         1260
  C:3021H         LINE#         1261
  C:305CH         LINE#         1267
  C:308EH         LINE#         1270
  C:30EBH         LINE#         1271
  C:3150H         LINE#         1272
  C:31B4H         LINE#         1273
  C:3219H         LINE#         1276
  C:322AH         LINE#         1278
  C:3241H         LINE#         1279
  C:324CH         LINE#         1281
  C:325DH         LINE#         1284
  C:3264H         LINE#         1285
  C:3264H         LINE#         1286
  C:327BH         LINE#         1287
  C:3289H         LINE#         1288
  C:32A3H         LINE#         1289
  C:32A3H         LINE#         1290
  C:32AAH         LINE#         1291
  C:32AAH         LINE#         1292
  C:32D2H         LINE#         1293
  C:32FCH         LINE#         1295
  C:3327H         LINE#         1296
  C:334EH         LINE#         1297
  C:3351H         LINE#         1299
  C:3351H         LINE#         1301
  C:3379H         LINE#         1302
  C:33A1H         LINE#         1304
  C:33CAH         LINE#         1305
  C:33F3H         LINE#         1306
  C:33F3H         LINE#         1307
  C:3404H         LINE#         1308
  C:3424H         LINE#         1310
  C:3426H         LINE#         1311
  C:3428H         LINE#         1312
  C:342AH         LINE#         1313
  C:342CH         LINE#         1314
  C:342EH         LINE#         1315
  C:3434H         LINE#         1317
  -------         ENDPROC       INITIOSW1021
  -------         PROC          CHECKSW1021INIT
BL51 BANKED LINKER/LOCATER V6.22                                                      05/27/2016  09:04:11  PAGE 26


  -------         DO            
  X:7B38H         SYMBOL        ret
  D:0004H         SYMBOL        i
  X:7B3AH         SYMBOL        j
  D:0006H         SYMBOL        reg
  C:6529H         SYMBOL        quit
  -------         ENDDO         
  C:644CH         LINE#         1331
  C:644CH         LINE#         1332
  C:644CH         LINE#         1333
  C:6453H         LINE#         1336
  C:6455H         LINE#         1337
  C:6455H         LINE#         1338
  C:6467H         LINE#         1339
  C:646DH         LINE#         1340
  C:646DH         LINE#         1341
  C:6470H         LINE#         1342
  C:6470H         LINE#         1343
  C:6482H         LINE#         1344
  C:6488H         LINE#         1345
  C:6488H         LINE#         1346
  C:648AH         LINE#         1347
  C:648AH         LINE#         1349
  C:649AH         LINE#         1350
  C:649DH         LINE#         1351
  C:649DH         LINE#         1352
  C:649FH         LINE#         1353
  C:649FH         LINE#         1355
  C:64AFH         LINE#         1356
  C:64B2H         LINE#         1357
  C:64B2H         LINE#         1358
  C:64B4H         LINE#         1359
  C:64B4H         LINE#         1361
  C:64CDH         LINE#         1362
  C:64FBH         LINE#         1363
  C:6501H         LINE#         1364
  C:6509H         LINE#         1365
  C:650BH         LINE#         1366
  C:650BH         LINE#         1367
  C:651BH         LINE#         1369
  C:6529H         LINE#         1370
  C:6529H         LINE#         1371
  C:6531H         LINE#         1372
  -------         ENDPROC       CHECKSW1021INIT
  -------         PROC          MAIN
  -------         DO            
  D:0007H         SYMBOL        i
  X:7B36H         SYMBOL        ret
  -------         ENDDO         
  C:6614H         LINE#         1387
  C:6614H         LINE#         1388
  C:6614H         LINE#         1390
  C:661BH         LINE#         1393
  C:661EH         LINE#         1395
  C:6629H         LINE#         1396
  C:662CH         LINE#         1397
  C:662FH         LINE#         1400
BL51 BANKED LINKER/LOCATER V6.22                                                      05/27/2016  09:04:11  PAGE 27


  C:6631H         LINE#         1401
  C:6633H         LINE#         1403
  C:6633H         LINE#         1404
  C:6633H         LINE#         1419
  C:663EH         LINE#         1420
  C:6641H         LINE#         1421
  C:6644H         LINE#         1422
  C:6647H         LINE#         1423
  C:664AH         LINE#         1424
  C:664AH         LINE#         1426
  C:664DH         LINE#         1427
  C:6650H         LINE#         1429
  C:6659H         LINE#         1430
  C:6659H         LINE#         1431
  C:665CH         LINE#         1432
  C:665EH         LINE#         1433
  C:665EH         LINE#         1434
  C:6683H         LINE#         1435
  C:66A8H         LINE#         1436
  C:66CDH         LINE#         1437
  C:66D2H         LINE#         1438
  C:66D5H         LINE#         1439
  C:66DAH         LINE#         1440
  C:66DAH         LINE#         1442
  C:66DDH         LINE#         1443
  -------         ENDPROC       MAIN
  -------         ENDMOD        GF2488_01F1_E1_RST

  -------         MODULE        TIMER
  C:0000H         SYMBOL        _ICE_DUMMY_
  D:0090H         PUBLIC        P1
  D:00B0H         PUBLIC        P3
  C:6175H         PUBLIC        TimerIntep
  X:7BA0H         PUBLIC        g_LampEn
  X:7BA1H         SYMBOL        g_ucTenMs
  D:00A8H         PUBLIC        IE
  D:00C7H         PUBLIC        TA
  D:00B8H         PUBLIC        IP
  C:7137H         PUBLIC        TimerInit
  X:7BA2H         PUBLIC        g_SecondFlag
  X:7BA3H         PUBLIC        g_QuarterFlag
  D:0088H         PUBLIC        TCON
  X:7BA4H         SYMBOL        ucInActTime
  B:00C8H.7       PUBLIC        TF2
  X:7BA5H         PUBLIC        g_ulResetSec
  D:00E8H         PUBLIC        EIE
  X:7BA9H         PUBLIC        g_stuSysClock
  D:00F8H         PUBLIC        EIP
  D:0098H         PUBLIC        SCON0
  D:00C0H         PUBLIC        SCON1
  D:00C8H         PUBLIC        T2CON
  C:72A7H         PUBLIC        _Delay
  D:00D0H         PUBLIC        PSW
  D:00D8H         PUBLIC        WDCON
  B:00D8H.0       PUBLIC        RWT
  C:0006H         SYMBOL        Com0013
  C:0006H         SYMBOL        L?0020
BL51 BANKED LINKER/LOCATER V6.22                                                      05/27/2016  09:04:11  PAGE 28


  C:0006H         SYMBOL        L?0021
  -------         PROC          COM0013
  -------         ENDPROC       COM0013
  -------         PROC          TIMERINTEP
  C:6175H         LINE#         37
  C:618BH         LINE#         39
  C:618DH         LINE#         41
  C:6193H         LINE#         42
  C:61A0H         LINE#         43
  C:61A0H         LINE#         45
  C:61A6H         LINE#         46
  C:61A6H         LINE#         48
  C:61A8H         LINE#         54
  C:61A8H         LINE#         57
  C:61ABH         LINE#         60
  C:61B3H         LINE#         61
  C:61B3H         LINE#         62
  C:61B7H         LINE#         63
  C:61BAH         LINE#         64
  C:61C0H         LINE#         65
  C:61DFH         LINE#         67
  C:61E5H         LINE#         68
  C:61E5H         LINE#         69
  C:61F0H         LINE#         70
  C:61F0H         LINE#         71
  C:61F2H         LINE#         72
  C:61F6H         LINE#         74
  C:61FBH         LINE#         76
  C:6200H         LINE#         77
  C:6203H         LINE#         78
  C:6203H         LINE#         79
  C:6205H         LINE#         81
  C:6205H         LINE#         82
  C:620AH         LINE#         83
  C:620EH         LINE#         84
  C:6213H         LINE#         85
  C:6213H         LINE#         87
  C:621BH         LINE#         88
  C:621BH         LINE#         89
  C:621CH         LINE#         90
  C:6222H         LINE#         92
  C:622CH         LINE#         93
  C:6233H         LINE#         94
  C:6236H         LINE#         95
  C:623BH         LINE#         97
  C:6244H         LINE#         98
  C:6244H         LINE#         99
  C:6246H         LINE#         100
  C:624CH         LINE#         101
  C:6252H         LINE#         102
  C:6252H         LINE#         103
  C:6254H         LINE#         104
  C:625AH         LINE#         105
  C:625AH         LINE#         106
  C:625AH         LINE#         107
  C:625AH         LINE#         108
  C:625AH         LINE#         109
BL51 BANKED LINKER/LOCATER V6.22                                                      05/27/2016  09:04:11  PAGE 29


  C:625AH         LINE#         111
  C:625DH         LINE#         132
  -------         ENDPROC       TIMERINTEP
  -------         PROC          TIMERINIT
  C:7137H         LINE#         148
  C:7137H         LINE#         149
  C:7137H         LINE#         171
  C:713DH         LINE#         172
  C:7141H         LINE#         173
  C:7145H         LINE#         174
  C:7149H         LINE#         175
  C:714CH         LINE#         176
  C:714EH         LINE#         177
  C:7150H         LINE#         179
  C:7154H         LINE#         180
  C:7156H         LINE#         181
  C:715AH         LINE#         182
  C:715CH         LINE#         184
  C:7166H         LINE#         185
  C:716BH         LINE#         187
  C:716FH         LINE#         192
  -------         ENDPROC       TIMERINIT
  -------         PROC          _DELAY
  D:0007H         SYMBOL        uc10ms
  -------         DO            
  D:0006H         SYMBOL        ucLastTime
  -------         ENDDO         
  C:72A7H         LINE#         208
  C:72A7H         LINE#         209
  C:72A7H         LINE#         212
  C:72ACH         LINE#         213
  C:72B2H         LINE#         214
  C:72B2H         LINE#         216
  C:72BAH         LINE#         217
  C:72BAH         LINE#         218
  C:72C2H         LINE#         220
  C:72C5H         LINE#         222
  C:72C6H         LINE#         223
  C:72C8H         LINE#         224
  C:72C8H         LINE#         225
  C:72CAH         LINE#         226
  -------         ENDPROC       _DELAY
  -------         ENDMOD        TIMER

  -------         MODULE        COMM
  C:0000H         SYMBOL        _ICE_DUMMY_
  D:0090H         PUBLIC        P1
  X:76DEH         PUBLIC        g_AllClrFlag
  B:0023H.1       SYMBOL        ResetFlag
  D:00B0H         PUBLIC        P3
  B:0023H.2       SYMBOL        updateFlag
  D:00A5H         PUBLIC        P4
  C:72FCH         PUBLIC        RESET
  X:76DFH         SYMBOL        usiCrcTemp
  B:00A8H.7       PUBLIC        EA
  X:76E1H         PUBLIC        sysErrCode
  B:0023H.3       PUBLIC        HotBoot_f
BL51 BANKED LINKER/LOCATER V6.22                                                      05/27/2016  09:04:11  PAGE 30


  C:69CFH         SYMBOL        _ReadBctHead
  D:00A8H         PUBLIC        IE
  C:70C0H         PUBLIC        JumpToAux
  B:0023H.4       SYMBOL        isRecOK
  X:76E2H         SYMBOL        PmCodeCRC
  D:00C7H         PUBLIC        TA
  C:4F52H         PUBLIC        LibDate
  D:00B8H         PUBLIC        IP
  X:76E4H         SYMBOL        g_ConfChange
  C:6CB7H         SYMBOL        _ProgBakFlash
  D:0021H         PUBLIC        outport
  B:0023H.5       SYMBOL        isBakRun
  C:4F67H         PUBLIC        crc_table
  C:55D9H         SYMBOL        softUpdate
  C:6F7BH         PUBLIC        _Check_SST_39VF
  B:0021H.1       PUBLIC        HOLD
  B:0021H.6       PUBLIC        LSCE
  C:4F5EH         PUBLIC        LibTime
  C:0F24H         PUBLIC        ProcCmd
  C:7209H         PUBLIC        BootInit
  X:76E5H         PUBLIC        g_buffcom
  C:5167H         PUBLIC        ProcAlmData
  C:6B25H         SYMBOL        copyFlash
  D:0087H         PUBLIC        PCON
  X:7AFFH         PUBLIC        pfOtherCMD
  D:0088H         PUBLIC        TCON
  C:59FEH         PUBLIC        ProcHisData
  D:009FH         PUBLIC        CHPCON
  C:6D25H         SYMBOL        RamTest
  X:7B02H         SYMBOL        g_FileIndex
  C:4F4BH         PUBLIC        LibVer
  B:0023H.6       PUBLIC        ispFlag
  X:7B06H         PUBLIC        g_ReqConfig
  D:00CDH         PUBLIC        TH2
  C:6DF8H         PUBLIC        CommVarInit
  C:5BDDH         PUBLIC        _VerShow
  C:702CH         PUBLIC        _CRCCCITT
  D:00CCH         PUBLIC        TL2
  D:00E8H         PUBLIC        EIE
  C:6E5EH         SYMBOL        _Program_One_Byte
  B:0021H.4       PUBLIC        ACT
  B:00C8H.2       PUBLIC        TR2
  C:3F50H         SYMBOL        _downSoft
  B:0021H.3       PUBLIC        RED
  X:7B07H         SYMBOL        g_stuHisTime
  C:6EC3H         PUBLIC        _ProgramAPROM
  B:0021H.2       PUBLIC        YELLOW
  D:00F8H         PUBLIC        EIP
  X:7B0BH         PUBLIC        g_ucSetTime
  X:7B0CH         SYMBOL        g_CrcValue
  X:7B0EH         SYMBOL        LineCodeCRC
  X:7B10H         SYMBOL        g_HisDataReady
  C:7170H         SYMBOL        _EraseFlash
  C:70FDH         SYMBOL        ispInit
  D:0098H         PUBLIC        SCON0
  D:00C0H         PUBLIC        SCON1
  D:00C8H         PUBLIC        T2CON
BL51 BANKED LINKER/LOCATER V6.22                                                      05/27/2016  09:04:11  PAGE 31


  X:7B11H         SYMBOL        memErrCode
  X:7B12H         SYMBOL        ispType
  X:7B13H         SYMBOL        AlmCodeCRC
  C:6C34H         SYMBOL        _ReadFpgaHead
  C:72CBH         PUBLIC        _EraseAPROM
  D:00ADH         PUBLIC        SFRAH
  D:00AEH         PUBLIC        SFRFD
  C:6FD6H         PUBLIC        _MemCRC
  D:00ACH         PUBLIC        SFRAL
  D:00D0H         PUBLIC        PSW
  D:00D8H         PUBLIC        WDCON
  B:00D8H.0       PUBLIC        RWT
  D:00AFH         PUBLIC        SFRCN
  C:3435H         SYMBOL        Com018B
  C:3435H         SYMBOL        L?0396
  C:3436H         SYMBOL        L?0397
  C:343AH         SYMBOL        L?0398
  C:3458H         SYMBOL        L?0399
  C:345BH         SYMBOL        L?0400
  C:3463H         SYMBOL        L?0401
  C:3463H         SYMBOL        L?0402
  C:3464H         SYMBOL        L?0403
  C:3467H         SYMBOL        L?0404
  C:346AH         SYMBOL        L?0405
  C:346BH         SYMBOL        L?0406
  C:346FH         SYMBOL        L?0407
  C:3478H         SYMBOL        L?0408
  C:34EAH         SYMBOL        L?0409
  C:34EBH         SYMBOL        L?0410
  C:34ECH         SYMBOL        L?0411
  C:34F7H         SYMBOL        L?0412
  C:3500H         SYMBOL        L?0413
  C:3516H         SYMBOL        L?0414
  C:3517H         SYMBOL        L?0415
  C:3518H         SYMBOL        L?0416
  C:3543H         SYMBOL        L?0417
  C:3555H         SYMBOL        L?0418
  C:3570H         SYMBOL        L?0419
  C:357AH         SYMBOL        L?0420
  C:357CH         SYMBOL        L?0421
  C:357DH         SYMBOL        L?0422
  C:357EH         SYMBOL        L?0423
  C:3581H         SYMBOL        L?0424
  C:3588H         SYMBOL        L?0425
  C:3588H         SYMBOL        L?0426
  C:358DH         SYMBOL        L?0427
  C:35A1H         SYMBOL        L?0428
  C:35A4H         SYMBOL        L?0429
  C:35A8H         SYMBOL        L?0430
  C:35B4H         SYMBOL        L?0433
  C:35B8H         SYMBOL        L?0434
  C:35C0H         SYMBOL        L?0435
  C:35C7H         SYMBOL        L?0436
  C:35E0H         SYMBOL        L?0437
  C:35EEH         SYMBOL        L?0438
  C:35F7H         SYMBOL        L?0439
  C:360CH         SYMBOL        L?0440
BL51 BANKED LINKER/LOCATER V6.22                                                      05/27/2016  09:04:11  PAGE 32


  C:360FH         SYMBOL        L?0441
  C:3612H         SYMBOL        L?0442
  C:361AH         SYMBOL        L?0443
  C:361DH         SYMBOL        L?0444
  C:3621H         SYMBOL        L?0445
  C:3625H         SYMBOL        L?0446
  C:362EH         SYMBOL        L?0447
  C:362EH         SYMBOL        L?0448
  C:3637H         SYMBOL        L?0449
  C:363AH         SYMBOL        L?0450
  C:3643H         SYMBOL        L?0451
  C:364EH         SYMBOL        L?0452
  C:364EH         SYMBOL        L?0453
  C:3658H         SYMBOL        L?0454
  C:365FH         SYMBOL        L?0455
  C:366EH         SYMBOL        L?0456
  C:367CH         SYMBOL        L?0457
  C:367CH         SYMBOL        L?0458
  C:3688H         SYMBOL        L?0459
  C:3690H         SYMBOL        L?0460
  C:3690H         SYMBOL        L?0461
  C:3695H         SYMBOL        L?0462
  C:369DH         SYMBOL        L?0463
  C:369DH         SYMBOL        L?0464
  C:36A0H         SYMBOL        L?0465
  C:36A9H         SYMBOL        L?0466
  C:36A9H         SYMBOL        L?0467
  C:36C0H         SYMBOL        L?0468
  C:36D1H         SYMBOL        L?0469
  C:36DBH         SYMBOL        L?0470
  C:36DEH         SYMBOL        L?0471
  C:36F2H         SYMBOL        L?0472
  C:3704H         SYMBOL        L?0474
  C:370FH         SYMBOL        L?0475
  C:3716H         SYMBOL        L?0476
  C:3716H         SYMBOL        L?0477
  C:371CH         SYMBOL        L?0478
  C:3725H         SYMBOL        L?0479
  C:373CH         SYMBOL        L?0480
  C:3742H         SYMBOL        L?0481
  C:3762H         SYMBOL        L?0482
  C:3762H         SYMBOL        L?0483
  C:3774H         SYMBOL        L?0484
  C:3778H         SYMBOL        L?0485
  C:3785H         SYMBOL        L?0486
  C:3785H         SYMBOL        L?0487
  C:378EH         SYMBOL        L?0488
  C:378EH         SYMBOL        L?0489
  C:3796H         SYMBOL        L?0490
  C:379DH         SYMBOL        L?0491
  C:379DH         SYMBOL        L?0492
  C:37A9H         SYMBOL        L?0493
  C:37BCH         SYMBOL        L?0494
  C:37BCH         SYMBOL        L?0495
  C:37BFH         SYMBOL        L?0496
  C:37C9H         SYMBOL        L?0497
  C:37D0H         SYMBOL        L?0498
BL51 BANKED LINKER/LOCATER V6.22                                                      05/27/2016  09:04:11  PAGE 33


  C:37D8H         SYMBOL        L?0499
  C:37DAH         SYMBOL        L?0500
  C:37E8H         SYMBOL        L?0503
  C:37EEH         SYMBOL        L?0504
  C:37F9H         SYMBOL        L?0505
  C:37F9H         SYMBOL        L?0506
  C:37FCH         SYMBOL        L?0507
  C:3802H         SYMBOL        L?0508
  C:3802H         SYMBOL        L?0509
  C:3810H         SYMBOL        L?0510
  C:3812H         SYMBOL        L?0511
  C:3819H         SYMBOL        L?0512
  C:382DH         SYMBOL        L?0513
  C:382EH         SYMBOL        L?0514
  C:382FH         SYMBOL        L?0515
  C:3836H         SYMBOL        L?0516
  C:3836H         SYMBOL        L?0517
  C:383FH         SYMBOL        L?0518
  C:3842H         SYMBOL        L?0519
  C:3849H         SYMBOL        L?0520
  C:3849H         SYMBOL        L?0521
  C:3850H         SYMBOL        L?0522
  C:3850H         SYMBOL        L?0523
  C:385BH         SYMBOL        L?0524
  C:385BH         SYMBOL        L?0525
  C:3866H         SYMBOL        L?0526
  C:386CH         SYMBOL        L?0527
  C:3873H         SYMBOL        L?0528
  C:3873H         SYMBOL        L?0529
  C:387AH         SYMBOL        L?0530
  C:387CH         SYMBOL        L?0531
  C:3885H         SYMBOL        L?0532
  C:3886H         SYMBOL        L?0533
  C:388CH         SYMBOL        L?0534
  C:388DH         SYMBOL        L?0535
  C:3893H         SYMBOL        L?0536
  C:3893H         SYMBOL        L?0537
  C:389CH         SYMBOL        L?0538
  C:389CH         SYMBOL        L?0539
  C:38A5H         SYMBOL        L?0540
  C:38B2H         SYMBOL        L?0541
  C:38BFH         SYMBOL        L?0542
  C:38BFH         SYMBOL        L?0543
  C:38C5H         SYMBOL        L?0544
  C:38C5H         SYMBOL        L?0545
  C:38CCH         SYMBOL        L?0546
  C:38D9H         SYMBOL        L?0547
  C:38E6H         SYMBOL        L?0548
  C:38E7H         SYMBOL        L?0549
  C:38EFH         SYMBOL        L?0550
  C:38F2H         SYMBOL        L?0551
  C:38F9H         SYMBOL        L?0552
  C:38F9H         SYMBOL        L?0553
  C:3900H         SYMBOL        L?0554
  C:3900H         SYMBOL        L?0555
  C:3907H         SYMBOL        L?0556
  C:3907H         SYMBOL        L?0557
BL51 BANKED LINKER/LOCATER V6.22                                                      05/27/2016  09:04:11  PAGE 34


  C:390EH         SYMBOL        L?0558
  C:390EH         SYMBOL        L?0559
  C:3915H         SYMBOL        L?0560
  C:391DH         SYMBOL        L?0561
  C:3929H         SYMBOL        L?0562
  C:3929H         SYMBOL        L?0563
  C:3931H         SYMBOL        L?0564
  C:3931H         SYMBOL        L?0565
  C:3939H         SYMBOL        L?0566
  C:3944H         SYMBOL        L?0567
  C:394FH         SYMBOL        L?0568
  C:395AH         SYMBOL        L?0569
  C:3965H         SYMBOL        L?0570
  C:396FH         SYMBOL        L?0571
  C:397AH         SYMBOL        L?0572
  C:397BH         SYMBOL        L?0573
  C:3982H         SYMBOL        L?0574
  C:3983H         SYMBOL        L?0575
  C:398AH         SYMBOL        L?0577
  C:398AH         SYMBOL        L?0578
  C:3991H         SYMBOL        L?0579
  C:3991H         SYMBOL        L?0580
  C:3998H         SYMBOL        L?0581
  C:3998H         SYMBOL        L?0582
  C:399FH         SYMBOL        L?0583
  C:399FH         SYMBOL        L?0584
  C:39A6H         SYMBOL        L?0585
  C:39A6H         SYMBOL        L?0586
  C:39ADH         SYMBOL        L?0587
  C:39B7H         SYMBOL        L?0588
  C:39B7H         SYMBOL        L?0589
  C:39BEH         SYMBOL        L?0590
  C:39BEH         SYMBOL        L?0591
  -------         PROC          COM018B
  -------         ENDPROC       COM018B
  C:6A6EH         SYMBOL        L?0501
  -------         PROC          _READBCTHEAD
  X:7B26H         SYMBOL        pHead
  C:69CFH         LINE#         138
  C:69D5H         LINE#         139
  C:69D5H         LINE#         145
  C:69E3H         LINE#         146
  C:69E3H         LINE#         147
  C:69FBH         LINE#         148
  C:69FBH         LINE#         150
  C:69FBH         LINE#         151
  C:6A09H         LINE#         153
  C:6A25H         LINE#         154
  C:6A41H         LINE#         155
  C:6A51H         LINE#         156
  C:6A61H         LINE#         157
  C:6A6DH         LINE#         158
  C:6A6DH         LINE#         160
  -------         ENDPROC       _READBCTHEAD
  -------         PROC          _CHECK_SST_39VF
  D:0007H         SYMBOL        ucIC
  -------         DO            
BL51 BANKED LINKER/LOCATER V6.22                                                      05/27/2016  09:04:11  PAGE 35


  D:0004H         SYMBOL        ucSstID
  D:0003H         SYMBOL        ucSstCap
  -------         ENDDO         
  C:6F7BH         LINE#         179
  C:6F7BH         LINE#         180
  C:6F7BH         LINE#         183
  C:6F85H         LINE#         185
  C:6F85H         LINE#         186
  C:6F85H         LINE#         187
  C:6F85H         LINE#         188
  C:6F85H         LINE#         189
  C:6F8AH         LINE#         190
  C:6F8CH         LINE#         192
  C:6F96H         LINE#         194
  C:6F99H         LINE#         195
  C:6F9BH         LINE#         196
  C:6F9DH         LINE#         198
  C:6FA0H         LINE#         200
  C:6FA6H         LINE#         202
  C:6FABH         LINE#         204
[...]
  C:587AH         LINE#         67
  C:5881H         LINE#         68
  C:5881H         LINE#         69
  C:5884H         LINE#         71
  C:5884H         LINE#         72
  C:58A3H         LINE#         73
  C:58A3H         LINE#         74
  C:58A6H         LINE#         75
  C:58A6H         LINE#         113
  C:58ADH         LINE#         114
  C:58ADH         LINE#         115
  C:58C8H         LINE#         116
  C:58D8H         LINE#         117
BL51 BANKED LINKER/LOCATER V6.22                                                      05/27/2016  09:04:11  PAGE 69


  C:58D8H         LINE#         118
  C:58DBH         LINE#         119
  C:58DEH         LINE#         120
  C:58DEH         LINE#         121
  C:58E1H         LINE#         123
  C:58E1H         LINE#         124
  C:58E4H         LINE#         125
  C:58E7H         LINE#         126
  C:58E7H         LINE#         127
  C:58E7H         LINE#         128
  C:58E7H         LINE#         129
  C:58E7H         LINE#         130
  C:58EAH         LINE#         132
  C:58EAH         LINE#         133
  C:58EAH         LINE#         134
  C:58F5H         LINE#         135
  C:58FDH         LINE#         136
  C:58FDH         LINE#         137
  C:5900H         LINE#         138
  C:5903H         LINE#         139
  C:5903H         LINE#         140
  C:5906H         LINE#         142
  C:5906H         LINE#         143
  C:5911H         LINE#         144
  C:5917H         LINE#         145
  C:5917H         LINE#         146
  C:5917H         LINE#         147
  C:5917H         LINE#         148
  C:5917H         LINE#         149
  C:5917H         LINE#         150
  C:5917H         LINE#         151
  C:5917H         LINE#         153
  C:5917H         LINE#         154
  C:591AH         LINE#         157
  C:591AH         LINE#         158
  C:5921H         LINE#         159
  C:5921H         LINE#         160
  C:5924H         LINE#         161
  C:592BH         LINE#         162
  C:592BH         LINE#         163
  C:592EH         LINE#         165
  C:592EH         LINE#         166
  C:592EH         LINE#         167
  C:5947H         LINE#         168
  C:5947H         LINE#         169
  C:594AH         LINE#         170
  C:5950H         LINE#         171
  C:5950H         LINE#         172
  C:5953H         LINE#         174
  C:5953H         LINE#         175
  C:5963H         LINE#         176
  C:5972H         LINE#         208
  C:5979H         LINE#         209
  C:5979H         LINE#         210
  C:597CH         LINE#         211
  C:5997H         LINE#         212
  C:5997H         LINE#         213
BL51 BANKED LINKER/LOCATER V6.22                                                      05/27/2016  09:04:11  PAGE 70


  C:599AH         LINE#         214
  C:59A0H         LINE#         215
  C:59A0H         LINE#         216
  C:59A2H         LINE#         218
  C:59A2H         LINE#         219
  C:59A5H         LINE#         220
  C:59ACH         LINE#         221
  C:59ACH         LINE#         222
  C:59ACH         LINE#         223
  C:59AEH         LINE#         225
  C:59AEH         LINE#         226
  C:59B0H         LINE#         227
  C:59B0H         LINE#         228
  C:59B0H         LINE#         229
  C:59B3H         LINE#         230
  C:59B3H         LINE#         231
  C:59B3H         LINE#         233
  C:59B3H         LINE#         234
  C:59B3H         LINE#         235
  C:59B5H         LINE#         238
  C:59B5H         LINE#         242
  C:59BCH         LINE#         244
  C:59BCH         LINE#         245
  C:59BFH         LINE#         246
  C:59C6H         LINE#         247
  C:59CCH         LINE#         248
  C:59CEH         LINE#         249
  C:59D1H         LINE#         250
  C:59D3H         LINE#         292
  C:59D3H         LINE#         293
  C:59D8H         LINE#         294
  C:59DDH         LINE#         295
  C:59DDH         LINE#         296
  C:59DDH         LINE#         297
  -------         ENDPROC       HDLCOK
  -------         PROC          HDLCERR
  C:71A8H         LINE#         590
  C:71B7H         LINE#         592
  C:71BCH         LINE#         593
  C:71BEH         LINE#         594
  C:71BEH         LINE#         595
  C:71BEH         LINE#         596
  C:71C1H         LINE#         597
  C:71C6H         LINE#         598
  C:71CDH         LINE#         599
  C:71D0H         LINE#         600
  -------         ENDPROC       HDLCERR
  -------         PROC          SCC1HARDINIT
  C:7323H         LINE#         617
  C:7323H         LINE#         618
  C:7323H         LINE#         620
  C:7328H         LINE#         621
  C:732AH         LINE#         622
  C:732CH         LINE#         624
  C:732EH         LINE#         625
  C:7330H         LINE#         626
  C:7332H         LINE#         739
BL51 BANKED LINKER/LOCATER V6.22                                                      05/27/2016  09:04:11  PAGE 71


  -------         ENDPROC       SCC1HARDINIT
  -------         PROC          SCC1INIT
  C:6F1FH         LINE#         755
  C:6F1FH         LINE#         756
  C:6F1FH         LINE#         759
  C:6F26H         LINE#         760
  C:6F2AH         LINE#         761
  C:6F30H         LINE#         762
  C:6F34H         LINE#         763
  C:6F3AH         LINE#         765
  C:6F3EH         LINE#         768
  C:6F42H         LINE#         769
  C:6F46H         LINE#         770
  C:6F4AH         LINE#         771
  C:6F4EH         LINE#         772
  C:6F50H         LINE#         774
  C:6F5DH         LINE#         775
  C:6F6CH         LINE#         776
  -------         ENDPROC       SCC1INIT
  -------         PROC          SCC1TX
  -------         DO            
  X:7B15H         SYMBOL        uTemp
  D:0018H         SYMBOL        usTemp
  -------         ENDDO         
  C:5F63H         LINE#         793
  C:5F63H         LINE#         794
  C:5F63H         LINE#         804
  C:5F6EH         LINE#         805
  C:5F6EH         LINE#         806
  C:5F72H         LINE#         808
  C:5F77H         LINE#         810
  C:5F78H         LINE#         811
  C:5F81H         LINE#         812
  C:5F81H         LINE#         813
  C:5F87H         LINE#         816
  C:5F8DH         LINE#         820
  C:5F91H         LINE#         823
  C:5F9BH         LINE#         824
  C:5F9EH         LINE#         825
  C:5FA1H         LINE#         827
  C:5FA7H         LINE#         828
  C:5FAEH         LINE#         829
  C:5FCFH         LINE#         831
  C:5FDDH         LINE#         832
  C:5FEBH         LINE#         833
  C:5FF1H         LINE#         854
  C:5FF2H         LINE#         856
  C:5FF2H         LINE#         860
  C:5FF7H         LINE#         864
  C:6007H         LINE#         865
  C:6015H         LINE#         870
  C:602BH         LINE#         873
  C:603AH         LINE#         874
  C:603AH         LINE#         875
  C:603DH         LINE#         877
  C:6059H         LINE#         878
  C:606DH         LINE#         879
BL51 BANKED LINKER/LOCATER V6.22                                                      05/27/2016  09:04:11  PAGE 72


  C:6073H         LINE#         896
  C:607AH         LINE#         897
  C:607AH         LINE#         898
  -------         ENDPROC       SCC1TX
  -------         ENDMOD        HDLC

  -------         MODULE        ?C_STARTUP
  C:6863H         SEGMENT       ?C_C51STARTUP
  I:0024H         SEGMENT       ?STACK
  C:0000H         PUBLIC        ?C_STARTUP
  B:00D0H.6       SYMBOL        AC
  D:00E0H         SYMBOL        ACC
  D:00F0H         SYMBOL        B
  D:008EH         SYMBOL        CKCON
  B:00C8H.0       SYMBOL        CP_RL2
  B:00D0H.7       SYMBOL        CY
  B:00C8H.1       SYMBOL        C_T2
  D:0083H         SYMBOL        DPH
  D:0085H         SYMBOL        DPH1
  D:0082H         SYMBOL        DPL
  D:0084H         SYMBOL        DPL1
  D:0086H         SYMBOL        DPS
  B:00A8H.7       SYMBOL        EA
  D:00E8H         SYMBOL        EIE
  D:00F8H         SYMBOL        EIP
  B:00D8H.5       SYMBOL        EPFI
  B:00A8H.4       SYMBOL        ES0
  B:00A8H.6       SYMBOL        ES1
  B:00A8H.1       SYMBOL        ET0
  B:00A8H.3       SYMBOL        ET1
  B:00A8H.5       SYMBOL        ET2
  B:00E8H.4       SYMBOL        EWDI
  B:00D8H.1       SYMBOL        EWT
  B:00A8H.0       SYMBOL        EX0
  B:00A8H.2       SYMBOL        EX1
  B:00E8H.0       SYMBOL        EX2
  B:00E8H.1       SYMBOL        EX3
  B:00E8H.2       SYMBOL        EX4
  B:00E8H.3       SYMBOL        EX5
  B:00C8H.3       SYMBOL        EXEN2
  B:00C8H.6       SYMBOL        EXF2
  D:0091H         SYMBOL        EXIF
  B:00D0H.5       SYMBOL        F0
  B:00D0H.1       SYMBOL        FL
  N:0000H         SYMBOL        IBPSTACK
  N:0100H         SYMBOL        IBPSTACKTOP
  N:0100H         SYMBOL        IDATALEN
  C:6866H         SYMBOL        IDATALOOP
  D:00A8H         SYMBOL        IE
  B:0088H.1       SYMBOL        IE0
  B:0088H.3       SYMBOL        IE1
  B:00B0H.2       SYMBOL        INT0
  B:00B0H.3       SYMBOL        INT1
  B:0090H.4       SYMBOL        INT2
  B:0090H.5       SYMBOL        INT3
  B:0090H.6       SYMBOL        INT4
  B:0090H.7       SYMBOL        INT5
BL51 BANKED LINKER/LOCATER V6.22                                                      05/27/2016  09:04:11  PAGE 73


  D:00B8H         SYMBOL        IP
  B:0088H.0       SYMBOL        IT0
  B:0088H.2       SYMBOL        IT1
  B:00D0H.2       SYMBOL        OV
  B:00D0H.0       SYMBOL        P
  D:0080H         SYMBOL        P0
  D:0090H         SYMBOL        P1
  D:00A0H         SYMBOL        P2
  D:00B0H         SYMBOL        P3
  N:0000H         SYMBOL        PBPSTACK
  N:0000H         SYMBOL        PBPSTACKTOP
  D:0087H         SYMBOL        PCON
  N:0000H         SYMBOL        PDATALEN
  N:0000H         SYMBOL        PDATASTART
  B:00D8H.4       SYMBOL        PFI
  B:00D8H.6       SYMBOL        POR
  N:0000H         SYMBOL        PPAGE
  N:0000H         SYMBOL        PPAGEENABLE
  B:00B8H.4       SYMBOL        PS0
  B:00B8H.6       SYMBOL        PS1
  D:00D0H         SYMBOL        PSW
  B:00B8H.1       SYMBOL        PT0
  B:00B8H.3       SYMBOL        PT1
  B:00B8H.5       SYMBOL        PT2
  B:00F8H.4       SYMBOL        PWDI
  B:00B8H.0       SYMBOL        PX0
  B:00B8H.2       SYMBOL        PX1
  B:00F8H.0       SYMBOL        PX2
  B:00F8H.1       SYMBOL        PX3
  B:00F8H.2       SYMBOL        PX4
  B:00F8H.3       SYMBOL        PX5
  B:0098H.2       SYMBOL        RB8
  B:00C0H.2       SYMBOL        RB81
  D:00CBH         SYMBOL        RCAP2H
  D:00CAH         SYMBOL        RCAP2L
  B:00C8H.5       SYMBOL        RCLK
  B:00B0H.7       SYMBOL        RD
  B:0098H.4       SYMBOL        REN
  B:00C0H.4       SYMBOL        REN1
  B:0098H.0       SYMBOL        RI
  B:00C0H.0       SYMBOL        RI1
  B:00D0H.3       SYMBOL        RS0
  B:00D0H.4       SYMBOL        RS1
  B:00D8H.0       SYMBOL        RWT
  B:00B0H.0       SYMBOL        RXD0
  B:0090H.2       SYMBOL        RXD1
  D:00A9H         SYMBOL        SADDR0
  D:00AAH         SYMBOL        SADDR1
  D:00B9H         SYMBOL        SADEN0
  D:00BAH         SYMBOL        SADEN1
  D:0099H         SYMBOL        SBUF0
  D:00C1H         SYMBOL        SBUF1
  D:0098H         SYMBOL        SCON0
  D:00C0H         SYMBOL        SCON1
  B:0098H.7       SYMBOL        SM0
  B:00C0H.7       SYMBOL        SM01
  B:0098H.6       SYMBOL        SM1
BL51 BANKED LINKER/LOCATER V6.22                                                      05/27/2016  09:04:11  PAGE 74


  B:00C0H.6       SYMBOL        SM11
  B:0098H.5       SYMBOL        SM2
  B:00C0H.5       SYMBOL        SM21
  B:00D8H.7       SYMBOL        SMOD
  D:0081H         SYMBOL        SP
  C:6863H         SYMBOL        STARTUP1
  D:00C5H         SYMBOL        STATUS
  B:00B0H.4       SYMBOL        T0
  B:00B0H.5       SYMBOL        T1
  B:0090H.0       SYMBOL        T2
  D:00C8H         SYMBOL        T2CON
  B:0090H.1       SYMBOL        T2EX
  D:00C9H         SYMBOL        T2MOD
  D:00C7H         SYMBOL        TA
  B:0098H.3       SYMBOL        TB8
  B:00C0H.3       SYMBOL        TB81
  B:00C8H.4       SYMBOL        TCLK
  D:0088H         SYMBOL        TCON
  B:0088H.5       SYMBOL        TF0
  B:0088H.7       SYMBOL        TF1
  B:00C8H.7       SYMBOL        TF2
  D:008CH         SYMBOL        TH0
  D:008DH         SYMBOL        TH1
  D:00CDH         SYMBOL        TH2
  B:0098H.1       SYMBOL        TI
  B:00C0H.1       SYMBOL        TI1
  D:008AH         SYMBOL        TL0
  D:008BH         SYMBOL        TL1
  D:00CCH         SYMBOL        TL2
  D:0089H         SYMBOL        TMOD
  B:0088H.4       SYMBOL        TR0
  B:0088H.6       SYMBOL        TR1
  B:00C8H.2       SYMBOL        TR2
  B:00B0H.1       SYMBOL        TXD0
  B:0090H.3       SYMBOL        TXD1
  D:00D8H         SYMBOL        WDCON
  B:00D8H.3       SYMBOL        WDIF
  B:00D8H.2       SYMBOL        WDRF
  B:00B0H.6       SYMBOL        WR
  N:0000H         SYMBOL        XBPSTACK
  N:0000H         SYMBOL        XBPSTACKTOP
  N:0000H         SYMBOL        XDATALEN
  N:0000H         SYMBOL        XDATASTART
  C:0000H         LINE#         82
  C:6863H         LINE#         89
  C:6865H         LINE#         90
  C:6866H         LINE#         91
  C:6867H         LINE#         92
  C:6869H         LINE#         141
  C:686CH         LINE#         143
  C:686EH         LINE#         144
  C:6871H         LINE#         145
  C:6874H         LINE#         146
  C:6877H         LINE#         147
  C:6879H         LINE#         149
  C:687CH         LINE#         151
  C:687FH         LINE#         152
BL51 BANKED LINKER/LOCATER V6.22                                                      05/27/2016  09:04:11  PAGE 75


  C:6882H         LINE#         153
  C:6885H         LINE#         154
  C:6887H         LINE#         155
  C:6889H         LINE#         157
  C:688CH         LINE#         158
  C:688FH         LINE#         159
  C:6892H         LINE#         160
  C:6895H         LINE#         161
  C:6898H         LINE#         162
  C:689AH         LINE#         164
  C:689DH         LINE#         166
  -------         ENDMOD        ?C_STARTUP

  -------         MODULE        ?C?CLDPTR
  C:218EH         PUBLIC        ?C?CLDPTR
  -------         ENDMOD        ?C?CLDPTR

  -------         MODULE        ?C?CLDOPTR
  C:21A7H         PUBLIC        ?C?CLDOPTR
  -------         ENDMOD        ?C?CLDOPTR

  -------         MODULE        ?C?CSTPTR
  C:21D4H         PUBLIC        ?C?CSTPTR
  -------         ENDMOD        ?C?CSTPTR

  -------         MODULE        ?C?CSTOPTR
  C:21E6H         PUBLIC        ?C?CSTOPTR
  -------         ENDMOD        ?C?CSTOPTR

  -------         MODULE        ?C?IMUL
  C:2208H         PUBLIC        ?C?IMUL
  -------         ENDMOD        ?C?IMUL

  -------         MODULE        ?C?UIDIV
  C:221AH         PUBLIC        ?C?UIDIV
  -------         ENDMOD        ?C?UIDIV

  -------         MODULE        ?C?IILDX
  C:226FH         PUBLIC        ?C?IILDX
  -------         ENDMOD        ?C?IILDX

  -------         MODULE        ?C?ILDIX
  C:2285H         PUBLIC        ?C?ILDIX
  -------         ENDMOD        ?C?ILDIX

  -------         MODULE        ?C?ILDOPTR
  C:229BH         PUBLIC        ?C?ILDOPTR
  -------         ENDMOD        ?C?ILDOPTR

  -------         MODULE        ?C?ISTPTR
  C:22D3H         PUBLIC        ?C?ISTPTR
  -------         ENDMOD        ?C?ISTPTR

  -------         MODULE        ?C?ISTOPTR
  C:22F2H         PUBLIC        ?C?ISTOPTR
  -------         ENDMOD        ?C?ISTOPTR

BL51 BANKED LINKER/LOCATER V6.22                                                      05/27/2016  09:04:11  PAGE 76


  -------         MODULE        ?C?ULCMP
  C:231FH         PUBLIC        ?C?ULCMP
  -------         ENDMOD        ?C?ULCMP

  -------         MODULE        ?C?LSHL
  C:2330H         PUBLIC        ?C?LSHL
  -------         ENDMOD        ?C?LSHL

  -------         MODULE        ?C?LLDOPTR
  C:2343H         PUBLIC        ?C?LLDOPTR
  -------         ENDMOD        ?C?LLDOPTR

  -------         MODULE        ?C?LSTXDATA
  C:2373H         PUBLIC        ?C?LSTXDATA
  -------         ENDMOD        ?C?LSTXDATA

  -------         MODULE        ?C?LSTKXDATA
  C:237FH         PUBLIC        ?C?LSTKXDATA
  -------         ENDMOD        ?C?LSTKXDATA

  -------         MODULE        ?C?OFFX256
  C:23B0H         PUBLIC        ?C?OFFX256
  -------         ENDMOD        ?C?OFFX256

  -------         MODULE        ?C?OFFXADD
  C:23C1H         PUBLIC        ?C?OFFXADD
  -------         ENDMOD        ?C?OFFXADD

  -------         MODULE        ?C?CCASE
  C:23CDH         PUBLIC        ?C?CCASE
  -------         ENDMOD        ?C?CCASE

  -------         MODULE        ?C?ICALL
  C:23F3H         PUBLIC        ?C?ICALL
  C:23F7H         PUBLIC        ?C?ICALL2
  -------         ENDMOD        ?C?ICALL

  -------         MODULE        PRINTF
  X:7B4EH         PUBLIC        ?_PRINTF517?BYTE
  X:7B4EH         PUBLIC        ?_PRINTF?BYTE
  X:7B4EH         PUBLIC        ?_SPRINTF517?BYTE
  X:7B4EH         PUBLIC        ?_SPRINTF?BYTE
  C:4C22H         PUBLIC        _PRINTF
  C:4C22H         PUBLIC        _PRINTF517
  C:4C1CH         PUBLIC        _SPRINTF
  C:4C1CH         PUBLIC        _SPRINTF517
  -------         ENDMOD        PRINTF

  -------         MODULE        TOINT
  C:7233H         PUBLIC        _TOINT
  -------         ENDMOD        TOINT

  -------         MODULE        ISXDIGIT
  C:7281H         PUBLIC        _isxdigit
  -------         ENDMOD        ISXDIGIT

  -------         MODULE        TOUPPER
BL51 BANKED LINKER/LOCATER V6.22                                                      05/27/2016  09:04:11  PAGE 77


  C:7302H         PUBLIC        _toupper
  -------         ENDMOD        TOUPPER

  -------         MODULE        STRNCMP
  X:7B42H         PUBLIC        ?_strncmp?BYTE
  C:6BADH         PUBLIC        _strncmp
  -------         ENDMOD        STRNCMP

  -------         MODULE        STRNCPY
  X:7B29H         PUBLIC        ?_strncpy?BYTE
  C:6D90H         PUBLIC        _strncpy
  -------         ENDMOD        STRNCPY

  -------         MODULE        STRLEN
  C:002EH         PUBLIC        _STRLEN
  -------         ENDMOD        STRLEN

  -------         MODULE        ?C?MEMSET
  C:23F9H         PUBLIC        ?C?MEMSET
  -------         ENDMOD        ?C?MEMSET

  -------         MODULE        ?C?MEMCMPAMD
  C:2583H         PUBLIC        ?C?MEMCMPAMD
  -------         ENDMOD        ?C?MEMCMPAMD

  -------         MODULE        ?C?COPYAMD
  C:2663H         PUBLIC        ?C?COPYAMD
  -------         ENDMOD        ?C?COPYAMD

  -------         MODULE        ?C?STRCMPAMD
  C:27DFH         PUBLIC        ?C?STRCMPAMD
  -------         ENDMOD        ?C?STRCMPAMD

  -------         MODULE        ?C?LLDIDATA
  C:27FCH         PUBLIC        ?C?LLDIDATA
  -------         ENDMOD        ?C?LLDIDATA

  -------         MODULE        ?C?LLDXDATA
  C:2808H         PUBLIC        ?C?LLDXDATA
  -------         ENDMOD        ?C?LLDXDATA

  -------         MODULE        ?C?LLDPDATA
  C:2814H         PUBLIC        ?C?LLDPDATA
  -------         ENDMOD        ?C?LLDPDATA

  -------         MODULE        ?C?LLDCODE
  C:2820H         PUBLIC        ?C?LLDCODE
  -------         ENDMOD        ?C?LLDCODE

  -------         MODULE        ?C?PLDIXDATA
  C:2830H         PUBLIC        ?C?PLDIXDATA
  -------         ENDMOD        ?C?PLDIXDATA

  -------         MODULE        ?C?PSTXDATA
  C:2847H         PUBLIC        ?C?PSTXDATA
  -------         ENDMOD        ?C?PSTXDATA

BL51 BANKED LINKER/LOCATER V6.22                                                      05/27/2016  09:04:11  PAGE 78


  -------         MODULE        PUTCHAR
  C:725AH         PUBLIC        _PUTCHAR
  -------         ENDMOD        PUTCHAR

Program Size: data=37.0 xdata=31679 code=29472
LINK/LOCATE RUN COMPLETE.  0 WARNING(S),  0 ERROR(S)
