BL51 BANKED LINKER/LOCATER V6.22                                                        05/18/2016  16:26:50  PAGE 1


BL51 BANKED LINKER/LOCATER V6.22, INVOKED BY:
D:\KEIL_V5\C51\BIN\BL51.EXE GF2488-01F1-E1-RST.obj, .\NewLib9.LIB TO citrans550f RAMSIZE (256)


MEMORY MODEL: LARGE


INPUT MODULES INCLUDED:
  GF2488-01F1-E1-RST.obj (GF2488_01F1_E1_RST)
  .\NewLib9.LIB (TIMER)
  .\NewLib9.LIB (COMM)
  .\NewLib9.LIB (DEBUG)
  .\NewLib9.LIB (HDLC)
  .\NewLib9.LIB (?C_STARTUP)
  D:\KEIL_V5\C51\LIB\C51L.LIB (?C_INIT)
  D:\KEIL_V5\C51\LIB\C51L.LIB (?C?CLDPTR)
  D:\KEIL_V5\C51\LIB\C51L.LIB (?C?CLDOPTR)
  D:\KEIL_V5\C51\LIB\C51L.LIB (?C?CSTPTR)
  D:\KEIL_V5\C51\LIB\C51L.LIB (?C?CSTOPTR)
  D:\KEIL_V5\C51\LIB\C51L.LIB (?C?IMUL)
  D:\KEIL_V5\C51\LIB\C51L.LIB (?C?UIDIV)
  D:\KEIL_V5\C51\LIB\C51L.LIB (?C?IILDX)
  D:\KEIL_V5\C51\LIB\C51L.LIB (?C?ILDIX)
  D:\KEIL_V5\C51\LIB\C51L.LIB (?C?ILDOPTR)
  D:\KEIL_V5\C51\LIB\C51L.LIB (?C?ISTPTR)
  D:\KEIL_V5\C51\LIB\C51L.LIB (?C?ISTOPTR)
  D:\KEIL_V5\C51\LIB\C51L.LIB (?C?ULCMP)
  D:\KEIL_V5\C51\LIB\C51L.LIB (?C?LSHL)
  D:\KEIL_V5\C51\LIB\C51L.LIB (?C?LLDOPTR)
  D:\KEIL_V5\C51\LIB\C51L.LIB (?C?LSTXDATA)
  D:\KEIL_V5\C51\LIB\C51L.LIB (?C?LSTKXDATA)
  D:\KEIL_V5\C51\LIB\C51L.LIB (?C?OFFX256)
  D:\KEIL_V5\C51\LIB\C51L.LIB (?C?OFFXADD)
  D:\KEIL_V5\C51\LIB\C51L.LIB (?C?CCASE)
  D:\KEIL_V5\C51\LIB\C51L.LIB (?C?ICALL)
  D:\KEIL_V5\C51\LIB\C51L.LIB (PRINTF)
  D:\KEIL_V5\C51\LIB\C51L.LIB (TOINT)
  D:\KEIL_V5\C51\LIB\C51L.LIB (ISXDIGIT)
  D:\KEIL_V5\C51\LIB\C51L.LIB (TOUPPER)
  D:\KEIL_V5\C51\LIB\C51L.LIB (STRNCMP)
  D:\KEIL_V5\C51\LIB\C51L.LIB (STRNCPY)
  D:\KEIL_V5\C51\LIB\C51L.LIB (STRLEN)
  D:\KEIL_V5\C51\LIB\C51L.LIB (?C?MEMSET)
  D:\KEIL_V5\C51\LIB\C51L.LIB (?C?MEMCMPAMD)
  D:\KEIL_V5\C51\LIB\C51L.LIB (?C?COPYAMD)
  D:\KEIL_V5\C51\LIB\C51L.LIB (?C?STRCMPAMD)
  D:\KEIL_V5\C51\LIB\C51L.LIB (?C?LLDIDATA)
  D:\KEIL_V5\C51\LIB\C51L.LIB (?C?LLDXDATA)
  D:\KEIL_V5\C51\LIB\C51L.LIB (?C?LLDPDATA)
  D:\KEIL_V5\C51\LIB\C51L.LIB (?C?LLDCODE)
  D:\KEIL_V5\C51\LIB\C51L.LIB (?C?PLDIXDATA)
  D:\KEIL_V5\C51\LIB\C51L.LIB (?C?PSTXDATA)
  D:\KEIL_V5\C51\LIB\C51L.LIB (PUTCHAR)


LINK MAP OF MODULE:  citrans550f (GF2488_01F1_E1_RST)


BL51 BANKED LINKER/LOCATER V6.22                                                      05/18/2016  16:26:50  PAGE 2


            TYPE    BASE      LENGTH    RELOCATION   SEGMENT NAME
            -----------------------------------------------------

            * * * * * * *   D A T A   M E M O R Y   * * * * * * *
            REG     0000H     0008H     ABSOLUTE     "REG BANK 0"
            REG     0008H     0008H     ABSOLUTE     "REG BANK 1"
            REG     0010H     0008H     ABSOLUTE     "REG BANK 2"
            DATA    0018H     0007H     UNIT         _DATA_GROUP_
            DATA    001FH     0001H     UNIT         ?DT?DEBUG
            DATA    0020H     0001H     BIT_ADDR     ?BA?GF2488_01F1_E1_RST
            DATA    0021H     0001H     BIT_ADDR     ?BA?COMM
            BIT     0022H.0   0001H.1   UNIT         _BIT_GROUP_
            BIT     0023H.1   0000H.6   UNIT         ?BI?COMM
            BIT     0023H.7   0000H.1   UNIT         ?BI?DEBUG
            IDATA   0024H     0001H     UNIT         ?STACK

            * * * * * * *  X D A T A   M E M O R Y  * * * * * * *
            XDATA   0000H     2000H     ABSOLUTE     
            XDATA   2000H     56E1H     UNIT         ?XD?GF2488_01F1_E1_RST
            XDATA   76E1H     0437H     UNIT         ?XD?COMM
            XDATA   7B18H     0063H     UNIT         _XDATA_GROUP_
            XDATA   7B7BH     002AH     UNIT         ?XD?DEBUG
            XDATA   7BA5H     0010H     UNIT         ?XD?TIMER
            XDATA   7BB5H     000FH     UNIT         ?XD?HDLC

            * * * * * * *   C O D E   M E M O R Y   * * * * * * *
            CODE    0000H     0003H     ABSOLUTE     
            CODE    0003H     0003H     ABSOLUTE     
            CODE    0006H     0009H     UNIT         ?C_INITSEG
                    000FH     0004H                  *** GAP ***
            CODE    0013H     0003H     ABSOLUTE     
            CODE    0016H     0007H     UNIT         ?PR?TIMER
                    001DH     0006H                  *** GAP ***
            CODE    0023H     0003H     ABSOLUTE     
                    0026H     0005H                  *** GAP ***
            CODE    002BH     0003H     ABSOLUTE     
            CODE    002EH     0015H     UNIT         ?PR?_STRLEN?STRLEN
            CODE    0043H     0003H     ABSOLUTE     
            CODE    0046H     0EDEH     UNIT         ?PR?GETDATA?GF2488_01F1_E1_RST
            CODE    0F24H     0940H     UNIT         ?PR?PROCCMD?COMM
            CODE    1864H     092AH     UNIT         ?PR?DEBUG?DEBUG
            CODE    218EH     06C2H     UNIT         ?C?LIB_CODE
            CODE    2850H     0655H     UNIT         ?PR?_CALUAS?GF2488_01F1_E1_RST
            CODE    2EA5H     0590H     UNIT         ?PR?INITIOSW1021?GF2488_01F1_E1_RST
            CODE    3435H     0590H     UNIT         ?PR?COMM
            CODE    39C5H     058BH     UNIT         ?PR?CONFSET?GF2488_01F1_E1_RST
            CODE    3F50H     0460H     UNIT         ?PR?_DOWNSOFT?COMM
            CODE    43B0H     03CCH     UNIT         ?PR?SELFCONF?GF2488_01F1_E1_RST
            CODE    477CH     038FH     UNIT         ?PR?USERHDLC?GF2488_01F1_E1_RST
            CODE    4B0BH     0365H     UNIT         ?PR?PRINTF?PRINTF
            CODE    4E70H     024BH     UNIT         ?CO?COMM
            CODE    50BBH     0243H     UNIT         ?PR?PROCALMDATA?COMM
            CODE    52FEH     022FH     UNIT         ?CO?DEBUG
            CODE    552DH     0214H     UNIT         ?PR?SOFTUPDATE?COMM
            CODE    5741H     0211H     UNIT         ?PR?HDLCOK?HDLC
            CODE    5952H     01DFH     UNIT         ?PR?PROCHISDATA?COMM
            CODE    5B31H     01CDH     UNIT         ?PR?_VERSHOW?COMM
BL51 BANKED LINKER/LOCATER V6.22                                                      05/18/2016  16:26:50  PAGE 3


            CODE    5CFEH     01B9H     UNIT         ?PR?UASQUARTER?GF2488_01F1_E1_RST
            CODE    5EB7H     0118H     UNIT         ?PR?SCC1TX?HDLC
            CODE    5FCFH     00FAH     UNIT         ?CO?GF2488_01F1_E1_RST
            CODE    60C9H     00F9H     UNIT         ?PR?TIMERINTEP?TIMER
            CODE    61C2H     00F8H     UNIT         ?PR?DEBUG
            CODE    62BAH     00F0H     UNIT         ?PR?USERFUNC?GF2488_01F1_E1_RST
            CODE    63AAH     00E6H     UNIT         ?PR?CHECKSW1021INIT?GF2488_01F1_E1_RST
            CODE    6490H     00E2H     UNIT         ?PR?UASCLEAR?GF2488_01F1_E1_RST
            CODE    6572H     00D2H     UNIT         ?PR?MAIN?GF2488_01F1_E1_RST
            CODE    6644H     00C9H     UNIT         ?PR?_READRXJ2?GF2488_01F1_E1_RST
            CODE    670DH     00C5H     UNIT         ?PR?SCC2INTEP?DEBUG
            CODE    67D2H     00BEH     UNIT         ?PR?_WRITEEXPECTJ2?GF2488_01F1_E1_RST
            CODE    6890H     00BDH     UNIT         ?C_C51STARTUP
            CODE    694DH     00AFH     UNIT         ?PR?_WRITETXJ2?GF2488_01F1_E1_RST
            CODE    69FCH     00AFH     UNIT         ?PR?_READBCTHEAD?COMM
            CODE    6AABH     00A7H     UNIT         ?PR?HDLC
            CODE    6B52H     0088H     UNIT         ?PR?COPYFLASH?COMM
            CODE    6BDAH     0087H     UNIT         ?PR?_STRNCMP?STRNCMP
            CODE    6C61H     0083H     UNIT         ?PR?_READFPGAHEAD?COMM
            CODE    6CE4H     006EH     UNIT         ?PR?_PROGBAKFLASH?COMM
            CODE    6D52H     006BH     UNIT         ?PR?RAMTEST?COMM
            CODE    6DBDH     0068H     UNIT         ?PR?_STRNCPY?STRNCPY
            CODE    6E25H     0066H     UNIT         ?PR?COMMVARINIT?COMM
            CODE    6E8BH     0065H     UNIT         ?PR?_PROGRAM_ONE_BYTE?COMM
            CODE    6EF0H     005CH     UNIT         ?PR?_PROGRAMAPROM?COMM
            CODE    6F4CH     005CH     UNIT         ?PR?SCC1INIT?HDLC
            CODE    6FA8H     005BH     UNIT         ?PR?_CHECK_SST_39VF?COMM
            CODE    7003H     0056H     UNIT         ?PR?_MEMCRC?COMM
            CODE    7059H     0050H     UNIT         ?PR?_CRCCCITT?COMM
            CODE    70A9H     0044H     UNIT         ?PR?SCC2INIT?DEBUG
            CODE    70EDH     003DH     UNIT         ?PR?JUMPTOAUX?COMM
            CODE    712AH     003AH     UNIT         ?PR?ISPINIT?COMM
            CODE    7164H     0039H     UNIT         ?PR?TIMERINIT?TIMER
            CODE    719DH     0038H     UNIT         ?PR?_ERASEFLASH?COMM
            CODE    71D5H     0035H     UNIT         ?PR?HDLCERR?HDLC
            CODE    720AH     002AH     UNIT         ?PR?BOOTINIT?COMM
            CODE    7234H     0027H     UNIT         ?PR?TOINT?TOINT
            CODE    725BH     0027H     UNIT         ?PR?PUTCHAR?PUTCHAR
            CODE    7282H     0026H     UNIT         ?PR?_ISXDIGIT?ISXDIGIT
            CODE    72A8H     0024H     UNIT         ?PR?_DELAY?TIMER
            CODE    72CCH     0020H     UNIT         ?PR?_ERASEAPROM?COMM
            CODE    72ECH     001AH     UNIT         ?PR?HAPPENSWICH?GF2488_01F1_E1_RST
            CODE    7306H     0017H     UNIT         ?PR?RESET?COMM
            CODE    731DH     0011H     UNIT         ?PR?_TOUPPER?TOUPPER
            CODE    732EH     0010H     UNIT         ?PR?TXDATA?DEBUG
            CODE    733EH     0010H     UNIT         ?PR?SCC1HARDINIT?HDLC



OVERLAY MAP OF MODULE:   citrans550f (GF2488_01F1_E1_RST)


SEGMENT                                           BIT_GROUP          DATA_GROUP          XDATA_GROUP
  +--> CALLED SEGMENT                          START    LENGTH     START    LENGTH     START    LENGTH
------------------------------------------------------------------------------------------------------
?PR?TIMERINTEP?TIMER                           -----    -----      -----    -----      -----    -----
  +--> ?PR?TIMER
BL51 BANKED LINKER/LOCATER V6.22                                                      05/18/2016  16:26:50  PAGE 4


  +--> ?PR?SCC1HARDINIT?HDLC
  +--> ?PR?USERFUNC?GF2488_01F1_E1_RST

?PR?USERFUNC?GF2488_01F1_E1_RST                -----    -----      -----    -----      7B18H    0002H
  +--> ?CO?GF2488_01F1_E1_RST

*** NEW ROOT ***************************************************

?PR?SCC2INTEP?DEBUG                            -----    -----      -----    -----      -----    -----
  +--> ?PR?_TOUPPER?TOUPPER
  +--> ?PR?DEBUG

?PR?DEBUG                                      -----    -----      -----    -----      -----    -----
  +--> ?CO?DEBUG

*** NEW ROOT ***************************************************

?PR?HDLCOK?HDLC                                -----    -----      -----    -----      -----    -----
  +--> ?PR?HDLC
  +--> ?PR?PROCCMD?COMM
  +--> ?PR?SCC1TX?HDLC

?PR?PROCCMD?COMM                               -----    -----      -----    -----      7B1AH    000CH
  +--> ?PR?COMM
  +--> ?CO?COMM
  +--> ?PR?_STRLEN?STRLEN
  +--> ?CO?GF2488_01F1_E1_RST
  +--> ?PR?_READBCTHEAD?COMM
  +--> ?PR?_READFPGAHEAD?COMM
  +--> ?PR?_DOWNSOFT?COMM
  +--> ?PR?USERHDLC?GF2488_01F1_E1_RST
  +--> ?PR?_VERSHOW?COMM

?PR?COMM                                       -----    -----      -----    -----      -----    -----
  +--> ?CO?GF2488_01F1_E1_RST
  +--> ?CO?COMM

?PR?_READBCTHEAD?COMM                          -----    -----      -----    -----      7B2BH    0003H
  +--> ?PR?COMM
  +--> ?CO?GF2488_01F1_E1_RST
  +--> ?PR?_STRNCPY?STRNCPY

?PR?_STRNCPY?STRNCPY                           -----    -----      -----    -----      7B2EH    000AH

?PR?_READFPGAHEAD?COMM                         -----    -----      -----    -----      7B2BH    0006H
  +--> ?PR?COMM

?PR?_DOWNSOFT?COMM                             -----    -----      -----    -----      7B26H    0005H
  +--> ?PR?COMM
  +--> ?PR?_READBCTHEAD?COMM
  +--> ?PR?_READFPGAHEAD?COMM
  +--> ?PR?_CRCCCITT?COMM

?PR?_CRCCCITT?COMM                             -----    -----      -----    -----      7B2BH    0007H
  +--> ?PR?COMM

?PR?USERHDLC?GF2488_01F1_E1_RST                -----    -----      -----    -----      7B26H    000AH
BL51 BANKED LINKER/LOCATER V6.22                                                      05/18/2016  16:26:50  PAGE 5


  +--> ?CO?GF2488_01F1_E1_RST
  +--> ?PR?_READRXJ2?GF2488_01F1_E1_RST

?PR?_READRXJ2?GF2488_01F1_E1_RST               -----    -----      -----    -----      7B30H    000BH

?PR?_VERSHOW?COMM                              -----    -----      -----    -----      7B26H    0008H
  +--> ?PR?COMM
  +--> ?CO?COMM
  +--> ?PR?_STRLEN?STRLEN

?PR?SCC1TX?HDLC                                -----    -----      0018H    0002H      7B1AH    0002H
  +--> ?PR?HDLC

*** NEW ROOT ***************************************************

?PR?HDLCERR?HDLC                               -----    -----      -----    -----      -----    -----
  +--> ?PR?HDLC

*** NEW ROOT ***************************************************

?C_C51STARTUP                                  -----    -----      -----    -----      -----    -----
  +--> ?PR?BOOTINIT?COMM
  +--> ?PR?MAIN?GF2488_01F1_E1_RST
  +--> ?C_INITSEG

?PR?BOOTINIT?COMM                              -----    -----      -----    -----      -----    -----
  +--> ?PR?COMM
  +--> ?PR?RAMTEST?COMM
  +--> ?PR?COMMVARINIT?COMM
  +--> ?PR?ISPINIT?COMM
  +--> ?PR?SCC2INIT?DEBUG
  +--> ?PR?SCC1INIT?HDLC
  +--> ?PR?TIMERINIT?TIMER

?PR?RAMTEST?COMM                               -----    -----      001AH    0002H      -----    -----
  +--> ?PR?COMM
  +--> ?PR?RESET?COMM

?PR?COMMVARINIT?COMM                           -----    -----      -----    -----      -----    -----
  +--> ?PR?COMM

?PR?SCC2INIT?DEBUG                             -----    -----      -----    -----      -----    -----
  +--> ?PR?DEBUG

?PR?MAIN?GF2488_01F1_E1_RST                    -----    -----      -----    -----      7B3BH    0002H
  +--> ?PR?SELFCONF?GF2488_01F1_E1_RST
  +--> ?PR?CHECKSW1021INIT?GF2488_01F1_E1_RST
  +--> ?PR?INITIOSW1021?GF2488_01F1_E1_RST
  +--> ?PR?CONFSET?GF2488_01F1_E1_RST
  +--> ?PR?GETDATA?GF2488_01F1_E1_RST
  +--> ?PR?PROCALMDATA?COMM
  +--> ?PR?UASQUARTER?GF2488_01F1_E1_RST
  +--> ?PR?PROCHISDATA?COMM
  +--> ?PR?DEBUG?DEBUG

?PR?SELFCONF?GF2488_01F1_E1_RST                -----    -----      -----    -----      7B3DH    0016H
  +--> ?CO?GF2488_01F1_E1_RST
BL51 BANKED LINKER/LOCATER V6.22                                                      05/18/2016  16:26:50  PAGE 6


  +--> ?PR?PRINTF?PRINTF

?PR?PRINTF?PRINTF                              0022H.0  0001H.1    001AH    0005H      7B53H    0028H
  +--> ?PR?PUTCHAR?PUTCHAR

?PR?CHECKSW1021INIT?GF2488_01F1_E1_RST         -----    -----      -----    -----      7B3DH    0004H
  +--> ?CO?GF2488_01F1_E1_RST

?PR?INITIOSW1021?GF2488_01F1_E1_RST            -----    -----      -----    -----      7B3DH    0006H
  +--> ?PR?_DELAY?TIMER
  +--> ?CO?GF2488_01F1_E1_RST
  +--> ?PR?_WRITETXJ2?GF2488_01F1_E1_RST
  +--> ?PR?_WRITEEXPECTJ2?GF2488_01F1_E1_RST

?PR?_DELAY?TIMER                               -----    -----      -----    -----      -----    -----
  +--> ?PR?TIMER

?PR?_WRITETXJ2?GF2488_01F1_E1_RST              -----    -----      -----    -----      7B47H    0009H

?PR?_WRITEEXPECTJ2?GF2488_01F1_E1_RST          -----    -----      -----    -----      7B47H    0009H

?PR?CONFSET?GF2488_01F1_E1_RST                 -----    -----      -----    -----      7B41H    0006H
  +--> ?CO?GF2488_01F1_E1_RST
  +--> ?PR?_DELAY?TIMER
  +--> ?PR?_WRITETXJ2?GF2488_01F1_E1_RST
  +--> ?PR?_WRITEEXPECTJ2?GF2488_01F1_E1_RST

?PR?GETDATA?GF2488_01F1_E1_RST                 -----    -----      -----    -----      7B3DH    0016H
  +--> ?CO?GF2488_01F1_E1_RST
  +--> ?PR?_DELAY?TIMER
  +--> ?PR?UASCLEAR?GF2488_01F1_E1_RST
  +--> ?PR?_CALUAS?GF2488_01F1_E1_RST

?PR?_CALUAS?GF2488_01F1_E1_RST                 -----    -----      -----    -----      7B53H    0004H

?PR?PROCALMDATA?COMM                           -----    -----      -----    -----      7B3DH    0004H
  +--> ?PR?RESET?COMM
  +--> ?CO?GF2488_01F1_E1_RST
  +--> ?PR?_MEMCRC?COMM
  +--> ?PR?COMM
  +--> ?PR?CONFSET?GF2488_01F1_E1_RST
  +--> ?PR?SOFTUPDATE?COMM

?PR?_MEMCRC?COMM                               -----    -----      -----    -----      7B41H    0007H
  +--> ?PR?COMM

?PR?SOFTUPDATE?COMM                            -----    -----      -----    -----      7B41H    000AH
  +--> ?PR?_ERASEFLASH?COMM
  +--> ?PR?COMM
  +--> ?PR?COPYFLASH?COMM
  +--> ?PR?RESET?COMM
  +--> ?PR?_CHECK_SST_39VF?COMM
  +--> ?PR?_PROGBAKFLASH?COMM
  +--> ?PR?_ERASEAPROM?COMM
  +--> ?PR?_PROGRAMAPROM?COMM
  +--> ?PR?JUMPTOAUX?COMM

BL51 BANKED LINKER/LOCATER V6.22                                                      05/18/2016  16:26:50  PAGE 7


?PR?_ERASEFLASH?COMM                           -----    -----      -----    -----      -----    -----
  +--> ?PR?COMM
  +--> ?PR?_DELAY?TIMER

?PR?COPYFLASH?COMM                             -----    -----      -----    -----      7B4BH    0009H
  +--> ?PR?COMM
  +--> ?PR?_PROGRAM_ONE_BYTE?COMM

?PR?_PROGRAM_ONE_BYTE?COMM                     -----    -----      -----    -----      7B56H    0006H
  +--> ?PR?COMM

?PR?_CHECK_SST_39VF?COMM                       -----    -----      -----    -----      -----    -----
  +--> ?PR?COMM

?PR?_PROGBAKFLASH?COMM                         -----    -----      -----    -----      7B4BH    000BH
  +--> ?PR?COMM
  +--> ?PR?_PROGRAM_ONE_BYTE?COMM

?PR?_PROGRAMAPROM?COMM                         -----    -----      -----    -----      7B4BH    0007H

?PR?PROCHISDATA?COMM                           -----    -----      -----    -----      -----    -----
  +--> ?PR?COMM
  +--> ?CO?GF2488_01F1_E1_RST
  +--> ?PR?RESET?COMM
  +--> ?PR?_MEMCRC?COMM

?PR?DEBUG?DEBUG                                -----    -----      -----    -----      7B3DH    000AH
  +--> ?PR?DEBUG
  +--> ?CO?DEBUG
  +--> ?PR?_DELAY?TIMER
  +--> ?PR?JUMPTOAUX?COMM
  +--> ?PR?PRINTF?PRINTF
  +--> ?PR?TOINT?TOINT
  +--> ?PR?_ISXDIGIT?ISXDIGIT
  +--> ?CO?GF2488_01F1_E1_RST
  +--> ?CO?COMM
  +--> ?PR?_STRNCMP?STRNCMP
  +--> ?PR?RESET?COMM
  +--> ?PR?_CHECK_SST_39VF?COMM
  +--> ?PR?TXDATA?DEBUG

?PR?_STRNCMP?STRNCMP                           -----    -----      -----    -----      7B47H    0008H

?PR?TXDATA?DEBUG                               -----    -----      -----    -----      -----    -----
  +--> ?PR?DEBUG



SYMBOL TABLE OF MODULE:  citrans550f (GF2488_01F1_E1_RST)

  VALUE           TYPE          NAME
  ----------------------------------

  -------         MODULE        GF2488_01F1_E1_RST
  C:0000H         SYMBOL        _ICE_DUMMY_
  C:5FE2H         PUBLIC        g_usAlmNum
  B:0020H.7       PUBLIC        IO15
BL51 BANKED LINKER/LOCATER V6.22                                                      05/18/2016  16:26:50  PAGE 8


  C:2EA5H         PUBLIC        InitioSw1021
  D:0090H         PUBLIC        P1
  C:72ECH         SYMBOL        happenSwich
  D:00B0H         PUBLIC        P3
  C:63AAH         SYMBOL        checkSW1021Init
  C:5FE1H         PUBLIC        g_ucBoardCode
  X:2002H         PUBLIC        g_ucNoUseFlag
  D:00A8H         PUBLIC        IE
  X:2041H         PUBLIC        N1000
  X:20BFH         PUBLIC        ulSesLimit
  X:20C1H         PUBLIC        g_usiNoEs
  X:213FH         PUBLIC        g_usiNoUseBbe
  C:5CFEH         PUBLIC        UasQuarter
  C:5FE0H         PUBLIC        g_ucAlmTypeNum
  C:43B0H         PUBLIC        SelfConf
  C:6490H         PUBLIC        UasClear
  C:67D2H         SYMBOL        _writeExpectJ2
  D:00B8H         PUBLIC        IP
  C:0046H         PUBLIC        GetData
  X:21BDH         PUBLIC        ulEsLimit
  C:477CH         PUBLIC        UserHdlc
  C:6074H         PUBLIC        SoftDate
  X:21BFH         PUBLIC        g_ucNoUseTime
  C:5FE4H         PUBLIC        g_usPmNum
  X:21FEH         PUBLIC        g_usiBbe
  X:227CH         PUBLIC        g_ucState
  X:23CEH         PUBLIC        g_ucConfData
  C:6572H         PUBLIC        main
  C:6056H         PUBLIC        PcbTime
  X:2DCEH         PUBLIC        g_ucLineCode
  X:2E0EH         PUBLIC        g_usiCses
  C:6023H         PUBLIC        BoardSn
  D:0091H         PUBLIC        EXIF
  C:62BAH         PUBLIC        UserFunc
  C:6080H         PUBLIC        SoftTime
  X:2E8CH         PUBLIC        g_haveTux
  X:2E8DH         PUBLIC        first_conf
  D:0088H         PUBLIC        TCON
  C:39C5H         PUBLIC        ConfSet
  C:5FDFH         PUBLIC        g_ucPmTypeNum
  X:2E8EH         PUBLIC        sw1021Chip
  C:6061H         PUBLIC        BoardSoftVer
  X:2E90H         PUBLIC        g_ucAlmCode
  X:2E9FH         PUBLIC        g_ucLineMask
  C:2850H         PUBLIC        _CalUas
  X:2EDFH         PUBLIC        ulSesLmt
  X:2FDBH         PUBLIC        g_bClearUas
  X:2FDCH         PUBLIC        g_ucLofFlag
  X:301BH         PUBLIC        g_stuAlm
  D:0020H         PUBLIC        hio
  C:6089H         PUBLIC        slot
  C:6011H         PUBLIC        SysName
  X:6579H         PUBLIC        g_usiOfs
  X:65F7H         PUBLIC        g_usiUas
  X:6675H         PUBLIC        actnumber
  X:6676H         PUBLIC        g_usiSes
  X:66F4H         PUBLIC        almnumber
BL51 BANKED LINKER/LOCATER V6.22                                                      05/18/2016  16:26:50  PAGE 9


  B:0090H.2       PUBLIC        IO2
  X:66F5H         PUBLIC        g_ucAlmMask
  C:6033H         PUBLIC        SoftVer
  B:0090H.5       PUBLIC        IO5
  B:0090H.6       PUBLIC        IO6
  B:0090H.7       PUBLIC        IO7
  B:00E8H.0       PUBLIC        EX2
  X:6704H         PUBLIC        g_liError1s
  B:0020H.0       PUBLIC        IO8
  B:0020H.1       PUBLIC        IO9
  X:6800H         PUBLIC        BIP_2_1S
  X:687EH         PUBLIC        g_usiEs
  D:00E8H         PUBLIC        EIE
  C:5FE7H         PUBLIC        chipOffSetc
  C:5FDDH         PUBLIC        g_usStateLen
  C:6046H         PUBLIC        PcbSn
  C:5FDBH         PUBLIC        g_usConfLen
  B:00F8H.0       PUBLIC        PX2
  X:68FCH         PUBLIC        BIP
  X:697AH         PUBLIC        g_ucPmCode
  C:5FE6H         PUBLIC        g_ucLineNum
  D:00F8H         PUBLIC        EIP
  X:6981H         PUBLIC        g_ucUseTime
  X:69C0H         PUBLIC        g_ucAlmType
  X:69CFH         PUBLIC        BIP_2_1000S
  X:6A4DH         PUBLIC        g_stuPm
  D:0098H         PUBLIC        SCON0
  D:00C0H         PUBLIC        SCON1
  C:6644H         SYMBOL        _readRxJ2
  D:00C8H         PUBLIC        T2CON
  X:74A3H         PUBLIC        g_ucEsTime
  X:74E2H         PUBLIC        g_ucDefectFlag
  X:7521H         PUBLIC        g_ucPmMask
  C:601CH         PUBLIC        BoardName
  C:694DH         SYMBOL        _writeTxJ2
  X:7528H         PUBLIC        g_ucLinePmMask
  B:0020H.2       PUBLIC        IO10
  B:0020H.3       PUBLIC        IO11
  D:00D0H         PUBLIC        PSW
  B:0020H.4       PUBLIC        IO12
  B:0020H.5       PUBLIC        IO13
  D:00D8H         PUBLIC        WDCON
  B:0020H.6       PUBLIC        IO14
  -------         PROC          _CALUAS
  X:7B53H         SYMBOL        ulSesLmt
  -------         DO            
  X:7B56H         SYMBOL        i
  -------         ENDDO         
  C:2850H         LINE#         65
  C:285BH         LINE#         66
  C:285BH         LINE#         70
  C:286BH         LINE#         71
  C:286BH         LINE#         72
  C:287BH         LINE#         73
  C:287BH         LINE#         74
  C:28D3H         LINE#         75
  C:28D3H         LINE#         77
BL51 BANKED LINKER/LOCATER V6.22                                                      05/18/2016  16:26:50  PAGE 10


  C:290FH         LINE#         78
  C:291BH         LINE#         79
  C:2927H         LINE#         80
  C:2937H         LINE#         81
  C:2947H         LINE#         82
  C:294AH         LINE#         84
  C:294AH         LINE#         85
  C:2974H         LINE#         86
  C:2974H         LINE#         87
  C:2985H         LINE#         89
  C:29A1H         LINE#         91
  C:29A1H         LINE#         92
  C:29CAH         LINE#         93
  C:2A0BH         LINE#         94
  C:2A0BH         LINE#         95
  C:2A0DH         LINE#         96
  C:2A1DH         LINE#         97
  C:2A4BH         LINE#         98
  C:2A4BH         LINE#         99
  C:2A5BH         LINE#         101
  C:2A7DH         LINE#         103
  C:2A9BH         LINE#         105
  C:2ABEH         LINE#         106
  C:2AF9H         LINE#         107
  C:2B0DH         LINE#         108
  C:2B19H         LINE#         109
  C:2B21H         LINE#         110
  C:2B21H         LINE#         111
  C:2B21H         LINE#         112
  C:2B24H         LINE#         114
  C:2B24H         LINE#         116
  C:2B80H         LINE#         117
  C:2B80H         LINE#         118
  C:2B96H         LINE#         119
  C:2B96H         LINE#         120
  C:2BA7H         LINE#         122
  C:2BC5H         LINE#         123
  C:2BD1H         LINE#         124
  C:2BD1H         LINE#         126
  C:2C03H         LINE#         127
  C:2C06H         LINE#         129
  C:2C06H         LINE#         130
  C:2C30H         LINE#         131
  C:2C30H         LINE#         132
  C:2C47H         LINE#         133
  C:2C5EH         LINE#         135
  C:2C5EH         LINE#         136
  C:2C87H         LINE#         137
  C:2CC8H         LINE#         138
  C:2CC8H         LINE#         139
  C:2CCAH         LINE#         140
  C:2CE0H         LINE#         142
  C:2D02H         LINE#         143
  C:2D24H         LINE#         144
  C:2D4DH         LINE#         145
  C:2D5CH         LINE#         147
  C:2D5CH         LINE#         149
BL51 BANKED LINKER/LOCATER V6.22                                                      05/18/2016  16:26:50  PAGE 11


  C:2D5CH         LINE#         151
  C:2D6CH         LINE#         152
  C:2D81H         LINE#         154
  C:2DB0H         LINE#         155
  C:2DDFH         LINE#         156
  C:2E0EH         LINE#         157
  C:2E3DH         LINE#         158
  C:2E6CH         LINE#         159
  C:2E9BH         LINE#         161
  C:2EA4H         LINE#         163
  -------         ENDPROC       _CALUAS
  -------         PROC          UASCLEAR
  -------         DO            
  D:0007H         SYMBOL        i
  -------         ENDDO         
  C:6490H         LINE#         165
  C:6490H         LINE#         166
  C:6490H         LINE#         169
  C:6499H         LINE#         170
  C:6499H         LINE#         171
  C:649BH         LINE#         172
  C:649BH         LINE#         173
  C:64A7H         LINE#         174
  C:64B3H         LINE#         175
  C:64BFH         LINE#         176
  C:64CBH         LINE#         177
  C:64D7H         LINE#         178
  C:64E3H         LINE#         179
  C:64F3H         LINE#         180
  C:6503H         LINE#         181
  C:6513H         LINE#         182
  C:6523H         LINE#         183
  C:6533H         LINE#         184
  C:6543H         LINE#         185
  C:6553H         LINE#         186
  C:6563H         LINE#         188
  C:656CH         LINE#         189
  C:6571H         LINE#         190
  C:6571H         LINE#         191
  -------         ENDPROC       UASCLEAR
  -------         PROC          UASQUARTER
  -------         DO            
  D:0007H         SYMBOL        i
  -------         ENDDO         
  C:5CFEH         LINE#         208
  C:5CFEH         LINE#         209
  C:5CFEH         LINE#         211
  C:5D00H         LINE#         212
  C:5D00H         LINE#         213
  C:5D0DH         LINE#         214
  C:5D0DH         LINE#         215
  C:5D19H         LINE#         217
  C:5D42H         LINE#         218
  C:5D44H         LINE#         220
  C:5D44H         LINE#         221
  C:5D62H         LINE#         222
  C:5D80H         LINE#         223
BL51 BANKED LINKER/LOCATER V6.22                                                      05/18/2016  16:26:50  PAGE 12


  C:5DA5H         LINE#         225
  C:5DA5H         LINE#         227
  C:5DD0H         LINE#         228
  C:5DFBH         LINE#         229
  C:5E26H         LINE#         230
  C:5E51H         LINE#         231
  C:5E7CH         LINE#         232
  C:5EA7H         LINE#         234
  C:5EB0H         LINE#         235
  C:5EB6H         LINE#         236
  -------         ENDPROC       UASQUARTER
  -------         PROC          _WRITETXJ2
  D:0001H         SYMBOL        chip
  X:7B48H         SYMBOL        witchJ2
  D:0003H         SYMBOL        Slot
  X:7B4AH         SYMBOL        j2
  X:7B4BH         SYMBOL        busB
  -------         DO            
  X:7B4CH         SYMBOL        copOk
  D:0004H         SYMBOL        busBase
  X:7B4EH         SYMBOL        i
  -------         ENDDO         
  C:694DH         LINE#         131
  C:6954H         LINE#         132
  C:6954H         LINE#         133
  C:695BH         LINE#         134
  C:695EH         LINE#         135
  C:6964H         LINE#         136
  C:696AH         LINE#         137
  C:696CH         LINE#         139
  C:698AH         LINE#         140
  C:699BH         LINE#         141
  C:69B8H         LINE#         142
  C:69C2H         LINE#         143
  C:69E5H         LINE#         144
  C:69F3H         LINE#         145
  C:69FAH         LINE#         146
  C:69FBH         LINE#         149
  -------         ENDPROC       _WRITETXJ2
  -------         PROC          _WRITEEXPECTJ2
  D:0001H         SYMBOL        chip
  X:7B48H         SYMBOL        witchJ2
  D:0003H         SYMBOL        Slot
  X:7B4AH         SYMBOL        j2
  X:7B4BH         SYMBOL        busB
  -------         DO            
  X:7B4CH         SYMBOL        copOk
  D:0004H         SYMBOL        busBase
  X:7B4EH         SYMBOL        i
  -------         ENDDO         
  C:67D2H         LINE#         151
  C:67D9H         LINE#         152
  C:67D9H         LINE#         153
  C:67E0H         LINE#         154
  C:67E3H         LINE#         155
  C:67E9H         LINE#         156
  C:67EFH         LINE#         157
BL51 BANKED LINKER/LOCATER V6.22                                                      05/18/2016  16:26:50  PAGE 13


  C:67F1H         LINE#         159
  C:680FH         LINE#         160
  C:682FH         LINE#         161
  C:684CH         LINE#         162
  C:6856H         LINE#         163
  C:6879H         LINE#         164
  C:6887H         LINE#         165
  C:688EH         LINE#         166
  C:688FH         LINE#         169
  -------         ENDPROC       _WRITEEXPECTJ2
  -------         PROC          _READRXJ2
  D:0001H         SYMBOL        chip
  D:0005H         SYMBOL        witchJ2
  D:0004H         SYMBOL        Slot
  X:7B33H         SYMBOL        j2
  X:7B36H         SYMBOL        busB
  -------         DO            
  X:7B37H         SYMBOL        copOk
  D:0002H         SYMBOL        busBase
  X:7B39H         SYMBOL        i
  -------         ENDDO         
  C:6644H         LINE#         171
  C:6648H         LINE#         172
  C:6648H         LINE#         173
  C:664FH         LINE#         174
  C:6652H         LINE#         175
  C:6658H         LINE#         176
  C:665EH         LINE#         177
  C:6660H         LINE#         179
  C:667DH         LINE#         180
  C:6689H         LINE#         181
  C:6693H         LINE#         182
  C:66B6H         LINE#         183
  C:66C4H         LINE#         184
  C:66CBH         LINE#         185
  C:66CBH         LINE#         188
  C:66D5H         LINE#         189
  C:66FAH         LINE#         190
  C:66FCH         LINE#         191
  C:670CH         LINE#         192
  C:670CH         LINE#         194
  -------         ENDPROC       _READRXJ2
  -------         PROC          GETDATA
  -------         DO            
  X:7B3DH         SYMBOL        i
  X:7B3EH         SYMBOL        m
  X:7B3FH         SYMBOL        n
  X:7B40H         SYMBOL        mi
  X:7B41H         SYMBOL        ni
  D:0003H         SYMBOL        tmp
  D:0007H         SYMBOL        tmpi
  X:7B42H         SYMBOL        ADCLK
  X:7B43H         SYMBOL        PPILOS
  X:7B44H         SYMBOL        TULOP
  X:7B45H         SYMBOL        LPSLM
  X:7B46H         SYMBOL        LPTIM
  X:7B47H         SYMBOL        LPTIU
BL51 BANKED LINKER/LOCATER V6.22                                                      05/18/2016  16:26:50  PAGE 14


  X:7B48H         SYMBOL        LPRDI
  X:7B49H         SYMBOL        LPRFI
  X:7B4AH         SYMBOL        LPUNEQ
  X:7B4BH         SYMBOL        TUAIS
  X:7B4CH         SYMBOL        PPIAIS
  X:7B4DH         SYMBOL        LOOP
  X:7B4EH         SYMBOL        LOOPL
  X:7B4FH         SYMBOL        tv5
  X:7B50H         SYMBOL        LPFEBE
  D:0006H         SYMBOL        HDB3
  X:7B52H         SYMBOL        lopCnt
  -------         ENDDO         
  C:0046H         LINE#         209
  C:0046H         LINE#         210
  C:0046H         LINE#         214
  C:004BH         LINE#         215
  C:004FH         LINE#         216
  C:0053H         LINE#         217
  C:005CH         LINE#         218
  C:006DH         LINE#         219
  C:006DH         LINE#         221
  C:007AH         LINE#         222
  C:007AH         LINE#         223
  C:008AH         LINE#         225
  C:00A0H         LINE#         227
  C:00A3H         LINE#         229
  C:00A3H         LINE#         230
  C:00AFH         LINE#         231
  C:00B8H         LINE#         232
  C:00C5H         LINE#         233
  C:00CAH         LINE#         235
  C:00DDH         LINE#         237
  C:00E9H         LINE#         238
  C:00FBH         LINE#         240
  C:010AH         LINE#         242
  C:011FH         LINE#         244
  C:0136H         LINE#         245
  C:015EH         LINE#         246
  C:0164H         LINE#         247
  C:016BH         LINE#         260
  C:0177H         LINE#         261
  C:01A3H         LINE#         262
  C:01AAH         LINE#         263
  C:01B1H         LINE#         264
  C:01B8H         LINE#         265
  C:01BDH         LINE#         266
  C:01C2H         LINE#         267
  C:01C7H         LINE#         268
  C:01CCH         LINE#         269
  C:01D1H         LINE#         271
  C:01DAH         LINE#         276
  C:01FFH         LINE#         278
  C:0229H         LINE#         279
  C:022BH         LINE#         281
  C:0255H         LINE#         282
  C:0255H         LINE#         288
  C:0283H         LINE#         289
BL51 BANKED LINKER/LOCATER V6.22                                                      05/18/2016  16:26:50  PAGE 15


  C:030CH         LINE#         291
  C:033CH         LINE#         292
  C:037AH         LINE#         294
  C:03A3H         LINE#         296
  C:03A9H         LINE#         297
  C:03B2H         LINE#         299
  C:03E2H         LINE#         300
  C:03E2H         LINE#         301
  C:03F7H         LINE#         302
  C:040DH         LINE#         304
  C:040DH         LINE#         305
  C:0428H         LINE#         306
  C:042BH         LINE#         307
  C:042BH         LINE#         309
  C:0456H         LINE#         310
  C:0467H         LINE#         312
  C:046CH         LINE#         313
  C:0497H         LINE#         315
  C:0499H         LINE#         316
  C:04A9H         LINE#         317
  C:04A9H         LINE#         319
  C:04ABH         LINE#         321
  C:04ABH         LINE#         322
  C:04C0H         LINE#         323
  C:04D9H         LINE#         324
  C:04EEH         LINE#         325
  C:04EEH         LINE#         328
  C:050CH         LINE#         329
  C:051DH         LINE#         330
  C:053BH         LINE#         331
  C:054CH         LINE#         332
  C:0552H         LINE#         333
  C:0552H         LINE#         334
  C:0567H         LINE#         335
  C:0578H         LINE#         336
  C:0589H         LINE#         340
  C:058DH         LINE#         341
  C:0590H         LINE#         343
  C:0590H         LINE#         344
  C:05ADH         LINE#         345
  C:05BEH         LINE#         346
  C:05DBH         LINE#         347
  C:05ECH         LINE#         348
  C:0609H         LINE#         349
  C:061AH         LINE#         357
  C:0637H         LINE#         358
  C:0648H         LINE#         359
  C:0648H         LINE#         360
  C:0665H         LINE#         361
  C:0676H         LINE#         362
  C:0693H         LINE#         363
  C:06A4H         LINE#         364
  C:06E8H         LINE#         365
  C:0708H         LINE#         366
  C:071EH         LINE#         367
  C:071EH         LINE#         369
  C:074DH         LINE#         371
BL51 BANKED LINKER/LOCATER V6.22                                                      05/18/2016  16:26:50  PAGE 16


  C:0788H         LINE#         372
  C:0799H         LINE#         373
  C:0799H         LINE#         375
  C:07C2H         LINE#         376
  C:07C8H         LINE#         378
  C:07F9H         LINE#         379
  C:0824H         LINE#         380
  C:0824H         LINE#         381
  C:082BH         LINE#         382
  C:082EH         LINE#         383
  C:0830H         LINE#         385
  C:0830H         LINE#         386
  C:0837H         LINE#         387
  C:0868H         LINE#         388
  C:0868H         LINE#         389
  C:0868H         LINE#         390
  C:0871H         LINE#         392
  C:0876H         LINE#         393
  C:0876H         LINE#         394
  C:0882H         LINE#         395
  C:088DH         LINE#         396
  C:08A1H         LINE#         400
  C:08D7H         LINE#         403
  C:08E1H         LINE#         404
  C:08E6H         LINE#         405
  C:0916H         LINE#         406
  C:093AH         LINE#         409
  C:0963H         LINE#         413
  C:0971H         LINE#         417
  C:097BH         LINE#         418
  C:0981H         LINE#         421
  C:0987H         LINE#         422
  C:0987H         LINE#         423
  C:098CH         LINE#         424
  C:0990H         LINE#         425
  C:099BH         LINE#         426
  C:099DH         LINE#         427
  C:09AFH         LINE#         428
  C:09AFH         LINE#         429
  C:09BCH         LINE#         430
  C:09C9H         LINE#         431
  C:09D1H         LINE#         432
  C:09D1H         LINE#         433
  C:09DAH         LINE#         434
  C:09DAH         LINE#         435
  C:09E8H         LINE#         436
  C:09E8H         LINE#         437
  C:0A06H         LINE#         438
  C:0A06H         LINE#         439
  C:0A17H         LINE#         440
  C:0A24H         LINE#         441
  C:0A26H         LINE#         443
  C:0A26H         LINE#         444
  C:0A36H         LINE#         445
  C:0A42H         LINE#         446
  C:0A42H         LINE#         447
  C:0A4AH         LINE#         448
BL51 BANKED LINKER/LOCATER V6.22                                                      05/18/2016  16:26:50  PAGE 17


  C:0A50H         LINE#         449
  C:0A54H         LINE#         450
  C:0A5AH         LINE#         451
  C:0A5AH         LINE#         453
  C:0A5DH         LINE#         456
  C:0A63H         LINE#         457
  C:0A63H         LINE#         458
  C:0A69H         LINE#         459
  C:0A6EH         LINE#         460
  C:0A6EH         LINE#         462
  C:0A77H         LINE#         463
  C:0A77H         LINE#         464
  C:0A80H         LINE#         466
  C:0A92H         LINE#         467
  C:0A92H         LINE#         468
  C:0AB8H         LINE#         469
  C:0AE1H         LINE#         470
  C:0B0AH         LINE#         471
  C:0B31H         LINE#         472
  C:0B41H         LINE#         474
  C:0B4EH         LINE#         477
  C:0B77H         LINE#         478
  C:0BA0H         LINE#         482
  C:0BC8H         LINE#         483
  C:0BC8H         LINE#         484
  C:0BDDH         LINE#         485
  C:0BE7H         LINE#         486
  C:0BEAH         LINE#         488
  C:0BEAH         LINE#         489
  C:0C10H         LINE#         490
  C:0C37H         LINE#         491
  C:0C4BH         LINE#         492
  C:0C6CH         LINE#         493
  C:0C6CH         LINE#         494
  C:0C6CH         LINE#         495
  C:0C85H         LINE#         496
  C:0C8EH         LINE#         497
  C:0C9AH         LINE#         498
  C:0C9AH         LINE#         499
  C:0C9CH         LINE#         501
  C:0C9CH         LINE#         502
  C:0CB9H         LINE#         503
  C:0CCEH         LINE#         504
  C:0CDAH         LINE#         505
  C:0CEEH         LINE#         506
  C:0CF1H         LINE#         508
  C:0CF1H         LINE#         511
  C:0D1BH         LINE#         512
  C:0D1BH         LINE#         513
  C:0D38H         LINE#         514
  C:0D4CH         LINE#         515
  C:0D55H         LINE#         516
  C:0D69H         LINE#         517
  C:0D7DH         LINE#         518
  C:0D87H         LINE#         519
  C:0D8AH         LINE#         524
  C:0D8AH         LINE#         527
BL51 BANKED LINKER/LOCATER V6.22                                                      05/18/2016  16:26:50  PAGE 18


  C:0DAEH         LINE#         528
  C:0DAEH         LINE#         529
  C:0DCBH         LINE#         530
  C:0DDFH         LINE#         531
  C:0DE8H         LINE#         532
  C:0DFCH         LINE#         533
  C:0E10H         LINE#         534
  C:0E1AH         LINE#         535
  C:0E1DH         LINE#         536
  C:0E1DH         LINE#         537
  C:0E20H         LINE#         539
  C:0E20H         LINE#         542
  C:0E3CH         LINE#         543
  C:0E3CH         LINE#         544
  C:0E55H         LINE#         545
  C:0E6CH         LINE#         546
  C:0E75H         LINE#         547
  C:0E89H         LINE#         548
  C:0E9DH         LINE#         549
  C:0EADH         LINE#         550
  C:0EAFH         LINE#         552
  C:0EC5H         LINE#         553
  C:0EC5H         LINE#         554
  C:0EC5H         LINE#         555
  C:0EC5H         LINE#         559
  C:0ECEH         LINE#         561
  C:0ED3H         LINE#         563
  C:0ED3H         LINE#         579
  C:0ED9H         LINE#         583
  C:0EE8H         LINE#         584
  C:0EECH         LINE#         586
  C:0EEEH         LINE#         587
  C:0EF4H         LINE#         588
  C:0EFCH         LINE#         590
  C:0F01H         LINE#         591
  C:0F07H         LINE#         592
  C:0F0FH         LINE#         594
  C:0F14H         LINE#         595
  C:0F17H         LINE#         596
  C:0F1EH         LINE#         598
  C:0F23H         LINE#         600
  -------         ENDPROC       GETDATA
  -------         PROC          USERFUNC
  -------         DO            
  X:7B18H         SYMBOL        i
  D:000AH         SYMBOL        j
  D:000EH         SYMBOL        tmp
  D:000CH         SYMBOL        chip
  X:2000H         SYMBOL        docnt
  -------         ENDDO         
  C:62BAH         LINE#         615
  C:62BFH         LINE#         619
  C:62C3H         LINE#         621
  C:62CCH         LINE#         622
  C:62D7H         LINE#         623
  C:62DDH         LINE#         624
  C:62DFH         LINE#         626
BL51 BANKED LINKER/LOCATER V6.22                                                      05/18/2016  16:26:50  PAGE 19


  C:62E5H         LINE#         627
  C:62E7H         LINE#         629
  C:62EDH         LINE#         630
  C:62EFH         LINE#         631
  C:6300H         LINE#         633
  C:6300H         LINE#         634
  C:630BH         LINE#         635
  C:6312H         LINE#         636
  C:6316H         LINE#         637
  C:6316H         LINE#         638
  C:631DH         LINE#         639
  C:6320H         LINE#         640
  C:6344H         LINE#         641
  C:6347H         LINE#         642
  C:6349H         LINE#         643
  C:6349H         LINE#         645
  C:634FH         LINE#         646
  C:6351H         LINE#         648
  C:6357H         LINE#         649
  C:6359H         LINE#         651
  C:635FH         LINE#         652
  C:6361H         LINE#         654
  C:6365H         LINE#         655
  C:636DH         LINE#         657
  C:636DH         LINE#         658
  C:6378H         LINE#         659
  C:637FH         LINE#         660
  C:6399H         LINE#         661
  C:63A7H         LINE#         662
  C:63A7H         LINE#         665
  -------         ENDPROC       USERFUNC
  -------         PROC          HAPPENSWICH
  C:72ECH         LINE#         682
  C:72F2H         LINE#         685
  C:72F4H         LINE#         686
  C:72F7H         LINE#         687
  C:72FDH         LINE#         690
  C:72FFH         LINE#         692
  -------         ENDPROC       HAPPENSWICH
  -------         PROC          CONFSET
  -------         DO            
  X:7B41H         SYMBOL        i
  X:7B42H         SYMBOL        j
  X:7B43H         SYMBOL        ilong
  X:7B44H         SYMBOL        m
  X:7B45H         SYMBOL        n
  X:7B46H         SYMBOL        temp
  -------         ENDDO         
  C:39C5H         LINE#         707
  C:39C5H         LINE#         708
  C:39C5H         LINE#         713
  C:39CDH         LINE#         714
  C:39D5H         LINE#         715
  C:39DDH         LINE#         716
  C:39E5H         LINE#         717
  C:39EDH         LINE#         718
  C:39F5H         LINE#         719
BL51 BANKED LINKER/LOCATER V6.22                                                      05/18/2016  16:26:50  PAGE 20


  C:39FDH         LINE#         720
  C:3A0FH         LINE#         721
  C:3A1AH         LINE#         722
  C:3A23H         LINE#         723
  C:3A37H         LINE#         725
  C:3A61H         LINE#         726
  C:3A88H         LINE#         727
  C:3AAEH         LINE#         728
  C:3AD5H         LINE#         730
  C:3AE5H         LINE#         733
  C:3B12H         LINE#         734
  C:3B1BH         LINE#         735
  C:3B46H         LINE#         737
  C:3B56H         LINE#         738
  C:3B63H         LINE#         739
  C:3B70H         LINE#         740
  C:3B73H         LINE#         741
  C:3B9EH         LINE#         742
  C:3BC4H         LINE#         743
  C:3BD7H         LINE#         744
  C:3BD7H         LINE#         746
  C:3C02H         LINE#         747
  C:3C07H         LINE#         748
  C:3C32H         LINE#         749
  C:3C43H         LINE#         750
  C:3C4FH         LINE#         751
  C:3C5BH         LINE#         752
  C:3C5BH         LINE#         753
  C:3C5BH         LINE#         754
  C:3CA0H         LINE#         755
  C:3CD6H         LINE#         774
  C:3CE8H         LINE#         775
  C:3CE8H         LINE#         776
  C:3CF3H         LINE#         777
  C:3CF8H         LINE#         780
  C:3D38H         LINE#         781
  C:3D78H         LINE#         783
  C:3DB9H         LINE#         784
  C:3DFAH         LINE#         785
  C:3E03H         LINE#         787
  C:3E16H         LINE#         788
  C:3E16H         LINE#         789
  C:3E23H         LINE#         790
  C:3E2FH         LINE#         791
  C:3E31H         LINE#         793
  C:3E31H         LINE#         794
  C:3E3FH         LINE#         795
  C:3E4CH         LINE#         796
  C:3E4CH         LINE#         801
  C:3E55H         LINE#         805
  C:3E5AH         LINE#         806
  C:3E5AH         LINE#         808
  C:3E6AH         LINE#         809
  C:3E6AH         LINE#         810
  C:3E8AH         LINE#         811
  C:3E8AH         LINE#         812
  C:3E97H         LINE#         813
BL51 BANKED LINKER/LOCATER V6.22                                                      05/18/2016  16:26:50  PAGE 21


  C:3E99H         LINE#         814
  C:3E99H         LINE#         816
  C:3EA8H         LINE#         818
  C:3EB0H         LINE#         819
  C:3EBAH         LINE#         821
  C:3EBFH         LINE#         822
  C:3EBFH         LINE#         824
  C:3ECFH         LINE#         825
  C:3ECFH         LINE#         826
  C:3EEFH         LINE#         827
  C:3EEFH         LINE#         828
  C:3EFCH         LINE#         829
  C:3EFEH         LINE#         830
  C:3EFEH         LINE#         832
  C:3F0DH         LINE#         833
  C:3F15H         LINE#         834
  C:3F1FH         LINE#         836
  C:3F34H         LINE#         837
  C:3F47H         LINE#         846
  C:3F4FH         LINE#         847
  -------         ENDPROC       CONFSET
  -------         PROC          USERHDLC
  -------         DO            
  X:7B26H         SYMBOL        i
  X:7B27H         SYMBOL        j
  X:7B28H         SYMBOL        m
  X:7B29H         SYMBOL        n
  X:7B2AH         SYMBOL        temp
  X:7B2BH         SYMBOL        addr
  X:7B2DH         SYMBOL        val
  -------         DO            
  X:7B2EH         SYMBOL        addr
  -------         ENDDO         
  -------         ENDDO         
  C:477CH         LINE#         863
  C:477CH         LINE#         864
  C:477CH         LINE#         869
  C:4782H         LINE#         870
  C:4782H         LINE#         871
  C:4788H         LINE#         872
  C:4788H         LINE#         873
  C:4788H         LINE#         874
  C:478AH         LINE#         875
  C:478EH         LINE#         876
  C:478EH         LINE#         877
  C:4793H         LINE#         878
  C:4793H         LINE#         879
  C:4793H         LINE#         882
  C:47B3H         LINE#         883
  C:47B3H         LINE#         884
  C:47B3H         LINE#         885
  C:47BFH         LINE#         886
  C:47BFH         LINE#         887
  C:47D3H         LINE#         888
  C:47D6H         LINE#         890
  C:47F2H         LINE#         891
  C:47F2H         LINE#         892
BL51 BANKED LINKER/LOCATER V6.22                                                      05/18/2016  16:26:50  PAGE 22


  C:4802H         LINE#         893
  C:480DH         LINE#         894
  C:4816H         LINE#         896
  C:4829H         LINE#         897
  C:4833H         LINE#         898
  C:485BH         LINE#         899
  C:485DH         LINE#         900
  C:4885H         LINE#         901
  C:4885H         LINE#         902
  C:488AH         LINE#         903
  C:4893H         LINE#         904
  C:4893H         LINE#         905
  C:489BH         LINE#         906
  C:489BH         LINE#         907
  C:48AFH         LINE#         908
  C:48B6H         LINE#         910
  C:48D2H         LINE#         911
  C:48D2H         LINE#         912
  C:48E2H         LINE#         913
  C:48EDH         LINE#         914
  C:48F6H         LINE#         916
  C:4909H         LINE#         917
  C:4913H         LINE#         918
  C:493BH         LINE#         919
  C:493DH         LINE#         920
  C:4965H         LINE#         921
  C:4965H         LINE#         922
  C:496AH         LINE#         923
  C:4973H         LINE#         924
  C:4973H         LINE#         925
  C:497EH         LINE#         926
  C:4984H         LINE#         927
  C:4988H         LINE#         928
  C:498AH         LINE#         929
  C:498EH         LINE#         930
  C:4992H         LINE#         932
  C:499BH         LINE#         933
  C:49ADH         LINE#         934
  C:49B7H         LINE#         935
  C:49C0H         LINE#         936
  C:49D9H         LINE#         937
  C:49F1H         LINE#         938
  C:4A00H         LINE#         939
  C:4A20H         LINE#         940
  C:4A3BH         LINE#         941
  C:4A43H         LINE#         942
  C:4A4CH         LINE#         944
  C:4A4CH         LINE#         945
  C:4A4CH         LINE#         947
  C:4A4CH         LINE#         948
  C:4A61H         LINE#         949
  C:4A66H         LINE#         950
  C:4A68H         LINE#         951
  C:4A6AH         LINE#         952
  C:4A6EH         LINE#         954
  C:4A73H         LINE#         955
  C:4AA1H         LINE#         956
BL51 BANKED LINKER/LOCATER V6.22                                                      05/18/2016  16:26:50  PAGE 23


  C:4AA7H         LINE#         957
  C:4AA8H         LINE#         959
  C:4AA8H         LINE#         960
  C:4ABEH         LINE#         961
  C:4AC7H         LINE#         962
  C:4ACCH         LINE#         963
  C:4ACEH         LINE#         964
  C:4AD0H         LINE#         965
  C:4AD4H         LINE#         966
  C:4AD9H         LINE#         967
  C:4B08H         LINE#         968
  C:4B08H         LINE#         971
  C:4B08H         LINE#         972
  C:4B08H         LINE#         973
  C:4B0AH         LINE#         974
  C:4B0AH         LINE#         978
  C:4B0AH         LINE#         979
  C:4B0AH         LINE#         988
  C:4B0AH         LINE#         989
  C:4B0AH         LINE#         991
  -------         ENDPROC       USERHDLC
  -------         PROC          SELFCONF
  -------         DO            
  X:7B3DH         SYMBOL        i
  X:7B3FH         SYMBOL        j
  X:7B41H         SYMBOL        ctt
  D:0007H         SYMBOL        ucii
  -------         ENDDO         
  C:43B0H         LINE#         1027
  C:43B0H         LINE#         1028
  C:43B0H         LINE#         1034
  C:43B6H         LINE#         1035
  C:43BCH         LINE#         1038
  C:43D2H         LINE#         1039
  C:43F1H         LINE#         1041
  C:4408H         LINE#         1042
  C:4427H         LINE#         1044
  C:443EH         LINE#         1045
  C:445DH         LINE#         1047
  C:4467H         LINE#         1050
  C:447EH         LINE#         1051
  C:449DH         LINE#         1052
  C:44B4H         LINE#         1053
  C:44D3H         LINE#         1062
  C:44D9H         LINE#         1067
  C:44E0H         LINE#         1068
  C:4510H         LINE#         1069
  C:4527H         LINE#         1070
  C:4527H         LINE#         1071
  C:4533H         LINE#         1073
  C:4543H         LINE#         1081
  C:4549H         LINE#         1082
  C:454EH         LINE#         1084
  C:4556H         LINE#         1085
  C:455FH         LINE#         1087
  C:4565H         LINE#         1088
  C:4569H         LINE#         1089
BL51 BANKED LINKER/LOCATER V6.22                                                      05/18/2016  16:26:50  PAGE 24


  C:456DH         LINE#         1090
  C:4571H         LINE#         1091
  C:4575H         LINE#         1093
  C:4579H         LINE#         1097
  C:457FH         LINE#         1099
  C:4585H         LINE#         1100
  C:4589H         LINE#         1101
  C:458DH         LINE#         1102
  C:4591H         LINE#         1103
  C:4595H         LINE#         1104
  C:4598H         LINE#         1105
  C:459DH         LINE#         1106
  C:45A2H         LINE#         1108
  C:45A6H         LINE#         1109
  C:45AAH         LINE#         1110
  C:45ADH         LINE#         1111
  C:45B1H         LINE#         1112
  C:45B5H         LINE#         1114
  C:45B8H         LINE#         1115
  C:45BCH         LINE#         1117
  C:45C1H         LINE#         1118
  C:45C3H         LINE#         1119
  C:45C5H         LINE#         1120
  C:45C9H         LINE#         1121
  C:45CBH         LINE#         1122
  C:45CDH         LINE#         1123
  C:45D1H         LINE#         1124
  C:45D5H         LINE#         1125
  C:45D7H         LINE#         1126
  C:45DAH         LINE#         1127
  C:45DEH         LINE#         1128
  C:45E0H         LINE#         1129
  C:45E3H         LINE#         1130
  C:45E5H         LINE#         1131
  C:45E7H         LINE#         1137
  C:45EDH         LINE#         1138
  C:45EDH         LINE#         1139
  C:45F4H         LINE#         1140
  C:45F4H         LINE#         1141
  C:4625H         LINE#         1142
  C:4640H         LINE#         1143
  C:465AH         LINE#         1144
  C:4677H         LINE#         1146
  C:467DH         LINE#         1147
  C:4681H         LINE#         1149
  C:4687H         LINE#         1150
  C:468BH         LINE#         1152
  C:4691H         LINE#         1153
  C:4695H         LINE#         1156
  C:469CH         LINE#         1157
  C:469CH         LINE#         1158
  C:46A3H         LINE#         1159
  C:46A3H         LINE#         1160
  C:46D4H         LINE#         1161
  C:46EFH         LINE#         1162
  C:4709H         LINE#         1163
  C:4726H         LINE#         1165
BL51 BANKED LINKER/LOCATER V6.22                                                      05/18/2016  16:26:50  PAGE 25


  C:473DH         LINE#         1166
  C:473DH         LINE#         1167
  C:475AH         LINE#         1168
  C:476BH         LINE#         1169
  C:477BH         LINE#         1170
  -------         ENDPROC       SELFCONF
  -------         PROC          INITIOSW1021
  -------         DO            
  X:7B3DH         SYMBOL        i
  X:7B3FH         SYMBOL        j
  X:7B41H         SYMBOL        m
  X:7B42H         SYMBOL        n
  -------         ENDDO         
  C:2EA5H         LINE#         1187
  C:2EA5H         LINE#         1188
  C:2EA5H         LINE#         1192
  C:2EAAH         LINE#         1194
  C:2EC3H         LINE#         1195
  C:2EC3H         LINE#         1196
  C:2ED7H         LINE#         1197
  C:2EDBH         LINE#         1198
  C:2EF1H         LINE#         1204
  C:2EFDH         LINE#         1205
  C:2F0AH         LINE#         1207
  C:2F17H         LINE#         1209
  C:2F24H         LINE#         1212
  C:2F30H         LINE#         1213
  C:2F3CH         LINE#         1216
  C:2F56H         LINE#         1217
  C:2F8BH         LINE#         1219
  C:2FB8H         LINE#         1225
  C:2FF3H         LINE#         1226
  C:3021H         LINE#         1227
  C:305CH         LINE#         1233
  C:308EH         LINE#         1236
  C:30EBH         LINE#         1237
  C:3150H         LINE#         1238
  C:31B4H         LINE#         1239
  C:3219H         LINE#         1242
  C:322AH         LINE#         1244
  C:3241H         LINE#         1245
  C:324CH         LINE#         1247
  C:325DH         LINE#         1250
  C:3264H         LINE#         1251
  C:3264H         LINE#         1252
  C:327BH         LINE#         1253
  C:3289H         LINE#         1254
  C:32A3H         LINE#         1255
  C:32A3H         LINE#         1256
  C:32AAH         LINE#         1257
  C:32AAH         LINE#         1258
  C:32D2H         LINE#         1259
  C:32FCH         LINE#         1261
  C:3327H         LINE#         1262
  C:334EH         LINE#         1263
  C:3351H         LINE#         1265
  C:3351H         LINE#         1267
BL51 BANKED LINKER/LOCATER V6.22                                                      05/18/2016  16:26:50  PAGE 26


  C:3379H         LINE#         1268
  C:33A1H         LINE#         1270
  C:33CAH         LINE#         1271
  C:33F3H         LINE#         1272
  C:33F3H         LINE#         1273
  C:3404H         LINE#         1274
  C:3424H         LINE#         1276
  C:3426H         LINE#         1277
  C:3428H         LINE#         1278
  C:342AH         LINE#         1279
  C:342CH         LINE#         1280
  C:342EH         LINE#         1281
  C:3434H         LINE#         1283
  -------         ENDPROC       INITIOSW1021
  -------         PROC          CHECKSW1021INIT
  -------         DO            
  X:7B3DH         SYMBOL        ret
  D:0004H         SYMBOL        i
  X:7B3FH         SYMBOL        j
  D:0006H         SYMBOL        reg
  C:6487H         SYMBOL        quit
  -------         ENDDO         
  C:63AAH         LINE#         1297
  C:63AAH         LINE#         1298
  C:63AAH         LINE#         1299
  C:63B1H         LINE#         1302
  C:63B3H         LINE#         1303
  C:63B3H         LINE#         1304
  C:63C5H         LINE#         1305
  C:63CBH         LINE#         1306
  C:63CBH         LINE#         1307
  C:63CEH         LINE#         1308
  C:63CEH         LINE#         1309
  C:63E0H         LINE#         1310
  C:63E6H         LINE#         1311
  C:63E6H         LINE#         1312
  C:63E8H         LINE#         1313
  C:63E8H         LINE#         1315
  C:63F8H         LINE#         1316
  C:63FBH         LINE#         1317
  C:63FBH         LINE#         1318
  C:63FDH         LINE#         1319
  C:63FDH         LINE#         1321
  C:640DH         LINE#         1322
  C:6410H         LINE#         1323
  C:6410H         LINE#         1324
  C:6412H         LINE#         1325
  C:6412H         LINE#         1327
  C:642BH         LINE#         1328
  C:6459H         LINE#         1329
  C:645FH         LINE#         1330
  C:6467H         LINE#         1331
  C:6469H         LINE#         1332
  C:6469H         LINE#         1333
  C:6479H         LINE#         1335
  C:6487H         LINE#         1336
  C:6487H         LINE#         1337
BL51 BANKED LINKER/LOCATER V6.22                                                      05/18/2016  16:26:50  PAGE 27


  C:648FH         LINE#         1338
  -------         ENDPROC       CHECKSW1021INIT
  -------         PROC          MAIN
  -------         DO            
  D:0007H         SYMBOL        i
  X:7B3BH         SYMBOL        ret
  -------         ENDDO         
  C:6572H         LINE#         1353
  C:6572H         LINE#         1354
  C:6572H         LINE#         1356
  C:6579H         LINE#         1359
  C:657CH         LINE#         1361
  C:6587H         LINE#         1362
  C:658AH         LINE#         1363
  C:658DH         LINE#         1366
  C:658FH         LINE#         1367
  C:6591H         LINE#         1369
  C:6591H         LINE#         1370
  C:6591H         LINE#         1376
  C:6597H         LINE#         1385
  C:65A2H         LINE#         1386
  C:65A5H         LINE#         1387
  C:65A8H         LINE#         1388
  C:65ABH         LINE#         1389
  C:65AEH         LINE#         1390
  C:65AEH         LINE#         1392
  C:65B1H         LINE#         1393
  C:65B4H         LINE#         1395
  C:65BDH         LINE#         1396
  C:65BDH         LINE#         1397
  C:65C0H         LINE#         1398
  C:65C2H         LINE#         1399
  C:65C2H         LINE#         1400
  C:65E7H         LINE#         1401
  C:660CH         LINE#         1402
  C:6631H         LINE#         1403
  C:6636H         LINE#         1404
  C:6639H         LINE#         1405
  C:663EH         LINE#         1406
  C:663EH         LINE#         1408
  C:6641H         LINE#         1409
  -------         ENDPROC       MAIN
  -------         ENDMOD        GF2488_01F1_E1_RST

  -------         MODULE        TIMER
  C:0000H         SYMBOL        _ICE_DUMMY_
  D:0090H         PUBLIC        P1
  D:00B0H         PUBLIC        P3
  C:60C9H         PUBLIC        TimerIntep
  X:7BA5H         PUBLIC        g_LampEn
  X:7BA6H         SYMBOL        g_ucTenMs
  D:00A8H         PUBLIC        IE
  D:00C7H         PUBLIC        TA
  D:00B8H         PUBLIC        IP
  C:7164H         PUBLIC        TimerInit
  X:7BA7H         PUBLIC        g_SecondFlag
  X:7BA8H         PUBLIC        g_QuarterFlag
BL51 BANKED LINKER/LOCATER V6.22                                                      05/18/2016  16:26:50  PAGE 28


  D:0088H         PUBLIC        TCON
  X:7BA9H         SYMBOL        ucInActTime
  B:00C8H.7       PUBLIC        TF2
  X:7BAAH         PUBLIC        g_ulResetSec
  D:00E8H         PUBLIC        EIE
  X:7BAEH         PUBLIC        g_stuSysClock
  D:00F8H         PUBLIC        EIP
  D:0098H         PUBLIC        SCON0
  D:00C0H         PUBLIC        SCON1
  D:00C8H         PUBLIC        T2CON
  C:72A8H         PUBLIC        _Delay
  D:00D0H         PUBLIC        PSW
  D:00D8H         PUBLIC        WDCON
  B:00D8H.0       PUBLIC        RWT
  C:0016H         SYMBOL        Com0013
  C:0016H         SYMBOL        L?0020
  C:0016H         SYMBOL        L?0021
  -------         PROC          COM0013
  -------         ENDPROC       COM0013
  -------         PROC          TIMERINTEP
  C:60C9H         LINE#         37
  C:60DFH         LINE#         39
  C:60E1H         LINE#         41
  C:60E7H         LINE#         42
  C:60F4H         LINE#         43
  C:60F4H         LINE#         45
  C:60FAH         LINE#         46
  C:60FAH         LINE#         48
  C:60FCH         LINE#         54
  C:60FCH         LINE#         57
  C:60FFH         LINE#         60
  C:6107H         LINE#         61
  C:6107H         LINE#         62
  C:610BH         LINE#         63
  C:610EH         LINE#         64
  C:6114H         LINE#         65
  C:6133H         LINE#         67
  C:6139H         LINE#         68
  C:6139H         LINE#         69
  C:6144H         LINE#         70
  C:6144H         LINE#         71
  C:6146H         LINE#         72
  C:614AH         LINE#         74
  C:614FH         LINE#         76
  C:6154H         LINE#         77
  C:6157H         LINE#         78
  C:6157H         LINE#         79
  C:6159H         LINE#         81
  C:6159H         LINE#         82
  C:615EH         LINE#         83
  C:6162H         LINE#         84
  C:6167H         LINE#         85
  C:6167H         LINE#         87
  C:616FH         LINE#         88
  C:616FH         LINE#         89
  C:6170H         LINE#         90
  C:6176H         LINE#         92
BL51 BANKED LINKER/LOCATER V6.22                                                      05/18/2016  16:26:50  PAGE 29


  C:6180H         LINE#         93
  C:6187H         LINE#         94
  C:618AH         LINE#         95
  C:618FH         LINE#         97
  C:6198H         LINE#         98
  C:6198H         LINE#         99
  C:619AH         LINE#         100
  C:61A0H         LINE#         101
  C:61A6H         LINE#         102
  C:61A6H         LINE#         103
  C:61A8H         LINE#         104
  C:61AEH         LINE#         105
  C:61AEH         LINE#         106
  C:61AEH         LINE#         107
  C:61AEH         LINE#         108
  C:61AEH         LINE#         109
  C:61AEH         LINE#         111
  C:61B1H         LINE#         132
  -------         ENDPROC       TIMERINTEP
  -------         PROC          TIMERINIT
  C:7164H         LINE#         148
  C:7164H         LINE#         149
  C:7164H         LINE#         171
  C:716AH         LINE#         172
  C:716EH         LINE#         173
  C:7172H         LINE#         174
  C:7176H         LINE#         175
  C:7179H         LINE#         176
  C:717BH         LINE#         177
  C:717DH         LINE#         179
  C:7181H         LINE#         180
  C:7183H         LINE#         181
  C:7187H         LINE#         182
  C:7189H         LINE#         184
  C:7193H         LINE#         185
  C:7198H         LINE#         187
  C:719CH         LINE#         192
  -------         ENDPROC       TIMERINIT
  -------         PROC          _DELAY
  D:0007H         SYMBOL        uc10ms
  -------         DO            
  D:0006H         SYMBOL        ucLastTime
  -------         ENDDO         
  C:72A8H         LINE#         208
  C:72A8H         LINE#         209
  C:72A8H         LINE#         212
  C:72ADH         LINE#         213
  C:72B3H         LINE#         214
  C:72B3H         LINE#         216
  C:72BBH         LINE#         217
  C:72BBH         LINE#         218
  C:72C3H         LINE#         220
  C:72C6H         LINE#         222
  C:72C7H         LINE#         223
  C:72C9H         LINE#         224
  C:72C9H         LINE#         225
  C:72CBH         LINE#         226
BL51 BANKED LINKER/LOCATER V6.22                                                      05/18/2016  16:26:50  PAGE 30


  -------         ENDPROC       _DELAY
  -------         ENDMOD        TIMER

  -------         MODULE        COMM
  C:0000H         SYMBOL        _ICE_DUMMY_
  D:0090H         PUBLIC        P1
  X:76E1H         PUBLIC        g_AllClrFlag
  B:0023H.1       SYMBOL        ResetFlag
  D:00B0H         PUBLIC        P3
  B:0023H.2       SYMBOL        updateFlag
  D:00A5H         PUBLIC        P4
  C:7317H         PUBLIC        RESET
  X:76E2H         SYMBOL        usiCrcTemp
  B:00A8H.7       PUBLIC        EA
  X:76E4H         PUBLIC        sysErrCode
  B:0023H.3       PUBLIC        HotBoot_f
  C:69FCH         SYMBOL        _ReadBctHead
  D:00A8H         PUBLIC        IE
  C:70EDH         PUBLIC        JumpToAux
  B:0023H.4       SYMBOL        isRecOK
  X:76E5H         SYMBOL        PmCodeCRC
  D:00C7H         PUBLIC        TA
  C:4EA6H         PUBLIC        LibDate
  D:00B8H         PUBLIC        IP
  X:76E7H         SYMBOL        g_ConfChange
  C:6CE4H         SYMBOL        _ProgBakFlash
  D:0021H         PUBLIC        outport
  B:0023H.5       SYMBOL        isBakRun
  C:4EBBH         PUBLIC        crc_table
  C:552DH         SYMBOL        softUpdate
  C:6FA8H         PUBLIC        _Check_SST_39VF
  B:0021H.1       PUBLIC        HOLD
  B:0021H.6       PUBLIC        LSCE
  C:4EB2H         PUBLIC        LibTime
  C:0F24H         PUBLIC        ProcCmd
  C:720AH         PUBLIC        BootInit
  X:76E8H         PUBLIC        g_buffcom
  C:50BBH         PUBLIC        ProcAlmData
  C:6B52H         SYMBOL        copyFlash
  D:0087H         PUBLIC        PCON
  X:7B02H         PUBLIC        pfOtherCMD
  D:0088H         PUBLIC        TCON
  C:5952H         PUBLIC        ProcHisData
  D:009FH         PUBLIC        CHPCON
  C:6D52H         SYMBOL        RamTest
  X:7B05H         SYMBOL        g_FileIndex
  C:4E9FH         PUBLIC        LibVer
  B:0023H.6       PUBLIC        ispFlag
  X:7B09H         PUBLIC        g_ReqConfig
  D:00CDH         PUBLIC        TH2
  C:6E25H         PUBLIC        CommVarInit
  C:5B31H         PUBLIC        _VerShow
  C:7059H         PUBLIC        _CRCCCITT
  D:00CCH         PUBLIC        TL2
  D:00E8H         PUBLIC        EIE
  C:6E8BH         SYMBOL        _Program_One_Byte
  B:0021H.4       PUBLIC        ACT
BL51 BANKED LINKER/LOCATER V6.22                                                      05/18/2016  16:26:50  PAGE 31


  B:00C8H.2       PUBLIC        TR2
  C:3F50H         SYMBOL        _downSoft
  B:0021H.3       PUBLIC        RED
  X:7B0AH         SYMBOL        g_stuHisTime
  C:6EF0H         PUBLIC        _ProgramAPROM
  B:0021H.2       PUBLIC        YELLOW
  D:00F8H         PUBLIC        EIP
  X:7B0EH         PUBLIC        g_ucSetTime
  X:7B0FH         SYMBOL        g_CrcValue
  X:7B11H         SYMBOL        LineCodeCRC
  X:7B13H         SYMBOL        g_HisDataReady
  C:719DH         SYMBOL        _EraseFlash
  C:712AH         SYMBOL        ispInit
  D:0098H         PUBLIC        SCON0
  D:00C0H         PUBLIC        SCON1
  D:00C8H         PUBLIC        T2CON
  X:7B14H         SYMBOL        memErrCode
  X:7B15H         SYMBOL        ispType
  X:7B16H         SYMBOL        AlmCodeCRC
  C:6C61H         SYMBOL        _ReadFpgaHead
  C:72CCH         PUBLIC        _EraseAPROM
  D:00ADH         PUBLIC        SFRAH
  D:00AEH         PUBLIC        SFRFD
  C:7003H         PUBLIC        _MemCRC
  D:00ACH         PUBLIC        SFRAL
  D:00D0H         PUBLIC        PSW
  D:00D8H         PUBLIC        WDCON
  B:00D8H.0       PUBLIC        RWT
  D:00AFH         PUBLIC        SFRCN
  C:3435H         SYMBOL        Com018B
  C:3435H         SYMBOL        L?0396
  C:3436H         SYMBOL        L?0397
  C:343AH         SYMBOL        L?0398
  C:3458H         SYMBOL        L?0399
  C:345BH         SYMBOL        L?0400
  C:3463H         SYMBOL        L?0401
  C:3463H         SYMBOL        L?0402
  C:3464H         SYMBOL        L?0403
  C:3467H         SYMBOL        L?0404
  C:346AH         SYMBOL        L?0405
  C:346BH         SYMBOL        L?0406
  C:346FH         SYMBOL        L?0407
  C:3478H         SYMBOL        L?0408
  C:34EAH         SYMBOL        L?0409
  C:34EBH         SYMBOL        L?0410
  C:34ECH         SYMBOL        L?0411
  C:34F7H         SYMBOL        L?0412
  C:3500H         SYMBOL        L?0413
  C:3516H         SYMBOL        L?0414
  C:3517H         SYMBOL        L?0415
  C:3518H         SYMBOL        L?0416
  C:3543H         SYMBOL        L?0417
  C:3555H         SYMBOL        L?0418
  C:3570H         SYMBOL        L?0419
  C:357AH         SYMBOL        L?0420
  C:357CH         SYMBOL        L?0421
  C:357DH         SYMBOL        L?0422
BL51 BANKED LINKER/LOCATER V6.22                                                      05/18/2016  16:26:50  PAGE 32


  C:357EH         SYMBOL        L?0423
  C:3581H         SYMBOL        L?0424
  C:3588H         SYMBOL        L?0425
  C:3588H         SYMBOL        L?0426
  C:358DH         SYMBOL        L?0427
  C:35A1H         SYMBOL        L?0428
  C:35A4H         SYMBOL        L?0429
  C:35A8H         SYMBOL        L?0430
  C:35B4H         SYMBOL        L?0433
  C:35B8H         SYMBOL        L?0434
  C:35C0H         SYMBOL        L?0435
  C:35C7H         SYMBOL        L?0436
  C:35E0H         SYMBOL        L?0437
  C:35EEH         SYMBOL        L?0438
  C:35F7H         SYMBOL        L?0439
  C:360CH         SYMBOL        L?0440
  C:360FH         SYMBOL        L?0441
  C:3612H         SYMBOL        L?0442
  C:361AH         SYMBOL        L?0443
  C:361DH         SYMBOL        L?0444
  C:3621H         SYMBOL        L?0445
  C:3625H         SYMBOL        L?0446
  C:362EH         SYMBOL        L?0447
  C:362EH         SYMBOL        L?0448
  C:3637H         SYMBOL        L?0449
  C:363AH         SYMBOL        L?0450
  C:3643H         SYMBOL        L?0451
  C:364EH         SYMBOL        L?0452
  C:364EH         SYMBOL        L?0453
  C:3658H         SYMBOL        L?0454
  C:365FH         SYMBOL        L?0455
  C:366EH         SYMBOL        L?0456
  C:367CH         SYMBOL        L?0457
  C:367CH         SYMBOL        L?0458
  C:3688H         SYMBOL        L?0459
  C:3690H         SYMBOL        L?0460
  C:3690H         SYMBOL        L?0461
  C:3695H         SYMBOL        L?0462
  C:369DH         SYMBOL        L?0463
  C:369DH         SYMBOL        L?0464
  C:36A0H         SYMBOL        L?0465
  C:36A9H         SYMBOL        L?0466
  C:36A9H         SYMBOL        L?0467
  C:36C0H         SYMBOL        L?0468
  C:36D1H         SYMBOL        L?0469
  C:36DBH         SYMBOL        L?0470
  C:36DEH         SYMBOL        L?0471
  C:36F2H         SYMBOL        L?0472
  C:3704H         SYMBOL        L?0474
  C:370FH         SYMBOL        L?0475
  C:3716H         SYMBOL        L?0476
  C:3716H         SYMBOL        L?0477
  C:371CH         SYMBOL        L?0478
  C:3725H         SYMBOL        L?0479
  C:373CH         SYMBOL        L?0480
  C:3742H         SYMBOL        L?0481
  C:3762H         SYMBOL        L?0482
BL51 BANKED LINKER/LOCATER V6.22                                                      05/18/2016  16:26:50  PAGE 33


  C:3762H         SYMBOL        L?0483
  C:3774H         SYMBOL        L?0484
  C:3778H         SYMBOL        L?0485
  C:3785H         SYMBOL        L?0486
  C:3785H         SYMBOL        L?0487
  C:378EH         SYMBOL        L?0488
  C:378EH         SYMBOL        L?0489
  C:3796H         SYMBOL        L?0490
  C:379DH         SYMBOL        L?0491
  C:379DH         SYMBOL        L?0492
  C:37A9H         SYMBOL        L?0493
  C:37BCH         SYMBOL        L?0494
  C:37BCH         SYMBOL        L?0495
  C:37BFH         SYMBOL        L?0496
  C:37C9H         SYMBOL        L?0497
  C:37D0H         SYMBOL        L?0498
  C:37D8H         SYMBOL        L?0499
  C:37DAH         SYMBOL        L?0500
  C:37E8H         SYMBOL        L?0503
  C:37EEH         SYMBOL        L?0504
  C:37F9H         SYMBOL        L?0505
  C:37F9H         SYMBOL        L?0506
  C:37FCH         SYMBOL        L?0507
  C:3802H         SYMBOL        L?0508
  C:3802H         SYMBOL        L?0509
  C:3810H         SYMBOL        L?0510
  C:3812H         SYMBOL        L?0511
  C:3819H         SYMBOL        L?0512
  C:382DH         SYMBOL        L?0513
  C:382EH         SYMBOL        L?0514
  C:382FH         SYMBOL        L?0515
  C:3836H         SYMBOL        L?0516
  C:3836H         SYMBOL        L?0517
  C:383FH         SYMBOL        L?0518
  C:3842H         SYMBOL        L?0519
  C:3849H         SYMBOL        L?0520
  C:3849H         SYMBOL        L?0521
  C:3850H         SYMBOL        L?0522
  C:3850H         SYMBOL        L?0523
  C:385BH         SYMBOL        L?0524
  C:385BH         SYMBOL        L?0525
  C:3866H         SYMBOL        L?0526
  C:386CH         SYMBOL        L?0527
  C:3873H         SYMBOL        L?0528
  C:3873H         SYMBOL        L?0529
  C:387AH         SYMBOL        L?0530
  C:387CH         SYMBOL        L?0531
  C:3885H         SYMBOL        L?0532
  C:3886H         SYMBOL        L?0533
  C:388CH         SYMBOL        L?0534
  C:388DH         SYMBOL        L?0535
  C:3893H         SYMBOL        L?0536
  C:3893H         SYMBOL        L?0537
  C:389CH         SYMBOL        L?0538
  C:389CH         SYMBOL        L?0539
  C:38A5H         SYMBOL        L?0540
  C:38B2H         SYMBOL        L?0541
BL51 BANKED LINKER/LOCATER V6.22                                                      05/18/2016  16:26:50  PAGE 34


  C:38BFH         SYMBOL        L?0542
  C:38BFH         SYMBOL        L?0543
  C:38C5H         SYMBOL        L?0544
  C:38C5H         SYMBOL        L?0545
  C:38CCH         SYMBOL        L?0546
  C:38D9H         SYMBOL        L?0547
  C:38E6H         SYMBOL        L?0548
  C:38E7H         SYMBOL        L?0549
  C:38EFH         SYMBOL        L?0550
  C:38F2H         SYMBOL        L?0551
  C:38F9H         SYMBOL        L?0552
  C:38F9H         SYMBOL        L?0553
  C:3900H         SYMBOL        L?0554
  C:3900H         SYMBOL        L?0555
  C:3907H         SYMBOL        L?0556
  C:3907H         SYMBOL        L?0557
  C:390EH         SYMBOL        L?0558
  C:390EH         SYMBOL        L?0559
  C:3915H         SYMBOL        L?0560
  C:391DH         SYMBOL        L?0561
  C:3929H         SYMBOL        L?0562
  C:3929H         SYMBOL        L?0563
  C:3931H         SYMBOL        L?0564
  C:3931H         SYMBOL        L?0565
  C:3939H         SYMBOL        L?0566
  C:3944H         SYMBOL        L?0567
  C:394FH         SYMBOL        L?0568
  C:395AH         SYMBOL        L?0569
  C:3965H         SYMBOL        L?0570
  C:396FH         SYMBOL        L?0571
  C:397AH         SYMBOL        L?0572
  C:397BH         SYMBOL        L?0573
  C:3982H         SYMBOL        L?0574
  C:3983H         SYMBOL        L?0575
  C:398AH         SYMBOL        L?0577
  C:398AH         SYMBOL        L?0578
  C:3991H         SYMBOL        L?0579
  C:3991H         SYMBOL        L?0580
  C:3998H         SYMBOL        L?0581
  C:3998H         SYMBOL        L?0582
  C:399FH         SYMBOL        L?0583
  C:399FH         SYMBOL        L?0584
  C:39A6H         SYMBOL        L?0585
  C:39A6H         SYMBOL        L?0586
  C:39ADH         SYMBOL        L?0587
  C:39B7H         SYMBOL        L?0588
  C:39B7H         SYMBOL        L?0589
  C:39BEH         SYMBOL        L?0590
  C:39BEH         SYMBOL        L?0591
  -------         PROC          COM018B
  -------         ENDPROC       COM018B
  C:6A9BH         SYMBOL        L?0501
  -------         PROC          _READBCTHEAD
  X:7B2BH         SYMBOL        pHead
  C:69FCH         LINE#         138
  C:6A02H         LINE#         139
  C:6A02H         LINE#         145
BL51 BANKED LINKER/LOCATER V6.22                                                      05/18/2016  16:26:50  PAGE 35


  C:6A10H         LINE#         146
  C:6A10H         LINE#         147
  C:6A28H         LINE#         148
  C:6A28H         LINE#         150
  C:6A28H         LINE#         151
  C:6A36H         LINE#         153
  C:6A52H         LINE#         154
  C:6A6EH         LINE#         155
  C:6A7EH         LINE#         156
  C:6A8EH         LINE#         157
  C:6A9AH         LINE#         158
  C:6A9AH         LINE#         160
  -------         ENDPROC       _READBCTHEAD
  -------         PROC          _CHECK_SST_39VF
  D:0007H         SYMBOL        ucIC
  -------         DO            
  D:0004H         SYMBOL        ucSstID
  D:0003H         SYMBOL        ucSstCap
  -------         ENDDO         
[...]


  C:57C4H         LINE#         64
  C:57CBH         LINE#         65
  C:57CBH         LINE#         66
  C:57CEH         LINE#         67
  C:57D5H         LINE#         68
  C:57D5H         LINE#         69
  C:57D8H         LINE#         71
  C:57D8H         LINE#         72
  C:57F7H         LINE#         73
  C:57F7H         LINE#         74
  C:57FAH         LINE#         75
  C:57FAH         LINE#         113
  C:5801H         LINE#         114
  C:5801H         LINE#         115
  C:581CH         LINE#         116
  C:582CH         LINE#         117
  C:582CH         LINE#         118
  C:582FH         LINE#         119
  C:5832H         LINE#         120
  C:5832H         LINE#         121
  C:5835H         LINE#         123
  C:5835H         LINE#         124
  C:5838H         LINE#         125
  C:583BH         LINE#         126
  C:583BH         LINE#         127
  C:583BH         LINE#         128
  C:583BH         LINE#         129
  C:583BH         LINE#         130
  C:583EH         LINE#         132
  C:583EH         LINE#         133
  C:583EH         LINE#         134
  C:5849H         LINE#         135
  C:5851H         LINE#         136
  C:5851H         LINE#         137
  C:5854H         LINE#         138
  C:5857H         LINE#         139
  C:5857H         LINE#         140
  C:585AH         LINE#         142
  C:585AH         LINE#         143
  C:5865H         LINE#         144
  C:586BH         LINE#         145
  C:586BH         LINE#         146
  C:586BH         LINE#         147
  C:586BH         LINE#         148
  C:586BH         LINE#         149
  C:586BH         LINE#         150
  C:586BH         LINE#         151
  C:586BH         LINE#         153
  C:586BH         LINE#         154
  C:586EH         LINE#         157
  C:586EH         LINE#         158
  C:5875H         LINE#         159
  C:5875H         LINE#         160
  C:5878H         LINE#         161
  C:587FH         LINE#         162
  C:587FH         LINE#         163
  C:5882H         LINE#         165
BL51 BANKED LINKER/LOCATER V6.22                                                      05/18/2016  16:26:50  PAGE 70


  C:5882H         LINE#         166
  C:5882H         LINE#         167
  C:589BH         LINE#         168
  C:589BH         LINE#         169
  C:589EH         LINE#         170
  C:58A4H         LINE#         171
  C:58A4H         LINE#         172
  C:58A7H         LINE#         174
  C:58A7H         LINE#         175
  C:58B7H         LINE#         176
  C:58C6H         LINE#         208
  C:58CDH         LINE#         209
  C:58CDH         LINE#         210
  C:58D0H         LINE#         211
  C:58EBH         LINE#         212
  C:58EBH         LINE#         213
  C:58EEH         LINE#         214
  C:58F4H         LINE#         215
  C:58F4H         LINE#         216
  C:58F6H         LINE#         218
  C:58F6H         LINE#         219
  C:58F9H         LINE#         220
  C:5900H         LINE#         221
  C:5900H         LINE#         222
  C:5900H         LINE#         223
  C:5902H         LINE#         225
  C:5902H         LINE#         226
  C:5904H         LINE#         227
  C:5904H         LINE#         228
  C:5904H         LINE#         229
  C:5907H         LINE#         230
  C:5907H         LINE#         231
  C:5907H         LINE#         233
  C:5907H         LINE#         234
  C:5907H         LINE#         235
  C:5909H         LINE#         238
  C:5909H         LINE#         242
  C:5910H         LINE#         244
  C:5910H         LINE#         245
  C:5913H         LINE#         246
  C:591AH         LINE#         247
  C:5920H         LINE#         248
  C:5922H         LINE#         249
  C:5925H         LINE#         250
  C:5927H         LINE#         292
  C:5927H         LINE#         293
  C:592CH         LINE#         294
  C:5931H         LINE#         295
  C:5931H         LINE#         296
  C:5931H         LINE#         297
  -------         ENDPROC       HDLCOK
  -------         PROC          HDLCERR
  C:71D5H         LINE#         590
  C:71E4H         LINE#         592
  C:71E9H         LINE#         593
  C:71EBH         LINE#         594
  C:71EBH         LINE#         595
BL51 BANKED LINKER/LOCATER V6.22                                                      05/18/2016  16:26:50  PAGE 71


  C:71EBH         LINE#         596
  C:71EEH         LINE#         597
  C:71F3H         LINE#         598
  C:71FAH         LINE#         599
  C:71FDH         LINE#         600
  -------         ENDPROC       HDLCERR
  -------         PROC          SCC1HARDINIT
  C:733EH         LINE#         617
  C:733EH         LINE#         618
  C:733EH         LINE#         620
  C:7343H         LINE#         621
  C:7345H         LINE#         622
  C:7347H         LINE#         624
  C:7349H         LINE#         625
  C:734BH         LINE#         626
  C:734DH         LINE#         739
  -------         ENDPROC       SCC1HARDINIT
  -------         PROC          SCC1INIT
  C:6F4CH         LINE#         755
  C:6F4CH         LINE#         756
  C:6F4CH         LINE#         759
  C:6F53H         LINE#         760
  C:6F57H         LINE#         761
  C:6F5DH         LINE#         762
  C:6F61H         LINE#         763
  C:6F67H         LINE#         765
  C:6F6BH         LINE#         768
  C:6F6FH         LINE#         769
  C:6F73H         LINE#         770
  C:6F77H         LINE#         771
  C:6F7BH         LINE#         772
  C:6F7DH         LINE#         774
  C:6F8AH         LINE#         775
  C:6F99H         LINE#         776
  -------         ENDPROC       SCC1INIT
  -------         PROC          SCC1TX
  -------         DO            
  X:7B1AH         SYMBOL        uTemp
  D:0018H         SYMBOL        usTemp
  -------         ENDDO         
  C:5EB7H         LINE#         793
  C:5EB7H         LINE#         794
  C:5EB7H         LINE#         804
  C:5EC2H         LINE#         805
  C:5EC2H         LINE#         806
  C:5EC6H         LINE#         808
  C:5ECBH         LINE#         810
  C:5ECCH         LINE#         811
  C:5ED5H         LINE#         812
  C:5ED5H         LINE#         813
  C:5EDBH         LINE#         816
  C:5EE1H         LINE#         820
  C:5EE5H         LINE#         823
  C:5EEFH         LINE#         824
  C:5EF2H         LINE#         825
  C:5EF5H         LINE#         827
  C:5EFBH         LINE#         828
BL51 BANKED LINKER/LOCATER V6.22                                                      05/18/2016  16:26:50  PAGE 72


  C:5F02H         LINE#         829
  C:5F23H         LINE#         831
  C:5F31H         LINE#         832
  C:5F3FH         LINE#         833
  C:5F45H         LINE#         854
  C:5F46H         LINE#         856
  C:5F46H         LINE#         860
  C:5F4BH         LINE#         864
  C:5F5BH         LINE#         865
  C:5F69H         LINE#         870
  C:5F7FH         LINE#         873
  C:5F8EH         LINE#         874
  C:5F8EH         LINE#         875
  C:5F91H         LINE#         877
  C:5FADH         LINE#         878
  C:5FC1H         LINE#         879
  C:5FC7H         LINE#         896
  C:5FCEH         LINE#         897
  C:5FCEH         LINE#         898
  -------         ENDPROC       SCC1TX
  -------         ENDMOD        HDLC

  -------         MODULE        ?C_STARTUP
  C:6890H         SEGMENT       ?C_C51STARTUP
  I:0024H         SEGMENT       ?STACK
  C:0000H         PUBLIC        ?C_STARTUP
  B:00D0H.6       SYMBOL        AC
  D:00E0H         SYMBOL        ACC
  D:00F0H         SYMBOL        B
  D:008EH         SYMBOL        CKCON
  B:00C8H.0       SYMBOL        CP_RL2
  B:00D0H.7       SYMBOL        CY
  B:00C8H.1       SYMBOL        C_T2
  D:0083H         SYMBOL        DPH
  D:0085H         SYMBOL        DPH1
  D:0082H         SYMBOL        DPL
  D:0084H         SYMBOL        DPL1
  D:0086H         SYMBOL        DPS
  B:00A8H.7       SYMBOL        EA
  D:00E8H         SYMBOL        EIE
  D:00F8H         SYMBOL        EIP
  B:00D8H.5       SYMBOL        EPFI
  B:00A8H.4       SYMBOL        ES0
  B:00A8H.6       SYMBOL        ES1
  B:00A8H.1       SYMBOL        ET0
  B:00A8H.3       SYMBOL        ET1
  B:00A8H.5       SYMBOL        ET2
  B:00E8H.4       SYMBOL        EWDI
  B:00D8H.1       SYMBOL        EWT
  B:00A8H.0       SYMBOL        EX0
  B:00A8H.2       SYMBOL        EX1
  B:00E8H.0       SYMBOL        EX2
  B:00E8H.1       SYMBOL        EX3
  B:00E8H.2       SYMBOL        EX4
  B:00E8H.3       SYMBOL        EX5
  B:00C8H.3       SYMBOL        EXEN2
  B:00C8H.6       SYMBOL        EXF2
BL51 BANKED LINKER/LOCATER V6.22                                                      05/18/2016  16:26:50  PAGE 73


  D:0091H         SYMBOL        EXIF
  B:00D0H.5       SYMBOL        F0
  B:00D0H.1       SYMBOL        FL
  N:0000H         SYMBOL        IBPSTACK
  N:0100H         SYMBOL        IBPSTACKTOP
  N:0100H         SYMBOL        IDATALEN
  C:6893H         SYMBOL        IDATALOOP
  D:00A8H         SYMBOL        IE
  B:0088H.1       SYMBOL        IE0
  B:0088H.3       SYMBOL        IE1
  B:00B0H.2       SYMBOL        INT0
  B:00B0H.3       SYMBOL        INT1
  B:0090H.4       SYMBOL        INT2
  B:0090H.5       SYMBOL        INT3
  B:0090H.6       SYMBOL        INT4
  B:0090H.7       SYMBOL        INT5
  D:00B8H         SYMBOL        IP
  B:0088H.0       SYMBOL        IT0
  B:0088H.2       SYMBOL        IT1
  B:00D0H.2       SYMBOL        OV
  B:00D0H.0       SYMBOL        P
  D:0080H         SYMBOL        P0
  D:0090H         SYMBOL        P1
  D:00A0H         SYMBOL        P2
  D:00B0H         SYMBOL        P3
  N:0000H         SYMBOL        PBPSTACK
  N:0000H         SYMBOL        PBPSTACKTOP
  D:0087H         SYMBOL        PCON
  N:0000H         SYMBOL        PDATALEN
  N:0000H         SYMBOL        PDATASTART
  B:00D8H.4       SYMBOL        PFI
  B:00D8H.6       SYMBOL        POR
  N:0000H         SYMBOL        PPAGE
  N:0000H         SYMBOL        PPAGEENABLE
  B:00B8H.4       SYMBOL        PS0
  B:00B8H.6       SYMBOL        PS1
  D:00D0H         SYMBOL        PSW
  B:00B8H.1       SYMBOL        PT0
  B:00B8H.3       SYMBOL        PT1
  B:00B8H.5       SYMBOL        PT2
  B:00F8H.4       SYMBOL        PWDI
  B:00B8H.0       SYMBOL        PX0
  B:00B8H.2       SYMBOL        PX1
  B:00F8H.0       SYMBOL        PX2
  B:00F8H.1       SYMBOL        PX3
  B:00F8H.2       SYMBOL        PX4
  B:00F8H.3       SYMBOL        PX5
  B:0098H.2       SYMBOL        RB8
  B:00C0H.2       SYMBOL        RB81
  D:00CBH         SYMBOL        RCAP2H
  D:00CAH         SYMBOL        RCAP2L
  B:00C8H.5       SYMBOL        RCLK
  B:00B0H.7       SYMBOL        RD
  B:0098H.4       SYMBOL        REN
  B:00C0H.4       SYMBOL        REN1
  B:0098H.0       SYMBOL        RI
  B:00C0H.0       SYMBOL        RI1
BL51 BANKED LINKER/LOCATER V6.22                                                      05/18/2016  16:26:50  PAGE 74


  B:00D0H.3       SYMBOL        RS0
  B:00D0H.4       SYMBOL        RS1
  B:00D8H.0       SYMBOL        RWT
  B:00B0H.0       SYMBOL        RXD0
  B:0090H.2       SYMBOL        RXD1
  D:00A9H         SYMBOL        SADDR0
  D:00AAH         SYMBOL        SADDR1
  D:00B9H         SYMBOL        SADEN0
  D:00BAH         SYMBOL        SADEN1
  D:0099H         SYMBOL        SBUF0
  D:00C1H         SYMBOL        SBUF1
  D:0098H         SYMBOL        SCON0
  D:00C0H         SYMBOL        SCON1
  B:0098H.7       SYMBOL        SM0
  B:00C0H.7       SYMBOL        SM01
  B:0098H.6       SYMBOL        SM1
  B:00C0H.6       SYMBOL        SM11
  B:0098H.5       SYMBOL        SM2
  B:00C0H.5       SYMBOL        SM21
  B:00D8H.7       SYMBOL        SMOD
  D:0081H         SYMBOL        SP
  C:6890H         SYMBOL        STARTUP1
  D:00C5H         SYMBOL        STATUS
  B:00B0H.4       SYMBOL        T0
  B:00B0H.5       SYMBOL        T1
  B:0090H.0       SYMBOL        T2
  D:00C8H         SYMBOL        T2CON
  B:0090H.1       SYMBOL        T2EX
  D:00C9H         SYMBOL        T2MOD
  D:00C7H         SYMBOL        TA
  B:0098H.3       SYMBOL        TB8
  B:00C0H.3       SYMBOL        TB81
  B:00C8H.4       SYMBOL        TCLK
  D:0088H         SYMBOL        TCON
  B:0088H.5       SYMBOL        TF0
  B:0088H.7       SYMBOL        TF1
  B:00C8H.7       SYMBOL        TF2
  D:008CH         SYMBOL        TH0
  D:008DH         SYMBOL        TH1
  D:00CDH         SYMBOL        TH2
  B:0098H.1       SYMBOL        TI
  B:00C0H.1       SYMBOL        TI1
  D:008AH         SYMBOL        TL0
  D:008BH         SYMBOL        TL1
  D:00CCH         SYMBOL        TL2
  D:0089H         SYMBOL        TMOD
  B:0088H.4       SYMBOL        TR0
  B:0088H.6       SYMBOL        TR1
  B:00C8H.2       SYMBOL        TR2
  B:00B0H.1       SYMBOL        TXD0
  B:0090H.3       SYMBOL        TXD1
  D:00D8H         SYMBOL        WDCON
  B:00D8H.3       SYMBOL        WDIF
  B:00D8H.2       SYMBOL        WDRF
  B:00B0H.6       SYMBOL        WR
  N:0000H         SYMBOL        XBPSTACK
  N:0000H         SYMBOL        XBPSTACKTOP
BL51 BANKED LINKER/LOCATER V6.22                                                      05/18/2016  16:26:50  PAGE 75


  N:0000H         SYMBOL        XDATALEN
  N:0000H         SYMBOL        XDATASTART
  C:0000H         LINE#         82
  C:6890H         LINE#         89
  C:6892H         LINE#         90
  C:6893H         LINE#         91
  C:6894H         LINE#         92
  C:6896H         LINE#         141
  C:6899H         LINE#         143
  C:689BH         LINE#         144
  C:689EH         LINE#         145
  C:68A1H         LINE#         146
  C:68A4H         LINE#         147
  C:68A6H         LINE#         149
  C:68A9H         LINE#         151
  C:68ACH         LINE#         152
  C:68AFH         LINE#         153
  C:68B2H         LINE#         154
  C:68B4H         LINE#         155
  C:68B6H         LINE#         157
  C:68B9H         LINE#         158
  C:68BCH         LINE#         159
  C:68BFH         LINE#         160
  C:68C2H         LINE#         161
  C:68C5H         LINE#         162
  C:68C7H         LINE#         164
  C:68CAH         LINE#         166
  -------         ENDMOD        ?C_STARTUP

  -------         MODULE        ?C?CLDPTR
  C:218EH         PUBLIC        ?C?CLDPTR
  -------         ENDMOD        ?C?CLDPTR

  -------         MODULE        ?C?CLDOPTR
  C:21A7H         PUBLIC        ?C?CLDOPTR
  -------         ENDMOD        ?C?CLDOPTR

  -------         MODULE        ?C?CSTPTR
  C:21D4H         PUBLIC        ?C?CSTPTR
  -------         ENDMOD        ?C?CSTPTR

  -------         MODULE        ?C?CSTOPTR
  C:21E6H         PUBLIC        ?C?CSTOPTR
  -------         ENDMOD        ?C?CSTOPTR

  -------         MODULE        ?C?IMUL
  C:2208H         PUBLIC        ?C?IMUL
  -------         ENDMOD        ?C?IMUL

  -------         MODULE        ?C?UIDIV
  C:221AH         PUBLIC        ?C?UIDIV
  -------         ENDMOD        ?C?UIDIV

  -------         MODULE        ?C?IILDX
  C:226FH         PUBLIC        ?C?IILDX
  -------         ENDMOD        ?C?IILDX

BL51 BANKED LINKER/LOCATER V6.22                                                      05/18/2016  16:26:50  PAGE 76


  -------         MODULE        ?C?ILDIX
  C:2285H         PUBLIC        ?C?ILDIX
  -------         ENDMOD        ?C?ILDIX

  -------         MODULE        ?C?ILDOPTR
  C:229BH         PUBLIC        ?C?ILDOPTR
  -------         ENDMOD        ?C?ILDOPTR

  -------         MODULE        ?C?ISTPTR
  C:22D3H         PUBLIC        ?C?ISTPTR
  -------         ENDMOD        ?C?ISTPTR

  -------         MODULE        ?C?ISTOPTR
  C:22F2H         PUBLIC        ?C?ISTOPTR
  -------         ENDMOD        ?C?ISTOPTR

  -------         MODULE        ?C?ULCMP
  C:231FH         PUBLIC        ?C?ULCMP
  -------         ENDMOD        ?C?ULCMP

  -------         MODULE        ?C?LSHL
  C:2330H         PUBLIC        ?C?LSHL
  -------         ENDMOD        ?C?LSHL

  -------         MODULE        ?C?LLDOPTR
  C:2343H         PUBLIC        ?C?LLDOPTR
  -------         ENDMOD        ?C?LLDOPTR

  -------         MODULE        ?C?LSTXDATA
  C:2373H         PUBLIC        ?C?LSTXDATA
  -------         ENDMOD        ?C?LSTXDATA

  -------         MODULE        ?C?LSTKXDATA
  C:237FH         PUBLIC        ?C?LSTKXDATA
  -------         ENDMOD        ?C?LSTKXDATA

  -------         MODULE        ?C?OFFX256
  C:23B0H         PUBLIC        ?C?OFFX256
  -------         ENDMOD        ?C?OFFX256

  -------         MODULE        ?C?OFFXADD
  C:23C1H         PUBLIC        ?C?OFFXADD
  -------         ENDMOD        ?C?OFFXADD

  -------         MODULE        ?C?CCASE
  C:23CDH         PUBLIC        ?C?CCASE
  -------         ENDMOD        ?C?CCASE

  -------         MODULE        ?C?ICALL
  C:23F3H         PUBLIC        ?C?ICALL
  C:23F7H         PUBLIC        ?C?ICALL2
  -------         ENDMOD        ?C?ICALL

  -------         MODULE        PRINTF
  X:7B53H         PUBLIC        ?_PRINTF517?BYTE
  X:7B53H         PUBLIC        ?_PRINTF?BYTE
  X:7B53H         PUBLIC        ?_SPRINTF517?BYTE
BL51 BANKED LINKER/LOCATER V6.22                                                      05/18/2016  16:26:50  PAGE 77


  X:7B53H         PUBLIC        ?_SPRINTF?BYTE
  C:4B76H         PUBLIC        _PRINTF
  C:4B76H         PUBLIC        _PRINTF517
  C:4B70H         PUBLIC        _SPRINTF
  C:4B70H         PUBLIC        _SPRINTF517
  -------         ENDMOD        PRINTF

  -------         MODULE        TOINT
  C:7234H         PUBLIC        _TOINT
  -------         ENDMOD        TOINT

  -------         MODULE        ISXDIGIT
  C:7282H         PUBLIC        _isxdigit
  -------         ENDMOD        ISXDIGIT

  -------         MODULE        TOUPPER
  C:731DH         PUBLIC        _toupper
  -------         ENDMOD        TOUPPER

  -------         MODULE        STRNCMP
  X:7B47H         PUBLIC        ?_strncmp?BYTE
  C:6BDAH         PUBLIC        _strncmp
  -------         ENDMOD        STRNCMP

  -------         MODULE        STRNCPY
  X:7B2EH         PUBLIC        ?_strncpy?BYTE
  C:6DBDH         PUBLIC        _strncpy
  -------         ENDMOD        STRNCPY

  -------         MODULE        STRLEN
  C:002EH         PUBLIC        _STRLEN
  -------         ENDMOD        STRLEN

  -------         MODULE        ?C?MEMSET
  C:23F9H         PUBLIC        ?C?MEMSET
  -------         ENDMOD        ?C?MEMSET

  -------         MODULE        ?C?MEMCMPAMD
  C:2583H         PUBLIC        ?C?MEMCMPAMD
  -------         ENDMOD        ?C?MEMCMPAMD

  -------         MODULE        ?C?COPYAMD
  C:2663H         PUBLIC        ?C?COPYAMD
  -------         ENDMOD        ?C?COPYAMD

  -------         MODULE        ?C?STRCMPAMD
  C:27DFH         PUBLIC        ?C?STRCMPAMD
  -------         ENDMOD        ?C?STRCMPAMD

  -------         MODULE        ?C?LLDIDATA
  C:27FCH         PUBLIC        ?C?LLDIDATA
  -------         ENDMOD        ?C?LLDIDATA

  -------         MODULE        ?C?LLDXDATA
  C:2808H         PUBLIC        ?C?LLDXDATA
  -------         ENDMOD        ?C?LLDXDATA

BL51 BANKED LINKER/LOCATER V6.22                                                      05/18/2016  16:26:50  PAGE 78


  -------         MODULE        ?C?LLDPDATA
  C:2814H         PUBLIC        ?C?LLDPDATA
  -------         ENDMOD        ?C?LLDPDATA

  -------         MODULE        ?C?LLDCODE
  C:2820H         PUBLIC        ?C?LLDCODE
  -------         ENDMOD        ?C?LLDCODE

  -------         MODULE        ?C?PLDIXDATA
  C:2830H         PUBLIC        ?C?PLDIXDATA
  -------         ENDMOD        ?C?PLDIXDATA

  -------         MODULE        ?C?PSTXDATA
  C:2847H         PUBLIC        ?C?PSTXDATA
  -------         ENDMOD        ?C?PSTXDATA

  -------         MODULE        PUTCHAR
  C:725BH         PUBLIC        _PUTCHAR
  -------         ENDMOD        PUTCHAR

Program Size: data=37.0 xdata=31684 code=29503
LINK/LOCATE RUN COMPLETE.  0 WARNING(S),  0 ERROR(S)
