BL51 BANKED LINKER/LOCATER V6.22                                                        04/21/2016  08:33:45  PAGE 1


BL51 BANKED LINKER/LOCATER V6.22, INVOKED BY:
D:\KEIL_V5\C51\BIN\BL51.EXE GF2488-01F1-E1-RST.obj, .\NewLib9.LIB TO citrans550f RAMSIZE (256)


MEMORY MODEL: LARGE


INPUT MODULES INCLUDED:
  GF2488-01F1-E1-RST.obj (GF2488_01F1_E1_RST)
  .\NewLib9.LIB (TIMER)
  .\NewLib9.LIB (COMM)
  .\NewLib9.LIB (DEBUG)
  .\NewLib9.LIB (HDLC)
  .\NewLib9.LIB (?C_STARTUP)
  D:\KEIL_V5\C51\LIB\C51L.LIB (?C_INIT)
  D:\KEIL_V5\C51\LIB\C51L.LIB (?C?CLDPTR)
  D:\KEIL_V5\C51\LIB\C51L.LIB (?C?CLDOPTR)
  D:\KEIL_V5\C51\LIB\C51L.LIB (?C?CSTPTR)
  D:\KEIL_V5\C51\LIB\C51L.LIB (?C?CSTOPTR)
  D:\KEIL_V5\C51\LIB\C51L.LIB (?C?IMUL)
  D:\KEIL_V5\C51\LIB\C51L.LIB (?C?UIDIV)
  D:\KEIL_V5\C51\LIB\C51L.LIB (?C?SIDIV)
  D:\KEIL_V5\C51\LIB\C51L.LIB (?C?IILDX)
  D:\KEIL_V5\C51\LIB\C51L.LIB (?C?ILDIX)
  D:\KEIL_V5\C51\LIB\C51L.LIB (?C?ILDOPTR)
  D:\KEIL_V5\C51\LIB\C51L.LIB (?C?ISTPTR)
  D:\KEIL_V5\C51\LIB\C51L.LIB (?C?ISTOPTR)
  D:\KEIL_V5\C51\LIB\C51L.LIB (?C?ULCMP)
  D:\KEIL_V5\C51\LIB\C51L.LIB (?C?LSHL)
  D:\KEIL_V5\C51\LIB\C51L.LIB (?C?LLDOPTR)
  D:\KEIL_V5\C51\LIB\C51L.LIB (?C?LSTXDATA)
  D:\KEIL_V5\C51\LIB\C51L.LIB (?C?LSTKXDATA)
  D:\KEIL_V5\C51\LIB\C51L.LIB (?C?OFFX256)
  D:\KEIL_V5\C51\LIB\C51L.LIB (?C?OFFXADD)
  D:\KEIL_V5\C51\LIB\C51L.LIB (?C?CCASE)
  D:\KEIL_V5\C51\LIB\C51L.LIB (?C?ICALL)
  D:\KEIL_V5\C51\LIB\C51L.LIB (PRINTF)
  D:\KEIL_V5\C51\LIB\C51L.LIB (TOINT)
  D:\KEIL_V5\C51\LIB\C51L.LIB (ISXDIGIT)
  D:\KEIL_V5\C51\LIB\C51L.LIB (TOUPPER)
  D:\KEIL_V5\C51\LIB\C51L.LIB (STRNCMP)
  D:\KEIL_V5\C51\LIB\C51L.LIB (STRNCPY)
  D:\KEIL_V5\C51\LIB\C51L.LIB (STRLEN)
  D:\KEIL_V5\C51\LIB\C51L.LIB (?C?MEMSET)
  D:\KEIL_V5\C51\LIB\C51L.LIB (?C?MEMCMPAMD)
  D:\KEIL_V5\C51\LIB\C51L.LIB (?C?COPYAMD)
  D:\KEIL_V5\C51\LIB\C51L.LIB (?C?STRCMPAMD)
  D:\KEIL_V5\C51\LIB\C51L.LIB (?C?LLDIDATA)
  D:\KEIL_V5\C51\LIB\C51L.LIB (?C?LLDXDATA)
  D:\KEIL_V5\C51\LIB\C51L.LIB (?C?LLDPDATA)
  D:\KEIL_V5\C51\LIB\C51L.LIB (?C?LLDCODE)
  D:\KEIL_V5\C51\LIB\C51L.LIB (?C?PLDIXDATA)
  D:\KEIL_V5\C51\LIB\C51L.LIB (?C?PSTXDATA)
  D:\KEIL_V5\C51\LIB\C51L.LIB (PUTCHAR)


LINK MAP OF MODULE:  citrans550f (GF2488_01F1_E1_RST)

BL51 BANKED LINKER/LOCATER V6.22                                                      04/21/2016  08:33:45  PAGE 2



            TYPE    BASE      LENGTH    RELOCATION   SEGMENT NAME
            -----------------------------------------------------

            * * * * * * *   D A T A   M E M O R Y   * * * * * * *
            REG     0000H     0008H     ABSOLUTE     "REG BANK 0"
            REG     0008H     0008H     ABSOLUTE     "REG BANK 1"
            REG     0010H     0008H     ABSOLUTE     "REG BANK 2"
            DATA    0018H     0007H     UNIT         _DATA_GROUP_
            DATA    001FH     0001H     UNIT         ?DT?DEBUG
            DATA    0020H     0001H     BIT_ADDR     ?BA?GF2488_01F1_E1_RST
            DATA    0021H     0001H     BIT_ADDR     ?BA?COMM
            BIT     0022H.0   0001H.1   UNIT         _BIT_GROUP_
            BIT     0023H.1   0000H.6   UNIT         ?BI?COMM
            BIT     0023H.7   0000H.1   UNIT         ?BI?DEBUG
            IDATA   0024H     0001H     UNIT         ?STACK

            * * * * * * *  X D A T A   M E M O R Y  * * * * * * *
            XDATA   0000H     2000H     ABSOLUTE     
            XDATA   2000H     56DEH     UNIT         ?XD?GF2488_01F1_E1_RST
            XDATA   76DEH     0437H     UNIT         ?XD?COMM
            XDATA   7B15H     005EH     UNIT         _XDATA_GROUP_
            XDATA   7B73H     002AH     UNIT         ?XD?DEBUG
            XDATA   7B9DH     0010H     UNIT         ?XD?TIMER
            XDATA   7BADH     000FH     UNIT         ?XD?HDLC

            * * * * * * *   C O D E   M E M O R Y   * * * * * * *
            CODE    0000H     0003H     ABSOLUTE     
            CODE    0003H     0003H     ABSOLUTE     
            CODE    0006H     0007H     UNIT         ?PR?TIMER
            CODE    000DH     0004H     UNIT         ?C_INITSEG
            CODE    0011H     0001H     UNIT         ?PR?USERFUNC?GF2488_01F1_E1_RST
                    0012H     0001H                  *** GAP ***
            CODE    0013H     0003H     ABSOLUTE     
                    0016H     000DH                  *** GAP ***
            CODE    0023H     0003H     ABSOLUTE     
                    0026H     0005H                  *** GAP ***
            CODE    002BH     0003H     ABSOLUTE     
            CODE    002EH     0E79H     UNIT         ?PR?GETDATA?GF2488_01F1_E1_RST
            CODE    0EA7H     0940H     UNIT         ?PR?PROCCMD?COMM
            CODE    17E7H     092AH     UNIT         ?PR?DEBUG?DEBUG
            CODE    2111H     06F8H     UNIT         ?C?LIB_CODE
            CODE    2809H     0655H     UNIT         ?PR?_CALUAS?GF2488_01F1_E1_RST
            CODE    2E5EH     0590H     UNIT         ?PR?COMM
            CODE    33EEH     0580H     UNIT         ?PR?CONFSET?GF2488_01F1_E1_RST
            CODE    396EH     050FH     UNIT         ?PR?INITIOSW1021?GF2488_01F1_E1_RST
            CODE    3E7DH     0460H     UNIT         ?PR?_DOWNSOFT?COMM
            CODE    42DDH     03CCH     UNIT         ?PR?SELFCONF?GF2488_01F1_E1_RST
            CODE    46A9H     0365H     UNIT         ?PR?PRINTF?PRINTF
            CODE    4A0EH     02DCH     UNIT         ?PR?USERHDLC?GF2488_01F1_E1_RST
            CODE    4CEAH     024BH     UNIT         ?CO?COMM
            CODE    4F35H     0243H     UNIT         ?PR?PROCALMDATA?COMM
            CODE    5178H     022FH     UNIT         ?CO?DEBUG
            CODE    53A7H     0214H     UNIT         ?PR?SOFTUPDATE?COMM
            CODE    55BBH     0211H     UNIT         ?PR?HDLCOK?HDLC
            CODE    57CCH     01DFH     UNIT         ?PR?PROCHISDATA?COMM
            CODE    59ABH     01CDH     UNIT         ?PR?_VERSHOW?COMM
BL51 BANKED LINKER/LOCATER V6.22                                                      04/21/2016  08:33:45  PAGE 3


            CODE    5B78H     01B9H     UNIT         ?PR?UASQUARTER?GF2488_01F1_E1_RST
            CODE    5D31H     0118H     UNIT         ?PR?SCC1TX?HDLC
            CODE    5E49H     00FDH     UNIT         ?PR?CHECKSW1021INIT?GF2488_01F1_E1_RST
            CODE    5F46H     00F9H     UNIT         ?PR?TIMERINTEP?TIMER
            CODE    603FH     00F8H     UNIT         ?PR?DEBUG
            CODE    6137H     00E2H     UNIT         ?PR?UASCLEAR?GF2488_01F1_E1_RST
            CODE    6219H     00D0H     UNIT         ?CO?GF2488_01F1_E1_RST
            CODE    62E9H     00CEH     UNIT         ?PR?MAIN?GF2488_01F1_E1_RST
            CODE    63B7H     00C5H     UNIT         ?PR?SCC2INTEP?DEBUG
            CODE    647CH     00BEH     UNIT         ?PR?_WRITEEXPECTJ2?GF2488_01F1_E1_RST
            CODE    653AH     00BDH     UNIT         ?C_C51STARTUP
            CODE    65F7H     00AFH     UNIT         ?PR?_WRITETXJ2?GF2488_01F1_E1_RST
            CODE    66A6H     00AFH     UNIT         ?PR?_READBCTHEAD?COMM
            CODE    6755H     00A7H     UNIT         ?PR?HDLC
            CODE    67FCH     0088H     UNIT         ?PR?COPYFLASH?COMM
            CODE    6884H     0087H     UNIT         ?PR?_STRNCMP?STRNCMP
            CODE    690BH     0083H     UNIT         ?PR?_READFPGAHEAD?COMM
            CODE    698EH     006EH     UNIT         ?PR?_PROGBAKFLASH?COMM
            CODE    69FCH     006BH     UNIT         ?PR?RAMTEST?COMM
            CODE    6A67H     0068H     UNIT         ?PR?_STRNCPY?STRNCPY
            CODE    6ACFH     0066H     UNIT         ?PR?COMMVARINIT?COMM
            CODE    6B35H     0065H     UNIT         ?PR?_PROGRAM_ONE_BYTE?COMM
            CODE    6B9AH     005CH     UNIT         ?PR?_PROGRAMAPROM?COMM
            CODE    6BF6H     005CH     UNIT         ?PR?SCC1INIT?HDLC
            CODE    6C52H     005BH     UNIT         ?PR?_CHECK_SST_39VF?COMM
            CODE    6CADH     0056H     UNIT         ?PR?_MEMCRC?COMM
            CODE    6D03H     0050H     UNIT         ?PR?_CRCCCITT?COMM
            CODE    6D53H     0044H     UNIT         ?PR?SCC2INIT?DEBUG
            CODE    6D97H     003DH     UNIT         ?PR?JUMPTOAUX?COMM
            CODE    6DD4H     003AH     UNIT         ?PR?ISPINIT?COMM
            CODE    6E0EH     0039H     UNIT         ?PR?TIMERINIT?TIMER
            CODE    6E47H     0038H     UNIT         ?PR?_ERASEFLASH?COMM
            CODE    6E7FH     0035H     UNIT         ?PR?HDLCERR?HDLC
            CODE    6EB4H     002AH     UNIT         ?PR?BOOTINIT?COMM
            CODE    6EDEH     0027H     UNIT         ?PR?TOINT?TOINT
            CODE    6F05H     0027H     UNIT         ?PR?PUTCHAR?PUTCHAR
            CODE    6F2CH     0026H     UNIT         ?PR?_ISXDIGIT?ISXDIGIT
            CODE    6F52H     0024H     UNIT         ?PR?_DELAY?TIMER
            CODE    6F76H     0020H     UNIT         ?PR?_ERASEAPROM?COMM
            CODE    6F96H     0017H     UNIT         ?PR?RESET?COMM
            CODE    6FADH     0015H     UNIT         ?PR?_STRLEN?STRLEN
            CODE    6FC2H     0011H     UNIT         ?PR?_TOUPPER?TOUPPER
            CODE    6FD3H     0010H     UNIT         ?PR?TXDATA?DEBUG
            CODE    6FE3H     0010H     UNIT         ?PR?SCC1HARDINIT?HDLC



OVERLAY MAP OF MODULE:   citrans550f (GF2488_01F1_E1_RST)


SEGMENT                                           BIT_GROUP          DATA_GROUP          XDATA_GROUP
  +--> CALLED SEGMENT                          START    LENGTH     START    LENGTH     START    LENGTH
------------------------------------------------------------------------------------------------------
?PR?TIMERINTEP?TIMER                           -----    -----      -----    -----      -----    -----
  +--> ?PR?TIMER
  +--> ?PR?SCC1HARDINIT?HDLC
  +--> ?PR?USERFUNC?GF2488_01F1_E1_RST
BL51 BANKED LINKER/LOCATER V6.22                                                      04/21/2016  08:33:45  PAGE 4



*** NEW ROOT ***************************************************

?PR?SCC2INTEP?DEBUG                            -----    -----      -----    -----      -----    -----
  +--> ?PR?_TOUPPER?TOUPPER
  +--> ?PR?DEBUG

?PR?DEBUG                                      -----    -----      -----    -----      -----    -----
  +--> ?CO?DEBUG

*** NEW ROOT ***************************************************

?PR?HDLCOK?HDLC                                -----    -----      -----    -----      -----    -----
  +--> ?PR?HDLC
  +--> ?PR?PROCCMD?COMM
  +--> ?PR?SCC1TX?HDLC

?PR?PROCCMD?COMM                               -----    -----      -----    -----      7B15H    000CH
  +--> ?PR?COMM
  +--> ?CO?COMM
  +--> ?PR?_STRLEN?STRLEN
  +--> ?CO?GF2488_01F1_E1_RST
  +--> ?PR?_READBCTHEAD?COMM
  +--> ?PR?_READFPGAHEAD?COMM
  +--> ?PR?_DOWNSOFT?COMM
  +--> ?PR?USERHDLC?GF2488_01F1_E1_RST
  +--> ?PR?_VERSHOW?COMM

?PR?COMM                                       -----    -----      -----    -----      -----    -----
  +--> ?CO?GF2488_01F1_E1_RST
  +--> ?CO?COMM

?PR?_READBCTHEAD?COMM                          -----    -----      -----    -----      7B26H    0003H
  +--> ?PR?COMM
  +--> ?CO?GF2488_01F1_E1_RST
  +--> ?PR?_STRNCPY?STRNCPY

?PR?_STRNCPY?STRNCPY                           -----    -----      -----    -----      7B29H    000AH

?PR?_READFPGAHEAD?COMM                         -----    -----      -----    -----      7B26H    0006H
  +--> ?PR?COMM

?PR?_DOWNSOFT?COMM                             -----    -----      -----    -----      7B21H    0005H
  +--> ?PR?COMM
  +--> ?PR?_READBCTHEAD?COMM
  +--> ?PR?_READFPGAHEAD?COMM
  +--> ?PR?_CRCCCITT?COMM

?PR?_CRCCCITT?COMM                             -----    -----      -----    -----      7B26H    0007H
  +--> ?PR?COMM

?PR?USERHDLC?GF2488_01F1_E1_RST                -----    -----      -----    -----      7B21H    0006H

?PR?_VERSHOW?COMM                              -----    -----      -----    -----      7B21H    0008H
  +--> ?PR?COMM
  +--> ?CO?COMM
  +--> ?PR?_STRLEN?STRLEN
BL51 BANKED LINKER/LOCATER V6.22                                                      04/21/2016  08:33:45  PAGE 5



?PR?SCC1TX?HDLC                                -----    -----      0018H    0002H      7B15H    0002H
  +--> ?PR?HDLC

*** NEW ROOT ***************************************************

?PR?HDLCERR?HDLC                               -----    -----      -----    -----      -----    -----
  +--> ?PR?HDLC

*** NEW ROOT ***************************************************

?C_C51STARTUP                                  -----    -----      -----    -----      -----    -----
  +--> ?PR?BOOTINIT?COMM
  +--> ?PR?MAIN?GF2488_01F1_E1_RST
  +--> ?C_INITSEG

?PR?BOOTINIT?COMM                              -----    -----      -----    -----      -----    -----
  +--> ?PR?COMM
  +--> ?PR?RAMTEST?COMM
  +--> ?PR?COMMVARINIT?COMM
  +--> ?PR?ISPINIT?COMM
  +--> ?PR?SCC2INIT?DEBUG
  +--> ?PR?SCC1INIT?HDLC
  +--> ?PR?TIMERINIT?TIMER

?PR?RAMTEST?COMM                               -----    -----      001AH    0002H      -----    -----
  +--> ?PR?COMM
  +--> ?PR?RESET?COMM

?PR?COMMVARINIT?COMM                           -----    -----      -----    -----      -----    -----
  +--> ?PR?COMM

?PR?SCC2INIT?DEBUG                             -----    -----      -----    -----      -----    -----
  +--> ?PR?DEBUG

?PR?MAIN?GF2488_01F1_E1_RST                    -----    -----      -----    -----      7B33H    0002H
  +--> ?PR?SELFCONF?GF2488_01F1_E1_RST
  +--> ?PR?CHECKSW1021INIT?GF2488_01F1_E1_RST
  +--> ?PR?INITIOSW1021?GF2488_01F1_E1_RST
  +--> ?PR?CONFSET?GF2488_01F1_E1_RST
  +--> ?PR?GETDATA?GF2488_01F1_E1_RST
  +--> ?PR?PROCALMDATA?COMM
  +--> ?PR?UASQUARTER?GF2488_01F1_E1_RST
  +--> ?PR?PROCHISDATA?COMM
  +--> ?PR?DEBUG?DEBUG

?PR?SELFCONF?GF2488_01F1_E1_RST                -----    -----      -----    -----      7B35H    0016H
  +--> ?CO?GF2488_01F1_E1_RST
  +--> ?PR?PRINTF?PRINTF

?PR?PRINTF?PRINTF                              0022H.0  0001H.1    001AH    0005H      7B4BH    0028H
  +--> ?PR?PUTCHAR?PUTCHAR

?PR?CHECKSW1021INIT?GF2488_01F1_E1_RST         -----    -----      -----    -----      7B35H    0004H

?PR?INITIOSW1021?GF2488_01F1_E1_RST            -----    -----      -----    -----      7B35H    0006H
  +--> ?PR?_DELAY?TIMER
BL51 BANKED LINKER/LOCATER V6.22                                                      04/21/2016  08:33:45  PAGE 6


  +--> ?CO?GF2488_01F1_E1_RST
  +--> ?PR?_WRITETXJ2?GF2488_01F1_E1_RST
  +--> ?PR?_WRITEEXPECTJ2?GF2488_01F1_E1_RST

?PR?_DELAY?TIMER                               -----    -----      -----    -----      -----    -----
  +--> ?PR?TIMER

?PR?_WRITETXJ2?GF2488_01F1_E1_RST              -----    -----      -----    -----      7B3FH    0009H

?PR?_WRITEEXPECTJ2?GF2488_01F1_E1_RST          -----    -----      -----    -----      7B3FH    0009H

?PR?CONFSET?GF2488_01F1_E1_RST                 -----    -----      -----    -----      7B39H    0006H
  +--> ?CO?GF2488_01F1_E1_RST
  +--> ?PR?_DELAY?TIMER
  +--> ?PR?_WRITETXJ2?GF2488_01F1_E1_RST
  +--> ?PR?_WRITEEXPECTJ2?GF2488_01F1_E1_RST

?PR?GETDATA?GF2488_01F1_E1_RST                 -----    -----      -----    -----      7B35H    0014H
  +--> ?PR?_DELAY?TIMER
  +--> ?PR?UASCLEAR?GF2488_01F1_E1_RST
  +--> ?PR?_CALUAS?GF2488_01F1_E1_RST

?PR?_CALUAS?GF2488_01F1_E1_RST                 -----    -----      -----    -----      7B49H    0004H

?PR?PROCALMDATA?COMM                           -----    -----      -----    -----      7B35H    0004H
  +--> ?PR?RESET?COMM
  +--> ?CO?GF2488_01F1_E1_RST
  +--> ?PR?_MEMCRC?COMM
  +--> ?PR?COMM
  +--> ?PR?CONFSET?GF2488_01F1_E1_RST
  +--> ?PR?SOFTUPDATE?COMM

?PR?_MEMCRC?COMM                               -----    -----      -----    -----      7B39H    0007H
  +--> ?PR?COMM

?PR?SOFTUPDATE?COMM                            -----    -----      -----    -----      7B39H    000AH
  +--> ?PR?_ERASEFLASH?COMM
  +--> ?PR?COMM
  +--> ?PR?COPYFLASH?COMM
  +--> ?PR?RESET?COMM
  +--> ?PR?_CHECK_SST_39VF?COMM
  +--> ?PR?_PROGBAKFLASH?COMM
  +--> ?PR?_ERASEAPROM?COMM
  +--> ?PR?_PROGRAMAPROM?COMM
  +--> ?PR?JUMPTOAUX?COMM

?PR?_ERASEFLASH?COMM                           -----    -----      -----    -----      -----    -----
  +--> ?PR?COMM
  +--> ?PR?_DELAY?TIMER

?PR?COPYFLASH?COMM                             -----    -----      -----    -----      7B43H    0009H
  +--> ?PR?COMM
  +--> ?PR?_PROGRAM_ONE_BYTE?COMM

?PR?_PROGRAM_ONE_BYTE?COMM                     -----    -----      -----    -----      7B4EH    0006H
  +--> ?PR?COMM

BL51 BANKED LINKER/LOCATER V6.22                                                      04/21/2016  08:33:45  PAGE 7


?PR?_CHECK_SST_39VF?COMM                       -----    -----      -----    -----      -----    -----
  +--> ?PR?COMM

?PR?_PROGBAKFLASH?COMM                         -----    -----      -----    -----      7B43H    000BH
  +--> ?PR?COMM
  +--> ?PR?_PROGRAM_ONE_BYTE?COMM

?PR?_PROGRAMAPROM?COMM                         -----    -----      -----    -----      7B43H    0007H

?PR?PROCHISDATA?COMM                           -----    -----      -----    -----      -----    -----
  +--> ?PR?COMM
  +--> ?CO?GF2488_01F1_E1_RST
  +--> ?PR?RESET?COMM
  +--> ?PR?_MEMCRC?COMM

?PR?DEBUG?DEBUG                                -----    -----      -----    -----      7B35H    000AH
  +--> ?PR?DEBUG
  +--> ?CO?DEBUG
  +--> ?PR?_DELAY?TIMER
  +--> ?PR?JUMPTOAUX?COMM
  +--> ?PR?PRINTF?PRINTF
  +--> ?PR?TOINT?TOINT
  +--> ?PR?_ISXDIGIT?ISXDIGIT
  +--> ?CO?GF2488_01F1_E1_RST
  +--> ?CO?COMM
  +--> ?PR?_STRNCMP?STRNCMP
  +--> ?PR?RESET?COMM
  +--> ?PR?_CHECK_SST_39VF?COMM
  +--> ?PR?TXDATA?DEBUG

?PR?_STRNCMP?STRNCMP                           -----    -----      -----    -----      7B3FH    0008H

?PR?TXDATA?DEBUG                               -----    -----      -----    -----      -----    -----
  +--> ?PR?DEBUG



SYMBOL TABLE OF MODULE:  citrans550f (GF2488_01F1_E1_RST)

  VALUE           TYPE          NAME
  ----------------------------------

  -------         MODULE        GF2488_01F1_E1_RST
  C:0000H         SYMBOL        _ICE_DUMMY_
  C:622CH         PUBLIC        g_usAlmNum
  B:0020H.7       PUBLIC        IO15
  C:396EH         PUBLIC        InitioSw1021
  D:0090H         PUBLIC        P1
  D:00B0H         PUBLIC        P3
  C:5E49H         SYMBOL        checkSW1021Init
  C:622BH         PUBLIC        g_ucBoardCode
  X:2000H         PUBLIC        g_ucNoUseFlag
  D:00A8H         PUBLIC        IE
  X:203FH         PUBLIC        N1000
  X:20BDH         PUBLIC        ulSesLimit
  X:20BFH         PUBLIC        g_usiNoEs
  X:213DH         PUBLIC        g_usiNoUseBbe
BL51 BANKED LINKER/LOCATER V6.22                                                      04/21/2016  08:33:45  PAGE 8


  C:5B78H         PUBLIC        UasQuarter
  C:622AH         PUBLIC        g_ucAlmTypeNum
  C:42DDH         PUBLIC        SelfConf
  C:6137H         PUBLIC        UasClear
  C:647CH         SYMBOL        _writeExpectJ2
  D:00B8H         PUBLIC        IP
  C:002EH         PUBLIC        GetData
  X:21BBH         PUBLIC        ulEsLimit
  C:4A0EH         PUBLIC        UserHdlc
  C:6294H         PUBLIC        SoftDate
  X:21BDH         PUBLIC        g_ucNoUseTime
  C:622EH         PUBLIC        g_usPmNum
  X:21FCH         PUBLIC        g_usiBbe
  X:227AH         PUBLIC        g_ucState
  X:23CCH         PUBLIC        g_ucConfData
  C:62E9H         PUBLIC        main
  C:6276H         PUBLIC        PcbTime
  X:2DCCH         PUBLIC        g_ucLineCode
  X:2E0CH         PUBLIC        g_usiCses
  C:6243H         PUBLIC        BoardSn
  C:0011H         PUBLIC        UserFunc
  C:62A0H         PUBLIC        SoftTime
  X:2E8AH         PUBLIC        first_conf
  D:0088H         PUBLIC        TCON
  C:33EEH         PUBLIC        ConfSet
  C:6229H         PUBLIC        g_ucPmTypeNum
  X:2E8BH         PUBLIC        sw1021Chip
  C:6281H         PUBLIC        BoardSoftVer
  X:2E8DH         PUBLIC        g_ucAlmCode
  X:2E9CH         PUBLIC        g_ucLineMask
  C:2809H         PUBLIC        _CalUas
  X:2EDCH         PUBLIC        ulSesLmt
  X:2FD8H         PUBLIC        g_bClearUas
  X:2FD9H         PUBLIC        g_ucLofFlag
  X:3018H         PUBLIC        g_stuAlm
  D:0020H         PUBLIC        hio
  C:62A9H         PUBLIC        slot
  C:6231H         PUBLIC        SysName
  X:6576H         PUBLIC        g_usiOfs
  X:65F4H         PUBLIC        g_usiUas
  X:6672H         PUBLIC        actnumber
  X:6673H         PUBLIC        g_usiSes
  X:66F1H         PUBLIC        almnumber
  B:0090H.2       PUBLIC        IO2
  X:66F2H         PUBLIC        g_ucAlmMask
  C:6253H         PUBLIC        SoftVer
  B:0090H.5       PUBLIC        IO5
  B:0090H.6       PUBLIC        IO6
  B:0090H.7       PUBLIC        IO7
  X:6701H         PUBLIC        g_liError1s
  B:0020H.0       PUBLIC        IO8
  B:0020H.1       PUBLIC        IO9
  X:67FDH         PUBLIC        BIP_2_1S
  X:687BH         PUBLIC        g_usiEs
  D:00E8H         PUBLIC        EIE
  C:6227H         PUBLIC        g_usStateLen
  C:6266H         PUBLIC        PcbSn
BL51 BANKED LINKER/LOCATER V6.22                                                      04/21/2016  08:33:45  PAGE 9


  C:6225H         PUBLIC        g_usConfLen
  X:68F9H         PUBLIC        BIP
  X:6977H         PUBLIC        g_ucPmCode
  C:6230H         PUBLIC        g_ucLineNum
  D:00F8H         PUBLIC        EIP
  X:697EH         PUBLIC        g_ucUseTime
  X:69BDH         PUBLIC        g_ucAlmType
  X:69CCH         PUBLIC        BIP_2_1000S
  X:6A4AH         PUBLIC        g_stuPm
  D:0098H         PUBLIC        SCON0
  D:00C0H         PUBLIC        SCON1
  D:00C8H         PUBLIC        T2CON
  X:74A0H         PUBLIC        g_ucEsTime
  X:74DFH         PUBLIC        g_ucDefectFlag
  X:751EH         PUBLIC        g_ucPmMask
  C:623CH         PUBLIC        BoardName
  C:65F7H         SYMBOL        _writeTxJ2
  X:7525H         PUBLIC        g_ucLinePmMask
  B:0020H.2       PUBLIC        IO10
  B:0020H.3       PUBLIC        IO11
  D:00D0H         PUBLIC        PSW
  B:0020H.4       PUBLIC        IO12
  B:0020H.5       PUBLIC        IO13
  D:00D8H         PUBLIC        WDCON
  B:0020H.6       PUBLIC        IO14
  -------         PROC          _CALUAS
  X:7B49H         SYMBOL        ulSesLmt
  -------         DO            
  X:7B4CH         SYMBOL        i
  -------         ENDDO         
  C:2809H         LINE#         65
  C:2814H         LINE#         66
  C:2814H         LINE#         70
  C:2824H         LINE#         71
  C:2824H         LINE#         72
  C:2834H         LINE#         73
  C:2834H         LINE#         74
  C:288CH         LINE#         75
  C:288CH         LINE#         77
  C:28C8H         LINE#         78
  C:28D4H         LINE#         79
  C:28E0H         LINE#         80
  C:28F0H         LINE#         81
  C:2900H         LINE#         82
  C:2903H         LINE#         84
  C:2903H         LINE#         85
  C:292DH         LINE#         86
  C:292DH         LINE#         87
  C:293EH         LINE#         89
  C:295AH         LINE#         91
  C:295AH         LINE#         92
  C:2983H         LINE#         93
  C:29C4H         LINE#         94
  C:29C4H         LINE#         95
  C:29C6H         LINE#         96
  C:29D6H         LINE#         97
  C:2A04H         LINE#         98
BL51 BANKED LINKER/LOCATER V6.22                                                      04/21/2016  08:33:45  PAGE 10


  C:2A04H         LINE#         99
  C:2A14H         LINE#         101
  C:2A36H         LINE#         103
  C:2A54H         LINE#         105
  C:2A77H         LINE#         106
  C:2AB2H         LINE#         107
  C:2AC6H         LINE#         108
  C:2AD2H         LINE#         109
  C:2ADAH         LINE#         110
  C:2ADAH         LINE#         111
  C:2ADAH         LINE#         112
  C:2ADDH         LINE#         114
  C:2ADDH         LINE#         116
  C:2B39H         LINE#         117
  C:2B39H         LINE#         118
  C:2B4FH         LINE#         119
  C:2B4FH         LINE#         120
  C:2B60H         LINE#         122
  C:2B7EH         LINE#         123
  C:2B8AH         LINE#         124
  C:2B8AH         LINE#         126
  C:2BBCH         LINE#         127
  C:2BBFH         LINE#         129
  C:2BBFH         LINE#         130
  C:2BE9H         LINE#         131
  C:2BE9H         LINE#         132
  C:2C00H         LINE#         133
  C:2C17H         LINE#         135
  C:2C17H         LINE#         136
  C:2C40H         LINE#         137
  C:2C81H         LINE#         138
  C:2C81H         LINE#         139
  C:2C83H         LINE#         140
  C:2C99H         LINE#         142
  C:2CBBH         LINE#         143
  C:2CDDH         LINE#         144
  C:2D06H         LINE#         145
  C:2D15H         LINE#         147
  C:2D15H         LINE#         149
  C:2D15H         LINE#         151
  C:2D25H         LINE#         152
  C:2D3AH         LINE#         154
  C:2D69H         LINE#         155
  C:2D98H         LINE#         156
  C:2DC7H         LINE#         157
  C:2DF6H         LINE#         158
  C:2E25H         LINE#         159
  C:2E54H         LINE#         161
  C:2E5DH         LINE#         163
  -------         ENDPROC       _CALUAS
  -------         PROC          UASCLEAR
  -------         DO            
  D:0007H         SYMBOL        i
  -------         ENDDO         
  C:6137H         LINE#         165
  C:6137H         LINE#         166
  C:6137H         LINE#         169
BL51 BANKED LINKER/LOCATER V6.22                                                      04/21/2016  08:33:45  PAGE 11


  C:6140H         LINE#         170
  C:6140H         LINE#         171
  C:6142H         LINE#         172
  C:6142H         LINE#         173
  C:614EH         LINE#         174
  C:615AH         LINE#         175
  C:6166H         LINE#         176
  C:6172H         LINE#         177
  C:617EH         LINE#         178
  C:618AH         LINE#         179
  C:619AH         LINE#         180
  C:61AAH         LINE#         181
  C:61BAH         LINE#         182
  C:61CAH         LINE#         183
  C:61DAH         LINE#         184
  C:61EAH         LINE#         185
  C:61FAH         LINE#         186
  C:620AH         LINE#         188
  C:6213H         LINE#         189
  C:6218H         LINE#         190
  C:6218H         LINE#         191
  -------         ENDPROC       UASCLEAR
  -------         PROC          UASQUARTER
  -------         DO            
  D:0007H         SYMBOL        i
  -------         ENDDO         
  C:5B78H         LINE#         208
  C:5B78H         LINE#         209
  C:5B78H         LINE#         211
  C:5B7AH         LINE#         212
  C:5B7AH         LINE#         213
  C:5B87H         LINE#         214
  C:5B87H         LINE#         215
  C:5B93H         LINE#         217
  C:5BBCH         LINE#         218
  C:5BBEH         LINE#         220
  C:5BBEH         LINE#         221
  C:5BDCH         LINE#         222
  C:5BFAH         LINE#         223
  C:5C1FH         LINE#         225
  C:5C1FH         LINE#         227
  C:5C4AH         LINE#         228
  C:5C75H         LINE#         229
  C:5CA0H         LINE#         230
  C:5CCBH         LINE#         231
  C:5CF6H         LINE#         232
  C:5D21H         LINE#         234
  C:5D2AH         LINE#         235
  C:5D30H         LINE#         236
  -------         ENDPROC       UASQUARTER
  -------         PROC          _WRITETXJ2
  D:0001H         SYMBOL        chip
  X:7B40H         SYMBOL        witchJ2
  D:0003H         SYMBOL        Slot
  X:7B42H         SYMBOL        j2
  X:7B43H         SYMBOL        busB
  -------         DO            
BL51 BANKED LINKER/LOCATER V6.22                                                      04/21/2016  08:33:45  PAGE 12


  X:7B44H         SYMBOL        copOk
  D:0004H         SYMBOL        busBase
  X:7B46H         SYMBOL        i
  -------         ENDDO         
  C:65F7H         LINE#         127
  C:65FEH         LINE#         128
  C:65FEH         LINE#         129
  C:6605H         LINE#         130
  C:6608H         LINE#         131
  C:660EH         LINE#         132
  C:6614H         LINE#         133
  C:6616H         LINE#         135
  C:6634H         LINE#         136
  C:6645H         LINE#         137
  C:6662H         LINE#         138
  C:666CH         LINE#         139
  C:668FH         LINE#         140
  C:669DH         LINE#         141
  C:66A4H         LINE#         142
  C:66A5H         LINE#         145
  -------         ENDPROC       _WRITETXJ2
  -------         PROC          _WRITEEXPECTJ2
  D:0001H         SYMBOL        chip
  X:7B40H         SYMBOL        witchJ2
  D:0003H         SYMBOL        Slot
  X:7B42H         SYMBOL        j2
  X:7B43H         SYMBOL        busB
  -------         DO            
  X:7B44H         SYMBOL        copOk
  D:0004H         SYMBOL        busBase
  X:7B46H         SYMBOL        i
  -------         ENDDO         
  C:647CH         LINE#         147
  C:6483H         LINE#         148
  C:6483H         LINE#         149
  C:648AH         LINE#         150
  C:648DH         LINE#         151
  C:6493H         LINE#         152
  C:6499H         LINE#         153
  C:649BH         LINE#         155
  C:64B9H         LINE#         156
  C:64D9H         LINE#         157
  C:64F6H         LINE#         158
  C:6500H         LINE#         159
  C:6523H         LINE#         160
  C:6531H         LINE#         161
  C:6538H         LINE#         162
  C:6539H         LINE#         165
  -------         ENDPROC       _WRITEEXPECTJ2
  -------         PROC          GETDATA
  -------         DO            
  X:7B35H         SYMBOL        i
  X:7B36H         SYMBOL        m
  X:7B37H         SYMBOL        n
  X:7B38H         SYMBOL        mi
  X:7B39H         SYMBOL        ni
  D:0006H         SYMBOL        tmp
BL51 BANKED LINKER/LOCATER V6.22                                                      04/21/2016  08:33:45  PAGE 13


  D:0003H         SYMBOL        tmpi
  X:7B3AH         SYMBOL        ADCLK
  X:7B3BH         SYMBOL        PPILOS
  X:7B3CH         SYMBOL        TULOP
  X:7B3DH         SYMBOL        LPSLM
  X:7B3EH         SYMBOL        LPTIM
  X:7B3FH         SYMBOL        LPTIU
  X:7B40H         SYMBOL        LPRDI
  X:7B41H         SYMBOL        LPRFI
  X:7B42H         SYMBOL        LPUNEQ
  X:7B43H         SYMBOL        TUAIS
  X:7B44H         SYMBOL        PPIAIS
  X:7B45H         SYMBOL        LOOP
  X:7B46H         SYMBOL        LOOPL
  D:0001H         SYMBOL        tv5
  X:7B47H         SYMBOL        LPFEBE
  D:0006H         SYMBOL        HDB3
  -------         ENDDO         
  C:002EH         LINE#         180
  C:002EH         LINE#         181
  C:002EH         LINE#         185
  C:0033H         LINE#         186
  C:0037H         LINE#         187
  C:0040H         LINE#         188
  C:0051H         LINE#         189
  C:0051H         LINE#         191
  C:005EH         LINE#         192
  C:005EH         LINE#         193
  C:006EH         LINE#         195
  C:0084H         LINE#         197
  C:0087H         LINE#         199
  C:0087H         LINE#         200
  C:0093H         LINE#         201
  C:009CH         LINE#         202
  C:00A9H         LINE#         203
  C:00AEH         LINE#         205
  C:00C1H         LINE#         207
  C:00CDH         LINE#         208
  C:00DFH         LINE#         210
  C:00EEH         LINE#         212
  C:0104H         LINE#         214
  C:011AH         LINE#         215
  C:0151H         LINE#         216
  C:0157H         LINE#         217
  C:015EH         LINE#         230
  C:016AH         LINE#         231
  C:019BH         LINE#         232
  C:01A1H         LINE#         233
  C:01A8H         LINE#         234
  C:01AFH         LINE#         235
  C:01B4H         LINE#         236
  C:01B9H         LINE#         237
  C:01BEH         LINE#         238
  C:01C3H         LINE#         239
  C:01C8H         LINE#         243
  C:01D4H         LINE#         244
  C:025CH         LINE#         246
BL51 BANKED LINKER/LOCATER V6.22                                                      04/21/2016  08:33:45  PAGE 14


  C:0290H         LINE#         247
  C:02DFH         LINE#         249
  C:02EAH         LINE#         251
  C:02F0H         LINE#         252
  C:02F9H         LINE#         254
  C:032BH         LINE#         255
  C:032BH         LINE#         256
  C:0340H         LINE#         257
  C:0356H         LINE#         259
  C:0356H         LINE#         260
  C:0371H         LINE#         261
  C:0377H         LINE#         262
  C:0377H         LINE#         264
  C:03AAH         LINE#         265
  C:03BBH         LINE#         267
  C:03C0H         LINE#         268
  C:03F2H         LINE#         270
  C:03F4H         LINE#         271
  C:0404H         LINE#         272
  C:0404H         LINE#         274
  C:0406H         LINE#         276
  C:0406H         LINE#         277
  C:041BH         LINE#         278
  C:0434H         LINE#         279
  C:0449H         LINE#         280
  C:0449H         LINE#         283
  C:0467H         LINE#         284
  C:0478H         LINE#         285
  C:0496H         LINE#         286
  C:04A7H         LINE#         287
  C:04ADH         LINE#         288
  C:04ADH         LINE#         289
  C:04C2H         LINE#         290
  C:04D3H         LINE#         291
  C:04E4H         LINE#         295
  C:04E8H         LINE#         296
  C:04EBH         LINE#         298
  C:04EBH         LINE#         299
  C:0508H         LINE#         300
  C:0519H         LINE#         301
  C:0536H         LINE#         302
  C:0547H         LINE#         303
  C:0564H         LINE#         304
  C:0575H         LINE#         312
  C:0592H         LINE#         313
  C:05A3H         LINE#         314
  C:05A3H         LINE#         315
  C:05C0H         LINE#         316
  C:05D1H         LINE#         317
  C:05EEH         LINE#         318
  C:05FFH         LINE#         319
  C:0643H         LINE#         320
  C:0663H         LINE#         321
  C:067CH         LINE#         322
  C:067CH         LINE#         324
  C:06B0H         LINE#         326
  C:06EBH         LINE#         327
BL51 BANKED LINKER/LOCATER V6.22                                                      04/21/2016  08:33:45  PAGE 15


  C:06FCH         LINE#         328
  C:06FCH         LINE#         330
  C:0725H         LINE#         331
  C:072BH         LINE#         333
  C:075EH         LINE#         334
  C:0789H         LINE#         335
  C:0789H         LINE#         336
  C:078DH         LINE#         337
  C:07A0H         LINE#         338
  C:07A2H         LINE#         340
  C:07A2H         LINE#         341
  C:07A6H         LINE#         342
  C:07DCH         LINE#         343
  C:07DCH         LINE#         344
  C:07DCH         LINE#         345
  C:07E5H         LINE#         347
  C:07EAH         LINE#         348
  C:07EAH         LINE#         349
  C:07F6H         LINE#         350
  C:07FFH         LINE#         351
  C:0812H         LINE#         355
  C:085AH         LINE#         358
  C:0864H         LINE#         359
  C:0869H         LINE#         360
  C:0899H         LINE#         361
  C:08BDH         LINE#         364
  C:08E6H         LINE#         368
  C:08F4H         LINE#         372
  C:08FEH         LINE#         373
  C:0904H         LINE#         376
  C:090AH         LINE#         377
  C:090AH         LINE#         378
  C:090FH         LINE#         379
  C:0913H         LINE#         380
  C:091EH         LINE#         381
  C:0920H         LINE#         382
  C:0932H         LINE#         383
  C:0932H         LINE#         384
  C:093FH         LINE#         385
  C:094CH         LINE#         386
  C:0954H         LINE#         387
  C:0954H         LINE#         388
  C:095DH         LINE#         389
  C:095DH         LINE#         390
  C:096BH         LINE#         391
  C:096BH         LINE#         392
  C:0989H         LINE#         393
  C:0989H         LINE#         394
  C:099AH         LINE#         395
  C:09A7H         LINE#         396
  C:09A9H         LINE#         398
  C:09A9H         LINE#         399
  C:09B9H         LINE#         400
  C:09C5H         LINE#         401
  C:09C5H         LINE#         402
  C:09CDH         LINE#         403
  C:09D3H         LINE#         404
BL51 BANKED LINKER/LOCATER V6.22                                                      04/21/2016  08:33:45  PAGE 16


  C:09D7H         LINE#         405
  C:09DDH         LINE#         406
  C:09DDH         LINE#         408
  C:09E0H         LINE#         411
  C:09E6H         LINE#         412
  C:09E6H         LINE#         413
  C:09ECH         LINE#         414
  C:09F1H         LINE#         415
  C:09F1H         LINE#         417
  C:09FAH         LINE#         418
  C:09FAH         LINE#         419
  C:0A03H         LINE#         421
  C:0A15H         LINE#         422
  C:0A15H         LINE#         423
  C:0A3BH         LINE#         424
  C:0A64H         LINE#         425
  C:0A8DH         LINE#         426
  C:0AB4H         LINE#         427
  C:0AC4H         LINE#         429
  C:0AD1H         LINE#         432
  C:0AFAH         LINE#         433
  C:0B23H         LINE#         437
  C:0B4BH         LINE#         438
  C:0B4BH         LINE#         439
  C:0B60H         LINE#         440
  C:0B6AH         LINE#         441
  C:0B6DH         LINE#         443
  C:0B6DH         LINE#         444
  C:0B93H         LINE#         445
  C:0BBAH         LINE#         446
  C:0BCEH         LINE#         447
  C:0BEFH         LINE#         448
  C:0BEFH         LINE#         449
  C:0BEFH         LINE#         450
  C:0C08H         LINE#         451
  C:0C11H         LINE#         452
  C:0C1DH         LINE#         453
  C:0C1DH         LINE#         454
  C:0C1FH         LINE#         456
  C:0C1FH         LINE#         457
  C:0C3CH         LINE#         458
  C:0C51H         LINE#         459
  C:0C5DH         LINE#         460
  C:0C71H         LINE#         461
  C:0C74H         LINE#         463
  C:0C74H         LINE#         466
  C:0C9EH         LINE#         467
  C:0C9EH         LINE#         468
  C:0CBBH         LINE#         469
  C:0CCFH         LINE#         470
  C:0CD8H         LINE#         471
  C:0CECH         LINE#         472
  C:0D00H         LINE#         473
  C:0D0AH         LINE#         474
  C:0D0DH         LINE#         479
  C:0D0DH         LINE#         482
  C:0D31H         LINE#         483
BL51 BANKED LINKER/LOCATER V6.22                                                      04/21/2016  08:33:45  PAGE 17


  C:0D31H         LINE#         484
  C:0D4EH         LINE#         485
  C:0D62H         LINE#         486
  C:0D6BH         LINE#         487
  C:0D7FH         LINE#         488
  C:0D93H         LINE#         489
  C:0D9DH         LINE#         490
  C:0DA0H         LINE#         491
  C:0DA0H         LINE#         492
  C:0DA3H         LINE#         494
  C:0DA3H         LINE#         497
  C:0DBFH         LINE#         498
  C:0DBFH         LINE#         499
  C:0DD8H         LINE#         500
  C:0DEFH         LINE#         501
  C:0DF8H         LINE#         502
  C:0E0CH         LINE#         503
  C:0E20H         LINE#         504
  C:0E30H         LINE#         505
  C:0E32H         LINE#         507
  C:0E48H         LINE#         508
  C:0E48H         LINE#         509
  C:0E48H         LINE#         510
  C:0E48H         LINE#         514
  C:0E51H         LINE#         516
  C:0E56H         LINE#         518
  C:0E56H         LINE#         534
  C:0E5CH         LINE#         538
  C:0E6BH         LINE#         539
  C:0E6FH         LINE#         541
  C:0E71H         LINE#         542
  C:0E77H         LINE#         543
  C:0E7FH         LINE#         545
  C:0E84H         LINE#         546
  C:0E8AH         LINE#         547
  C:0E92H         LINE#         549
  C:0E97H         LINE#         550
  C:0E9AH         LINE#         551
  C:0EA1H         LINE#         553
  C:0EA6H         LINE#         555
  -------         ENDPROC       GETDATA
  -------         PROC          USERFUNC
  C:0011H         LINE#         571
  C:0011H         LINE#         574
  -------         ENDPROC       USERFUNC
  -------         PROC          CONFSET
  -------         DO            
  X:7B39H         SYMBOL        i
  X:7B3AH         SYMBOL        j
  X:7B3BH         SYMBOL        ilong
  X:7B3CH         SYMBOL        m
  X:7B3DH         SYMBOL        n
  X:7B3EH         SYMBOL        temp
  -------         ENDDO         
  C:33EEH         LINE#         589
  C:33EEH         LINE#         590
  C:33EEH         LINE#         595
BL51 BANKED LINKER/LOCATER V6.22                                                      04/21/2016  08:33:45  PAGE 18


  C:33F6H         LINE#         596
  C:33FEH         LINE#         597
  C:3406H         LINE#         598
  C:340EH         LINE#         599
  C:3416H         LINE#         600
  C:341EH         LINE#         601
  C:3426H         LINE#         602
  C:3438H         LINE#         603
  C:3442H         LINE#         604
  C:344DH         LINE#         605
  C:3460H         LINE#         607
  C:349CH         LINE#         608
  C:34B2H         LINE#         609
  C:34E6H         LINE#         610
  C:34FCH         LINE#         612
  C:350CH         LINE#         615
  C:3542H         LINE#         616
  C:3551H         LINE#         617
  C:357FH         LINE#         619
  C:358FH         LINE#         620
  C:359CH         LINE#         621
  C:35A9H         LINE#         622
  C:35ACH         LINE#         623
  C:35E0H         LINE#         624
  C:35EDH         LINE#         625
  C:3600H         LINE#         626
  C:3600H         LINE#         628
  C:3630H         LINE#         629
  C:3635H         LINE#         630
  C:3667H         LINE#         631
  C:3678H         LINE#         632
  C:3684H         LINE#         633
  C:3690H         LINE#         634
  C:3690H         LINE#         635
  C:3690H         LINE#         636
  C:36D7H         LINE#         637
  C:36F4H         LINE#         642
  C:3706H         LINE#         643
  C:3706H         LINE#         644
  C:3711H         LINE#         645
  C:3716H         LINE#         648
  C:3756H         LINE#         649
  C:3796H         LINE#         651
  C:37D7H         LINE#         652
  C:3818H         LINE#         653
  C:3821H         LINE#         655
  C:3834H         LINE#         656
  C:3834H         LINE#         657
  C:3841H         LINE#         658
  C:384DH         LINE#         659
  C:384FH         LINE#         661
  C:384FH         LINE#         662
  C:385DH         LINE#         663
  C:386AH         LINE#         664
  C:386AH         LINE#         669
  C:3873H         LINE#         673
  C:3878H         LINE#         674
BL51 BANKED LINKER/LOCATER V6.22                                                      04/21/2016  08:33:45  PAGE 19


  C:3878H         LINE#         676
  C:3888H         LINE#         677
  C:3888H         LINE#         678
  C:38A8H         LINE#         679
  C:38A8H         LINE#         680
  C:38B5H         LINE#         681
  C:38B7H         LINE#         682
  C:38B7H         LINE#         684
  C:38C6H         LINE#         686
  C:38CEH         LINE#         687
  C:38D8H         LINE#         689
  C:38DDH         LINE#         690
  C:38DDH         LINE#         692
  C:38EDH         LINE#         693
  C:38EDH         LINE#         694
  C:390DH         LINE#         695
  C:390DH         LINE#         696
  C:391AH         LINE#         697
  C:391CH         LINE#         698
  C:391CH         LINE#         700
  C:392BH         LINE#         701
  C:3933H         LINE#         702
  C:393DH         LINE#         704
  C:3952H         LINE#         705
  C:3965H         LINE#         713
  C:396DH         LINE#         714
  -------         ENDPROC       CONFSET
  -------         PROC          USERHDLC
  -------         DO            
  X:7B21H         SYMBOL        i
  X:7B22H         SYMBOL        m
  X:7B23H         SYMBOL        n
  X:7B24H         SYMBOL        temp
  X:7B25H         SYMBOL        addr
  -------         ENDDO         
  C:4A0EH         LINE#         730
  C:4A0EH         LINE#         731
  C:4A0EH         LINE#         735
  C:4A14H         LINE#         736
  C:4A14H         LINE#         737
  C:4A1AH         LINE#         738
  C:4A1AH         LINE#         739
  C:4A1AH         LINE#         740
  C:4A1CH         LINE#         741
  C:4A20H         LINE#         742
  C:4A20H         LINE#         743
  C:4A25H         LINE#         744
  C:4A25H         LINE#         745
  C:4A25H         LINE#         748
  C:4A45H         LINE#         749
  C:4A45H         LINE#         750
  C:4A45H         LINE#         751
  C:4A51H         LINE#         752
  C:4A51H         LINE#         753
  C:4A65H         LINE#         754
  C:4A68H         LINE#         756
  C:4A84H         LINE#         757
BL51 BANKED LINKER/LOCATER V6.22                                                      04/21/2016  08:33:45  PAGE 20


  C:4A84H         LINE#         758
  C:4A94H         LINE#         759
  C:4A9FH         LINE#         760
  C:4AA8H         LINE#         762
  C:4ABBH         LINE#         763
  C:4AC6H         LINE#         764
  C:4AF7H         LINE#         765
  C:4AF9H         LINE#         766
  C:4B2AH         LINE#         767
  C:4B2AH         LINE#         768
  C:4B2FH         LINE#         769
  C:4B38H         LINE#         770
  C:4B38H         LINE#         771
  C:4B40H         LINE#         772
  C:4B40H         LINE#         773
  C:4B54H         LINE#         774
  C:4B5BH         LINE#         776
  C:4B77H         LINE#         777
  C:4B77H         LINE#         778
  C:4B87H         LINE#         779
  C:4B92H         LINE#         780
  C:4B9BH         LINE#         782
  C:4BAEH         LINE#         783
  C:4BB9H         LINE#         784
  C:4BEAH         LINE#         785
  C:4BECH         LINE#         786
  C:4C1DH         LINE#         787
  C:4C1DH         LINE#         788
  C:4C22H         LINE#         789
  C:4C2BH         LINE#         790
  C:4C2BH         LINE#         792
  C:4C2BH         LINE#         794
  C:4C2BH         LINE#         795
  C:4C40H         LINE#         796
  C:4C45H         LINE#         797
  C:4C47H         LINE#         798
  C:4C49H         LINE#         799
  C:4C4DH         LINE#         801
  C:4C52H         LINE#         802
  C:4C80H         LINE#         803
  C:4C86H         LINE#         804
  C:4C87H         LINE#         806
  C:4C87H         LINE#         807
  C:4C9DH         LINE#         808
  C:4CA6H         LINE#         809
  C:4CABH         LINE#         810
  C:4CADH         LINE#         811
  C:4CAFH         LINE#         812
  C:4CB3H         LINE#         813
  C:4CB8H         LINE#         814
  C:4CE7H         LINE#         815
  C:4CE7H         LINE#         817
  C:4CE7H         LINE#         818
  C:4CE7H         LINE#         819
  C:4CE9H         LINE#         820
  C:4CE9H         LINE#         824
  C:4CE9H         LINE#         825
BL51 BANKED LINKER/LOCATER V6.22                                                      04/21/2016  08:33:45  PAGE 21


  C:4CE9H         LINE#         834
  C:4CE9H         LINE#         835
  C:4CE9H         LINE#         837
  -------         ENDPROC       USERHDLC
  -------         PROC          SELFCONF
  -------         DO            
  X:7B35H         SYMBOL        i
  X:7B37H         SYMBOL        j
  X:7B39H         SYMBOL        ctt
  D:0007H         SYMBOL        ucii
  -------         ENDDO         
  C:42DDH         LINE#         873
  C:42DDH         LINE#         874
  C:42DDH         LINE#         880
  C:42E3H         LINE#         881
  C:42E9H         LINE#         884
  C:42FFH         LINE#         885
  C:431EH         LINE#         887
  C:4335H         LINE#         888
  C:4354H         LINE#         890
  C:436BH         LINE#         891
  C:438AH         LINE#         893
  C:4394H         LINE#         896
  C:43ABH         LINE#         897
  C:43CAH         LINE#         898
  C:43E1H         LINE#         899
  C:4400H         LINE#         908
  C:4406H         LINE#         916
  C:440DH         LINE#         917
  C:443DH         LINE#         918
  C:4454H         LINE#         919
  C:4454H         LINE#         920
  C:4460H         LINE#         922
  C:4470H         LINE#         930
  C:4476H         LINE#         931
  C:447BH         LINE#         933
  C:4483H         LINE#         934
  C:448CH         LINE#         936
  C:4492H         LINE#         937
  C:4496H         LINE#         938
  C:449AH         LINE#         939
  C:449EH         LINE#         940
  C:44A2H         LINE#         942
  C:44A6H         LINE#         946
  C:44ACH         LINE#         948
  C:44B2H         LINE#         949
  C:44B6H         LINE#         950
  C:44BAH         LINE#         951
  C:44BEH         LINE#         952
  C:44C2H         LINE#         953
  C:44C5H         LINE#         954
  C:44CAH         LINE#         955
  C:44CFH         LINE#         957
  C:44D3H         LINE#         958
  C:44D7H         LINE#         959
  C:44DAH         LINE#         960
  C:44DEH         LINE#         961
BL51 BANKED LINKER/LOCATER V6.22                                                      04/21/2016  08:33:45  PAGE 22


  C:44E2H         LINE#         963
  C:44E5H         LINE#         964
  C:44E9H         LINE#         966
  C:44EEH         LINE#         967
  C:44F0H         LINE#         968
  C:44F2H         LINE#         969
  C:44F6H         LINE#         970
  C:44F8H         LINE#         971
  C:44FAH         LINE#         972
  C:44FEH         LINE#         973
  C:4502H         LINE#         974
  C:4504H         LINE#         975
  C:4507H         LINE#         976
  C:450BH         LINE#         977
  C:450DH         LINE#         978
  C:4510H         LINE#         979
  C:4512H         LINE#         980
  C:4514H         LINE#         986
  C:451AH         LINE#         987
  C:451AH         LINE#         988
  C:4521H         LINE#         989
  C:4521H         LINE#         990
  C:4552H         LINE#         991
  C:456DH         LINE#         992
  C:4587H         LINE#         993
  C:45A4H         LINE#         995
  C:45AAH         LINE#         996
  C:45AEH         LINE#         998
  C:45B4H         LINE#         999
  C:45B8H         LINE#         1001
  C:45BEH         LINE#         1002
  C:45C2H         LINE#         1005
  C:45C9H         LINE#         1006
  C:45C9H         LINE#         1007
  C:45D0H         LINE#         1008
  C:45D0H         LINE#         1009
  C:4601H         LINE#         1010
  C:461CH         LINE#         1011
  C:4636H         LINE#         1012
  C:4653H         LINE#         1014
  C:466AH         LINE#         1015
  C:466AH         LINE#         1016
  C:4687H         LINE#         1017
  C:4698H         LINE#         1018
  C:46A8H         LINE#         1019
  -------         ENDPROC       SELFCONF
  -------         PROC          INITIOSW1021
  -------         DO            
  X:7B35H         SYMBOL        i
  X:7B37H         SYMBOL        j
  X:7B39H         SYMBOL        m
  X:7B3AH         SYMBOL        n
  -------         ENDDO         
  C:396EH         LINE#         1036
  C:396EH         LINE#         1037
  C:396EH         LINE#         1041
  C:3973H         LINE#         1043
BL51 BANKED LINKER/LOCATER V6.22                                                      04/21/2016  08:33:45  PAGE 23


  C:398CH         LINE#         1044
  C:398CH         LINE#         1045
  C:39A0H         LINE#         1046
  C:39A5H         LINE#         1047
  C:39BBH         LINE#         1053
  C:39C7H         LINE#         1054
  C:39D4H         LINE#         1057
  C:39E0H         LINE#         1058
  C:39ECH         LINE#         1061
  C:39F3H         LINE#         1062
  C:3A44H         LINE#         1064
  C:3A50H         LINE#         1070
  C:3A5DH         LINE#         1071
  C:3A6AH         LINE#         1072
  C:3A77H         LINE#         1078
  C:3A84H         LINE#         1081
  C:3AF3H         LINE#         1082
  C:3B69H         LINE#         1083
  C:3BDFH         LINE#         1084
  C:3C55H         LINE#         1087
  C:3C72H         LINE#         1089
  C:3C89H         LINE#         1090
  C:3C94H         LINE#         1092
  C:3CA5H         LINE#         1095
  C:3CACH         LINE#         1096
  C:3CACH         LINE#         1097
  C:3CC3H         LINE#         1098
  C:3CD1H         LINE#         1099
  C:3CEBH         LINE#         1100
  C:3CEBH         LINE#         1101
  C:3CF2H         LINE#         1102
  C:3CF2H         LINE#         1103
  C:3D1AH         LINE#         1104
  C:3D44H         LINE#         1106
  C:3D6FH         LINE#         1107
  C:3D96H         LINE#         1108
  C:3D99H         LINE#         1110
  C:3D99H         LINE#         1112
  C:3DC1H         LINE#         1113
  C:3DE9H         LINE#         1115
  C:3E12H         LINE#         1116
  C:3E3BH         LINE#         1117
  C:3E3BH         LINE#         1118
  C:3E4CH         LINE#         1119
  C:3E6CH         LINE#         1121
  C:3E6EH         LINE#         1122
  C:3E70H         LINE#         1123
  C:3E72H         LINE#         1124
  C:3E74H         LINE#         1125
  C:3E76H         LINE#         1126
  C:3E7CH         LINE#         1128
  -------         ENDPROC       INITIOSW1021
  -------         PROC          CHECKSW1021INIT
  -------         DO            
  X:7B35H         SYMBOL        ret
  D:0002H         SYMBOL        i
  X:7B37H         SYMBOL        j
BL51 BANKED LINKER/LOCATER V6.22                                                      04/21/2016  08:33:45  PAGE 24


  D:0004H         SYMBOL        reg
  C:5F3DH         SYMBOL        quit
  -------         ENDDO         
  C:5E49H         LINE#         1142
  C:5E49H         LINE#         1143
  C:5E49H         LINE#         1144
  C:5E50H         LINE#         1147
  C:5E52H         LINE#         1148
  C:5E52H         LINE#         1149
  C:5E64H         LINE#         1150
  C:5E6AH         LINE#         1151
  C:5E6AH         LINE#         1152
  C:5E6DH         LINE#         1153
  C:5E6DH         LINE#         1154
  C:5E7FH         LINE#         1155
  C:5E85H         LINE#         1156
  C:5E85H         LINE#         1157
  C:5E88H         LINE#         1158
  C:5E88H         LINE#         1160
  C:5E98H         LINE#         1161
  C:5E9BH         LINE#         1162
  C:5E9BH         LINE#         1163
  C:5E9DH         LINE#         1164
  C:5E9DH         LINE#         1166
  C:5EADH         LINE#         1167
  C:5EB0H         LINE#         1168
  C:5EB0H         LINE#         1169
  C:5EB2H         LINE#         1170
  C:5EB2H         LINE#         1172
  C:5ECBH         LINE#         1173
  C:5F0FH         LINE#         1174
  C:5F15H         LINE#         1175
  C:5F1DH         LINE#         1176
  C:5F1FH         LINE#         1177
  C:5F1FH         LINE#         1178
  C:5F2FH         LINE#         1180
  C:5F3DH         LINE#         1181
  C:5F3DH         LINE#         1182
  C:5F45H         LINE#         1183
  -------         ENDPROC       CHECKSW1021INIT
  -------         PROC          MAIN
  -------         DO            
  D:0007H         SYMBOL        i
  X:7B33H         SYMBOL        ret
  -------         ENDDO         
  C:62E9H         LINE#         1198
  C:62E9H         LINE#         1199
  C:62E9H         LINE#         1201
  C:62F0H         LINE#         1204
  C:62F3H         LINE#         1206
  C:62FEH         LINE#         1207
  C:6301H         LINE#         1208
  C:6304H         LINE#         1210
  C:6304H         LINE#         1211
  C:6304H         LINE#         1216
  C:630AH         LINE#         1225
  C:6315H         LINE#         1226
BL51 BANKED LINKER/LOCATER V6.22                                                      04/21/2016  08:33:45  PAGE 25


  C:6318H         LINE#         1227
  C:631BH         LINE#         1228
  C:631EH         LINE#         1229
  C:6321H         LINE#         1230
  C:6321H         LINE#         1232
  C:6324H         LINE#         1233
  C:6327H         LINE#         1235
  C:6330H         LINE#         1236
  C:6330H         LINE#         1237
  C:6333H         LINE#         1238
  C:6335H         LINE#         1239
  C:6335H         LINE#         1240
  C:635AH         LINE#         1241
  C:637FH         LINE#         1242
  C:63A4H         LINE#         1243
  C:63A9H         LINE#         1244
  C:63ACH         LINE#         1245
  C:63B1H         LINE#         1246
  C:63B1H         LINE#         1248
  C:63B4H         LINE#         1249
  -------         ENDPROC       MAIN
  -------         ENDMOD        GF2488_01F1_E1_RST

  -------         MODULE        TIMER
  C:0000H         SYMBOL        _ICE_DUMMY_
  D:0090H         PUBLIC        P1
  D:00B0H         PUBLIC        P3
  C:5F46H         PUBLIC        TimerIntep
  X:7B9DH         PUBLIC        g_LampEn
  X:7B9EH         SYMBOL        g_ucTenMs
  D:00A8H         PUBLIC        IE
  D:00C7H         PUBLIC        TA
  D:00B8H         PUBLIC        IP
  C:6E0EH         PUBLIC        TimerInit
  X:7B9FH         PUBLIC        g_SecondFlag
  X:7BA0H         PUBLIC        g_QuarterFlag
  D:0088H         PUBLIC        TCON
  X:7BA1H         SYMBOL        ucInActTime
  B:00C8H.7       PUBLIC        TF2
  X:7BA2H         PUBLIC        g_ulResetSec
  D:00E8H         PUBLIC        EIE
  X:7BA6H         PUBLIC        g_stuSysClock
  D:00F8H         PUBLIC        EIP
  D:0098H         PUBLIC        SCON0
  D:00C0H         PUBLIC        SCON1
  D:00C8H         PUBLIC        T2CON
  C:6F52H         PUBLIC        _Delay
  D:00D0H         PUBLIC        PSW
  D:00D8H         PUBLIC        WDCON
  B:00D8H.0       PUBLIC        RWT
  C:0006H         SYMBOL        Com0013
  C:0006H         SYMBOL        L?0020
  C:0006H         SYMBOL        L?0021
  -------         PROC          COM0013
  -------         ENDPROC       COM0013
  -------         PROC          TIMERINTEP
  C:5F46H         LINE#         37
BL51 BANKED LINKER/LOCATER V6.22                                                      04/21/2016  08:33:45  PAGE 26


  C:5F5CH         LINE#         39
  C:5F5EH         LINE#         41
  C:5F64H         LINE#         42
  C:5F71H         LINE#         43
  C:5F71H         LINE#         45
  C:5F77H         LINE#         46
  C:5F77H         LINE#         48
  C:5F79H         LINE#         54
  C:5F79H         LINE#         57
  C:5F7CH         LINE#         60
  C:5F84H         LINE#         61
  C:5F84H         LINE#         62
  C:5F88H         LINE#         63
  C:5F8BH         LINE#         64
  C:5F91H         LINE#         65
  C:5FB0H         LINE#         67
  C:5FB6H         LINE#         68
  C:5FB6H         LINE#         69
  C:5FC1H         LINE#         70
  C:5FC1H         LINE#         71
  C:5FC3H         LINE#         72
  C:5FC7H         LINE#         74
  C:5FCCH         LINE#         76
  C:5FD1H         LINE#         77
  C:5FD4H         LINE#         78
  C:5FD4H         LINE#         79
  C:5FD6H         LINE#         81
  C:5FD6H         LINE#         82
  C:5FDBH         LINE#         83
  C:5FDFH         LINE#         84
  C:5FE4H         LINE#         85
  C:5FE4H         LINE#         87
  C:5FECH         LINE#         88
  C:5FECH         LINE#         89
  C:5FEDH         LINE#         90
  C:5FF3H         LINE#         92
  C:5FFDH         LINE#         93
  C:6004H         LINE#         94
  C:6007H         LINE#         95
  C:600CH         LINE#         97
  C:6015H         LINE#         98
  C:6015H         LINE#         99
  C:6017H         LINE#         100
  C:601DH         LINE#         101
  C:6023H         LINE#         102
  C:6023H         LINE#         103
  C:6025H         LINE#         104
  C:602BH         LINE#         105
  C:602BH         LINE#         106
  C:602BH         LINE#         107
  C:602BH         LINE#         108
  C:602BH         LINE#         109
  C:602BH         LINE#         111
  C:602EH         LINE#         132
  -------         ENDPROC       TIMERINTEP
  -------         PROC          TIMERINIT
  C:6E0EH         LINE#         148
BL51 BANKED LINKER/LOCATER V6.22                                                      04/21/2016  08:33:45  PAGE 27


  C:6E0EH         LINE#         149
  C:6E0EH         LINE#         171
  C:6E14H         LINE#         172
  C:6E18H         LINE#         173
  C:6E1CH         LINE#         174
  C:6E20H         LINE#         175
  C:6E23H         LINE#         176
  C:6E25H         LINE#         177
  C:6E27H         LINE#         179
  C:6E2BH         LINE#         180
  C:6E2DH         LINE#         181
  C:6E31H         LINE#         182
  C:6E33H         LINE#         184
  C:6E3DH         LINE#         185
  C:6E42H         LINE#         187
  C:6E46H         LINE#         192
  -------         ENDPROC       TIMERINIT
  -------         PROC          _DELAY
  D:0007H         SYMBOL        uc10ms
  -------         DO            
  D:0006H         SYMBOL        ucLastTime
  -------         ENDDO         
  C:6F52H         LINE#         208
  C:6F52H         LINE#         209
  C:6F52H         LINE#         212
  C:6F57H         LINE#         213
  C:6F5DH         LINE#         214
  C:6F5DH         LINE#         216
  C:6F65H         LINE#         217
  C:6F65H         LINE#         218
  C:6F6DH         LINE#         220
  C:6F70H         LINE#         222
  C:6F71H         LINE#         223
  C:6F73H         LINE#         224
  C:6F73H         LINE#         225
  C:6F75H         LINE#         226
  -------         ENDPROC       _DELAY
  -------         ENDMOD        TIMER

  -------         MODULE        COMM
  C:0000H         SYMBOL        _ICE_DUMMY_
  D:0090H         PUBLIC        P1
  X:76DEH         PUBLIC        g_AllClrFlag
  B:0023H.1       SYMBOL        ResetFlag
  D:00B0H         PUBLIC        P3
  B:0023H.2       SYMBOL        updateFlag
  D:00A5H         PUBLIC        P4
  C:6FA7H         PUBLIC        RESET
  X:76DFH         SYMBOL        usiCrcTemp
  B:00A8H.7       PUBLIC        EA
  X:76E1H         PUBLIC        sysErrCode
  B:0023H.3       PUBLIC        HotBoot_f
  C:66A6H         SYMBOL        _ReadBctHead
  D:00A8H         PUBLIC        IE
  C:6D97H         PUBLIC        JumpToAux
  B:0023H.4       SYMBOL        isRecOK
  X:76E2H         SYMBOL        PmCodeCRC
BL51 BANKED LINKER/LOCATER V6.22                                                      04/21/2016  08:33:45  PAGE 28


  D:00C7H         PUBLIC        TA
  C:4D20H         PUBLIC        LibDate
  D:00B8H         PUBLIC        IP
  X:76E4H         SYMBOL        g_ConfChange
  C:698EH         SYMBOL        _ProgBakFlash
  D:0021H         PUBLIC        outport
  B:0023H.5       SYMBOL        isBakRun
  C:4D35H         PUBLIC        crc_table
  C:53A7H         SYMBOL        softUpdate
  C:6C52H         PUBLIC        _Check_SST_39VF
  B:0021H.1       PUBLIC        HOLD
  B:0021H.6       PUBLIC        LSCE
  C:4D2CH         PUBLIC        LibTime
  C:0EA7H         PUBLIC        ProcCmd
  C:6EB4H         PUBLIC        BootInit
  X:76E5H         PUBLIC        g_buffcom
  C:4F35H         PUBLIC        ProcAlmData
  C:67FCH         SYMBOL        copyFlash
  D:0087H         PUBLIC        PCON
  X:7AFFH         PUBLIC        pfOtherCMD
  D:0088H         PUBLIC        TCON
  C:57CCH         PUBLIC        ProcHisData
  D:009FH         PUBLIC        CHPCON
  C:69FCH         SYMBOL        RamTest
  X:7B02H         SYMBOL        g_FileIndex
  C:4D19H         PUBLIC        LibVer
  B:0023H.6       PUBLIC        ispFlag
  X:7B06H         PUBLIC        g_ReqConfig
  D:00CDH         PUBLIC        TH2
  C:6ACFH         PUBLIC        CommVarInit
  C:59ABH         PUBLIC        _VerShow
  C:6D03H         PUBLIC        _CRCCCITT
  D:00CCH         PUBLIC        TL2
  D:00E8H         PUBLIC        EIE
  C:6B35H         SYMBOL        _Program_One_Byte
  B:0021H.4       PUBLIC        ACT
  B:00C8H.2       PUBLIC        TR2
  C:3E7DH         SYMBOL        _downSoft
  B:0021H.3       PUBLIC        RED
  X:7B07H         SYMBOL        g_stuHisTime
  C:6B9AH         PUBLIC        _ProgramAPROM
  B:0021H.2       PUBLIC        YELLOW
  D:00F8H         PUBLIC        EIP
  X:7B0BH         PUBLIC        g_ucSetTime
  X:7B0CH         SYMBOL        g_CrcValue
  X:7B0EH         SYMBOL        LineCodeCRC
  X:7B10H         SYMBOL        g_HisDataReady
  C:6E47H         SYMBOL        _EraseFlash
  C:6DD4H         SYMBOL        ispInit
  D:0098H         PUBLIC        SCON0
  D:00C0H         PUBLIC        SCON1
  D:00C8H         PUBLIC        T2CON
  X:7B11H         SYMBOL        memErrCode
  X:7B12H         SYMBOL        ispType
  X:7B13H         SYMBOL        AlmCodeCRC
  C:690BH         SYMBOL        _ReadFpgaHead
  C:6F76H         PUBLIC        _EraseAPROM
BL51 BANKED LINKER/LOCATER V6.22                                                      04/21/2016  08:33:45  PAGE 29


  D:00ADH         PUBLIC        SFRAH
  D:00AEH         PUBLIC        SFRFD
  C:6CADH         PUBLIC        _MemCRC
  D:00ACH         PUBLIC        SFRAL
  D:00D0H         PUBLIC        PSW
  D:00D8H         PUBLIC        WDCON
  B:00D8H.0       PUBLIC        RWT
  D:00AFH         PUBLIC        SFRCN
  C:2E5EH         SYMBOL        Com018B
  C:2E5EH         SYMBOL        L?0396
  C:2E5FH         SYMBOL        L?0397
  C:2E63H         SYMBOL        L?0398
  C:2E81H         SYMBOL        L?0399
  C:2E84H         SYMBOL        L?0400
  C:2E8CH         SYMBOL        L?0401
  C:2E8CH         SYMBOL        L?0402
  C:2E8DH         SYMBOL        L?0403
  C:2E90H         SYMBOL        L?0404
  C:2E93H         SYMBOL        L?0405
  C:2E94H         SYMBOL        L?0406
  C:2E98H         SYMBOL        L?0407
  C:2EA1H         SYMBOL        L?0408
  C:2F13H         SYMBOL        L?0409
  C:2F14H         SYMBOL        L?0410
  C:2F15H         SYMBOL        L?0411
  C:2F20H         SYMBOL        L?0412
  C:2F29H         SYMBOL        L?0413
  C:2F3FH         SYMBOL        L?0414
  C:2F40H         SYMBOL        L?0415
  C:2F41H         SYMBOL        L?0416
  C:2F6CH         SYMBOL        L?0417
  C:2F7EH         SYMBOL        L?0418
  C:2F99H         SYMBOL        L?0419
  C:2FA3H         SYMBOL        L?0420
  C:2FA5H         SYMBOL        L?0421
  C:2FA6H         SYMBOL        L?0422
  C:2FA7H         SYMBOL        L?0423
  C:2FAAH         SYMBOL        L?0424
  C:2FB1H         SYMBOL        L?0425
  C:2FB1H         SYMBOL        L?0426
  C:2FB6H         SYMBOL        L?0427
  C:2FCAH         SYMBOL        L?0428
  C:2FCDH         SYMBOL        L?0429
  C:2FD1H         SYMBOL        L?0430
  C:2FDDH         SYMBOL        L?0433
  C:2FE1H         SYMBOL        L?0434
  C:2FE9H         SYMBOL        L?0435
  C:2FF0H         SYMBOL        L?0436
  C:3009H         SYMBOL        L?0437
  C:3017H         SYMBOL        L?0438
  C:3020H         SYMBOL        L?0439
  C:3035H         SYMBOL        L?0440
  C:3038H         SYMBOL        L?0441
  C:303BH         SYMBOL        L?0442
  C:3043H         SYMBOL        L?0443
  C:3046H         SYMBOL        L?0444
  C:304AH         SYMBOL        L?0445
BL51 BANKED LINKER/LOCATER V6.22                                                      04/21/2016  08:33:45  PAGE 30


  C:304EH         SYMBOL        L?0446
  C:3057H         SYMBOL        L?0447
  C:3057H         SYMBOL        L?0448
  C:3060H         SYMBOL        L?0449
  C:3063H         SYMBOL        L?0450
  C:306CH         SYMBOL        L?0451
  C:3077H         SYMBOL        L?0452
  C:3077H         SYMBOL        L?0453
  C:3081H         SYMBOL        L?0454
  C:3088H         SYMBOL        L?0455
  C:3097H         SYMBOL        L?0456
  C:30A5H         SYMBOL        L?0457
  C:30A5H         SYMBOL        L?0458
  C:30B1H         SYMBOL        L?0459
  C:30B9H         SYMBOL        L?0460
  C:30B9H         SYMBOL        L?0461
  C:30BEH         SYMBOL        L?0462
  C:30C6H         SYMBOL        L?0463
  C:30C6H         SYMBOL        L?0464
  C:30C9H         SYMBOL        L?0465
  C:30D2H         SYMBOL        L?0466
  C:30D2H         SYMBOL        L?0467
  C:30E9H         SYMBOL        L?0468
  C:30FAH         SYMBOL        L?0469
  C:3104H         SYMBOL        L?0470
  C:3107H         SYMBOL        L?0471
  C:311BH         SYMBOL        L?0472
  C:312DH         SYMBOL        L?0474
  C:3138H         SYMBOL        L?0475
  C:313FH         SYMBOL        L?0476
  C:313FH         SYMBOL        L?0477
  C:3145H         SYMBOL        L?0478
  C:314EH         SYMBOL        L?0479
  C:3165H         SYMBOL        L?0480
  C:316BH         SYMBOL        L?0481
  C:318BH         SYMBOL        L?0482
  C:318BH         SYMBOL        L?0483
  C:319DH         SYMBOL        L?0484
  C:31A1H         SYMBOL        L?0485
  C:31AEH         SYMBOL        L?0486
  C:31AEH         SYMBOL        L?0487
  C:31B7H         SYMBOL        L?0488
  C:31B7H         SYMBOL        L?0489
  C:31BFH         SYMBOL        L?0490
  C:31C6H         SYMBOL        L?0491
  C:31C6H         SYMBOL        L?0492
  C:31D2H         SYMBOL        L?0493
  C:31E5H         SYMBOL        L?0494
  C:31E5H         SYMBOL        L?0495
  C:31E8H         SYMBOL        L?0496
  C:31F2H         SYMBOL        L?0497
  C:31F9H         SYMBOL        L?0498
  C:3201H         SYMBOL        L?0499
  C:3203H         SYMBOL        L?0500
  C:3211H         SYMBOL        L?0503
  C:3217H         SYMBOL        L?0504
  C:3222H         SYMBOL        L?0505
BL51 BANKED LINKER/LOCATER V6.22                                                      04/21/2016  08:33:45  PAGE 31


  C:3222H         SYMBOL        L?0506
  C:3225H         SYMBOL        L?0507
  C:322BH         SYMBOL        L?0508
  C:322BH         SYMBOL        L?0509
  C:3239H         SYMBOL        L?0510
  C:323BH         SYMBOL        L?0511
  C:3242H         SYMBOL        L?0512
  C:3256H         SYMBOL        L?0513
  C:3257H         SYMBOL        L?0514
  C:3258H         SYMBOL        L?0515
  C:325FH         SYMBOL        L?0516
  C:325FH         SYMBOL        L?0517
  C:3268H         SYMBOL        L?0518
  C:326BH         SYMBOL        L?0519
  C:3272H         SYMBOL        L?0520
  C:3272H         SYMBOL        L?0521
  C:3279H         SYMBOL        L?0522
  C:3279H         SYMBOL        L?0523
  C:3284H         SYMBOL        L?0524
  C:3284H         SYMBOL        L?0525
  C:328FH         SYMBOL        L?0526
  C:3295H         SYMBOL        L?0527
  C:329CH         SYMBOL        L?0528
  C:329CH         SYMBOL        L?0529
  C:32A3H         SYMBOL        L?0530
  C:32A5H         SYMBOL        L?0531
  C:32AEH         SYMBOL        L?0532
  C:32AFH         SYMBOL        L?0533
  C:32B5H         SYMBOL        L?0534
  C:32B6H         SYMBOL        L?0535
  C:32BCH         SYMBOL        L?0536
  C:32BCH         SYMBOL        L?0537
  C:32C5H         SYMBOL        L?0538
  C:32C5H         SYMBOL        L?0539
  C:32CEH         SYMBOL        L?0540
  C:32DBH         SYMBOL        L?0541
  C:32E8H         SYMBOL        L?0542
  C:32E8H         SYMBOL        L?0543
  C:32EEH         SYMBOL        L?0544
  C:32EEH         SYMBOL        L?0545
  C:32F5H         SYMBOL        L?0546
  C:3302H         SYMBOL        L?0547
  C:330FH         SYMBOL        L?0548
  C:3310H         SYMBOL        L?0549
  C:3318H         SYMBOL        L?0550
  C:331BH         SYMBOL        L?0551
  C:3322H         SYMBOL        L?0552
  C:3322H         SYMBOL        L?0553
  C:3329H         SYMBOL        L?0554
  C:3329H         SYMBOL        L?0555
  C:3330H         SYMBOL        L?0556
  C:3330H         SYMBOL        L?0557
  C:3337H         SYMBOL        L?0558
  C:3337H         SYMBOL        L?0559
  C:333EH         SYMBOL        L?0560
  C:3346H         SYMBOL        L?0561
  C:3352H         SYMBOL        L?0562
BL51 BANKED LINKER/LOCATER V6.22                                                      04/21/2016  08:33:45  PAGE 32


  C:3352H         SYMBOL        L?0563
  C:335AH         SYMBOL        L?0564
  C:335AH         SYMBOL        L?0565
  C:3362H         SYMBOL        L?0566
  C:336DH         SYMBOL        L?0567
  C:3378H         SYMBOL        L?0568
  C:3383H         SYMBOL        L?0569
  C:338EH         SYMBOL        L?0570
  C:3398H         SYMBOL        L?0571
  C:33A3H         SYMBOL        L?0572
  C:33A4H         SYMBOL        L?0573
  C:33ABH         SYMBOL        L?0574
  C:33ACH         SYMBOL        L?0575
  C:33B3H         SYMBOL        L?0577
  C:33B3H         SYMBOL        L?0578
  C:33BAH         SYMBOL        L?0579
  C:33BAH         SYMBOL        L?0580
  C:33C1H         SYMBOL        L?0581
  C:33C1H         SYMBOL        L?0582
  C:33C8H         SYMBOL        L?0583
  C:33C8H         SYMBOL        L?0584
  C:33CFH         SYMBOL        L?0585
  C:33CFH         SYMBOL        L?0586
  C:33D6H         SYMBOL        L?0587
  C:33E0H         SYMBOL        L?0588
  C:33E0H         SYMBOL        L?0589
  C:33E7H         SYMBOL        L?0590
  C:33E7H         SYMBOL        L?0591
  -------         PROC          COM018B
  -------         ENDPROC       COM018B
  C:6745H         SYMBOL        L?0501
  -------         PROC          _READBCTHEAD
  X:7B26H         SYMBOL        pHead
  C:66A6H         LINE#         138
  C:66ACH         LINE#         139
  C:66ACH         LINE#         145
  C:66BAH         LINE#         146
  C:66BAH         LINE#         147
  C:66D2H         LINE#         148
  C:66D2H         LINE#         150
  C:66D2H         LINE#         151
  C:66E0H         LINE#         153
  C:66FCH         LINE#         154
  C:6718H         LINE#         155
  C:6728H         LINE#         156
  C:6738H         LINE#         157
  C:6744H         LINE#         158
  C:6744H         LINE#         160
  -------         ENDPROC       _READBCTHEAD
  -------         PROC          _CHECK_SST_39VF
  D:0007H         SYMBOL        ucIC
  -------         DO            
  D:0004H         SYMBOL        ucSstID
  D:0003H         SYMBOL        ucSstCap
  -------         ENDDO         
  C:6C52H         LINE#         179
  C:6C52H         LINE#         180
BL51 BANKED LINKER/LOCATER V6.22                                                      04/21/2016  08:33:45  PAGE 33


  C:6C52H         LINE#         183
  C:6C5CH         LINE#         185
  C:6C5CH         LINE#         186
  C:6C5CH         LINE#         187
  C:6C5CH         LINE#         188
  C:6C5CH         LINE#         189
  C:6C61H         LINE#         190
  C:6C63H         LINE#         192
  C:6C6DH         LINE#         194
  C:6C70H         LINE#         195
  C:6C72H         LINE#         196
  C:6C74H         LINE#         198
  C:6C77H         LINE#         200
  C:6C7DH         LINE#         202
  C:6C82H         LINE#         204
  C:6C8AH         LINE#         205
  C:6C8CH         LINE#         206
  C:6C90H         LINE#         207
  C:6C90H         LINE#         208
  C:6C95H         LINE#         209
  C:6C9BH         LINE#         211
  C:6CA0H         LINE#         213
  C:6CAAH         LINE#         215
  C:6CACH         LINE#         216
  -------         ENDPROC       _CHECK_SST_39VF
  -------         PROC          _READFPGAHEAD
  D:0001H         SYMBOL        pHead
  D:0005H         SYMBOL        ucIC
  -------         DO            
  X:7B26H         SYMBOL        i
  X:7B28H         SYMBOL        FlashAddr
  -------         ENDDO         
  C:690BH         LINE#         230
  C:690BH         LINE#         231
  C:690BH         LINE#         235
  C:690EH         LINE#         236
  C:690EH         LINE#         237
  C:6918H         LINE#         238
  C:6918H         LINE#         239
  C:691CH         LINE#         240
  C:691CH         LINE#         241
  C:6926H         LINE#         242
  C:6926H         LINE#         244
  C:6926H         LINE#         245
  C:6929H         LINE#         246
  C:6929H         LINE#         248
  C:6933H         LINE#         249
  C:693DH         LINE#         250
  C:6944H         LINE#         251
  C:6944H         LINE#         252
  C:6957H         LINE#         253
  C:695EH         LINE#         254
  C:6965H         LINE#         255
  C:6971H         LINE#         256
  C:698BH         LINE#         257
  C:698DH         LINE#         258
  -------         ENDPROC       _READFPGAHEAD
BL51 BANKED LINKER/LOCATER V6.22                                                      04/21/2016  08:33:45  PAGE 34


  -------         PROC          ISPINIT
  C:6DD4H         LINE#         273
  C:6DD4H         LINE#         274
  C:6DD4H         LINE#         276
  C:6DD6H         LINE#         277
  C:6DD8H         LINE#         278
  C:6DDAH         LINE#         279
  C:6DDCH         LINE#         281
  C:6DE4H         LINE#         282
  C:6DEEH         LINE#         284
  C:6DF0H         LINE#         285
  C:6DF5H         LINE#         288
  C:6DFEH         LINE#         291
  C:6E0DH         LINE#         292
  -------         ENDPROC       ISPINIT
  C:6F96H         SYMBOL        L?0432
  -------         PROC          L?0431
  -------         ENDPROC       L?0431
  C:6F96H         SYMBOL        L?0432
  -------         PROC          RESET
  C:6FA7H         LINE#         303
  C:6FA7H         LINE#         304
  C:6FA7H         LINE#         306
  C:6FAAH         LINE#         307
  -------         ENDPROC       RESET
  -------         PROC          _ERASEFLASH
  D:0007H         SYMBOL        ucIC
  C:6E47H         LINE#         335
  C:6E47H         LINE#         336
  C:6E47H         LINE#         337
  C:6E51H         LINE#         339
  C:6E51H         LINE#         340
  C:6E51H         LINE#         342
  C:6E51H         LINE#         343
  C:6E51H         LINE#         345
  C:6E56H         LINE#         346
  C:6E58H         LINE#         348
  C:6E5FH         LINE#         349
  C:6E62H         LINE#         351
  C:6E66H         LINE#         352
  C:6E66H         LINE#         354
  C:6E6BH         LINE#         355
  C:6E71H         LINE#         357
  C:6E77H         LINE#         359
  C:6E7CH         LINE#         361
  C:6E7EH         LINE#         362
  -------         ENDPROC       _ERASEFLASH
  -------         PROC          _PROGRAM_ONE_BYTE
  D:0007H         SYMBOL        ucIC
  D:0005H         SYMBOL        ucSrcByte
  X:7B50H         SYMBOL        FlashAddr
  -------         DO            
  D:0005H         SYMBOL        ucPreData
  D:0006H         SYMBOL        ucCurrData
  D:0007H         SYMBOL        ucTimeOut
  -------         ENDDO         
  C:6B35H         LINE#         376
BL51 BANKED LINKER/LOCATER V6.22                                                      04/21/2016  08:33:45  PAGE 35


  C:6B35H         LINE#         377
  C:6B35H         LINE#         382
  C:6B3FH         LINE#         384
  C:6B46H         LINE#         385
  C:6B49H         LINE#         387
  C:6B4CH         LINE#         388
  C:6B4CH         LINE#         390
  C:6B51H         LINE#         391
  C:6B57H         LINE#         393
  C:6B5FH         LINE#         395
  C:6B72H         LINE#         396
  C:6B77H         LINE#         400
  C:6B79H         LINE#         401
  C:6B7DH         LINE#         403
  C:6B86H         LINE#         404
  C:6B86H         LINE#         405
  C:6B8DH         LINE#         406
  C:6B90H         LINE#         407
  C:6B90H         LINE#         408
  C:6B93H         LINE#         409
  C:6B93H         LINE#         410
  C:6B95H         LINE#         411
  C:6B97H         LINE#         412
  C:6B99H         LINE#         413
[...]
  C:5652H         LINE#         71
  C:5652H         LINE#         72
  C:5671H         LINE#         73
  C:5671H         LINE#         74
  C:5674H         LINE#         75
  C:5674H         LINE#         113
  C:567BH         LINE#         114
  C:567BH         LINE#         115
  C:5696H         LINE#         116
  C:56A6H         LINE#         117
  C:56A6H         LINE#         118
  C:56A9H         LINE#         119
  C:56ACH         LINE#         120
  C:56ACH         LINE#         121
  C:56AFH         LINE#         123
BL51 BANKED LINKER/LOCATER V6.22                                                      04/21/2016  08:33:45  PAGE 67


  C:56AFH         LINE#         124
  C:56B2H         LINE#         125
  C:56B5H         LINE#         126
  C:56B5H         LINE#         127
  C:56B5H         LINE#         128
  C:56B5H         LINE#         129
  C:56B5H         LINE#         130
  C:56B8H         LINE#         132
  C:56B8H         LINE#         133
  C:56B8H         LINE#         134
  C:56C3H         LINE#         135
  C:56CBH         LINE#         136
  C:56CBH         LINE#         137
  C:56CEH         LINE#         138
  C:56D1H         LINE#         139
  C:56D1H         LINE#         140
  C:56D4H         LINE#         142
  C:56D4H         LINE#         143
  C:56DFH         LINE#         144
  C:56E5H         LINE#         145
  C:56E5H         LINE#         146
  C:56E5H         LINE#         147
  C:56E5H         LINE#         148
  C:56E5H         LINE#         149
  C:56E5H         LINE#         150
  C:56E5H         LINE#         151
  C:56E5H         LINE#         153
  C:56E5H         LINE#         154
  C:56E8H         LINE#         157
  C:56E8H         LINE#         158
  C:56EFH         LINE#         159
  C:56EFH         LINE#         160
  C:56F2H         LINE#         161
  C:56F9H         LINE#         162
  C:56F9H         LINE#         163
  C:56FCH         LINE#         165
  C:56FCH         LINE#         166
  C:56FCH         LINE#         167
  C:5715H         LINE#         168
  C:5715H         LINE#         169
  C:5718H         LINE#         170
  C:571EH         LINE#         171
  C:571EH         LINE#         172
  C:5721H         LINE#         174
  C:5721H         LINE#         175
  C:5731H         LINE#         176
  C:5740H         LINE#         208
  C:5747H         LINE#         209
  C:5747H         LINE#         210
  C:574AH         LINE#         211
  C:5765H         LINE#         212
  C:5765H         LINE#         213
  C:5768H         LINE#         214
  C:576EH         LINE#         215
  C:576EH         LINE#         216
  C:5770H         LINE#         218
  C:5770H         LINE#         219
BL51 BANKED LINKER/LOCATER V6.22                                                      04/21/2016  08:33:45  PAGE 68


  C:5773H         LINE#         220
  C:577AH         LINE#         221
  C:577AH         LINE#         222
  C:577AH         LINE#         223
  C:577CH         LINE#         225
  C:577CH         LINE#         226
  C:577EH         LINE#         227
  C:577EH         LINE#         228
  C:577EH         LINE#         229
  C:5781H         LINE#         230
  C:5781H         LINE#         231
  C:5781H         LINE#         233
  C:5781H         LINE#         234
  C:5781H         LINE#         235
  C:5783H         LINE#         238
  C:5783H         LINE#         242
  C:578AH         LINE#         244
  C:578AH         LINE#         245
  C:578DH         LINE#         246
  C:5794H         LINE#         247
  C:579AH         LINE#         248
  C:579CH         LINE#         249
  C:579FH         LINE#         250
  C:57A1H         LINE#         292
  C:57A1H         LINE#         293
  C:57A6H         LINE#         294
  C:57ABH         LINE#         295
  C:57ABH         LINE#         296
  C:57ABH         LINE#         297
  -------         ENDPROC       HDLCOK
  -------         PROC          HDLCERR
  C:6E7FH         LINE#         590
  C:6E8EH         LINE#         592
  C:6E93H         LINE#         593
  C:6E95H         LINE#         594
  C:6E95H         LINE#         595
  C:6E95H         LINE#         596
  C:6E98H         LINE#         597
  C:6E9DH         LINE#         598
  C:6EA4H         LINE#         599
  C:6EA7H         LINE#         600
  -------         ENDPROC       HDLCERR
  -------         PROC          SCC1HARDINIT
  C:6FE3H         LINE#         617
  C:6FE3H         LINE#         618
  C:6FE3H         LINE#         620
  C:6FE8H         LINE#         621
  C:6FEAH         LINE#         622
  C:6FECH         LINE#         624
  C:6FEEH         LINE#         625
  C:6FF0H         LINE#         626
  C:6FF2H         LINE#         739
  -------         ENDPROC       SCC1HARDINIT
  -------         PROC          SCC1INIT
  C:6BF6H         LINE#         755
  C:6BF6H         LINE#         756
  C:6BF6H         LINE#         759
BL51 BANKED LINKER/LOCATER V6.22                                                      04/21/2016  08:33:45  PAGE 69


  C:6BFDH         LINE#         760
  C:6C01H         LINE#         761
  C:6C07H         LINE#         762
  C:6C0BH         LINE#         763
  C:6C11H         LINE#         765
  C:6C15H         LINE#         768
  C:6C19H         LINE#         769
  C:6C1DH         LINE#         770
  C:6C21H         LINE#         771
  C:6C25H         LINE#         772
  C:6C27H         LINE#         774
  C:6C34H         LINE#         775
  C:6C43H         LINE#         776
  -------         ENDPROC       SCC1INIT
  -------         PROC          SCC1TX
  -------         DO            
  X:7B15H         SYMBOL        uTemp
  D:0018H         SYMBOL        usTemp
  -------         ENDDO         
  C:5D31H         LINE#         793
  C:5D31H         LINE#         794
  C:5D31H         LINE#         804
  C:5D3CH         LINE#         805
  C:5D3CH         LINE#         806
  C:5D40H         LINE#         808
  C:5D45H         LINE#         810
  C:5D46H         LINE#         811
  C:5D4FH         LINE#         812
  C:5D4FH         LINE#         813
  C:5D55H         LINE#         816
  C:5D5BH         LINE#         820
  C:5D5FH         LINE#         823
  C:5D69H         LINE#         824
  C:5D6CH         LINE#         825
  C:5D6FH         LINE#         827
  C:5D75H         LINE#         828
  C:5D7CH         LINE#         829
  C:5D9DH         LINE#         831
  C:5DABH         LINE#         832
  C:5DB9H         LINE#         833
  C:5DBFH         LINE#         854
  C:5DC0H         LINE#         856
  C:5DC0H         LINE#         860
  C:5DC5H         LINE#         864
  C:5DD5H         LINE#         865
  C:5DE3H         LINE#         870
  C:5DF9H         LINE#         873
  C:5E08H         LINE#         874
  C:5E08H         LINE#         875
  C:5E0BH         LINE#         877
  C:5E27H         LINE#         878
  C:5E3BH         LINE#         879
  C:5E41H         LINE#         896
  C:5E48H         LINE#         897
  C:5E48H         LINE#         898
  -------         ENDPROC       SCC1TX
  -------         ENDMOD        HDLC
BL51 BANKED LINKER/LOCATER V6.22                                                      04/21/2016  08:33:45  PAGE 70



  -------         MODULE        ?C_STARTUP
  C:653AH         SEGMENT       ?C_C51STARTUP
  I:0024H         SEGMENT       ?STACK
  C:0000H         PUBLIC        ?C_STARTUP
  B:00D0H.6       SYMBOL        AC
  D:00E0H         SYMBOL        ACC
  D:00F0H         SYMBOL        B
  D:008EH         SYMBOL        CKCON
  B:00C8H.0       SYMBOL        CP_RL2
  B:00D0H.7       SYMBOL        CY
  B:00C8H.1       SYMBOL        C_T2
  D:0083H         SYMBOL        DPH
  D:0085H         SYMBOL        DPH1
  D:0082H         SYMBOL        DPL
  D:0084H         SYMBOL        DPL1
  D:0086H         SYMBOL        DPS
  B:00A8H.7       SYMBOL        EA
  D:00E8H         SYMBOL        EIE
  D:00F8H         SYMBOL        EIP
  B:00D8H.5       SYMBOL        EPFI
  B:00A8H.4       SYMBOL        ES0
  B:00A8H.6       SYMBOL        ES1
  B:00A8H.1       SYMBOL        ET0
  B:00A8H.3       SYMBOL        ET1
  B:00A8H.5       SYMBOL        ET2
  B:00E8H.4       SYMBOL        EWDI
  B:00D8H.1       SYMBOL        EWT
  B:00A8H.0       SYMBOL        EX0
  B:00A8H.2       SYMBOL        EX1
  B:00E8H.0       SYMBOL        EX2
  B:00E8H.1       SYMBOL        EX3
  B:00E8H.2       SYMBOL        EX4
  B:00E8H.3       SYMBOL        EX5
  B:00C8H.3       SYMBOL        EXEN2
  B:00C8H.6       SYMBOL        EXF2
  D:0091H         SYMBOL        EXIF
  B:00D0H.5       SYMBOL        F0
  B:00D0H.1       SYMBOL        FL
  N:0000H         SYMBOL        IBPSTACK
  N:0100H         SYMBOL        IBPSTACKTOP
  N:0100H         SYMBOL        IDATALEN
  C:653DH         SYMBOL        IDATALOOP
  D:00A8H         SYMBOL        IE
  B:0088H.1       SYMBOL        IE0
  B:0088H.3       SYMBOL        IE1
  B:00B0H.2       SYMBOL        INT0
  B:00B0H.3       SYMBOL        INT1
  B:0090H.4       SYMBOL        INT2
  B:0090H.5       SYMBOL        INT3
  B:0090H.6       SYMBOL        INT4
  B:0090H.7       SYMBOL        INT5
  D:00B8H         SYMBOL        IP
  B:0088H.0       SYMBOL        IT0
  B:0088H.2       SYMBOL        IT1
  B:00D0H.2       SYMBOL        OV
  B:00D0H.0       SYMBOL        P
BL51 BANKED LINKER/LOCATER V6.22                                                      04/21/2016  08:33:45  PAGE 71


  D:0080H         SYMBOL        P0
  D:0090H         SYMBOL        P1
  D:00A0H         SYMBOL        P2
  D:00B0H         SYMBOL        P3
  N:0000H         SYMBOL        PBPSTACK
  N:0000H         SYMBOL        PBPSTACKTOP
  D:0087H         SYMBOL        PCON
  N:0000H         SYMBOL        PDATALEN
  N:0000H         SYMBOL        PDATASTART
  B:00D8H.4       SYMBOL        PFI
  B:00D8H.6       SYMBOL        POR
  N:0000H         SYMBOL        PPAGE
  N:0000H         SYMBOL        PPAGEENABLE
  B:00B8H.4       SYMBOL        PS0
  B:00B8H.6       SYMBOL        PS1
  D:00D0H         SYMBOL        PSW
  B:00B8H.1       SYMBOL        PT0
  B:00B8H.3       SYMBOL        PT1
  B:00B8H.5       SYMBOL        PT2
  B:00F8H.4       SYMBOL        PWDI
  B:00B8H.0       SYMBOL        PX0
  B:00B8H.2       SYMBOL        PX1
  B:00F8H.0       SYMBOL        PX2
  B:00F8H.1       SYMBOL        PX3
  B:00F8H.2       SYMBOL        PX4
  B:00F8H.3       SYMBOL        PX5
  B:0098H.2       SYMBOL        RB8
  B:00C0H.2       SYMBOL        RB81
  D:00CBH         SYMBOL        RCAP2H
  D:00CAH         SYMBOL        RCAP2L
  B:00C8H.5       SYMBOL        RCLK
  B:00B0H.7       SYMBOL        RD
  B:0098H.4       SYMBOL        REN
  B:00C0H.4       SYMBOL        REN1
  B:0098H.0       SYMBOL        RI
  B:00C0H.0       SYMBOL        RI1
  B:00D0H.3       SYMBOL        RS0
  B:00D0H.4       SYMBOL        RS1
  B:00D8H.0       SYMBOL        RWT
  B:00B0H.0       SYMBOL        RXD0
  B:0090H.2       SYMBOL        RXD1
  D:00A9H         SYMBOL        SADDR0
  D:00AAH         SYMBOL        SADDR1
  D:00B9H         SYMBOL        SADEN0
  D:00BAH         SYMBOL        SADEN1
  D:0099H         SYMBOL        SBUF0
  D:00C1H         SYMBOL        SBUF1
  D:0098H         SYMBOL        SCON0
  D:00C0H         SYMBOL        SCON1
  B:0098H.7       SYMBOL        SM0
  B:00C0H.7       SYMBOL        SM01
  B:0098H.6       SYMBOL        SM1
  B:00C0H.6       SYMBOL        SM11
  B:0098H.5       SYMBOL        SM2
  B:00C0H.5       SYMBOL        SM21
  B:00D8H.7       SYMBOL        SMOD
  D:0081H         SYMBOL        SP
BL51 BANKED LINKER/LOCATER V6.22                                                      04/21/2016  08:33:45  PAGE 72


  C:653AH         SYMBOL        STARTUP1
  D:00C5H         SYMBOL        STATUS
  B:00B0H.4       SYMBOL        T0
  B:00B0H.5       SYMBOL        T1
  B:0090H.0       SYMBOL        T2
  D:00C8H         SYMBOL        T2CON
  B:0090H.1       SYMBOL        T2EX
  D:00C9H         SYMBOL        T2MOD
  D:00C7H         SYMBOL        TA
  B:0098H.3       SYMBOL        TB8
  B:00C0H.3       SYMBOL        TB81
  B:00C8H.4       SYMBOL        TCLK
  D:0088H         SYMBOL        TCON
  B:0088H.5       SYMBOL        TF0
  B:0088H.7       SYMBOL        TF1
  B:00C8H.7       SYMBOL        TF2
  D:008CH         SYMBOL        TH0
  D:008DH         SYMBOL        TH1
  D:00CDH         SYMBOL        TH2
  B:0098H.1       SYMBOL        TI
  B:00C0H.1       SYMBOL        TI1
  D:008AH         SYMBOL        TL0
  D:008BH         SYMBOL        TL1
  D:00CCH         SYMBOL        TL2
  D:0089H         SYMBOL        TMOD
  B:0088H.4       SYMBOL        TR0
  B:0088H.6       SYMBOL        TR1
  B:00C8H.2       SYMBOL        TR2
  B:00B0H.1       SYMBOL        TXD0
  B:0090H.3       SYMBOL        TXD1
  D:00D8H         SYMBOL        WDCON
  B:00D8H.3       SYMBOL        WDIF
  B:00D8H.2       SYMBOL        WDRF
  B:00B0H.6       SYMBOL        WR
  N:0000H         SYMBOL        XBPSTACK
  N:0000H         SYMBOL        XBPSTACKTOP
  N:0000H         SYMBOL        XDATALEN
  N:0000H         SYMBOL        XDATASTART
  C:0000H         LINE#         82
  C:653AH         LINE#         89
  C:653CH         LINE#         90
  C:653DH         LINE#         91
  C:653EH         LINE#         92
  C:6540H         LINE#         141
  C:6543H         LINE#         143
  C:6545H         LINE#         144
  C:6548H         LINE#         145
  C:654BH         LINE#         146
  C:654EH         LINE#         147
  C:6550H         LINE#         149
  C:6553H         LINE#         151
  C:6556H         LINE#         152
  C:6559H         LINE#         153
  C:655CH         LINE#         154
  C:655EH         LINE#         155
  C:6560H         LINE#         157
  C:6563H         LINE#         158
BL51 BANKED LINKER/LOCATER V6.22                                                      04/21/2016  08:33:45  PAGE 73


  C:6566H         LINE#         159
  C:6569H         LINE#         160
  C:656CH         LINE#         161
  C:656FH         LINE#         162
  C:6571H         LINE#         164
  C:6574H         LINE#         166
  -------         ENDMOD        ?C_STARTUP

  -------         MODULE        ?C?CLDPTR
  C:2111H         PUBLIC        ?C?CLDPTR
  -------         ENDMOD        ?C?CLDPTR

  -------         MODULE        ?C?CLDOPTR
  C:212AH         PUBLIC        ?C?CLDOPTR
  -------         ENDMOD        ?C?CLDOPTR

  -------         MODULE        ?C?CSTPTR
  C:2157H         PUBLIC        ?C?CSTPTR
  -------         ENDMOD        ?C?CSTPTR

  -------         MODULE        ?C?CSTOPTR
  C:2169H         PUBLIC        ?C?CSTOPTR
  -------         ENDMOD        ?C?CSTOPTR

  -------         MODULE        ?C?IMUL
  C:218BH         PUBLIC        ?C?IMUL
  -------         ENDMOD        ?C?IMUL

  -------         MODULE        ?C?UIDIV
  C:219DH         PUBLIC        ?C?UIDIV
  -------         ENDMOD        ?C?UIDIV

  -------         MODULE        ?C?SIDIV
  C:21F2H         PUBLIC        ?C?SIDIV
  -------         ENDMOD        ?C?SIDIV

  -------         MODULE        ?C?IILDX
  C:2228H         PUBLIC        ?C?IILDX
  -------         ENDMOD        ?C?IILDX

  -------         MODULE        ?C?ILDIX
  C:223EH         PUBLIC        ?C?ILDIX
  -------         ENDMOD        ?C?ILDIX

  -------         MODULE        ?C?ILDOPTR
  C:2254H         PUBLIC        ?C?ILDOPTR
  -------         ENDMOD        ?C?ILDOPTR

  -------         MODULE        ?C?ISTPTR
  C:228CH         PUBLIC        ?C?ISTPTR
  -------         ENDMOD        ?C?ISTPTR

  -------         MODULE        ?C?ISTOPTR
  C:22ABH         PUBLIC        ?C?ISTOPTR
  -------         ENDMOD        ?C?ISTOPTR

  -------         MODULE        ?C?ULCMP
BL51 BANKED LINKER/LOCATER V6.22                                                      04/21/2016  08:33:45  PAGE 74


  C:22D8H         PUBLIC        ?C?ULCMP
  -------         ENDMOD        ?C?ULCMP

  -------         MODULE        ?C?LSHL
  C:22E9H         PUBLIC        ?C?LSHL
  -------         ENDMOD        ?C?LSHL

  -------         MODULE        ?C?LLDOPTR
  C:22FCH         PUBLIC        ?C?LLDOPTR
  -------         ENDMOD        ?C?LLDOPTR

  -------         MODULE        ?C?LSTXDATA
  C:232CH         PUBLIC        ?C?LSTXDATA
  -------         ENDMOD        ?C?LSTXDATA

  -------         MODULE        ?C?LSTKXDATA
  C:2338H         PUBLIC        ?C?LSTKXDATA
  -------         ENDMOD        ?C?LSTKXDATA

  -------         MODULE        ?C?OFFX256
  C:2369H         PUBLIC        ?C?OFFX256
  -------         ENDMOD        ?C?OFFX256

  -------         MODULE        ?C?OFFXADD
  C:237AH         PUBLIC        ?C?OFFXADD
  -------         ENDMOD        ?C?OFFXADD

  -------         MODULE        ?C?CCASE
  C:2386H         PUBLIC        ?C?CCASE
  -------         ENDMOD        ?C?CCASE

  -------         MODULE        ?C?ICALL
  C:23ACH         PUBLIC        ?C?ICALL
  C:23B0H         PUBLIC        ?C?ICALL2
  -------         ENDMOD        ?C?ICALL

  -------         MODULE        PRINTF
  X:7B4BH         PUBLIC        ?_PRINTF517?BYTE
  X:7B4BH         PUBLIC        ?_PRINTF?BYTE
  X:7B4BH         PUBLIC        ?_SPRINTF517?BYTE
  X:7B4BH         PUBLIC        ?_SPRINTF?BYTE
  C:4714H         PUBLIC        _PRINTF
  C:4714H         PUBLIC        _PRINTF517
  C:470EH         PUBLIC        _SPRINTF
  C:470EH         PUBLIC        _SPRINTF517
  -------         ENDMOD        PRINTF

  -------         MODULE        TOINT
  C:6EDEH         PUBLIC        _TOINT
  -------         ENDMOD        TOINT

  -------         MODULE        ISXDIGIT
  C:6F2CH         PUBLIC        _isxdigit
  -------         ENDMOD        ISXDIGIT

  -------         MODULE        TOUPPER
  C:6FC2H         PUBLIC        _toupper
BL51 BANKED LINKER/LOCATER V6.22                                                      04/21/2016  08:33:45  PAGE 75


  -------         ENDMOD        TOUPPER

  -------         MODULE        STRNCMP
  X:7B3FH         PUBLIC        ?_strncmp?BYTE
  C:6884H         PUBLIC        _strncmp
  -------         ENDMOD        STRNCMP

  -------         MODULE        STRNCPY
  X:7B29H         PUBLIC        ?_strncpy?BYTE
  C:6A67H         PUBLIC        _strncpy
  -------         ENDMOD        STRNCPY

  -------         MODULE        STRLEN
  C:6FADH         PUBLIC        _STRLEN
  -------         ENDMOD        STRLEN

  -------         MODULE        ?C?MEMSET
  C:23B2H         PUBLIC        ?C?MEMSET
  -------         ENDMOD        ?C?MEMSET

  -------         MODULE        ?C?MEMCMPAMD
  C:253CH         PUBLIC        ?C?MEMCMPAMD
  -------         ENDMOD        ?C?MEMCMPAMD

  -------         MODULE        ?C?COPYAMD
  C:261CH         PUBLIC        ?C?COPYAMD
  -------         ENDMOD        ?C?COPYAMD

  -------         MODULE        ?C?STRCMPAMD
  C:2798H         PUBLIC        ?C?STRCMPAMD
  -------         ENDMOD        ?C?STRCMPAMD

  -------         MODULE        ?C?LLDIDATA
  C:27B5H         PUBLIC        ?C?LLDIDATA
  -------         ENDMOD        ?C?LLDIDATA

  -------         MODULE        ?C?LLDXDATA
  C:27C1H         PUBLIC        ?C?LLDXDATA
  -------         ENDMOD        ?C?LLDXDATA

  -------         MODULE        ?C?LLDPDATA
  C:27CDH         PUBLIC        ?C?LLDPDATA
  -------         ENDMOD        ?C?LLDPDATA

  -------         MODULE        ?C?LLDCODE
  C:27D9H         PUBLIC        ?C?LLDCODE
  -------         ENDMOD        ?C?LLDCODE

  -------         MODULE        ?C?PLDIXDATA
  C:27E9H         PUBLIC        ?C?PLDIXDATA
  -------         ENDMOD        ?C?PLDIXDATA

  -------         MODULE        ?C?PSTXDATA
  C:2800H         PUBLIC        ?C?PSTXDATA
  -------         ENDMOD        ?C?PSTXDATA

  -------         MODULE        PUTCHAR
BL51 BANKED LINKER/LOCATER V6.22                                                      04/21/2016  08:33:45  PAGE 76


  C:6F05H         PUBLIC        _PUTCHAR
  -------         ENDMOD        PUTCHAR

Program Size: data=37.0 xdata=31676 code=28640
LINK/LOCATE RUN COMPLETE.  0 WARNING(S),  0 ERROR(S)
