BL51 BANKED LINKER/LOCATER V6.22                                                        04/22/2016  18:21:44  PAGE 1


BL51 BANKED LINKER/LOCATER V6.22, INVOKED BY:
D:\KEIL_V5\C51\BIN\BL51.EXE GF2488-01F1-E1-RST.obj, .\NewLib9.LIB TO citrans550f RAMSIZE (256)


MEMORY MODEL: LARGE


INPUT MODULES INCLUDED:
  GF2488-01F1-E1-RST.obj (GF2488_01F1_E1_RST)
  .\NewLib9.LIB (TIMER)
  .\NewLib9.LIB (COMM)
  .\NewLib9.LIB (DEBUG)
  .\NewLib9.LIB (HDLC)
  .\NewLib9.LIB (?C_STARTUP)
  D:\KEIL_V5\C51\LIB\C51L.LIB (?C_INIT)
  D:\KEIL_V5\C51\LIB\C51L.LIB (?C?CLDPTR)
  D:\KEIL_V5\C51\LIB\C51L.LIB (?C?CLDOPTR)
  D:\KEIL_V5\C51\LIB\C51L.LIB (?C?CSTPTR)
  D:\KEIL_V5\C51\LIB\C51L.LIB (?C?CSTOPTR)
  D:\KEIL_V5\C51\LIB\C51L.LIB (?C?IMUL)
  D:\KEIL_V5\C51\LIB\C51L.LIB (?C?UIDIV)
  D:\KEIL_V5\C51\LIB\C51L.LIB (?C?SIDIV)
  D:\KEIL_V5\C51\LIB\C51L.LIB (?C?IILDX)
  D:\KEIL_V5\C51\LIB\C51L.LIB (?C?ILDIX)
  D:\KEIL_V5\C51\LIB\C51L.LIB (?C?ILDOPTR)
  D:\KEIL_V5\C51\LIB\C51L.LIB (?C?ISTPTR)
  D:\KEIL_V5\C51\LIB\C51L.LIB (?C?ISTOPTR)
  D:\KEIL_V5\C51\LIB\C51L.LIB (?C?ULCMP)
  D:\KEIL_V5\C51\LIB\C51L.LIB (?C?LSHL)
  D:\KEIL_V5\C51\LIB\C51L.LIB (?C?LLDOPTR)
  D:\KEIL_V5\C51\LIB\C51L.LIB (?C?LSTXDATA)
  D:\KEIL_V5\C51\LIB\C51L.LIB (?C?LSTKXDATA)
  D:\KEIL_V5\C51\LIB\C51L.LIB (?C?OFFX256)
  D:\KEIL_V5\C51\LIB\C51L.LIB (?C?OFFXADD)
  D:\KEIL_V5\C51\LIB\C51L.LIB (?C?CCASE)
  D:\KEIL_V5\C51\LIB\C51L.LIB (?C?ICALL)
  D:\KEIL_V5\C51\LIB\C51L.LIB (PRINTF)
  D:\KEIL_V5\C51\LIB\C51L.LIB (TOINT)
  D:\KEIL_V5\C51\LIB\C51L.LIB (ISXDIGIT)
  D:\KEIL_V5\C51\LIB\C51L.LIB (TOUPPER)
  D:\KEIL_V5\C51\LIB\C51L.LIB (STRNCMP)
  D:\KEIL_V5\C51\LIB\C51L.LIB (STRNCPY)
  D:\KEIL_V5\C51\LIB\C51L.LIB (STRLEN)
  D:\KEIL_V5\C51\LIB\C51L.LIB (?C?MEMSET)
  D:\KEIL_V5\C51\LIB\C51L.LIB (?C?MEMCMPAMD)
  D:\KEIL_V5\C51\LIB\C51L.LIB (?C?COPYAMD)
  D:\KEIL_V5\C51\LIB\C51L.LIB (?C?STRCMPAMD)
  D:\KEIL_V5\C51\LIB\C51L.LIB (?C?LLDIDATA)
  D:\KEIL_V5\C51\LIB\C51L.LIB (?C?LLDXDATA)
  D:\KEIL_V5\C51\LIB\C51L.LIB (?C?LLDPDATA)
  D:\KEIL_V5\C51\LIB\C51L.LIB (?C?LLDCODE)
  D:\KEIL_V5\C51\LIB\C51L.LIB (?C?PLDIXDATA)
  D:\KEIL_V5\C51\LIB\C51L.LIB (?C?PSTXDATA)
  D:\KEIL_V5\C51\LIB\C51L.LIB (PUTCHAR)


LINK MAP OF MODULE:  citrans550f (GF2488_01F1_E1_RST)

BL51 BANKED LINKER/LOCATER V6.22                                                      04/22/2016  18:21:44  PAGE 2



            TYPE    BASE      LENGTH    RELOCATION   SEGMENT NAME
            -----------------------------------------------------

            * * * * * * *   D A T A   M E M O R Y   * * * * * * *
            REG     0000H     0008H     ABSOLUTE     "REG BANK 0"
            REG     0008H     0008H     ABSOLUTE     "REG BANK 1"
            REG     0010H     0008H     ABSOLUTE     "REG BANK 2"
            DATA    0018H     0007H     UNIT         _DATA_GROUP_
            DATA    001FH     0001H     UNIT         ?DT?DEBUG
            DATA    0020H     0001H     BIT_ADDR     ?BA?GF2488_01F1_E1_RST
            DATA    0021H     0001H     BIT_ADDR     ?BA?COMM
            BIT     0022H.0   0001H.1   UNIT         _BIT_GROUP_
            BIT     0023H.1   0000H.6   UNIT         ?BI?COMM
            BIT     0023H.7   0000H.1   UNIT         ?BI?DEBUG
            IDATA   0024H     0001H     UNIT         ?STACK

            * * * * * * *  X D A T A   M E M O R Y  * * * * * * *
            XDATA   0000H     2000H     ABSOLUTE     
            XDATA   2000H     56DEH     UNIT         ?XD?GF2488_01F1_E1_RST
            XDATA   76DEH     0437H     UNIT         ?XD?COMM
            XDATA   7B15H     005EH     UNIT         _XDATA_GROUP_
            XDATA   7B73H     002AH     UNIT         ?XD?DEBUG
            XDATA   7B9DH     0010H     UNIT         ?XD?TIMER
            XDATA   7BADH     000FH     UNIT         ?XD?HDLC

            * * * * * * *   C O D E   M E M O R Y   * * * * * * *
            CODE    0000H     0003H     ABSOLUTE     
            CODE    0003H     0003H     ABSOLUTE     
            CODE    0006H     0007H     UNIT         ?PR?TIMER
            CODE    000DH     0004H     UNIT         ?C_INITSEG
            CODE    0011H     0001H     UNIT         ?PR?USERFUNC?GF2488_01F1_E1_RST
                    0012H     0001H                  *** GAP ***
            CODE    0013H     0003H     ABSOLUTE     
                    0016H     000DH                  *** GAP ***
            CODE    0023H     0003H     ABSOLUTE     
                    0026H     0005H                  *** GAP ***
            CODE    002BH     0003H     ABSOLUTE     
            CODE    002EH     0F6CH     UNIT         ?PR?GETDATA?GF2488_01F1_E1_RST
            CODE    0F9AH     0940H     UNIT         ?PR?PROCCMD?COMM
            CODE    18DAH     092AH     UNIT         ?PR?DEBUG?DEBUG
            CODE    2204H     06F8H     UNIT         ?C?LIB_CODE
            CODE    28FCH     0655H     UNIT         ?PR?_CALUAS?GF2488_01F1_E1_RST
            CODE    2F51H     0590H     UNIT         ?PR?COMM
            CODE    34E1H     0583H     UNIT         ?PR?CONFSET?GF2488_01F1_E1_RST
            CODE    3A64H     0529H     UNIT         ?PR?INITIOSW1021?GF2488_01F1_E1_RST
            CODE    3F8DH     0460H     UNIT         ?PR?_DOWNSOFT?COMM
            CODE    43EDH     03CCH     UNIT         ?PR?SELFCONF?GF2488_01F1_E1_RST
            CODE    47B9H     0365H     UNIT         ?PR?PRINTF?PRINTF
            CODE    4B1EH     02DCH     UNIT         ?PR?USERHDLC?GF2488_01F1_E1_RST
            CODE    4DFAH     024BH     UNIT         ?CO?COMM
            CODE    5045H     0243H     UNIT         ?PR?PROCALMDATA?COMM
            CODE    5288H     022FH     UNIT         ?CO?DEBUG
            CODE    54B7H     0214H     UNIT         ?PR?SOFTUPDATE?COMM
            CODE    56CBH     0211H     UNIT         ?PR?HDLCOK?HDLC
            CODE    58DCH     01DFH     UNIT         ?PR?PROCHISDATA?COMM
            CODE    5ABBH     01CDH     UNIT         ?PR?_VERSHOW?COMM
BL51 BANKED LINKER/LOCATER V6.22                                                      04/22/2016  18:21:44  PAGE 3


            CODE    5C88H     01B9H     UNIT         ?PR?UASQUARTER?GF2488_01F1_E1_RST
            CODE    5E41H     0118H     UNIT         ?PR?SCC1TX?HDLC
            CODE    5F59H     00FDH     UNIT         ?PR?CHECKSW1021INIT?GF2488_01F1_E1_RST
            CODE    6056H     00F9H     UNIT         ?PR?TIMERINTEP?TIMER
            CODE    614FH     00F8H     UNIT         ?PR?DEBUG
            CODE    6247H     00E2H     UNIT         ?PR?UASCLEAR?GF2488_01F1_E1_RST
            CODE    6329H     00D0H     UNIT         ?CO?GF2488_01F1_E1_RST
            CODE    63F9H     00CEH     UNIT         ?PR?MAIN?GF2488_01F1_E1_RST
            CODE    64C7H     00C5H     UNIT         ?PR?SCC2INTEP?DEBUG
            CODE    658CH     00BEH     UNIT         ?PR?_WRITEEXPECTJ2?GF2488_01F1_E1_RST
            CODE    664AH     00BDH     UNIT         ?C_C51STARTUP
            CODE    6707H     00AFH     UNIT         ?PR?_WRITETXJ2?GF2488_01F1_E1_RST
            CODE    67B6H     00AFH     UNIT         ?PR?_READBCTHEAD?COMM
            CODE    6865H     00A7H     UNIT         ?PR?HDLC
            CODE    690CH     0088H     UNIT         ?PR?COPYFLASH?COMM
            CODE    6994H     0087H     UNIT         ?PR?_STRNCMP?STRNCMP
            CODE    6A1BH     0083H     UNIT         ?PR?_READFPGAHEAD?COMM
            CODE    6A9EH     006EH     UNIT         ?PR?_PROGBAKFLASH?COMM
            CODE    6B0CH     006BH     UNIT         ?PR?RAMTEST?COMM
            CODE    6B77H     0068H     UNIT         ?PR?_STRNCPY?STRNCPY
            CODE    6BDFH     0066H     UNIT         ?PR?COMMVARINIT?COMM
            CODE    6C45H     0065H     UNIT         ?PR?_PROGRAM_ONE_BYTE?COMM
            CODE    6CAAH     005CH     UNIT         ?PR?_PROGRAMAPROM?COMM
            CODE    6D06H     005CH     UNIT         ?PR?SCC1INIT?HDLC
            CODE    6D62H     005BH     UNIT         ?PR?_CHECK_SST_39VF?COMM
            CODE    6DBDH     0056H     UNIT         ?PR?_MEMCRC?COMM
            CODE    6E13H     0050H     UNIT         ?PR?_CRCCCITT?COMM
            CODE    6E63H     0044H     UNIT         ?PR?SCC2INIT?DEBUG
            CODE    6EA7H     003DH     UNIT         ?PR?JUMPTOAUX?COMM
            CODE    6EE4H     003AH     UNIT         ?PR?ISPINIT?COMM
            CODE    6F1EH     0039H     UNIT         ?PR?TIMERINIT?TIMER
            CODE    6F57H     0038H     UNIT         ?PR?_ERASEFLASH?COMM
            CODE    6F8FH     0035H     UNIT         ?PR?HDLCERR?HDLC
            CODE    6FC4H     002AH     UNIT         ?PR?BOOTINIT?COMM
            CODE    6FEEH     0027H     UNIT         ?PR?TOINT?TOINT
            CODE    7015H     0027H     UNIT         ?PR?PUTCHAR?PUTCHAR
            CODE    703CH     0026H     UNIT         ?PR?_ISXDIGIT?ISXDIGIT
            CODE    7062H     0024H     UNIT         ?PR?_DELAY?TIMER
            CODE    7086H     0020H     UNIT         ?PR?_ERASEAPROM?COMM
            CODE    70A6H     0017H     UNIT         ?PR?RESET?COMM
            CODE    70BDH     0015H     UNIT         ?PR?_STRLEN?STRLEN
            CODE    70D2H     0011H     UNIT         ?PR?_TOUPPER?TOUPPER
            CODE    70E3H     0010H     UNIT         ?PR?TXDATA?DEBUG
            CODE    70F3H     0010H     UNIT         ?PR?SCC1HARDINIT?HDLC



OVERLAY MAP OF MODULE:   citrans550f (GF2488_01F1_E1_RST)


SEGMENT                                           BIT_GROUP          DATA_GROUP          XDATA_GROUP
  +--> CALLED SEGMENT                          START    LENGTH     START    LENGTH     START    LENGTH
------------------------------------------------------------------------------------------------------
?PR?TIMERINTEP?TIMER                           -----    -----      -----    -----      -----    -----
  +--> ?PR?TIMER
  +--> ?PR?SCC1HARDINIT?HDLC
  +--> ?PR?USERFUNC?GF2488_01F1_E1_RST
BL51 BANKED LINKER/LOCATER V6.22                                                      04/22/2016  18:21:44  PAGE 4



*** NEW ROOT ***************************************************

?PR?SCC2INTEP?DEBUG                            -----    -----      -----    -----      -----    -----
  +--> ?PR?_TOUPPER?TOUPPER
  +--> ?PR?DEBUG

?PR?DEBUG                                      -----    -----      -----    -----      -----    -----
  +--> ?CO?DEBUG

*** NEW ROOT ***************************************************

?PR?HDLCOK?HDLC                                -----    -----      -----    -----      -----    -----
  +--> ?PR?HDLC
  +--> ?PR?PROCCMD?COMM
  +--> ?PR?SCC1TX?HDLC

?PR?PROCCMD?COMM                               -----    -----      -----    -----      7B15H    000CH
  +--> ?PR?COMM
  +--> ?CO?COMM
  +--> ?PR?_STRLEN?STRLEN
  +--> ?CO?GF2488_01F1_E1_RST
  +--> ?PR?_READBCTHEAD?COMM
  +--> ?PR?_READFPGAHEAD?COMM
  +--> ?PR?_DOWNSOFT?COMM
  +--> ?PR?USERHDLC?GF2488_01F1_E1_RST
  +--> ?PR?_VERSHOW?COMM

?PR?COMM                                       -----    -----      -----    -----      -----    -----
  +--> ?CO?GF2488_01F1_E1_RST
  +--> ?CO?COMM

?PR?_READBCTHEAD?COMM                          -----    -----      -----    -----      7B26H    0003H
  +--> ?PR?COMM
  +--> ?CO?GF2488_01F1_E1_RST
  +--> ?PR?_STRNCPY?STRNCPY

?PR?_STRNCPY?STRNCPY                           -----    -----      -----    -----      7B29H    000AH

?PR?_READFPGAHEAD?COMM                         -----    -----      -----    -----      7B26H    0006H
  +--> ?PR?COMM

?PR?_DOWNSOFT?COMM                             -----    -----      -----    -----      7B21H    0005H
  +--> ?PR?COMM
  +--> ?PR?_READBCTHEAD?COMM
  +--> ?PR?_READFPGAHEAD?COMM
  +--> ?PR?_CRCCCITT?COMM

?PR?_CRCCCITT?COMM                             -----    -----      -----    -----      7B26H    0007H
  +--> ?PR?COMM

?PR?USERHDLC?GF2488_01F1_E1_RST                -----    -----      -----    -----      7B21H    0006H

?PR?_VERSHOW?COMM                              -----    -----      -----    -----      7B21H    0008H
  +--> ?PR?COMM
  +--> ?CO?COMM
  +--> ?PR?_STRLEN?STRLEN
BL51 BANKED LINKER/LOCATER V6.22                                                      04/22/2016  18:21:44  PAGE 5



?PR?SCC1TX?HDLC                                -----    -----      0018H    0002H      7B15H    0002H
  +--> ?PR?HDLC

*** NEW ROOT ***************************************************

?PR?HDLCERR?HDLC                               -----    -----      -----    -----      -----    -----
  +--> ?PR?HDLC

*** NEW ROOT ***************************************************

?C_C51STARTUP                                  -----    -----      -----    -----      -----    -----
  +--> ?PR?BOOTINIT?COMM
  +--> ?PR?MAIN?GF2488_01F1_E1_RST
  +--> ?C_INITSEG

?PR?BOOTINIT?COMM                              -----    -----      -----    -----      -----    -----
  +--> ?PR?COMM
  +--> ?PR?RAMTEST?COMM
  +--> ?PR?COMMVARINIT?COMM
  +--> ?PR?ISPINIT?COMM
  +--> ?PR?SCC2INIT?DEBUG
  +--> ?PR?SCC1INIT?HDLC
  +--> ?PR?TIMERINIT?TIMER

?PR?RAMTEST?COMM                               -----    -----      001AH    0002H      -----    -----
  +--> ?PR?COMM
  +--> ?PR?RESET?COMM

?PR?COMMVARINIT?COMM                           -----    -----      -----    -----      -----    -----
  +--> ?PR?COMM

?PR?SCC2INIT?DEBUG                             -----    -----      -----    -----      -----    -----
  +--> ?PR?DEBUG

?PR?MAIN?GF2488_01F1_E1_RST                    -----    -----      -----    -----      7B33H    0002H
  +--> ?PR?SELFCONF?GF2488_01F1_E1_RST
  +--> ?PR?CHECKSW1021INIT?GF2488_01F1_E1_RST
  +--> ?PR?INITIOSW1021?GF2488_01F1_E1_RST
  +--> ?PR?CONFSET?GF2488_01F1_E1_RST
  +--> ?PR?GETDATA?GF2488_01F1_E1_RST
  +--> ?PR?PROCALMDATA?COMM
  +--> ?PR?UASQUARTER?GF2488_01F1_E1_RST
  +--> ?PR?PROCHISDATA?COMM
  +--> ?PR?DEBUG?DEBUG

?PR?SELFCONF?GF2488_01F1_E1_RST                -----    -----      -----    -----      7B35H    0016H
  +--> ?CO?GF2488_01F1_E1_RST
  +--> ?PR?PRINTF?PRINTF

?PR?PRINTF?PRINTF                              0022H.0  0001H.1    001AH    0005H      7B4BH    0028H
  +--> ?PR?PUTCHAR?PUTCHAR

?PR?CHECKSW1021INIT?GF2488_01F1_E1_RST         -----    -----      -----    -----      7B35H    0004H

?PR?INITIOSW1021?GF2488_01F1_E1_RST            -----    -----      -----    -----      7B35H    0006H
  +--> ?PR?_DELAY?TIMER
BL51 BANKED LINKER/LOCATER V6.22                                                      04/22/2016  18:21:44  PAGE 6


  +--> ?CO?GF2488_01F1_E1_RST
  +--> ?PR?_WRITETXJ2?GF2488_01F1_E1_RST
  +--> ?PR?_WRITEEXPECTJ2?GF2488_01F1_E1_RST

?PR?_DELAY?TIMER                               -----    -----      -----    -----      -----    -----
  +--> ?PR?TIMER

?PR?_WRITETXJ2?GF2488_01F1_E1_RST              -----    -----      -----    -----      7B3FH    0009H

?PR?_WRITEEXPECTJ2?GF2488_01F1_E1_RST          -----    -----      -----    -----      7B3FH    0009H

?PR?CONFSET?GF2488_01F1_E1_RST                 -----    -----      -----    -----      7B39H    0006H
  +--> ?CO?GF2488_01F1_E1_RST
  +--> ?PR?_DELAY?TIMER
  +--> ?PR?_WRITETXJ2?GF2488_01F1_E1_RST
  +--> ?PR?_WRITEEXPECTJ2?GF2488_01F1_E1_RST

?PR?GETDATA?GF2488_01F1_E1_RST                 -----    -----      -----    -----      7B35H    0014H
  +--> ?PR?_DELAY?TIMER
  +--> ?PR?UASCLEAR?GF2488_01F1_E1_RST
  +--> ?PR?_CALUAS?GF2488_01F1_E1_RST

?PR?_CALUAS?GF2488_01F1_E1_RST                 -----    -----      -----    -----      7B49H    0004H

?PR?PROCALMDATA?COMM                           -----    -----      -----    -----      7B35H    0004H
  +--> ?PR?RESET?COMM
  +--> ?CO?GF2488_01F1_E1_RST
  +--> ?PR?_MEMCRC?COMM
  +--> ?PR?COMM
  +--> ?PR?CONFSET?GF2488_01F1_E1_RST
  +--> ?PR?SOFTUPDATE?COMM

?PR?_MEMCRC?COMM                               -----    -----      -----    -----      7B39H    0007H
  +--> ?PR?COMM

?PR?SOFTUPDATE?COMM                            -----    -----      -----    -----      7B39H    000AH
  +--> ?PR?_ERASEFLASH?COMM
  +--> ?PR?COMM
  +--> ?PR?COPYFLASH?COMM
  +--> ?PR?RESET?COMM
  +--> ?PR?_CHECK_SST_39VF?COMM
  +--> ?PR?_PROGBAKFLASH?COMM
  +--> ?PR?_ERASEAPROM?COMM
  +--> ?PR?_PROGRAMAPROM?COMM
  +--> ?PR?JUMPTOAUX?COMM

?PR?_ERASEFLASH?COMM                           -----    -----      -----    -----      -----    -----
  +--> ?PR?COMM
  +--> ?PR?_DELAY?TIMER

?PR?COPYFLASH?COMM                             -----    -----      -----    -----      7B43H    0009H
  +--> ?PR?COMM
  +--> ?PR?_PROGRAM_ONE_BYTE?COMM

?PR?_PROGRAM_ONE_BYTE?COMM                     -----    -----      -----    -----      7B4EH    0006H
  +--> ?PR?COMM

BL51 BANKED LINKER/LOCATER V6.22                                                      04/22/2016  18:21:44  PAGE 7


?PR?_CHECK_SST_39VF?COMM                       -----    -----      -----    -----      -----    -----
  +--> ?PR?COMM

?PR?_PROGBAKFLASH?COMM                         -----    -----      -----    -----      7B43H    000BH
  +--> ?PR?COMM
  +--> ?PR?_PROGRAM_ONE_BYTE?COMM

?PR?_PROGRAMAPROM?COMM                         -----    -----      -----    -----      7B43H    0007H

?PR?PROCHISDATA?COMM                           -----    -----      -----    -----      -----    -----
  +--> ?PR?COMM
  +--> ?CO?GF2488_01F1_E1_RST
  +--> ?PR?RESET?COMM
  +--> ?PR?_MEMCRC?COMM

?PR?DEBUG?DEBUG                                -----    -----      -----    -----      7B35H    000AH
  +--> ?PR?DEBUG
  +--> ?CO?DEBUG
  +--> ?PR?_DELAY?TIMER
  +--> ?PR?JUMPTOAUX?COMM
  +--> ?PR?PRINTF?PRINTF
  +--> ?PR?TOINT?TOINT
  +--> ?PR?_ISXDIGIT?ISXDIGIT
  +--> ?CO?GF2488_01F1_E1_RST
  +--> ?CO?COMM
  +--> ?PR?_STRNCMP?STRNCMP
  +--> ?PR?RESET?COMM
  +--> ?PR?_CHECK_SST_39VF?COMM
  +--> ?PR?TXDATA?DEBUG

?PR?_STRNCMP?STRNCMP                           -----    -----      -----    -----      7B3FH    0008H

?PR?TXDATA?DEBUG                               -----    -----      -----    -----      -----    -----
  +--> ?PR?DEBUG



SYMBOL TABLE OF MODULE:  citrans550f (GF2488_01F1_E1_RST)

  VALUE           TYPE          NAME
  ----------------------------------

  -------         MODULE        GF2488_01F1_E1_RST
  C:0000H         SYMBOL        _ICE_DUMMY_
  C:633CH         PUBLIC        g_usAlmNum
  B:0020H.7       PUBLIC        IO15
  C:3A64H         PUBLIC        InitioSw1021
  D:0090H         PUBLIC        P1
  D:00B0H         PUBLIC        P3
  C:5F59H         SYMBOL        checkSW1021Init
  C:633BH         PUBLIC        g_ucBoardCode
  X:2000H         PUBLIC        g_ucNoUseFlag
  D:00A8H         PUBLIC        IE
  X:203FH         PUBLIC        N1000
  X:20BDH         PUBLIC        ulSesLimit
  X:20BFH         PUBLIC        g_usiNoEs
  X:213DH         PUBLIC        g_usiNoUseBbe
BL51 BANKED LINKER/LOCATER V6.22                                                      04/22/2016  18:21:44  PAGE 8


  C:5C88H         PUBLIC        UasQuarter
  C:633AH         PUBLIC        g_ucAlmTypeNum
  C:43EDH         PUBLIC        SelfConf
  C:6247H         PUBLIC        UasClear
  C:658CH         SYMBOL        _writeExpectJ2
  D:00B8H         PUBLIC        IP
  C:002EH         PUBLIC        GetData
  X:21BBH         PUBLIC        ulEsLimit
  C:4B1EH         PUBLIC        UserHdlc
  C:63A4H         PUBLIC        SoftDate
  X:21BDH         PUBLIC        g_ucNoUseTime
  C:633EH         PUBLIC        g_usPmNum
  X:21FCH         PUBLIC        g_usiBbe
  X:227AH         PUBLIC        g_ucState
  X:23CCH         PUBLIC        g_ucConfData
  C:63F9H         PUBLIC        main
  C:6386H         PUBLIC        PcbTime
  X:2DCCH         PUBLIC        g_ucLineCode
  X:2E0CH         PUBLIC        g_usiCses
  C:6353H         PUBLIC        BoardSn
  C:0011H         PUBLIC        UserFunc
  C:63B0H         PUBLIC        SoftTime
  X:2E8AH         PUBLIC        first_conf
  D:0088H         PUBLIC        TCON
  C:34E1H         PUBLIC        ConfSet
  C:6339H         PUBLIC        g_ucPmTypeNum
  X:2E8BH         PUBLIC        sw1021Chip
  C:6391H         PUBLIC        BoardSoftVer
  X:2E8DH         PUBLIC        g_ucAlmCode
  X:2E9CH         PUBLIC        g_ucLineMask
  C:28FCH         PUBLIC        _CalUas
  X:2EDCH         PUBLIC        ulSesLmt
  X:2FD8H         PUBLIC        g_bClearUas
  X:2FD9H         PUBLIC        g_ucLofFlag
  X:3018H         PUBLIC        g_stuAlm
  D:0020H         PUBLIC        hio
  C:63B9H         PUBLIC        slot
  C:6341H         PUBLIC        SysName
  X:6576H         PUBLIC        g_usiOfs
  X:65F4H         PUBLIC        g_usiUas
  X:6672H         PUBLIC        actnumber
  X:6673H         PUBLIC        g_usiSes
  X:66F1H         PUBLIC        almnumber
  B:0090H.2       PUBLIC        IO2
  X:66F2H         PUBLIC        g_ucAlmMask
  C:6363H         PUBLIC        SoftVer
  B:0090H.5       PUBLIC        IO5
  B:0090H.6       PUBLIC        IO6
  B:0090H.7       PUBLIC        IO7
  X:6701H         PUBLIC        g_liError1s
  B:0020H.0       PUBLIC        IO8
  B:0020H.1       PUBLIC        IO9
  X:67FDH         PUBLIC        BIP_2_1S
  X:687BH         PUBLIC        g_usiEs
  D:00E8H         PUBLIC        EIE
  C:6337H         PUBLIC        g_usStateLen
  C:6376H         PUBLIC        PcbSn
BL51 BANKED LINKER/LOCATER V6.22                                                      04/22/2016  18:21:44  PAGE 9


  C:6335H         PUBLIC        g_usConfLen
  X:68F9H         PUBLIC        BIP
  X:6977H         PUBLIC        g_ucPmCode
  C:6340H         PUBLIC        g_ucLineNum
  D:00F8H         PUBLIC        EIP
  X:697EH         PUBLIC        g_ucUseTime
  X:69BDH         PUBLIC        g_ucAlmType
  X:69CCH         PUBLIC        BIP_2_1000S
  X:6A4AH         PUBLIC        g_stuPm
  D:0098H         PUBLIC        SCON0
  D:00C0H         PUBLIC        SCON1
  D:00C8H         PUBLIC        T2CON
  X:74A0H         PUBLIC        g_ucEsTime
  X:74DFH         PUBLIC        g_ucDefectFlag
  X:751EH         PUBLIC        g_ucPmMask
  C:634CH         PUBLIC        BoardName
  C:6707H         SYMBOL        _writeTxJ2
  X:7525H         PUBLIC        g_ucLinePmMask
  B:0020H.2       PUBLIC        IO10
  B:0020H.3       PUBLIC        IO11
  D:00D0H         PUBLIC        PSW
  B:0020H.4       PUBLIC        IO12
  B:0020H.5       PUBLIC        IO13
  D:00D8H         PUBLIC        WDCON
  B:0020H.6       PUBLIC        IO14
  -------         PROC          _CALUAS
  X:7B49H         SYMBOL        ulSesLmt
  -------         DO            
  X:7B4CH         SYMBOL        i
  -------         ENDDO         
  C:28FCH         LINE#         65
  C:2907H         LINE#         66
  C:2907H         LINE#         70
  C:2917H         LINE#         71
  C:2917H         LINE#         72
  C:2927H         LINE#         73
  C:2927H         LINE#         74
  C:297FH         LINE#         75
  C:297FH         LINE#         77
  C:29BBH         LINE#         78
  C:29C7H         LINE#         79
  C:29D3H         LINE#         80
  C:29E3H         LINE#         81
  C:29F3H         LINE#         82
  C:29F6H         LINE#         84
  C:29F6H         LINE#         85
  C:2A20H         LINE#         86
  C:2A20H         LINE#         87
  C:2A31H         LINE#         89
  C:2A4DH         LINE#         91
  C:2A4DH         LINE#         92
  C:2A76H         LINE#         93
  C:2AB7H         LINE#         94
  C:2AB7H         LINE#         95
  C:2AB9H         LINE#         96
  C:2AC9H         LINE#         97
  C:2AF7H         LINE#         98
BL51 BANKED LINKER/LOCATER V6.22                                                      04/22/2016  18:21:44  PAGE 10


  C:2AF7H         LINE#         99
  C:2B07H         LINE#         101
  C:2B29H         LINE#         103
  C:2B47H         LINE#         105
  C:2B6AH         LINE#         106
  C:2BA5H         LINE#         107
  C:2BB9H         LINE#         108
  C:2BC5H         LINE#         109
  C:2BCDH         LINE#         110
  C:2BCDH         LINE#         111
  C:2BCDH         LINE#         112
  C:2BD0H         LINE#         114
  C:2BD0H         LINE#         116
  C:2C2CH         LINE#         117
  C:2C2CH         LINE#         118
  C:2C42H         LINE#         119
  C:2C42H         LINE#         120
  C:2C53H         LINE#         122
  C:2C71H         LINE#         123
  C:2C7DH         LINE#         124
  C:2C7DH         LINE#         126
  C:2CAFH         LINE#         127
  C:2CB2H         LINE#         129
  C:2CB2H         LINE#         130
  C:2CDCH         LINE#         131
  C:2CDCH         LINE#         132
  C:2CF3H         LINE#         133
  C:2D0AH         LINE#         135
  C:2D0AH         LINE#         136
  C:2D33H         LINE#         137
  C:2D74H         LINE#         138
  C:2D74H         LINE#         139
  C:2D76H         LINE#         140
  C:2D8CH         LINE#         142
  C:2DAEH         LINE#         143
  C:2DD0H         LINE#         144
  C:2DF9H         LINE#         145
  C:2E08H         LINE#         147
  C:2E08H         LINE#         149
  C:2E08H         LINE#         151
  C:2E18H         LINE#         152
  C:2E2DH         LINE#         154
  C:2E5CH         LINE#         155
  C:2E8BH         LINE#         156
  C:2EBAH         LINE#         157
  C:2EE9H         LINE#         158
  C:2F18H         LINE#         159
  C:2F47H         LINE#         161
  C:2F50H         LINE#         163
  -------         ENDPROC       _CALUAS
  -------         PROC          UASCLEAR
  -------         DO            
  D:0007H         SYMBOL        i
  -------         ENDDO         
  C:6247H         LINE#         165
  C:6247H         LINE#         166
  C:6247H         LINE#         169
BL51 BANKED LINKER/LOCATER V6.22                                                      04/22/2016  18:21:44  PAGE 11


  C:6250H         LINE#         170
  C:6250H         LINE#         171
  C:6252H         LINE#         172
  C:6252H         LINE#         173
  C:625EH         LINE#         174
  C:626AH         LINE#         175
  C:6276H         LINE#         176
  C:6282H         LINE#         177
  C:628EH         LINE#         178
  C:629AH         LINE#         179
  C:62AAH         LINE#         180
  C:62BAH         LINE#         181
  C:62CAH         LINE#         182
  C:62DAH         LINE#         183
  C:62EAH         LINE#         184
  C:62FAH         LINE#         185
  C:630AH         LINE#         186
  C:631AH         LINE#         188
  C:6323H         LINE#         189
  C:6328H         LINE#         190
  C:6328H         LINE#         191
  -------         ENDPROC       UASCLEAR
  -------         PROC          UASQUARTER
  -------         DO            
  D:0007H         SYMBOL        i
  -------         ENDDO         
  C:5C88H         LINE#         208
  C:5C88H         LINE#         209
  C:5C88H         LINE#         211
  C:5C8AH         LINE#         212
  C:5C8AH         LINE#         213
  C:5C97H         LINE#         214
  C:5C97H         LINE#         215
  C:5CA3H         LINE#         217
  C:5CCCH         LINE#         218
  C:5CCEH         LINE#         220
  C:5CCEH         LINE#         221
  C:5CECH         LINE#         222
  C:5D0AH         LINE#         223
  C:5D2FH         LINE#         225
  C:5D2FH         LINE#         227
  C:5D5AH         LINE#         228
  C:5D85H         LINE#         229
  C:5DB0H         LINE#         230
  C:5DDBH         LINE#         231
  C:5E06H         LINE#         232
  C:5E31H         LINE#         234
  C:5E3AH         LINE#         235
  C:5E40H         LINE#         236
  -------         ENDPROC       UASQUARTER
  -------         PROC          _WRITETXJ2
  D:0001H         SYMBOL        chip
  X:7B40H         SYMBOL        witchJ2
  D:0003H         SYMBOL        Slot
  X:7B42H         SYMBOL        j2
  X:7B43H         SYMBOL        busB
  -------         DO            
BL51 BANKED LINKER/LOCATER V6.22                                                      04/22/2016  18:21:44  PAGE 12


  X:7B44H         SYMBOL        copOk
  D:0004H         SYMBOL        busBase
  X:7B46H         SYMBOL        i
  -------         ENDDO         
  C:6707H         LINE#         129
  C:670EH         LINE#         130
  C:670EH         LINE#         131
  C:6715H         LINE#         132
  C:6718H         LINE#         133
  C:671EH         LINE#         134
  C:6724H         LINE#         135
  C:6726H         LINE#         137
  C:6744H         LINE#         138
  C:6755H         LINE#         139
  C:6772H         LINE#         140
  C:677CH         LINE#         141
  C:679FH         LINE#         142
  C:67ADH         LINE#         143
  C:67B4H         LINE#         144
  C:67B5H         LINE#         147
  -------         ENDPROC       _WRITETXJ2
  -------         PROC          _WRITEEXPECTJ2
  D:0001H         SYMBOL        chip
  X:7B40H         SYMBOL        witchJ2
  D:0003H         SYMBOL        Slot
  X:7B42H         SYMBOL        j2
  X:7B43H         SYMBOL        busB
  -------         DO            
  X:7B44H         SYMBOL        copOk
  D:0004H         SYMBOL        busBase
  X:7B46H         SYMBOL        i
  -------         ENDDO         
  C:658CH         LINE#         149
  C:6593H         LINE#         150
  C:6593H         LINE#         151
  C:659AH         LINE#         152
  C:659DH         LINE#         153
  C:65A3H         LINE#         154
  C:65A9H         LINE#         155
  C:65ABH         LINE#         157
  C:65C9H         LINE#         158
  C:65E9H         LINE#         159
  C:6606H         LINE#         160
  C:6610H         LINE#         161
  C:6633H         LINE#         162
  C:6641H         LINE#         163
  C:6648H         LINE#         164
  C:6649H         LINE#         167
  -------         ENDPROC       _WRITEEXPECTJ2
  -------         PROC          GETDATA
  -------         DO            
  X:7B35H         SYMBOL        i
  X:7B36H         SYMBOL        m
  X:7B37H         SYMBOL        n
  X:7B38H         SYMBOL        mi
  X:7B39H         SYMBOL        ni
  D:0003H         SYMBOL        tmp
BL51 BANKED LINKER/LOCATER V6.22                                                      04/22/2016  18:21:44  PAGE 13


  D:0005H         SYMBOL        tmpi
  X:7B3AH         SYMBOL        ADCLK
  X:7B3BH         SYMBOL        PPILOS
  X:7B3CH         SYMBOL        TULOP
  X:7B3DH         SYMBOL        LPSLM
  X:7B3EH         SYMBOL        LPTIM
  X:7B3FH         SYMBOL        LPTIU
  X:7B40H         SYMBOL        LPRDI
  X:7B41H         SYMBOL        LPRFI
  X:7B42H         SYMBOL        LPUNEQ
  X:7B43H         SYMBOL        TUAIS
  X:7B44H         SYMBOL        PPIAIS
  X:7B45H         SYMBOL        LOOP
  X:7B46H         SYMBOL        LOOPL
  D:0001H         SYMBOL        tv5
  X:7B47H         SYMBOL        LPFEBE
  D:0006H         SYMBOL        HDB3
  -------         ENDDO         
  C:002EH         LINE#         182
  C:002EH         LINE#         183
  C:002EH         LINE#         187
  C:0033H         LINE#         188
  C:0037H         LINE#         189
  C:0040H         LINE#         190
  C:0051H         LINE#         191
  C:0051H         LINE#         193
  C:005EH         LINE#         194
  C:005EH         LINE#         195
  C:006EH         LINE#         197
  C:0084H         LINE#         199
  C:0087H         LINE#         201
  C:0087H         LINE#         202
  C:0093H         LINE#         203
  C:009CH         LINE#         204
  C:00A9H         LINE#         205
  C:00AEH         LINE#         207
  C:00C1H         LINE#         209
  C:00CDH         LINE#         210
  C:00DFH         LINE#         212
  C:00EEH         LINE#         214
  C:0103H         LINE#         216
  C:011AH         LINE#         217
  C:0145H         LINE#         218
  C:014BH         LINE#         219
  C:0152H         LINE#         232
  C:015EH         LINE#         233
  C:018FH         LINE#         234
  C:0195H         LINE#         235
  C:019CH         LINE#         236
  C:01A3H         LINE#         237
  C:01A8H         LINE#         238
  C:01ADH         LINE#         239
  C:01B2H         LINE#         240
  C:01B7H         LINE#         241
  C:01BCH         LINE#         244
  C:01E1H         LINE#         246
  C:0219H         LINE#         247
BL51 BANKED LINKER/LOCATER V6.22                                                      04/22/2016  18:21:44  PAGE 14


  C:021BH         LINE#         249
  C:0253H         LINE#         250
  C:0253H         LINE#         256
  C:0286H         LINE#         257
  C:0334H         LINE#         259
  C:0368H         LINE#         260
  C:03ACH         LINE#         262
  C:03DAH         LINE#         264
  C:03E0H         LINE#         265
  C:03E9H         LINE#         267
  C:041BH         LINE#         268
  C:041BH         LINE#         269
  C:0430H         LINE#         270
  C:0446H         LINE#         272
  C:0446H         LINE#         273
  C:0461H         LINE#         274
  C:0467H         LINE#         275
  C:0467H         LINE#         277
  C:049BH         LINE#         278
  C:04ACH         LINE#         280
  C:04B1H         LINE#         281
  C:04E5H         LINE#         283
  C:04E7H         LINE#         284
  C:04F7H         LINE#         285
  C:04F7H         LINE#         287
  C:04F9H         LINE#         289
  C:04F9H         LINE#         290
  C:050EH         LINE#         291
  C:0527H         LINE#         292
  C:053CH         LINE#         293
  C:053CH         LINE#         296
  C:055AH         LINE#         297
  C:056BH         LINE#         298
  C:0589H         LINE#         299
  C:059AH         LINE#         300
  C:05A0H         LINE#         301
  C:05A0H         LINE#         302
  C:05B5H         LINE#         303
  C:05C6H         LINE#         304
  C:05D7H         LINE#         308
  C:05DBH         LINE#         309
  C:05DEH         LINE#         311
  C:05DEH         LINE#         312
  C:05FBH         LINE#         313
  C:060CH         LINE#         314
  C:0629H         LINE#         315
  C:063AH         LINE#         316
  C:0657H         LINE#         317
  C:0668H         LINE#         325
  C:0685H         LINE#         326
  C:0696H         LINE#         327
  C:0696H         LINE#         328
  C:06B3H         LINE#         329
  C:06C4H         LINE#         330
  C:06E1H         LINE#         331
  C:06F2H         LINE#         332
  C:0736H         LINE#         333
BL51 BANKED LINKER/LOCATER V6.22                                                      04/22/2016  18:21:44  PAGE 15


  C:0756H         LINE#         334
  C:076FH         LINE#         335
  C:076FH         LINE#         337
  C:07A3H         LINE#         339
  C:07DEH         LINE#         340
  C:07EFH         LINE#         341
  C:07EFH         LINE#         343
  C:0818H         LINE#         344
  C:081EH         LINE#         346
  C:0851H         LINE#         347
  C:087CH         LINE#         348
  C:087CH         LINE#         349
  C:0880H         LINE#         350
  C:0893H         LINE#         351
  C:0895H         LINE#         353
  C:0895H         LINE#         354
  C:0899H         LINE#         355
  C:08CFH         LINE#         356
  C:08CFH         LINE#         357
  C:08CFH         LINE#         358
  C:08D8H         LINE#         360
  C:08DDH         LINE#         361
  C:08DDH         LINE#         362
  C:08E9H         LINE#         363
  C:08F2H         LINE#         364
  C:0905H         LINE#         368
  C:094DH         LINE#         371
  C:0957H         LINE#         372
  C:095CH         LINE#         373
  C:098CH         LINE#         374
  C:09B0H         LINE#         377
  C:09D9H         LINE#         381
  C:09E7H         LINE#         385
  C:09F1H         LINE#         386
  C:09F7H         LINE#         389
  C:09FDH         LINE#         390
  C:09FDH         LINE#         391
  C:0A02H         LINE#         392
  C:0A06H         LINE#         393
  C:0A11H         LINE#         394
  C:0A13H         LINE#         395
  C:0A25H         LINE#         396
  C:0A25H         LINE#         397
  C:0A32H         LINE#         398
  C:0A3FH         LINE#         399
  C:0A47H         LINE#         400
  C:0A47H         LINE#         401
  C:0A50H         LINE#         402
  C:0A50H         LINE#         403
  C:0A5EH         LINE#         404
  C:0A5EH         LINE#         405
  C:0A7CH         LINE#         406
  C:0A7CH         LINE#         407
  C:0A8DH         LINE#         408
  C:0A9AH         LINE#         409
  C:0A9CH         LINE#         411
  C:0A9CH         LINE#         412
BL51 BANKED LINKER/LOCATER V6.22                                                      04/22/2016  18:21:44  PAGE 16


  C:0AACH         LINE#         413
  C:0AB8H         LINE#         414
  C:0AB8H         LINE#         415
  C:0AC0H         LINE#         416
  C:0AC6H         LINE#         417
  C:0ACAH         LINE#         418
  C:0AD0H         LINE#         419
  C:0AD0H         LINE#         421
  C:0AD3H         LINE#         424
  C:0AD9H         LINE#         425
  C:0AD9H         LINE#         426
  C:0ADFH         LINE#         427
  C:0AE4H         LINE#         428
  C:0AE4H         LINE#         430
  C:0AEDH         LINE#         431
  C:0AEDH         LINE#         432
  C:0AF6H         LINE#         434
  C:0B08H         LINE#         435
  C:0B08H         LINE#         436
  C:0B2EH         LINE#         437
  C:0B57H         LINE#         438
  C:0B80H         LINE#         439
  C:0BA7H         LINE#         440
  C:0BB7H         LINE#         442
  C:0BC4H         LINE#         445
  C:0BEDH         LINE#         446
  C:0C16H         LINE#         450
  C:0C3EH         LINE#         451
  C:0C3EH         LINE#         452
  C:0C53H         LINE#         453
  C:0C5DH         LINE#         454
  C:0C60H         LINE#         456
  C:0C60H         LINE#         457
  C:0C86H         LINE#         458
  C:0CADH         LINE#         459
  C:0CC1H         LINE#         460
  C:0CE2H         LINE#         461
  C:0CE2H         LINE#         462
  C:0CE2H         LINE#         463
  C:0CFBH         LINE#         464
  C:0D04H         LINE#         465
  C:0D10H         LINE#         466
  C:0D10H         LINE#         467
  C:0D12H         LINE#         469
  C:0D12H         LINE#         470
  C:0D2FH         LINE#         471
  C:0D44H         LINE#         472
  C:0D50H         LINE#         473
  C:0D64H         LINE#         474
  C:0D67H         LINE#         476
  C:0D67H         LINE#         479
  C:0D91H         LINE#         480
  C:0D91H         LINE#         481
  C:0DAEH         LINE#         482
  C:0DC2H         LINE#         483
  C:0DCBH         LINE#         484
  C:0DDFH         LINE#         485
BL51 BANKED LINKER/LOCATER V6.22                                                      04/22/2016  18:21:44  PAGE 17


  C:0DF3H         LINE#         486
  C:0DFDH         LINE#         487
  C:0E00H         LINE#         492
  C:0E00H         LINE#         495
  C:0E24H         LINE#         496
  C:0E24H         LINE#         497
  C:0E41H         LINE#         498
  C:0E55H         LINE#         499
  C:0E5EH         LINE#         500
  C:0E72H         LINE#         501
  C:0E86H         LINE#         502
  C:0E90H         LINE#         503
  C:0E93H         LINE#         504
  C:0E93H         LINE#         505
  C:0E96H         LINE#         507
  C:0E96H         LINE#         510
  C:0EB2H         LINE#         511
  C:0EB2H         LINE#         512
  C:0ECBH         LINE#         513
  C:0EE2H         LINE#         514
  C:0EEBH         LINE#         515
  C:0EFFH         LINE#         516
  C:0F13H         LINE#         517
  C:0F23H         LINE#         518
  C:0F25H         LINE#         520
  C:0F3BH         LINE#         521
  C:0F3BH         LINE#         522
  C:0F3BH         LINE#         523
  C:0F3BH         LINE#         527
  C:0F44H         LINE#         529
  C:0F49H         LINE#         531
  C:0F49H         LINE#         547
  C:0F4FH         LINE#         551
  C:0F5EH         LINE#         552
  C:0F62H         LINE#         554
  C:0F64H         LINE#         555
  C:0F6AH         LINE#         556
  C:0F72H         LINE#         558
  C:0F77H         LINE#         559
  C:0F7DH         LINE#         560
  C:0F85H         LINE#         562
  C:0F8AH         LINE#         563
  C:0F8DH         LINE#         564
  C:0F94H         LINE#         566
  C:0F99H         LINE#         568
  -------         ENDPROC       GETDATA
  -------         PROC          USERFUNC
  C:0011H         LINE#         584
  C:0011H         LINE#         587
  -------         ENDPROC       USERFUNC
  -------         PROC          CONFSET
  -------         DO            
  X:7B39H         SYMBOL        i
  X:7B3AH         SYMBOL        j
  X:7B3BH         SYMBOL        ilong
  X:7B3CH         SYMBOL        m
  X:7B3DH         SYMBOL        n
BL51 BANKED LINKER/LOCATER V6.22                                                      04/22/2016  18:21:44  PAGE 18


  X:7B3EH         SYMBOL        temp
  -------         ENDDO         
  C:34E1H         LINE#         602
  C:34E1H         LINE#         603
  C:34E1H         LINE#         608
  C:34E9H         LINE#         609
  C:34F1H         LINE#         610
  C:34F9H         LINE#         611
  C:3501H         LINE#         612
  C:3509H         LINE#         613
  C:3511H         LINE#         614
  C:3519H         LINE#         615
  C:352BH         LINE#         616
  C:3535H         LINE#         617
  C:3540H         LINE#         618
  C:3553H         LINE#         620
  C:358FH         LINE#         621
  C:35A5H         LINE#         622
  C:35D9H         LINE#         623
  C:35EFH         LINE#         625
  C:35FFH         LINE#         628
  C:3635H         LINE#         629
  C:3644H         LINE#         630
  C:3672H         LINE#         632
  C:3682H         LINE#         633
  C:368FH         LINE#         634
  C:369CH         LINE#         635
  C:369FH         LINE#         636
  C:36D3H         LINE#         637
  C:36E0H         LINE#         638
  C:36F3H         LINE#         639
  C:36F3H         LINE#         641
  C:3724H         LINE#         642
  C:3729H         LINE#         643
  C:375DH         LINE#         644
  C:376EH         LINE#         645
  C:377AH         LINE#         646
  C:3786H         LINE#         647
  C:3786H         LINE#         648
  C:3786H         LINE#         649
  C:37CDH         LINE#         650
  C:37EAH         LINE#         655
  C:37FCH         LINE#         656
  C:37FCH         LINE#         657
  C:3807H         LINE#         658
  C:380CH         LINE#         661
  C:384CH         LINE#         662
  C:388CH         LINE#         664
  C:38CDH         LINE#         665
  C:390EH         LINE#         666
  C:3917H         LINE#         668
  C:392AH         LINE#         669
  C:392AH         LINE#         670
  C:3937H         LINE#         671
  C:3943H         LINE#         672
  C:3945H         LINE#         674
  C:3945H         LINE#         675
BL51 BANKED LINKER/LOCATER V6.22                                                      04/22/2016  18:21:44  PAGE 19


  C:3953H         LINE#         676
  C:3960H         LINE#         677
  C:3960H         LINE#         682
  C:3969H         LINE#         686
  C:396EH         LINE#         687
  C:396EH         LINE#         689
  C:397EH         LINE#         690
  C:397EH         LINE#         691
  C:399EH         LINE#         692
  C:399EH         LINE#         693
  C:39ABH         LINE#         694
  C:39ADH         LINE#         695
  C:39ADH         LINE#         697
  C:39BCH         LINE#         699
  C:39C4H         LINE#         700
  C:39CEH         LINE#         702
  C:39D3H         LINE#         703
  C:39D3H         LINE#         705
  C:39E3H         LINE#         706
  C:39E3H         LINE#         707
  C:3A03H         LINE#         708
  C:3A03H         LINE#         709
  C:3A10H         LINE#         710
  C:3A12H         LINE#         711
  C:3A12H         LINE#         713
  C:3A21H         LINE#         714
  C:3A29H         LINE#         715
  C:3A33H         LINE#         717
  C:3A48H         LINE#         718
  C:3A5BH         LINE#         726
  C:3A63H         LINE#         727
  -------         ENDPROC       CONFSET
  -------         PROC          USERHDLC
  -------         DO            
  X:7B21H         SYMBOL        i
  X:7B22H         SYMBOL        m
  X:7B23H         SYMBOL        n
  X:7B24H         SYMBOL        temp
  X:7B25H         SYMBOL        addr
  -------         ENDDO         
  C:4B1EH         LINE#         743
  C:4B1EH         LINE#         744
  C:4B1EH         LINE#         748
  C:4B24H         LINE#         749
  C:4B24H         LINE#         750
  C:4B2AH         LINE#         751
  C:4B2AH         LINE#         752
  C:4B2AH         LINE#         753
  C:4B2CH         LINE#         754
  C:4B30H         LINE#         755
  C:4B30H         LINE#         756
  C:4B35H         LINE#         757
  C:4B35H         LINE#         758
  C:4B35H         LINE#         761
  C:4B55H         LINE#         762
  C:4B55H         LINE#         763
  C:4B55H         LINE#         764
BL51 BANKED LINKER/LOCATER V6.22                                                      04/22/2016  18:21:44  PAGE 20


  C:4B61H         LINE#         765
  C:4B61H         LINE#         766
  C:4B75H         LINE#         767
  C:4B78H         LINE#         769
  C:4B94H         LINE#         770
  C:4B94H         LINE#         771
  C:4BA4H         LINE#         772
  C:4BAFH         LINE#         773
  C:4BB8H         LINE#         775
  C:4BCBH         LINE#         776
  C:4BD6H         LINE#         777
  C:4C07H         LINE#         778
  C:4C09H         LINE#         779
  C:4C3AH         LINE#         780
  C:4C3AH         LINE#         781
  C:4C3FH         LINE#         782
  C:4C48H         LINE#         783
  C:4C48H         LINE#         784
  C:4C50H         LINE#         785
  C:4C50H         LINE#         786
  C:4C64H         LINE#         787
  C:4C6BH         LINE#         789
  C:4C87H         LINE#         790
  C:4C87H         LINE#         791
  C:4C97H         LINE#         792
  C:4CA2H         LINE#         793
  C:4CABH         LINE#         795
  C:4CBEH         LINE#         796
  C:4CC9H         LINE#         797
  C:4CFAH         LINE#         798
  C:4CFCH         LINE#         799
  C:4D2DH         LINE#         800
  C:4D2DH         LINE#         801
  C:4D32H         LINE#         802
  C:4D3BH         LINE#         803
  C:4D3BH         LINE#         805
  C:4D3BH         LINE#         807
  C:4D3BH         LINE#         808
  C:4D50H         LINE#         809
  C:4D55H         LINE#         810
  C:4D57H         LINE#         811
  C:4D59H         LINE#         812
  C:4D5DH         LINE#         814
  C:4D62H         LINE#         815
  C:4D90H         LINE#         816
  C:4D96H         LINE#         817
  C:4D97H         LINE#         819
  C:4D97H         LINE#         820
  C:4DADH         LINE#         821
  C:4DB6H         LINE#         822
  C:4DBBH         LINE#         823
  C:4DBDH         LINE#         824
  C:4DBFH         LINE#         825
  C:4DC3H         LINE#         826
  C:4DC8H         LINE#         827
  C:4DF7H         LINE#         828
  C:4DF7H         LINE#         830
BL51 BANKED LINKER/LOCATER V6.22                                                      04/22/2016  18:21:44  PAGE 21


  C:4DF7H         LINE#         831
  C:4DF7H         LINE#         832
  C:4DF9H         LINE#         833
  C:4DF9H         LINE#         837
  C:4DF9H         LINE#         838
  C:4DF9H         LINE#         847
  C:4DF9H         LINE#         848
  C:4DF9H         LINE#         850
  -------         ENDPROC       USERHDLC
  -------         PROC          SELFCONF
  -------         DO            
  X:7B35H         SYMBOL        i
  X:7B37H         SYMBOL        j
  X:7B39H         SYMBOL        ctt
  D:0007H         SYMBOL        ucii
  -------         ENDDO         
  C:43EDH         LINE#         886
  C:43EDH         LINE#         887
  C:43EDH         LINE#         893
  C:43F3H         LINE#         894
  C:43F9H         LINE#         897
  C:440FH         LINE#         898
  C:442EH         LINE#         900
  C:4445H         LINE#         901
  C:4464H         LINE#         903
  C:447BH         LINE#         904
  C:449AH         LINE#         906
  C:44A4H         LINE#         909
  C:44BBH         LINE#         910
  C:44DAH         LINE#         911
  C:44F1H         LINE#         912
  C:4510H         LINE#         921
  C:4516H         LINE#         926
  C:451DH         LINE#         927
  C:454DH         LINE#         928
  C:4564H         LINE#         929
  C:4564H         LINE#         930
  C:4570H         LINE#         932
  C:4580H         LINE#         940
  C:4586H         LINE#         941
  C:458BH         LINE#         943
  C:4593H         LINE#         944
  C:459CH         LINE#         946
  C:45A2H         LINE#         947
  C:45A6H         LINE#         948
  C:45AAH         LINE#         949
  C:45AEH         LINE#         950
  C:45B2H         LINE#         952
  C:45B6H         LINE#         956
  C:45BCH         LINE#         958
  C:45C2H         LINE#         959
  C:45C6H         LINE#         960
  C:45CAH         LINE#         961
  C:45CEH         LINE#         962
  C:45D2H         LINE#         963
  C:45D5H         LINE#         964
  C:45DAH         LINE#         965
BL51 BANKED LINKER/LOCATER V6.22                                                      04/22/2016  18:21:44  PAGE 22


  C:45DFH         LINE#         967
  C:45E3H         LINE#         968
  C:45E7H         LINE#         969
  C:45EAH         LINE#         970
  C:45EEH         LINE#         971
  C:45F2H         LINE#         973
  C:45F5H         LINE#         974
  C:45F9H         LINE#         976
  C:45FEH         LINE#         977
  C:4600H         LINE#         978
  C:4602H         LINE#         979
  C:4606H         LINE#         980
  C:4608H         LINE#         981
  C:460AH         LINE#         982
  C:460EH         LINE#         983
  C:4612H         LINE#         984
  C:4614H         LINE#         985
  C:4617H         LINE#         986
  C:461BH         LINE#         987
  C:461DH         LINE#         988
  C:4620H         LINE#         989
  C:4622H         LINE#         990
  C:4624H         LINE#         996
  C:462AH         LINE#         997
  C:462AH         LINE#         998
  C:4631H         LINE#         999
  C:4631H         LINE#         1000
  C:4662H         LINE#         1001
  C:467DH         LINE#         1002
  C:4697H         LINE#         1003
  C:46B4H         LINE#         1005
  C:46BAH         LINE#         1006
  C:46BEH         LINE#         1008
  C:46C4H         LINE#         1009
  C:46C8H         LINE#         1011
  C:46CEH         LINE#         1012
  C:46D2H         LINE#         1015
  C:46D9H         LINE#         1016
  C:46D9H         LINE#         1017
  C:46E0H         LINE#         1018
  C:46E0H         LINE#         1019
  C:4711H         LINE#         1020
  C:472CH         LINE#         1021
  C:4746H         LINE#         1022
  C:4763H         LINE#         1024
  C:477AH         LINE#         1025
  C:477AH         LINE#         1026
  C:4797H         LINE#         1027
  C:47A8H         LINE#         1028
  C:47B8H         LINE#         1029
  -------         ENDPROC       SELFCONF
  -------         PROC          INITIOSW1021
  -------         DO            
  X:7B35H         SYMBOL        i
  X:7B37H         SYMBOL        j
  X:7B39H         SYMBOL        m
  X:7B3AH         SYMBOL        n
BL51 BANKED LINKER/LOCATER V6.22                                                      04/22/2016  18:21:44  PAGE 23


  -------         ENDDO         
  C:3A64H         LINE#         1046
  C:3A64H         LINE#         1047
  C:3A64H         LINE#         1051
  C:3A69H         LINE#         1053
  C:3A82H         LINE#         1054
  C:3A82H         LINE#         1055
  C:3A96H         LINE#         1056
  C:3A9BH         LINE#         1057
  C:3AB1H         LINE#         1063
  C:3ABDH         LINE#         1064
  C:3ACAH         LINE#         1066
  C:3AD7H         LINE#         1068
  C:3AE4H         LINE#         1071
  C:3AF0H         LINE#         1072
  C:3AFCH         LINE#         1075
  C:3B03H         LINE#         1076
  C:3B54H         LINE#         1078
  C:3B60H         LINE#         1084
  C:3B6DH         LINE#         1085
  C:3B7AH         LINE#         1086
  C:3B87H         LINE#         1092
  C:3B94H         LINE#         1095
  C:3C03H         LINE#         1096
  C:3C79H         LINE#         1097
  C:3CEFH         LINE#         1098
  C:3D65H         LINE#         1101
  C:3D82H         LINE#         1103
  C:3D99H         LINE#         1104
  C:3DA4H         LINE#         1106
  C:3DB5H         LINE#         1109
  C:3DBCH         LINE#         1110
  C:3DBCH         LINE#         1111
  C:3DD3H         LINE#         1112
  C:3DE1H         LINE#         1113
  C:3DFBH         LINE#         1114
  C:3DFBH         LINE#         1115
  C:3E02H         LINE#         1116
  C:3E02H         LINE#         1117
  C:3E2AH         LINE#         1118
  C:3E54H         LINE#         1120
  C:3E7FH         LINE#         1121
  C:3EA6H         LINE#         1122
  C:3EA9H         LINE#         1124
  C:3EA9H         LINE#         1126
  C:3ED1H         LINE#         1127
  C:3EF9H         LINE#         1129
  C:3F22H         LINE#         1130
  C:3F4BH         LINE#         1131
  C:3F4BH         LINE#         1132
  C:3F5CH         LINE#         1133
  C:3F7CH         LINE#         1135
  C:3F7EH         LINE#         1136
  C:3F80H         LINE#         1137
  C:3F82H         LINE#         1138
  C:3F84H         LINE#         1139
  C:3F86H         LINE#         1140
BL51 BANKED LINKER/LOCATER V6.22                                                      04/22/2016  18:21:44  PAGE 24


  C:3F8CH         LINE#         1142
  -------         ENDPROC       INITIOSW1021
  -------         PROC          CHECKSW1021INIT
  -------         DO            
  X:7B35H         SYMBOL        ret
  D:0002H         SYMBOL        i
  X:7B37H         SYMBOL        j
  D:0004H         SYMBOL        reg
  C:604DH         SYMBOL        quit
  -------         ENDDO         
  C:5F59H         LINE#         1156
  C:5F59H         LINE#         1157
  C:5F59H         LINE#         1158
  C:5F60H         LINE#         1161
  C:5F62H         LINE#         1162
  C:5F62H         LINE#         1163
  C:5F74H         LINE#         1164
  C:5F7AH         LINE#         1165
  C:5F7AH         LINE#         1166
  C:5F7DH         LINE#         1167
  C:5F7DH         LINE#         1168
  C:5F8FH         LINE#         1169
  C:5F95H         LINE#         1170
  C:5F95H         LINE#         1171
  C:5F98H         LINE#         1172
  C:5F98H         LINE#         1174
  C:5FA8H         LINE#         1175
  C:5FABH         LINE#         1176
  C:5FABH         LINE#         1177
  C:5FADH         LINE#         1178
  C:5FADH         LINE#         1180
  C:5FBDH         LINE#         1181
  C:5FC0H         LINE#         1182
  C:5FC0H         LINE#         1183
  C:5FC2H         LINE#         1184
  C:5FC2H         LINE#         1186
  C:5FDBH         LINE#         1187
  C:601FH         LINE#         1188
  C:6025H         LINE#         1189
  C:602DH         LINE#         1190
  C:602FH         LINE#         1191
  C:602FH         LINE#         1192
  C:603FH         LINE#         1194
  C:604DH         LINE#         1195
  C:604DH         LINE#         1196
  C:6055H         LINE#         1197
  -------         ENDPROC       CHECKSW1021INIT
  -------         PROC          MAIN
  -------         DO            
  D:0007H         SYMBOL        i
  X:7B33H         SYMBOL        ret
  -------         ENDDO         
  C:63F9H         LINE#         1212
  C:63F9H         LINE#         1213
  C:63F9H         LINE#         1215
  C:6400H         LINE#         1218
  C:6403H         LINE#         1220
BL51 BANKED LINKER/LOCATER V6.22                                                      04/22/2016  18:21:44  PAGE 25


  C:640EH         LINE#         1221
  C:6411H         LINE#         1222
  C:6414H         LINE#         1224
  C:6414H         LINE#         1225
  C:6414H         LINE#         1230
  C:641AH         LINE#         1239
  C:6425H         LINE#         1240
  C:6428H         LINE#         1241
  C:642BH         LINE#         1242
  C:642EH         LINE#         1243
  C:6431H         LINE#         1244
  C:6431H         LINE#         1246
  C:6434H         LINE#         1247
  C:6437H         LINE#         1249
  C:6440H         LINE#         1250
  C:6440H         LINE#         1251
  C:6443H         LINE#         1252
  C:6445H         LINE#         1253
  C:6445H         LINE#         1254
  C:646AH         LINE#         1255
  C:648FH         LINE#         1256
  C:64B4H         LINE#         1257
  C:64B9H         LINE#         1258
  C:64BCH         LINE#         1259
  C:64C1H         LINE#         1260
  C:64C1H         LINE#         1262
  C:64C4H         LINE#         1263
  -------         ENDPROC       MAIN
  -------         ENDMOD        GF2488_01F1_E1_RST

  -------         MODULE        TIMER
  C:0000H         SYMBOL        _ICE_DUMMY_
  D:0090H         PUBLIC        P1
  D:00B0H         PUBLIC        P3
  C:6056H         PUBLIC        TimerIntep
  X:7B9DH         PUBLIC        g_LampEn
  X:7B9EH         SYMBOL        g_ucTenMs
  D:00A8H         PUBLIC        IE
  D:00C7H         PUBLIC        TA
  D:00B8H         PUBLIC        IP
  C:6F1EH         PUBLIC        TimerInit
  X:7B9FH         PUBLIC        g_SecondFlag
  X:7BA0H         PUBLIC        g_QuarterFlag
  D:0088H         PUBLIC        TCON
  X:7BA1H         SYMBOL        ucInActTime
  B:00C8H.7       PUBLIC        TF2
  X:7BA2H         PUBLIC        g_ulResetSec
  D:00E8H         PUBLIC        EIE
  X:7BA6H         PUBLIC        g_stuSysClock
  D:00F8H         PUBLIC        EIP
  D:0098H         PUBLIC        SCON0
  D:00C0H         PUBLIC        SCON1
  D:00C8H         PUBLIC        T2CON
  C:7062H         PUBLIC        _Delay
  D:00D0H         PUBLIC        PSW
  D:00D8H         PUBLIC        WDCON
  B:00D8H.0       PUBLIC        RWT
BL51 BANKED LINKER/LOCATER V6.22                                                      04/22/2016  18:21:44  PAGE 26


  C:0006H         SYMBOL        Com0013
  C:0006H         SYMBOL        L?0020
  C:0006H         SYMBOL        L?0021
  -------         PROC          COM0013
  -------         ENDPROC       COM0013
  -------         PROC          TIMERINTEP
  C:6056H         LINE#         37
  C:606CH         LINE#         39
  C:606EH         LINE#         41
  C:6074H         LINE#         42
  C:6081H         LINE#         43
  C:6081H         LINE#         45
  C:6087H         LINE#         46
  C:6087H         LINE#         48
  C:6089H         LINE#         54
  C:6089H         LINE#         57
  C:608CH         LINE#         60
  C:6094H         LINE#         61
  C:6094H         LINE#         62
  C:6098H         LINE#         63
  C:609BH         LINE#         64
  C:60A1H         LINE#         65
  C:60C0H         LINE#         67
  C:60C6H         LINE#         68
  C:60C6H         LINE#         69
  C:60D1H         LINE#         70
  C:60D1H         LINE#         71
  C:60D3H         LINE#         72
  C:60D7H         LINE#         74
  C:60DCH         LINE#         76
  C:60E1H         LINE#         77
  C:60E4H         LINE#         78
  C:60E4H         LINE#         79
  C:60E6H         LINE#         81
  C:60E6H         LINE#         82
  C:60EBH         LINE#         83
  C:60EFH         LINE#         84
  C:60F4H         LINE#         85
  C:60F4H         LINE#         87
  C:60FCH         LINE#         88
  C:60FCH         LINE#         89
  C:60FDH         LINE#         90
  C:6103H         LINE#         92
  C:610DH         LINE#         93
  C:6114H         LINE#         94
  C:6117H         LINE#         95
  C:611CH         LINE#         97
  C:6125H         LINE#         98
  C:6125H         LINE#         99
  C:6127H         LINE#         100
  C:612DH         LINE#         101
  C:6133H         LINE#         102
  C:6133H         LINE#         103
  C:6135H         LINE#         104
  C:613BH         LINE#         105
  C:613BH         LINE#         106
  C:613BH         LINE#         107
BL51 BANKED LINKER/LOCATER V6.22                                                      04/22/2016  18:21:44  PAGE 27


  C:613BH         LINE#         108
  C:613BH         LINE#         109
  C:613BH         LINE#         111
  C:613EH         LINE#         132
  -------         ENDPROC       TIMERINTEP
  -------         PROC          TIMERINIT
  C:6F1EH         LINE#         148
  C:6F1EH         LINE#         149
  C:6F1EH         LINE#         171
  C:6F24H         LINE#         172
  C:6F28H         LINE#         173
  C:6F2CH         LINE#         174
  C:6F30H         LINE#         175
  C:6F33H         LINE#         176
  C:6F35H         LINE#         177
  C:6F37H         LINE#         179
  C:6F3BH         LINE#         180
  C:6F3DH         LINE#         181
  C:6F41H         LINE#         182
  C:6F43H         LINE#         184
  C:6F4DH         LINE#         185
  C:6F52H         LINE#         187
  C:6F56H         LINE#         192
  -------         ENDPROC       TIMERINIT
  -------         PROC          _DELAY
  D:0007H         SYMBOL        uc10ms
  -------         DO            
  D:0006H         SYMBOL        ucLastTime
  -------         ENDDO         
  C:7062H         LINE#         208
  C:7062H         LINE#         209
  C:7062H         LINE#         212
  C:7067H         LINE#         213
  C:706DH         LINE#         214
  C:706DH         LINE#         216
  C:7075H         LINE#         217
  C:7075H         LINE#         218
  C:707DH         LINE#         220
  C:7080H         LINE#         222
  C:7081H         LINE#         223
  C:7083H         LINE#         224
  C:7083H         LINE#         225
  C:7085H         LINE#         226
  -------         ENDPROC       _DELAY
  -------         ENDMOD        TIMER

  -------         MODULE        COMM
  C:0000H         SYMBOL        _ICE_DUMMY_
  D:0090H         PUBLIC        P1
  X:76DEH         PUBLIC        g_AllClrFlag
  B:0023H.1       SYMBOL        ResetFlag
  D:00B0H         PUBLIC        P3
  B:0023H.2       SYMBOL        updateFlag
  D:00A5H         PUBLIC        P4
  C:70B7H         PUBLIC        RESET
  X:76DFH         SYMBOL        usiCrcTemp
  B:00A8H.7       PUBLIC        EA
BL51 BANKED LINKER/LOCATER V6.22                                                      04/22/2016  18:21:44  PAGE 28


  X:76E1H         PUBLIC        sysErrCode
  B:0023H.3       PUBLIC        HotBoot_f
  C:67B6H         SYMBOL        _ReadBctHead
  D:00A8H         PUBLIC        IE
  C:6EA7H         PUBLIC        JumpToAux
  B:0023H.4       SYMBOL        isRecOK
  X:76E2H         SYMBOL        PmCodeCRC
  D:00C7H         PUBLIC        TA
  C:4E30H         PUBLIC        LibDate
  D:00B8H         PUBLIC        IP
  X:76E4H         SYMBOL        g_ConfChange
  C:6A9EH         SYMBOL        _ProgBakFlash
  D:0021H         PUBLIC        outport
  B:0023H.5       SYMBOL        isBakRun
  C:4E45H         PUBLIC        crc_table
  C:54B7H         SYMBOL        softUpdate
  C:6D62H         PUBLIC        _Check_SST_39VF
  B:0021H.1       PUBLIC        HOLD
  B:0021H.6       PUBLIC        LSCE
  C:4E3CH         PUBLIC        LibTime
  C:0F9AH         PUBLIC        ProcCmd
  C:6FC4H         PUBLIC        BootInit
  X:76E5H         PUBLIC        g_buffcom
  C:5045H         PUBLIC        ProcAlmData
  C:690CH         SYMBOL        copyFlash
  D:0087H         PUBLIC        PCON
  X:7AFFH         PUBLIC        pfOtherCMD
  D:0088H         PUBLIC        TCON
  C:58DCH         PUBLIC        ProcHisData
  D:009FH         PUBLIC        CHPCON
  C:6B0CH         SYMBOL        RamTest
  X:7B02H         SYMBOL        g_FileIndex
  C:4E29H         PUBLIC        LibVer
  B:0023H.6       PUBLIC        ispFlag
  X:7B06H         PUBLIC        g_ReqConfig
  D:00CDH         PUBLIC        TH2
  C:6BDFH         PUBLIC        CommVarInit
  C:5ABBH         PUBLIC        _VerShow
  C:6E13H         PUBLIC        _CRCCCITT
  D:00CCH         PUBLIC        TL2
  D:00E8H         PUBLIC        EIE
  C:6C45H         SYMBOL        _Program_One_Byte
  B:0021H.4       PUBLIC        ACT
  B:00C8H.2       PUBLIC        TR2
  C:3F8DH         SYMBOL        _downSoft
  B:0021H.3       PUBLIC        RED
  X:7B07H         SYMBOL        g_stuHisTime
  C:6CAAH         PUBLIC        _ProgramAPROM
  B:0021H.2       PUBLIC        YELLOW
  D:00F8H         PUBLIC        EIP
  X:7B0BH         PUBLIC        g_ucSetTime
  X:7B0CH         SYMBOL        g_CrcValue
  X:7B0EH         SYMBOL        LineCodeCRC
  X:7B10H         SYMBOL        g_HisDataReady
  C:6F57H         SYMBOL        _EraseFlash
  C:6EE4H         SYMBOL        ispInit
  D:0098H         PUBLIC        SCON0
BL51 BANKED LINKER/LOCATER V6.22                                                      04/22/2016  18:21:44  PAGE 29


  D:00C0H         PUBLIC        SCON1
  D:00C8H         PUBLIC        T2CON
  X:7B11H         SYMBOL        memErrCode
  X:7B12H         SYMBOL        ispType
  X:7B13H         SYMBOL        AlmCodeCRC
  C:6A1BH         SYMBOL        _ReadFpgaHead
  C:7086H         PUBLIC        _EraseAPROM
  D:00ADH         PUBLIC        SFRAH
  D:00AEH         PUBLIC        SFRFD
  C:6DBDH         PUBLIC        _MemCRC
  D:00ACH         PUBLIC        SFRAL
  D:00D0H         PUBLIC        PSW
  D:00D8H         PUBLIC        WDCON
  B:00D8H.0       PUBLIC        RWT
  D:00AFH         PUBLIC        SFRCN
  C:2F51H         SYMBOL        Com018B
  C:2F51H         SYMBOL        L?0396
  C:2F52H         SYMBOL        L?0397
  C:2F56H         SYMBOL        L?0398
  C:2F74H         SYMBOL        L?0399
  C:2F77H         SYMBOL        L?0400
  C:2F7FH         SYMBOL        L?0401
  C:2F7FH         SYMBOL        L?0402
  C:2F80H         SYMBOL        L?0403
  C:2F83H         SYMBOL        L?0404
  C:2F86H         SYMBOL        L?0405
  C:2F87H         SYMBOL        L?0406
  C:2F8BH         SYMBOL        L?0407
  C:2F94H         SYMBOL        L?0408
  C:3006H         SYMBOL        L?0409
  C:3007H         SYMBOL        L?0410
  C:3008H         SYMBOL        L?0411
  C:3013H         SYMBOL        L?0412
  C:301CH         SYMBOL        L?0413
  C:3032H         SYMBOL        L?0414
  C:3033H         SYMBOL        L?0415
  C:3034H         SYMBOL        L?0416
  C:305FH         SYMBOL        L?0417
  C:3071H         SYMBOL        L?0418
  C:308CH         SYMBOL        L?0419
  C:3096H         SYMBOL        L?0420
  C:3098H         SYMBOL        L?0421
  C:3099H         SYMBOL        L?0422
  C:309AH         SYMBOL        L?0423
  C:309DH         SYMBOL        L?0424
  C:30A4H         SYMBOL        L?0425
  C:30A4H         SYMBOL        L?0426
  C:30A9H         SYMBOL        L?0427
  C:30BDH         SYMBOL        L?0428
  C:30C0H         SYMBOL        L?0429
  C:30C4H         SYMBOL        L?0430
  C:30D0H         SYMBOL        L?0433
  C:30D4H         SYMBOL        L?0434
  C:30DCH         SYMBOL        L?0435
  C:30E3H         SYMBOL        L?0436
  C:30FCH         SYMBOL        L?0437
  C:310AH         SYMBOL        L?0438
BL51 BANKED LINKER/LOCATER V6.22                                                      04/22/2016  18:21:44  PAGE 30


  C:3113H         SYMBOL        L?0439
  C:3128H         SYMBOL        L?0440
  C:312BH         SYMBOL        L?0441
  C:312EH         SYMBOL        L?0442
  C:3136H         SYMBOL        L?0443
  C:3139H         SYMBOL        L?0444
  C:313DH         SYMBOL        L?0445
  C:3141H         SYMBOL        L?0446
  C:314AH         SYMBOL        L?0447
  C:314AH         SYMBOL        L?0448
  C:3153H         SYMBOL        L?0449
  C:3156H         SYMBOL        L?0450
  C:315FH         SYMBOL        L?0451
  C:316AH         SYMBOL        L?0452
  C:316AH         SYMBOL        L?0453
  C:3174H         SYMBOL        L?0454
  C:317BH         SYMBOL        L?0455
  C:318AH         SYMBOL        L?0456
  C:3198H         SYMBOL        L?0457
  C:3198H         SYMBOL        L?0458
  C:31A4H         SYMBOL        L?0459
  C:31ACH         SYMBOL        L?0460
  C:31ACH         SYMBOL        L?0461
  C:31B1H         SYMBOL        L?0462
  C:31B9H         SYMBOL        L?0463
  C:31B9H         SYMBOL        L?0464
  C:31BCH         SYMBOL        L?0465
  C:31C5H         SYMBOL        L?0466
  C:31C5H         SYMBOL        L?0467
  C:31DCH         SYMBOL        L?0468
  C:31EDH         SYMBOL        L?0469
  C:31F7H         SYMBOL        L?0470
  C:31FAH         SYMBOL        L?0471
  C:320EH         SYMBOL        L?0472
  C:3220H         SYMBOL        L?0474
  C:322BH         SYMBOL        L?0475
  C:3232H         SYMBOL        L?0476
  C:3232H         SYMBOL        L?0477
  C:3238H         SYMBOL        L?0478
  C:3241H         SYMBOL        L?0479
  C:3258H         SYMBOL        L?0480
  C:325EH         SYMBOL        L?0481
  C:327EH         SYMBOL        L?0482
  C:327EH         SYMBOL        L?0483
  C:3290H         SYMBOL        L?0484
  C:3294H         SYMBOL        L?0485
  C:32A1H         SYMBOL        L?0486
  C:32A1H         SYMBOL        L?0487
  C:32AAH         SYMBOL        L?0488
  C:32AAH         SYMBOL        L?0489
  C:32B2H         SYMBOL        L?0490
  C:32B9H         SYMBOL        L?0491
  C:32B9H         SYMBOL        L?0492
  C:32C5H         SYMBOL        L?0493
  C:32D8H         SYMBOL        L?0494
  C:32D8H         SYMBOL        L?0495
  C:32DBH         SYMBOL        L?0496
BL51 BANKED LINKER/LOCATER V6.22                                                      04/22/2016  18:21:44  PAGE 31


  C:32E5H         SYMBOL        L?0497
  C:32ECH         SYMBOL        L?0498
  C:32F4H         SYMBOL        L?0499
  C:32F6H         SYMBOL        L?0500
  C:3304H         SYMBOL        L?0503
  C:330AH         SYMBOL        L?0504
  C:3315H         SYMBOL        L?0505
  C:3315H         SYMBOL        L?0506
  C:3318H         SYMBOL        L?0507
  C:331EH         SYMBOL        L?0508
  C:331EH         SYMBOL        L?0509
  C:332CH         SYMBOL        L?0510
  C:332EH         SYMBOL        L?0511
  C:3335H         SYMBOL        L?0512
  C:3349H         SYMBOL        L?0513
  C:334AH         SYMBOL        L?0514
  C:334BH         SYMBOL        L?0515
  C:3352H         SYMBOL        L?0516
  C:3352H         SYMBOL        L?0517
  C:335BH         SYMBOL        L?0518
  C:335EH         SYMBOL        L?0519
  C:3365H         SYMBOL        L?0520
  C:3365H         SYMBOL        L?0521
  C:336CH         SYMBOL        L?0522
  C:336CH         SYMBOL        L?0523
  C:3377H         SYMBOL        L?0524
  C:3377H         SYMBOL        L?0525
  C:3382H         SYMBOL        L?0526
  C:3388H         SYMBOL        L?0527
  C:338FH         SYMBOL        L?0528
  C:338FH         SYMBOL        L?0529
  C:3396H         SYMBOL        L?0530
  C:3398H         SYMBOL        L?0531
  C:33A1H         SYMBOL        L?0532
  C:33A2H         SYMBOL        L?0533
  C:33A8H         SYMBOL        L?0534
  C:33A9H         SYMBOL        L?0535
  C:33AFH         SYMBOL        L?0536
  C:33AFH         SYMBOL        L?0537
  C:33B8H         SYMBOL        L?0538
  C:33B8H         SYMBOL        L?0539
  C:33C1H         SYMBOL        L?0540
  C:33CEH         SYMBOL        L?0541
  C:33DBH         SYMBOL        L?0542
  C:33DBH         SYMBOL        L?0543
  C:33E1H         SYMBOL        L?0544
  C:33E1H         SYMBOL        L?0545
  C:33E8H         SYMBOL        L?0546
  C:33F5H         SYMBOL        L?0547
  C:3402H         SYMBOL        L?0548
  C:3403H         SYMBOL        L?0549
  C:340BH         SYMBOL        L?0550
  C:340EH         SYMBOL        L?0551
  C:3415H         SYMBOL        L?0552
  C:3415H         SYMBOL        L?0553
  C:341CH         SYMBOL        L?0554
  C:341CH         SYMBOL        L?0555
BL51 BANKED LINKER/LOCATER V6.22                                                      04/22/2016  18:21:44  PAGE 32


  C:3423H         SYMBOL        L?0556
  C:3423H         SYMBOL        L?0557
  C:342AH         SYMBOL        L?0558
  C:342AH         SYMBOL        L?0559
  C:3431H         SYMBOL        L?0560
  C:3439H         SYMBOL        L?0561
  C:3445H         SYMBOL        L?0562
  C:3445H         SYMBOL        L?0563
  C:344DH         SYMBOL        L?0564
  C:344DH         SYMBOL        L?0565
  C:3455H         SYMBOL        L?0566
  C:3460H         SYMBOL        L?0567
  C:346BH         SYMBOL        L?0568
  C:3476H         SYMBOL        L?0569
  C:3481H         SYMBOL        L?0570
  C:348BH         SYMBOL        L?0571
  C:3496H         SYMBOL        L?0572
  C:3497H         SYMBOL        L?0573
  C:349EH         SYMBOL        L?0574
  C:349FH         SYMBOL        L?0575
  C:34A6H         SYMBOL        L?0577
  C:34A6H         SYMBOL        L?0578
  C:34ADH         SYMBOL        L?0579
  C:34ADH         SYMBOL        L?0580
  C:34B4H         SYMBOL        L?0581
  C:34B4H         SYMBOL        L?0582
  C:34BBH         SYMBOL        L?0583
  C:34BBH         SYMBOL        L?0584
  C:34C2H         SYMBOL        L?0585
  C:34C2H         SYMBOL        L?0586
  C:34C9H         SYMBOL        L?0587
  C:34D3H         SYMBOL        L?0588
  C:34D3H         SYMBOL        L?0589
  C:34DAH         SYMBOL        L?0590
  C:34DAH         SYMBOL        L?0591
  -------         PROC          COM018B
  -------         ENDPROC       COM018B
  C:6855H         SYMBOL        L?0501
  -------         PROC          _READBCTHEAD
  X:7B26H         SYMBOL        pHead
  C:67B6H         LINE#         138
  C:67BCH         LINE#         139
  C:67BCH         LINE#         145
  C:67CAH         LINE#         146
  C:67CAH         LINE#         147
  C:67E2H         LINE#         148
  C:67E2H         LINE#         150
  C:67E2H         LINE#         151
  C:67F0H         LINE#         153
  C:680CH         LINE#         154
  C:6828H         LINE#         155
  C:6838H         LINE#         156
  C:6848H         LINE#         157
  C:6854H         LINE#         158
  C:6854H         LINE#         160
  -------         ENDPROC       _READBCTHEAD
  -------         PROC          _CHECK_SST_39VF
BL51 BANKED LINKER/LOCATER V6.22                                                      04/22/2016  18:21:44  PAGE 33


  D:0007H         SYMBOL        ucIC
  -------         DO            
  D:0004H         SYMBOL        ucSstID
  D:0003H         SYMBOL        ucSstCap
  -------         ENDDO         
  C:6D62H         LINE#         179
  C:6D62H         LINE#         180
  C:6D62H         LINE#         183
  C:6D6CH         LINE#         185
  C:6D6CH         LINE#         186
  C:6D6CH         LINE#         187
  C:6D6CH         LINE#         188
  C:6D6CH         LINE#         189
  C:6D71H         LINE#         190
  C:6D73H         LINE#         192
  C:6D7DH         LINE#         194
  C:6D80H         LINE#         195
  C:6D82H         LINE#         196
  C:6D84H         LINE#         198
  C:6D87H         LINE#         200
  C:6D8DH         LINE#         202
  C:6D92H         LINE#         204
  C:6D9AH         LINE#         205
  C:6D9CH         LINE#         206
  C:6DA0H         LINE#         207
  C:6DA0H         LINE#         208
  C:6DA5H         LINE#         209
  C:6DABH         LINE#         211
  C:6DB0H         LINE#         213
  C:6DBAH         LINE#         215
  C:6DBCH         LINE#         216
  -------         ENDPROC       _CHECK_SST_39VF
  -------         PROC          _READFPGAHEAD
  D:0001H         SYMBOL        pHead
  D:0005H         SYMBOL        ucIC
  -------         DO            
  X:7B26H         SYMBOL        i
  X:7B28H         SYMBOL        FlashAddr
  -------         ENDDO         
  C:6A1BH         LINE#         230
  C:6A1BH         LINE#         231
  C:6A1BH         LINE#         235
  C:6A1EH         LINE#         236
  C:6A1EH         LINE#         237
  C:6A28H         LINE#         238
  C:6A28H         LINE#         239
  C:6A2CH         LINE#         240
  C:6A2CH         LINE#         241
  C:6A36H         LINE#         242
  C:6A36H         LINE#         244
  C:6A36H         LINE#         245
  C:6A39H         LINE#         246
  C:6A39H         LINE#         248
  C:6A43H         LINE#         249
  C:6A4DH         LINE#         250
  C:6A54H         LINE#         251
  C:6A54H         LINE#         252
BL51 BANKED LINKER/LOCATER V6.22                                                      04/22/2016  18:21:44  PAGE 34


  C:6A67H         LINE#         253
  C:6A6EH         LINE#         254
  C:6A75H         LINE#         255
  C:6A81H         LINE#         256
  C:6A9BH         LINE#         257
  C:6A9DH         LINE#         258
  -------         ENDPROC       _READFPGAHEAD
  -------         PROC          ISPINIT
  C:6EE4H         LINE#         273
  C:6EE4H         LINE#         274
  C:6EE4H         LINE#         276
  C:6EE6H         LINE#         277
  C:6EE8H         LINE#         278
  C:6EEAH         LINE#         279
  C:6EECH         LINE#         281
  C:6EF4H         LINE#         282
  C:6EFEH         LINE#         284
  C:6F00H         LINE#         285
  C:6F05H         LINE#         288
  C:6F0EH         LINE#         291
  C:6F1DH         LINE#         292
  -------         ENDPROC       ISPINIT
  C:70A6H         SYMBOL        L?0432
  -------         PROC          L?0431
  -------         ENDPROC       L?0431
  C:70A6H         SYMBOL        L?0432
  -------         PROC          RESET
  C:70B7H         LINE#         303
  C:70B7H         LINE#         304
  C:70B7H         LINE#         306
  C:70BAH         LINE#         307
  -------         ENDPROC       RESET
  -------         PROC          _ERASEFLASH
  D:0007H         SYMBOL        ucIC
  C:6F57H         LINE#         335
  C:6F57H         LINE#         336
  C:6F57H         LINE#         337
  C:6F61H         LINE#         339
  C:6F61H         LINE#         340
  C:6F61H         LINE#         342
  C:6F61H         LINE#         343
  C:6F61H         LINE#         345
  C:6F66H         LINE#         346
  C:6F68H         LINE#         348
  C:6F6FH         LINE#         349
  C:6F72H         LINE#         351
  C:6F76H         LINE#         352
  C:6F76H         LINE#         354
  C:6F7BH         LINE#         355
  C:6F81H         LINE#         357
  C:6F87H         LINE#         359
  C:6F8CH         LINE#         361
  C:6F8EH         LINE#         362
  -------         ENDPROC       _ERASEFLASH
  -------         PROC          _PROGRAM_ONE_BYTE
  D:0007H         SYMBOL        ucIC
  D:0005H         SYMBOL        ucSrcByte
BL51 BANKED LINKER/LOCATER V6.22                                                      04/22/2016  18:21:44  PAGE 35


  X:7B50H         SYMBOL        FlashAddr
  -------         DO            
  D:0005H         SYMBOL        ucPreData
  D:0006H         SYMBOL        ucCurrData
  D:0007H         SYMBOL        ucTimeOut
  -------         ENDDO         
  C:6C45H         LINE#         376
  C:6C45H         LINE#         377
  C:6C45H         LINE#         382
  C:6C4FH         LINE#         384
  C:6C56H         LINE#         385
  C:6C59H         LINE#         387
  C:6C5CH         LINE#         388
  C:6C5CH         LINE#         390
  C:6C61H         LINE#         391
  C:6C67H         LINE#         393
  C:6C6FH         LINE#         395
  C:6C82H         LINE#         396
  C:6C87H         LINE#         400
  C:6C89H         LINE#         401
  C:6C8DH         LINE#         403
  C:6C96H         LINE#         404
  C:6C96H         LINE#         405
  C:6C9DH         LINE#         406
[...]
  C:5762H         LINE#         71
  C:5762H         LINE#         72
  C:5781H         LINE#         73
  C:5781H         LINE#         74
  C:5784H         LINE#         75
  C:5784H         LINE#         113
  C:578BH         LINE#         114
  C:578BH         LINE#         115
BL51 BANKED LINKER/LOCATER V6.22                                                      04/22/2016  18:21:44  PAGE 67


  C:57A6H         LINE#         116
  C:57B6H         LINE#         117
  C:57B6H         LINE#         118
  C:57B9H         LINE#         119
  C:57BCH         LINE#         120
  C:57BCH         LINE#         121
  C:57BFH         LINE#         123
  C:57BFH         LINE#         124
  C:57C2H         LINE#         125
  C:57C5H         LINE#         126
  C:57C5H         LINE#         127
  C:57C5H         LINE#         128
  C:57C5H         LINE#         129
  C:57C5H         LINE#         130
  C:57C8H         LINE#         132
  C:57C8H         LINE#         133
  C:57C8H         LINE#         134
  C:57D3H         LINE#         135
  C:57DBH         LINE#         136
  C:57DBH         LINE#         137
  C:57DEH         LINE#         138
  C:57E1H         LINE#         139
  C:57E1H         LINE#         140
  C:57E4H         LINE#         142
  C:57E4H         LINE#         143
  C:57EFH         LINE#         144
  C:57F5H         LINE#         145
  C:57F5H         LINE#         146
  C:57F5H         LINE#         147
  C:57F5H         LINE#         148
  C:57F5H         LINE#         149
  C:57F5H         LINE#         150
  C:57F5H         LINE#         151
  C:57F5H         LINE#         153
  C:57F5H         LINE#         154
  C:57F8H         LINE#         157
  C:57F8H         LINE#         158
  C:57FFH         LINE#         159
  C:57FFH         LINE#         160
  C:5802H         LINE#         161
  C:5809H         LINE#         162
  C:5809H         LINE#         163
  C:580CH         LINE#         165
  C:580CH         LINE#         166
  C:580CH         LINE#         167
  C:5825H         LINE#         168
  C:5825H         LINE#         169
  C:5828H         LINE#         170
  C:582EH         LINE#         171
  C:582EH         LINE#         172
  C:5831H         LINE#         174
  C:5831H         LINE#         175
  C:5841H         LINE#         176
  C:5850H         LINE#         208
  C:5857H         LINE#         209
  C:5857H         LINE#         210
  C:585AH         LINE#         211
BL51 BANKED LINKER/LOCATER V6.22                                                      04/22/2016  18:21:44  PAGE 68


  C:5875H         LINE#         212
  C:5875H         LINE#         213
  C:5878H         LINE#         214
  C:587EH         LINE#         215
  C:587EH         LINE#         216
  C:5880H         LINE#         218
  C:5880H         LINE#         219
  C:5883H         LINE#         220
  C:588AH         LINE#         221
  C:588AH         LINE#         222
  C:588AH         LINE#         223
  C:588CH         LINE#         225
  C:588CH         LINE#         226
  C:588EH         LINE#         227
  C:588EH         LINE#         228
  C:588EH         LINE#         229
  C:5891H         LINE#         230
  C:5891H         LINE#         231
  C:5891H         LINE#         233
  C:5891H         LINE#         234
  C:5891H         LINE#         235
  C:5893H         LINE#         238
  C:5893H         LINE#         242
  C:589AH         LINE#         244
  C:589AH         LINE#         245
  C:589DH         LINE#         246
  C:58A4H         LINE#         247
  C:58AAH         LINE#         248
  C:58ACH         LINE#         249
  C:58AFH         LINE#         250
  C:58B1H         LINE#         292
  C:58B1H         LINE#         293
  C:58B6H         LINE#         294
  C:58BBH         LINE#         295
  C:58BBH         LINE#         296
  C:58BBH         LINE#         297
  -------         ENDPROC       HDLCOK
  -------         PROC          HDLCERR
  C:6F8FH         LINE#         590
  C:6F9EH         LINE#         592
  C:6FA3H         LINE#         593
  C:6FA5H         LINE#         594
  C:6FA5H         LINE#         595
  C:6FA5H         LINE#         596
  C:6FA8H         LINE#         597
  C:6FADH         LINE#         598
  C:6FB4H         LINE#         599
  C:6FB7H         LINE#         600
  -------         ENDPROC       HDLCERR
  -------         PROC          SCC1HARDINIT
  C:70F3H         LINE#         617
  C:70F3H         LINE#         618
  C:70F3H         LINE#         620
  C:70F8H         LINE#         621
  C:70FAH         LINE#         622
  C:70FCH         LINE#         624
  C:70FEH         LINE#         625
BL51 BANKED LINKER/LOCATER V6.22                                                      04/22/2016  18:21:44  PAGE 69


  C:7100H         LINE#         626
  C:7102H         LINE#         739
  -------         ENDPROC       SCC1HARDINIT
  -------         PROC          SCC1INIT
  C:6D06H         LINE#         755
  C:6D06H         LINE#         756
  C:6D06H         LINE#         759
  C:6D0DH         LINE#         760
  C:6D11H         LINE#         761
  C:6D17H         LINE#         762
  C:6D1BH         LINE#         763
  C:6D21H         LINE#         765
  C:6D25H         LINE#         768
  C:6D29H         LINE#         769
  C:6D2DH         LINE#         770
  C:6D31H         LINE#         771
  C:6D35H         LINE#         772
  C:6D37H         LINE#         774
  C:6D44H         LINE#         775
  C:6D53H         LINE#         776
  -------         ENDPROC       SCC1INIT
  -------         PROC          SCC1TX
  -------         DO            
  X:7B15H         SYMBOL        uTemp
  D:0018H         SYMBOL        usTemp
  -------         ENDDO         
  C:5E41H         LINE#         793
  C:5E41H         LINE#         794
  C:5E41H         LINE#         804
  C:5E4CH         LINE#         805
  C:5E4CH         LINE#         806
  C:5E50H         LINE#         808
  C:5E55H         LINE#         810
  C:5E56H         LINE#         811
  C:5E5FH         LINE#         812
  C:5E5FH         LINE#         813
  C:5E65H         LINE#         816
  C:5E6BH         LINE#         820
  C:5E6FH         LINE#         823
  C:5E79H         LINE#         824
  C:5E7CH         LINE#         825
  C:5E7FH         LINE#         827
  C:5E85H         LINE#         828
  C:5E8CH         LINE#         829
  C:5EADH         LINE#         831
  C:5EBBH         LINE#         832
  C:5EC9H         LINE#         833
  C:5ECFH         LINE#         854
  C:5ED0H         LINE#         856
  C:5ED0H         LINE#         860
  C:5ED5H         LINE#         864
  C:5EE5H         LINE#         865
  C:5EF3H         LINE#         870
  C:5F09H         LINE#         873
  C:5F18H         LINE#         874
  C:5F18H         LINE#         875
  C:5F1BH         LINE#         877
BL51 BANKED LINKER/LOCATER V6.22                                                      04/22/2016  18:21:44  PAGE 70


  C:5F37H         LINE#         878
  C:5F4BH         LINE#         879
  C:5F51H         LINE#         896
  C:5F58H         LINE#         897
  C:5F58H         LINE#         898
  -------         ENDPROC       SCC1TX
  -------         ENDMOD        HDLC

  -------         MODULE        ?C_STARTUP
  C:664AH         SEGMENT       ?C_C51STARTUP
  I:0024H         SEGMENT       ?STACK
  C:0000H         PUBLIC        ?C_STARTUP
  B:00D0H.6       SYMBOL        AC
  D:00E0H         SYMBOL        ACC
  D:00F0H         SYMBOL        B
  D:008EH         SYMBOL        CKCON
  B:00C8H.0       SYMBOL        CP_RL2
  B:00D0H.7       SYMBOL        CY
  B:00C8H.1       SYMBOL        C_T2
  D:0083H         SYMBOL        DPH
  D:0085H         SYMBOL        DPH1
  D:0082H         SYMBOL        DPL
  D:0084H         SYMBOL        DPL1
  D:0086H         SYMBOL        DPS
  B:00A8H.7       SYMBOL        EA
  D:00E8H         SYMBOL        EIE
  D:00F8H         SYMBOL        EIP
  B:00D8H.5       SYMBOL        EPFI
  B:00A8H.4       SYMBOL        ES0
  B:00A8H.6       SYMBOL        ES1
  B:00A8H.1       SYMBOL        ET0
  B:00A8H.3       SYMBOL        ET1
  B:00A8H.5       SYMBOL        ET2
  B:00E8H.4       SYMBOL        EWDI
  B:00D8H.1       SYMBOL        EWT
  B:00A8H.0       SYMBOL        EX0
  B:00A8H.2       SYMBOL        EX1
  B:00E8H.0       SYMBOL        EX2
  B:00E8H.1       SYMBOL        EX3
  B:00E8H.2       SYMBOL        EX4
  B:00E8H.3       SYMBOL        EX5
  B:00C8H.3       SYMBOL        EXEN2
  B:00C8H.6       SYMBOL        EXF2
  D:0091H         SYMBOL        EXIF
  B:00D0H.5       SYMBOL        F0
  B:00D0H.1       SYMBOL        FL
  N:0000H         SYMBOL        IBPSTACK
  N:0100H         SYMBOL        IBPSTACKTOP
  N:0100H         SYMBOL        IDATALEN
  C:664DH         SYMBOL        IDATALOOP
  D:00A8H         SYMBOL        IE
  B:0088H.1       SYMBOL        IE0
  B:0088H.3       SYMBOL        IE1
  B:00B0H.2       SYMBOL        INT0
  B:00B0H.3       SYMBOL        INT1
  B:0090H.4       SYMBOL        INT2
  B:0090H.5       SYMBOL        INT3
BL51 BANKED LINKER/LOCATER V6.22                                                      04/22/2016  18:21:44  PAGE 71


  B:0090H.6       SYMBOL        INT4
  B:0090H.7       SYMBOL        INT5
  D:00B8H         SYMBOL        IP
  B:0088H.0       SYMBOL        IT0
  B:0088H.2       SYMBOL        IT1
  B:00D0H.2       SYMBOL        OV
  B:00D0H.0       SYMBOL        P
  D:0080H         SYMBOL        P0
  D:0090H         SYMBOL        P1
  D:00A0H         SYMBOL        P2
  D:00B0H         SYMBOL        P3
  N:0000H         SYMBOL        PBPSTACK
  N:0000H         SYMBOL        PBPSTACKTOP
  D:0087H         SYMBOL        PCON
  N:0000H         SYMBOL        PDATALEN
  N:0000H         SYMBOL        PDATASTART
  B:00D8H.4       SYMBOL        PFI
  B:00D8H.6       SYMBOL        POR
  N:0000H         SYMBOL        PPAGE
  N:0000H         SYMBOL        PPAGEENABLE
  B:00B8H.4       SYMBOL        PS0
  B:00B8H.6       SYMBOL        PS1
  D:00D0H         SYMBOL        PSW
  B:00B8H.1       SYMBOL        PT0
  B:00B8H.3       SYMBOL        PT1
  B:00B8H.5       SYMBOL        PT2
  B:00F8H.4       SYMBOL        PWDI
  B:00B8H.0       SYMBOL        PX0
  B:00B8H.2       SYMBOL        PX1
  B:00F8H.0       SYMBOL        PX2
  B:00F8H.1       SYMBOL        PX3
  B:00F8H.2       SYMBOL        PX4
  B:00F8H.3       SYMBOL        PX5
  B:0098H.2       SYMBOL        RB8
  B:00C0H.2       SYMBOL        RB81
  D:00CBH         SYMBOL        RCAP2H
  D:00CAH         SYMBOL        RCAP2L
  B:00C8H.5       SYMBOL        RCLK
  B:00B0H.7       SYMBOL        RD
  B:0098H.4       SYMBOL        REN
  B:00C0H.4       SYMBOL        REN1
  B:0098H.0       SYMBOL        RI
  B:00C0H.0       SYMBOL        RI1
  B:00D0H.3       SYMBOL        RS0
  B:00D0H.4       SYMBOL        RS1
  B:00D8H.0       SYMBOL        RWT
  B:00B0H.0       SYMBOL        RXD0
  B:0090H.2       SYMBOL        RXD1
  D:00A9H         SYMBOL        SADDR0
  D:00AAH         SYMBOL        SADDR1
  D:00B9H         SYMBOL        SADEN0
  D:00BAH         SYMBOL        SADEN1
  D:0099H         SYMBOL        SBUF0
  D:00C1H         SYMBOL        SBUF1
  D:0098H         SYMBOL        SCON0
  D:00C0H         SYMBOL        SCON1
  B:0098H.7       SYMBOL        SM0
BL51 BANKED LINKER/LOCATER V6.22                                                      04/22/2016  18:21:44  PAGE 72


  B:00C0H.7       SYMBOL        SM01
  B:0098H.6       SYMBOL        SM1
  B:00C0H.6       SYMBOL        SM11
  B:0098H.5       SYMBOL        SM2
  B:00C0H.5       SYMBOL        SM21
  B:00D8H.7       SYMBOL        SMOD
  D:0081H         SYMBOL        SP
  C:664AH         SYMBOL        STARTUP1
  D:00C5H         SYMBOL        STATUS
  B:00B0H.4       SYMBOL        T0
  B:00B0H.5       SYMBOL        T1
  B:0090H.0       SYMBOL        T2
  D:00C8H         SYMBOL        T2CON
  B:0090H.1       SYMBOL        T2EX
  D:00C9H         SYMBOL        T2MOD
  D:00C7H         SYMBOL        TA
  B:0098H.3       SYMBOL        TB8
  B:00C0H.3       SYMBOL        TB81
  B:00C8H.4       SYMBOL        TCLK
  D:0088H         SYMBOL        TCON
  B:0088H.5       SYMBOL        TF0
  B:0088H.7       SYMBOL        TF1
  B:00C8H.7       SYMBOL        TF2
  D:008CH         SYMBOL        TH0
  D:008DH         SYMBOL        TH1
  D:00CDH         SYMBOL        TH2
  B:0098H.1       SYMBOL        TI
  B:00C0H.1       SYMBOL        TI1
  D:008AH         SYMBOL        TL0
  D:008BH         SYMBOL        TL1
  D:00CCH         SYMBOL        TL2
  D:0089H         SYMBOL        TMOD
  B:0088H.4       SYMBOL        TR0
  B:0088H.6       SYMBOL        TR1
  B:00C8H.2       SYMBOL        TR2
  B:00B0H.1       SYMBOL        TXD0
  B:0090H.3       SYMBOL        TXD1
  D:00D8H         SYMBOL        WDCON
  B:00D8H.3       SYMBOL        WDIF
  B:00D8H.2       SYMBOL        WDRF
  B:00B0H.6       SYMBOL        WR
  N:0000H         SYMBOL        XBPSTACK
  N:0000H         SYMBOL        XBPSTACKTOP
  N:0000H         SYMBOL        XDATALEN
  N:0000H         SYMBOL        XDATASTART
  C:0000H         LINE#         82
  C:664AH         LINE#         89
  C:664CH         LINE#         90
  C:664DH         LINE#         91
  C:664EH         LINE#         92
  C:6650H         LINE#         141
  C:6653H         LINE#         143
  C:6655H         LINE#         144
  C:6658H         LINE#         145
  C:665BH         LINE#         146
  C:665EH         LINE#         147
  C:6660H         LINE#         149
BL51 BANKED LINKER/LOCATER V6.22                                                      04/22/2016  18:21:44  PAGE 73


  C:6663H         LINE#         151
  C:6666H         LINE#         152
  C:6669H         LINE#         153
  C:666CH         LINE#         154
  C:666EH         LINE#         155
  C:6670H         LINE#         157
  C:6673H         LINE#         158
  C:6676H         LINE#         159
  C:6679H         LINE#         160
  C:667CH         LINE#         161
  C:667FH         LINE#         162
  C:6681H         LINE#         164
  C:6684H         LINE#         166
  -------         ENDMOD        ?C_STARTUP

  -------         MODULE        ?C?CLDPTR
  C:2204H         PUBLIC        ?C?CLDPTR
  -------         ENDMOD        ?C?CLDPTR

  -------         MODULE        ?C?CLDOPTR
  C:221DH         PUBLIC        ?C?CLDOPTR
  -------         ENDMOD        ?C?CLDOPTR

  -------         MODULE        ?C?CSTPTR
  C:224AH         PUBLIC        ?C?CSTPTR
  -------         ENDMOD        ?C?CSTPTR

  -------         MODULE        ?C?CSTOPTR
  C:225CH         PUBLIC        ?C?CSTOPTR
  -------         ENDMOD        ?C?CSTOPTR

  -------         MODULE        ?C?IMUL
  C:227EH         PUBLIC        ?C?IMUL
  -------         ENDMOD        ?C?IMUL

  -------         MODULE        ?C?UIDIV
  C:2290H         PUBLIC        ?C?UIDIV
  -------         ENDMOD        ?C?UIDIV

  -------         MODULE        ?C?SIDIV
  C:22E5H         PUBLIC        ?C?SIDIV
  -------         ENDMOD        ?C?SIDIV

  -------         MODULE        ?C?IILDX
  C:231BH         PUBLIC        ?C?IILDX
  -------         ENDMOD        ?C?IILDX

  -------         MODULE        ?C?ILDIX
  C:2331H         PUBLIC        ?C?ILDIX
  -------         ENDMOD        ?C?ILDIX

  -------         MODULE        ?C?ILDOPTR
  C:2347H         PUBLIC        ?C?ILDOPTR
  -------         ENDMOD        ?C?ILDOPTR

  -------         MODULE        ?C?ISTPTR
  C:237FH         PUBLIC        ?C?ISTPTR
BL51 BANKED LINKER/LOCATER V6.22                                                      04/22/2016  18:21:44  PAGE 74


  -------         ENDMOD        ?C?ISTPTR

  -------         MODULE        ?C?ISTOPTR
  C:239EH         PUBLIC        ?C?ISTOPTR
  -------         ENDMOD        ?C?ISTOPTR

  -------         MODULE        ?C?ULCMP
  C:23CBH         PUBLIC        ?C?ULCMP
  -------         ENDMOD        ?C?ULCMP

  -------         MODULE        ?C?LSHL
  C:23DCH         PUBLIC        ?C?LSHL
  -------         ENDMOD        ?C?LSHL

  -------         MODULE        ?C?LLDOPTR
  C:23EFH         PUBLIC        ?C?LLDOPTR
  -------         ENDMOD        ?C?LLDOPTR

  -------         MODULE        ?C?LSTXDATA
  C:241FH         PUBLIC        ?C?LSTXDATA
  -------         ENDMOD        ?C?LSTXDATA

  -------         MODULE        ?C?LSTKXDATA
  C:242BH         PUBLIC        ?C?LSTKXDATA
  -------         ENDMOD        ?C?LSTKXDATA

  -------         MODULE        ?C?OFFX256
  C:245CH         PUBLIC        ?C?OFFX256
  -------         ENDMOD        ?C?OFFX256

  -------         MODULE        ?C?OFFXADD
  C:246DH         PUBLIC        ?C?OFFXADD
  -------         ENDMOD        ?C?OFFXADD

  -------         MODULE        ?C?CCASE
  C:2479H         PUBLIC        ?C?CCASE
  -------         ENDMOD        ?C?CCASE

  -------         MODULE        ?C?ICALL
  C:249FH         PUBLIC        ?C?ICALL
  C:24A3H         PUBLIC        ?C?ICALL2
  -------         ENDMOD        ?C?ICALL

  -------         MODULE        PRINTF
  X:7B4BH         PUBLIC        ?_PRINTF517?BYTE
  X:7B4BH         PUBLIC        ?_PRINTF?BYTE
  X:7B4BH         PUBLIC        ?_SPRINTF517?BYTE
  X:7B4BH         PUBLIC        ?_SPRINTF?BYTE
  C:4824H         PUBLIC        _PRINTF
  C:4824H         PUBLIC        _PRINTF517
  C:481EH         PUBLIC        _SPRINTF
  C:481EH         PUBLIC        _SPRINTF517
  -------         ENDMOD        PRINTF

  -------         MODULE        TOINT
  C:6FEEH         PUBLIC        _TOINT
  -------         ENDMOD        TOINT
BL51 BANKED LINKER/LOCATER V6.22                                                      04/22/2016  18:21:44  PAGE 75



  -------         MODULE        ISXDIGIT
  C:703CH         PUBLIC        _isxdigit
  -------         ENDMOD        ISXDIGIT

  -------         MODULE        TOUPPER
  C:70D2H         PUBLIC        _toupper
  -------         ENDMOD        TOUPPER

  -------         MODULE        STRNCMP
  X:7B3FH         PUBLIC        ?_strncmp?BYTE
  C:6994H         PUBLIC        _strncmp
  -------         ENDMOD        STRNCMP

  -------         MODULE        STRNCPY
  X:7B29H         PUBLIC        ?_strncpy?BYTE
  C:6B77H         PUBLIC        _strncpy
  -------         ENDMOD        STRNCPY

  -------         MODULE        STRLEN
  C:70BDH         PUBLIC        _STRLEN
  -------         ENDMOD        STRLEN

  -------         MODULE        ?C?MEMSET
  C:24A5H         PUBLIC        ?C?MEMSET
  -------         ENDMOD        ?C?MEMSET

  -------         MODULE        ?C?MEMCMPAMD
  C:262FH         PUBLIC        ?C?MEMCMPAMD
  -------         ENDMOD        ?C?MEMCMPAMD

  -------         MODULE        ?C?COPYAMD
  C:270FH         PUBLIC        ?C?COPYAMD
  -------         ENDMOD        ?C?COPYAMD

  -------         MODULE        ?C?STRCMPAMD
  C:288BH         PUBLIC        ?C?STRCMPAMD
  -------         ENDMOD        ?C?STRCMPAMD

  -------         MODULE        ?C?LLDIDATA
  C:28A8H         PUBLIC        ?C?LLDIDATA
  -------         ENDMOD        ?C?LLDIDATA

  -------         MODULE        ?C?LLDXDATA
  C:28B4H         PUBLIC        ?C?LLDXDATA
  -------         ENDMOD        ?C?LLDXDATA

  -------         MODULE        ?C?LLDPDATA
  C:28C0H         PUBLIC        ?C?LLDPDATA
  -------         ENDMOD        ?C?LLDPDATA

  -------         MODULE        ?C?LLDCODE
  C:28CCH         PUBLIC        ?C?LLDCODE
  -------         ENDMOD        ?C?LLDCODE

  -------         MODULE        ?C?PLDIXDATA
  C:28DCH         PUBLIC        ?C?PLDIXDATA
BL51 BANKED LINKER/LOCATER V6.22                                                      04/22/2016  18:21:44  PAGE 76


  -------         ENDMOD        ?C?PLDIXDATA

  -------         MODULE        ?C?PSTXDATA
  C:28F3H         PUBLIC        ?C?PSTXDATA
  -------         ENDMOD        ?C?PSTXDATA

  -------         MODULE        PUTCHAR
  C:7015H         PUBLIC        _PUTCHAR
  -------         ENDMOD        PUTCHAR

Program Size: data=37.0 xdata=31676 code=28912
LINK/LOCATE RUN COMPLETE.  0 WARNING(S),  0 ERROR(S)
