BL51 BANKED LINKER/LOCATER V6.22                                                        07/20/2016  11:29:11  PAGE 1


BL51 BANKED LINKER/LOCATER V6.22, INVOKED BY:
D:\KEIL_V5\C51\BIN\BL51.EXE GF2488-01F1-E1-RST.obj, .\NewLib9.LIB TO citrans550f RAMSIZE (256)


MEMORY MODEL: LARGE


INPUT MODULES INCLUDED:
  GF2488-01F1-E1-RST.obj (GF2488_01F1_E1_RST)
  .\NewLib9.LIB (TIMER)
  .\NewLib9.LIB (COMM)
  .\NewLib9.LIB (DEBUG)
  .\NewLib9.LIB (HDLC)
  .\NewLib9.LIB (?C_STARTUP)
  D:\KEIL_V5\C51\LIB\C51L.LIB (?C_INIT)
  D:\KEIL_V5\C51\LIB\C51L.LIB (?C?CLDPTR)
  D:\KEIL_V5\C51\LIB\C51L.LIB (?C?CLDOPTR)
  D:\KEIL_V5\C51\LIB\C51L.LIB (?C?CSTPTR)
  D:\KEIL_V5\C51\LIB\C51L.LIB (?C?CSTOPTR)
  D:\KEIL_V5\C51\LIB\C51L.LIB (?C?IMUL)
  D:\KEIL_V5\C51\LIB\C51L.LIB (?C?UIDIV)
  D:\KEIL_V5\C51\LIB\C51L.LIB (?C?IILDX)
  D:\KEIL_V5\C51\LIB\C51L.LIB (?C?ILDIX)
  D:\KEIL_V5\C51\LIB\C51L.LIB (?C?ILDOPTR)
  D:\KEIL_V5\C51\LIB\C51L.LIB (?C?ISTPTR)
  D:\KEIL_V5\C51\LIB\C51L.LIB (?C?ISTOPTR)
  D:\KEIL_V5\C51\LIB\C51L.LIB (?C?ULCMP)
  D:\KEIL_V5\C51\LIB\C51L.LIB (?C?LSHL)
  D:\KEIL_V5\C51\LIB\C51L.LIB (?C?LLDOPTR)
  D:\KEIL_V5\C51\LIB\C51L.LIB (?C?LSTXDATA)
  D:\KEIL_V5\C51\LIB\C51L.LIB (?C?LSTKXDATA)
  D:\KEIL_V5\C51\LIB\C51L.LIB (?C?OFFX256)
  D:\KEIL_V5\C51\LIB\C51L.LIB (?C?OFFXADD)
  D:\KEIL_V5\C51\LIB\C51L.LIB (?C?CCASE)
  D:\KEIL_V5\C51\LIB\C51L.LIB (?C?ICALL)
  D:\KEIL_V5\C51\LIB\C51L.LIB (PRINTF)
  D:\KEIL_V5\C51\LIB\C51L.LIB (TOINT)
  D:\KEIL_V5\C51\LIB\C51L.LIB (ISXDIGIT)
  D:\KEIL_V5\C51\LIB\C51L.LIB (TOUPPER)
  D:\KEIL_V5\C51\LIB\C51L.LIB (STRNCMP)
  D:\KEIL_V5\C51\LIB\C51L.LIB (STRNCPY)
  D:\KEIL_V5\C51\LIB\C51L.LIB (STRLEN)
  D:\KEIL_V5\C51\LIB\C51L.LIB (?C?MEMSET)
  D:\KEIL_V5\C51\LIB\C51L.LIB (?C?MEMCMPAMD)
  D:\KEIL_V5\C51\LIB\C51L.LIB (?C?COPYAMD)
  D:\KEIL_V5\C51\LIB\C51L.LIB (?C?STRCMPAMD)
  D:\KEIL_V5\C51\LIB\C51L.LIB (?C?LLDIDATA)
  D:\KEIL_V5\C51\LIB\C51L.LIB (?C?LLDXDATA)
  D:\KEIL_V5\C51\LIB\C51L.LIB (?C?LLDPDATA)
  D:\KEIL_V5\C51\LIB\C51L.LIB (?C?LLDCODE)
  D:\KEIL_V5\C51\LIB\C51L.LIB (?C?PLDIXDATA)
  D:\KEIL_V5\C51\LIB\C51L.LIB (?C?PSTXDATA)
  D:\KEIL_V5\C51\LIB\C51L.LIB (PUTCHAR)


LINK MAP OF MODULE:  citrans550f (GF2488_01F1_E1_RST)


BL51 BANKED LINKER/LOCATER V6.22                                                      07/20/2016  11:29:11  PAGE 2


            TYPE    BASE      LENGTH    RELOCATION   SEGMENT NAME
            -----------------------------------------------------

            * * * * * * *   D A T A   M E M O R Y   * * * * * * *
            REG     0000H     0008H     ABSOLUTE     "REG BANK 0"
            REG     0008H     0008H     ABSOLUTE     "REG BANK 1"
            REG     0010H     0008H     ABSOLUTE     "REG BANK 2"
            DATA    0018H     0007H     UNIT         _DATA_GROUP_
            DATA    001FH     0001H     UNIT         ?DT?DEBUG
            DATA    0020H     0001H     BIT_ADDR     ?BA?GF2488_01F1_E1_RST
            DATA    0021H     0001H     BIT_ADDR     ?BA?COMM
            BIT     0022H.0   0001H.1   UNIT         _BIT_GROUP_
            BIT     0023H.1   0000H.6   UNIT         ?BI?COMM
            BIT     0023H.7   0000H.1   UNIT         ?BI?DEBUG
            IDATA   0024H     0001H     UNIT         ?STACK

            * * * * * * *  X D A T A   M E M O R Y  * * * * * * *
            XDATA   0000H     2000H     ABSOLUTE     
            XDATA   2000H     56DEH     UNIT         ?XD?GF2488_01F1_E1_RST
            XDATA   76DEH     0437H     UNIT         ?XD?COMM
            XDATA   7B15H     0061H     UNIT         _XDATA_GROUP_
            XDATA   7B76H     002AH     UNIT         ?XD?DEBUG
            XDATA   7BA0H     0010H     UNIT         ?XD?TIMER
            XDATA   7BB0H     000FH     UNIT         ?XD?HDLC

            * * * * * * *   C O D E   M E M O R Y   * * * * * * *
            CODE    0000H     0003H     ABSOLUTE     
            CODE    0003H     0003H     ABSOLUTE     
            CODE    0006H     0007H     UNIT         ?PR?TIMER
            CODE    000DH     0004H     UNIT         ?C_INITSEG
            CODE    0011H     0001H     UNIT         ?PR?USERFUNC?GF2488_01F1_E1_RST
                    0012H     0001H                  *** GAP ***
            CODE    0013H     0003H     ABSOLUTE     
                    0016H     000DH                  *** GAP ***
            CODE    0023H     0003H     ABSOLUTE     
                    0026H     0005H                  *** GAP ***
            CODE    002BH     0003H     ABSOLUTE     
            CODE    002EH     0015H     UNIT         ?PR?_STRLEN?STRLEN
            CODE    0043H     0003H     ABSOLUTE     
            CODE    0046H     0B6EH     UNIT         ?PR?GETDATA?GF2488_01F1_E1_RST
            CODE    0BB4H     0940H     UNIT         ?PR?PROCCMD?COMM
            CODE    14F4H     092AH     UNIT         ?PR?DEBUG?DEBUG
            CODE    1E1EH     06C2H     UNIT         ?C?LIB_CODE
            CODE    24E0H     0655H     UNIT         ?PR?_CALUAS?GF2488_01F1_E1_RST
            CODE    2B35H     05F6H     UNIT         ?PR?CONFSET?GF2488_01F1_E1_RST
            CODE    312BH     05C6H     UNIT         ?PR?USERHDLC?GF2488_01F1_E1_RST
            CODE    36F1H     0590H     UNIT         ?PR?INITIOSW1021?GF2488_01F1_E1_RST
            CODE    3C81H     0590H     UNIT         ?PR?COMM
            CODE    4211H     0460H     UNIT         ?PR?_DOWNSOFT?COMM
            CODE    4671H     03C9H     UNIT         ?PR?SELFCONF?GF2488_01F1_E1_RST
            CODE    4A3AH     0365H     UNIT         ?PR?PRINTF?PRINTF
            CODE    4D9FH     024BH     UNIT         ?CO?COMM
            CODE    4FEAH     0243H     UNIT         ?PR?PROCALMDATA?COMM
            CODE    522DH     022FH     UNIT         ?CO?DEBUG
            CODE    545CH     0214H     UNIT         ?PR?SOFTUPDATE?COMM
            CODE    5670H     0211H     UNIT         ?PR?HDLCOK?HDLC
            CODE    5881H     01DFH     UNIT         ?PR?PROCHISDATA?COMM
BL51 BANKED LINKER/LOCATER V6.22                                                      07/20/2016  11:29:11  PAGE 3


            CODE    5A60H     01CDH     UNIT         ?PR?_VERSHOW?COMM
            CODE    5C2DH     01B9H     UNIT         ?PR?UASQUARTER?GF2488_01F1_E1_RST
            CODE    5DE6H     0118H     UNIT         ?PR?SCC1TX?HDLC
            CODE    5EFEH     00FAH     UNIT         ?CO?GF2488_01F1_E1_RST
            CODE    5FF8H     00F9H     UNIT         ?PR?TIMERINTEP?TIMER
            CODE    60F1H     00F8H     UNIT         ?PR?DEBUG
            CODE    61E9H     00E6H     UNIT         ?PR?_READRXJ2?GF2488_01F1_E1_RST
            CODE    62CFH     00E6H     UNIT         ?PR?CHECKSW1021INIT?GF2488_01F1_E1_RST
            CODE    63B5H     00E2H     UNIT         ?PR?UASCLEAR?GF2488_01F1_E1_RST
            CODE    6497H     00CCH     UNIT         ?PR?MAIN?GF2488_01F1_E1_RST
            CODE    6563H     00C5H     UNIT         ?PR?SCC2INTEP?DEBUG
            CODE    6628H     00BEH     UNIT         ?PR?_WRITEEXPECTJ2?GF2488_01F1_E1_RST
            CODE    66E6H     00BDH     UNIT         ?C_C51STARTUP
            CODE    67A3H     00AFH     UNIT         ?PR?_WRITETXJ2?GF2488_01F1_E1_RST
            CODE    6852H     00AFH     UNIT         ?PR?_READBCTHEAD?COMM
            CODE    6901H     00A7H     UNIT         ?PR?HDLC
            CODE    69A8H     0088H     UNIT         ?PR?COPYFLASH?COMM
            CODE    6A30H     0087H     UNIT         ?PR?_STRNCMP?STRNCMP
            CODE    6AB7H     0083H     UNIT         ?PR?_READFPGAHEAD?COMM
            CODE    6B3AH     006EH     UNIT         ?PR?_PROGBAKFLASH?COMM
            CODE    6BA8H     006BH     UNIT         ?PR?RAMTEST?COMM
            CODE    6C13H     0068H     UNIT         ?PR?_STRNCPY?STRNCPY
            CODE    6C7BH     0066H     UNIT         ?PR?COMMVARINIT?COMM
            CODE    6CE1H     0065H     UNIT         ?PR?_PROGRAM_ONE_BYTE?COMM
            CODE    6D46H     005CH     UNIT         ?PR?_PROGRAMAPROM?COMM
            CODE    6DA2H     005CH     UNIT         ?PR?SCC1INIT?HDLC
            CODE    6DFEH     005BH     UNIT         ?PR?_CHECK_SST_39VF?COMM
            CODE    6E59H     0056H     UNIT         ?PR?_MEMCRC?COMM
            CODE    6EAFH     0050H     UNIT         ?PR?_CRCCCITT?COMM
            CODE    6EFFH     0044H     UNIT         ?PR?SCC2INIT?DEBUG
            CODE    6F43H     003DH     UNIT         ?PR?JUMPTOAUX?COMM
            CODE    6F80H     003AH     UNIT         ?PR?ISPINIT?COMM
            CODE    6FBAH     0039H     UNIT         ?PR?TIMERINIT?TIMER
            CODE    6FF3H     0038H     UNIT         ?PR?_ERASEFLASH?COMM
            CODE    702BH     0035H     UNIT         ?PR?HDLCERR?HDLC
            CODE    7060H     002CH     UNIT         ?PR?HAPPENSWICH?GF2488_01F1_E1_RST
            CODE    708CH     002AH     UNIT         ?PR?BOOTINIT?COMM
            CODE    70B6H     0027H     UNIT         ?PR?TOINT?TOINT
            CODE    70DDH     0027H     UNIT         ?PR?PUTCHAR?PUTCHAR
            CODE    7104H     0026H     UNIT         ?PR?_ISXDIGIT?ISXDIGIT
            CODE    712AH     0024H     UNIT         ?PR?_DELAY?TIMER
            CODE    714EH     0020H     UNIT         ?PR?_ERASEAPROM?COMM
            CODE    716EH     0017H     UNIT         ?PR?RESET?COMM
            CODE    7185H     0011H     UNIT         ?PR?_TOUPPER?TOUPPER
            CODE    7196H     0010H     UNIT         ?PR?TXDATA?DEBUG
            CODE    71A6H     0010H     UNIT         ?PR?SCC1HARDINIT?HDLC



OVERLAY MAP OF MODULE:   citrans550f (GF2488_01F1_E1_RST)


SEGMENT                                           BIT_GROUP          DATA_GROUP          XDATA_GROUP
  +--> CALLED SEGMENT                          START    LENGTH     START    LENGTH     START    LENGTH
------------------------------------------------------------------------------------------------------
?PR?TIMERINTEP?TIMER                           -----    -----      -----    -----      -----    -----
  +--> ?PR?TIMER
BL51 BANKED LINKER/LOCATER V6.22                                                      07/20/2016  11:29:11  PAGE 4


  +--> ?PR?SCC1HARDINIT?HDLC
  +--> ?PR?USERFUNC?GF2488_01F1_E1_RST

*** NEW ROOT ***************************************************

?PR?SCC2INTEP?DEBUG                            -----    -----      -----    -----      -----    -----
  +--> ?PR?_TOUPPER?TOUPPER
  +--> ?PR?DEBUG

?PR?DEBUG                                      -----    -----      -----    -----      -----    -----
  +--> ?CO?DEBUG

*** NEW ROOT ***************************************************

?PR?HDLCOK?HDLC                                -----    -----      -----    -----      -----    -----
  +--> ?PR?HDLC
  +--> ?PR?PROCCMD?COMM
  +--> ?PR?SCC1TX?HDLC

?PR?PROCCMD?COMM                               -----    -----      -----    -----      7B15H    000CH
  +--> ?PR?COMM
  +--> ?CO?COMM
  +--> ?PR?_STRLEN?STRLEN
  +--> ?CO?GF2488_01F1_E1_RST
  +--> ?PR?_READBCTHEAD?COMM
  +--> ?PR?_READFPGAHEAD?COMM
  +--> ?PR?_DOWNSOFT?COMM
  +--> ?PR?USERHDLC?GF2488_01F1_E1_RST
  +--> ?PR?_VERSHOW?COMM

?PR?COMM                                       -----    -----      -----    -----      -----    -----
  +--> ?CO?GF2488_01F1_E1_RST
  +--> ?CO?COMM

?PR?_READBCTHEAD?COMM                          -----    -----      -----    -----      7B26H    0003H
  +--> ?PR?COMM
  +--> ?CO?GF2488_01F1_E1_RST
  +--> ?PR?_STRNCPY?STRNCPY

?PR?_STRNCPY?STRNCPY                           -----    -----      -----    -----      7B29H    000AH

?PR?_READFPGAHEAD?COMM                         -----    -----      -----    -----      7B26H    0006H
  +--> ?PR?COMM

?PR?_DOWNSOFT?COMM                             -----    -----      -----    -----      7B21H    0005H
  +--> ?PR?COMM
  +--> ?PR?_READBCTHEAD?COMM
  +--> ?PR?_READFPGAHEAD?COMM
  +--> ?PR?_CRCCCITT?COMM

?PR?_CRCCCITT?COMM                             -----    -----      -----    -----      7B26H    0007H
  +--> ?PR?COMM

?PR?USERHDLC?GF2488_01F1_E1_RST                -----    -----      -----    -----      7B21H    000AH
  +--> ?CO?GF2488_01F1_E1_RST
  +--> ?PR?_READRXJ2?GF2488_01F1_E1_RST

BL51 BANKED LINKER/LOCATER V6.22                                                      07/20/2016  11:29:11  PAGE 5


?PR?_READRXJ2?GF2488_01F1_E1_RST               -----    -----      -----    -----      7B2BH    000BH
  +--> ?CO?GF2488_01F1_E1_RST

?PR?_VERSHOW?COMM                              -----    -----      -----    -----      7B21H    0008H
  +--> ?PR?COMM
  +--> ?CO?COMM
  +--> ?PR?_STRLEN?STRLEN

?PR?SCC1TX?HDLC                                -----    -----      0018H    0002H      7B15H    0002H
  +--> ?PR?HDLC

*** NEW ROOT ***************************************************

?PR?HDLCERR?HDLC                               -----    -----      -----    -----      -----    -----
  +--> ?PR?HDLC

*** NEW ROOT ***************************************************

?C_C51STARTUP                                  -----    -----      -----    -----      -----    -----
  +--> ?PR?BOOTINIT?COMM
  +--> ?PR?MAIN?GF2488_01F1_E1_RST
  +--> ?C_INITSEG

?PR?BOOTINIT?COMM                              -----    -----      -----    -----      -----    -----
  +--> ?PR?COMM
  +--> ?PR?RAMTEST?COMM
  +--> ?PR?COMMVARINIT?COMM
  +--> ?PR?ISPINIT?COMM
  +--> ?PR?SCC2INIT?DEBUG
  +--> ?PR?SCC1INIT?HDLC
  +--> ?PR?TIMERINIT?TIMER

?PR?RAMTEST?COMM                               -----    -----      001AH    0002H      -----    -----
  +--> ?PR?COMM
  +--> ?PR?RESET?COMM

?PR?COMMVARINIT?COMM                           -----    -----      -----    -----      -----    -----
  +--> ?PR?COMM

?PR?SCC2INIT?DEBUG                             -----    -----      -----    -----      -----    -----
  +--> ?PR?DEBUG

?PR?MAIN?GF2488_01F1_E1_RST                    -----    -----      -----    -----      7B36H    0002H
  +--> ?PR?SELFCONF?GF2488_01F1_E1_RST
  +--> ?PR?CHECKSW1021INIT?GF2488_01F1_E1_RST
  +--> ?PR?INITIOSW1021?GF2488_01F1_E1_RST
  +--> ?PR?CONFSET?GF2488_01F1_E1_RST
  +--> ?PR?GETDATA?GF2488_01F1_E1_RST
  +--> ?PR?PROCALMDATA?COMM
  +--> ?PR?UASQUARTER?GF2488_01F1_E1_RST
  +--> ?PR?PROCHISDATA?COMM
  +--> ?PR?DEBUG?DEBUG

?PR?SELFCONF?GF2488_01F1_E1_RST                -----    -----      -----    -----      7B38H    0016H
  +--> ?CO?GF2488_01F1_E1_RST
  +--> ?PR?PRINTF?PRINTF

BL51 BANKED LINKER/LOCATER V6.22                                                      07/20/2016  11:29:11  PAGE 6


?PR?PRINTF?PRINTF                              0022H.0  0001H.1    001AH    0005H      7B4EH    0028H
  +--> ?PR?PUTCHAR?PUTCHAR

?PR?CHECKSW1021INIT?GF2488_01F1_E1_RST         -----    -----      -----    -----      7B38H    0004H
  +--> ?CO?GF2488_01F1_E1_RST

?PR?INITIOSW1021?GF2488_01F1_E1_RST            -----    -----      -----    -----      7B38H    0006H
  +--> ?PR?_DELAY?TIMER
  +--> ?CO?GF2488_01F1_E1_RST
  +--> ?PR?_WRITETXJ2?GF2488_01F1_E1_RST
  +--> ?PR?_WRITEEXPECTJ2?GF2488_01F1_E1_RST

?PR?_DELAY?TIMER                               -----    -----      -----    -----      -----    -----
  +--> ?PR?TIMER

?PR?_WRITETXJ2?GF2488_01F1_E1_RST              -----    -----      -----    -----      7B42H    0009H

?PR?_WRITEEXPECTJ2?GF2488_01F1_E1_RST          -----    -----      -----    -----      7B42H    0009H

?PR?CONFSET?GF2488_01F1_E1_RST                 -----    -----      -----    -----      7B3CH    0006H
  +--> ?CO?GF2488_01F1_E1_RST
  +--> ?PR?_DELAY?TIMER
  +--> ?PR?_WRITETXJ2?GF2488_01F1_E1_RST
  +--> ?PR?_WRITEEXPECTJ2?GF2488_01F1_E1_RST

?PR?GETDATA?GF2488_01F1_E1_RST                 -----    -----      -----    -----      7B38H    0018H
  +--> ?CO?GF2488_01F1_E1_RST
  +--> ?PR?_DELAY?TIMER
  +--> ?PR?UASCLEAR?GF2488_01F1_E1_RST
  +--> ?PR?_CALUAS?GF2488_01F1_E1_RST

?PR?_CALUAS?GF2488_01F1_E1_RST                 -----    -----      -----    -----      7B50H    0004H

?PR?PROCALMDATA?COMM                           -----    -----      -----    -----      7B38H    0004H
  +--> ?PR?RESET?COMM
  +--> ?CO?GF2488_01F1_E1_RST
  +--> ?PR?_MEMCRC?COMM
  +--> ?PR?COMM
  +--> ?PR?CONFSET?GF2488_01F1_E1_RST
  +--> ?PR?SOFTUPDATE?COMM

?PR?_MEMCRC?COMM                               -----    -----      -----    -----      7B3CH    0007H
  +--> ?PR?COMM

?PR?SOFTUPDATE?COMM                            -----    -----      -----    -----      7B3CH    000AH
  +--> ?PR?_ERASEFLASH?COMM
  +--> ?PR?COMM
  +--> ?PR?COPYFLASH?COMM
  +--> ?PR?RESET?COMM
  +--> ?PR?_CHECK_SST_39VF?COMM
  +--> ?PR?_PROGBAKFLASH?COMM
  +--> ?PR?_ERASEAPROM?COMM
  +--> ?PR?_PROGRAMAPROM?COMM
  +--> ?PR?JUMPTOAUX?COMM

?PR?_ERASEFLASH?COMM                           -----    -----      -----    -----      -----    -----
  +--> ?PR?COMM
BL51 BANKED LINKER/LOCATER V6.22                                                      07/20/2016  11:29:11  PAGE 7


  +--> ?PR?_DELAY?TIMER

?PR?COPYFLASH?COMM                             -----    -----      -----    -----      7B46H    0009H
  +--> ?PR?COMM
  +--> ?PR?_PROGRAM_ONE_BYTE?COMM

?PR?_PROGRAM_ONE_BYTE?COMM                     -----    -----      -----    -----      7B51H    0006H
  +--> ?PR?COMM

?PR?_CHECK_SST_39VF?COMM                       -----    -----      -----    -----      -----    -----
  +--> ?PR?COMM

?PR?_PROGBAKFLASH?COMM                         -----    -----      -----    -----      7B46H    000BH
  +--> ?PR?COMM
  +--> ?PR?_PROGRAM_ONE_BYTE?COMM

?PR?_PROGRAMAPROM?COMM                         -----    -----      -----    -----      7B46H    0007H

?PR?PROCHISDATA?COMM                           -----    -----      -----    -----      -----    -----
  +--> ?PR?COMM
  +--> ?CO?GF2488_01F1_E1_RST
  +--> ?PR?RESET?COMM
  +--> ?PR?_MEMCRC?COMM

?PR?DEBUG?DEBUG                                -----    -----      -----    -----      7B38H    000AH
  +--> ?PR?DEBUG
  +--> ?CO?DEBUG
  +--> ?PR?_DELAY?TIMER
  +--> ?PR?JUMPTOAUX?COMM
  +--> ?PR?PRINTF?PRINTF
  +--> ?PR?TOINT?TOINT
  +--> ?PR?_ISXDIGIT?ISXDIGIT
  +--> ?CO?GF2488_01F1_E1_RST
  +--> ?CO?COMM
  +--> ?PR?_STRNCMP?STRNCMP
  +--> ?PR?RESET?COMM
  +--> ?PR?_CHECK_SST_39VF?COMM
  +--> ?PR?TXDATA?DEBUG

?PR?_STRNCMP?STRNCMP                           -----    -----      -----    -----      7B42H    0008H

?PR?TXDATA?DEBUG                               -----    -----      -----    -----      -----    -----
  +--> ?PR?DEBUG



SYMBOL TABLE OF MODULE:  citrans550f (GF2488_01F1_E1_RST)

  VALUE           TYPE          NAME
  ----------------------------------

  -------         MODULE        GF2488_01F1_E1_RST
  C:0000H         SYMBOL        _ICE_DUMMY_
  C:5F11H         PUBLIC        g_usAlmNum
  B:0020H.7       PUBLIC        IO15
  C:36F1H         PUBLIC        InitioSw1021
  D:0090H         PUBLIC        P1
BL51 BANKED LINKER/LOCATER V6.22                                                      07/20/2016  11:29:11  PAGE 8


  C:7060H         SYMBOL        happenSwich
  D:00B0H         PUBLIC        P3
  C:62CFH         SYMBOL        checkSW1021Init
  C:5F10H         PUBLIC        g_ucBoardCode
  X:2000H         PUBLIC        g_ucNoUseFlag
  D:00A8H         PUBLIC        IE
  X:203FH         PUBLIC        N1000
  X:20BDH         PUBLIC        ulSesLimit
  X:20BFH         PUBLIC        g_usiNoEs
  X:213DH         PUBLIC        g_usiNoUseBbe
  C:5C2DH         PUBLIC        UasQuarter
  C:5F0FH         PUBLIC        g_ucAlmTypeNum
  C:4671H         PUBLIC        SelfConf
  C:63B5H         PUBLIC        UasClear
  C:6628H         SYMBOL        _writeExpectJ2
  D:00B8H         PUBLIC        IP
  C:0046H         PUBLIC        GetData
  X:21BBH         PUBLIC        ulEsLimit
  C:312BH         PUBLIC        UserHdlc
  C:5FA3H         PUBLIC        SoftDate
  X:21BDH         PUBLIC        g_ucNoUseTime
  C:5F13H         PUBLIC        g_usPmNum
  X:21FCH         PUBLIC        g_usiBbe
  X:227AH         PUBLIC        g_ucState
  X:23CCH         PUBLIC        g_ucConfData
  C:6497H         PUBLIC        main
  C:5F85H         PUBLIC        PcbTime
  X:2DCCH         PUBLIC        g_ucLineCode
  X:2E0CH         PUBLIC        g_usiCses
  C:5F52H         PUBLIC        BoardSn
  D:0091H         PUBLIC        EXIF
  C:0011H         PUBLIC        UserFunc
  C:5FAFH         PUBLIC        SoftTime
  X:2E8AH         PUBLIC        first_conf
  D:0088H         PUBLIC        TCON
  C:2B35H         PUBLIC        ConfSet
  C:5F0EH         PUBLIC        g_ucPmTypeNum
  X:2E8BH         PUBLIC        sw1021Chip
  C:5F90H         PUBLIC        BoardSoftVer
  X:2E8DH         PUBLIC        g_ucAlmCode
  X:2E9CH         PUBLIC        g_ucLineMask
  C:24E0H         PUBLIC        _CalUas
  X:2EDCH         PUBLIC        ulSesLmt
  X:2FD8H         PUBLIC        g_bClearUas
  X:2FD9H         PUBLIC        g_ucLofFlag
  X:3018H         PUBLIC        g_stuAlm
  D:0020H         PUBLIC        hio
  C:5FB8H         PUBLIC        slot
  C:5F40H         PUBLIC        SysName
  X:6576H         PUBLIC        g_usiOfs
  X:65F4H         PUBLIC        g_usiUas
  X:6672H         PUBLIC        actnumber
  X:6673H         PUBLIC        g_usiSes
  X:66F1H         PUBLIC        almnumber
  B:0090H.2       PUBLIC        IO2
  X:66F2H         PUBLIC        g_ucAlmMask
  B:0090H.3       PUBLIC        IO3
BL51 BANKED LINKER/LOCATER V6.22                                                      07/20/2016  11:29:11  PAGE 9


  C:5F62H         PUBLIC        SoftVer
  B:0090H.5       PUBLIC        IO5
  B:0090H.6       PUBLIC        IO6
  B:0090H.7       PUBLIC        IO7
  B:00E8H.0       PUBLIC        EX2
  X:6701H         PUBLIC        g_liError1s
  B:0020H.0       PUBLIC        IO8
  B:0020H.1       PUBLIC        IO9
  X:67FDH         PUBLIC        BIP_2_1S
  X:687BH         PUBLIC        g_usiEs
  D:00E8H         PUBLIC        EIE
  C:5F16H         PUBLIC        chipOffSetc
  C:5F0CH         PUBLIC        g_usStateLen
  C:5F75H         PUBLIC        PcbSn
  C:5F0AH         PUBLIC        g_usConfLen
  B:00F8H.0       PUBLIC        PX2
  X:68F9H         PUBLIC        BIP
  X:6977H         PUBLIC        g_ucPmCode
  C:5F15H         PUBLIC        g_ucLineNum
  D:00F8H         PUBLIC        EIP
  X:697EH         PUBLIC        g_ucUseTime
  X:69BDH         PUBLIC        g_ucAlmType
  X:69CCH         PUBLIC        BIP_2_1000S
  X:6A4AH         PUBLIC        g_stuPm
  D:0098H         PUBLIC        SCON0
  D:00C0H         PUBLIC        SCON1
  C:6206H         SYMBOL        _readRxJ2
  D:00C8H         PUBLIC        T2CON
  X:74A0H         PUBLIC        g_ucEsTime
  X:74DFH         PUBLIC        g_ucDefectFlag
  X:751EH         PUBLIC        g_ucPmMask
  C:5F4BH         PUBLIC        BoardName
  C:67A3H         SYMBOL        _writeTxJ2
  X:7525H         PUBLIC        g_ucLinePmMask
  B:0020H.2       PUBLIC        IO10
  B:0020H.3       PUBLIC        IO11
  D:00D0H         PUBLIC        PSW
  B:0020H.4       PUBLIC        IO12
  B:0020H.5       PUBLIC        IO13
  D:00D8H         PUBLIC        WDCON
  B:0020H.6       PUBLIC        IO14
  -------         PROC          _CALUAS
  X:7B50H         SYMBOL        ulSesLmt
  -------         DO            
  X:7B53H         SYMBOL        i
  -------         ENDDO         
  C:24E0H         LINE#         65
  C:24EBH         LINE#         66
  C:24EBH         LINE#         70
  C:24FBH         LINE#         71
  C:24FBH         LINE#         72
  C:250BH         LINE#         73
  C:250BH         LINE#         74
  C:2563H         LINE#         75
  C:2563H         LINE#         77
  C:259FH         LINE#         78
  C:25ABH         LINE#         79
BL51 BANKED LINKER/LOCATER V6.22                                                      07/20/2016  11:29:11  PAGE 10


  C:25B7H         LINE#         80
  C:25C7H         LINE#         81
  C:25D7H         LINE#         82
  C:25DAH         LINE#         84
  C:25DAH         LINE#         85
  C:2604H         LINE#         86
  C:2604H         LINE#         87
  C:2615H         LINE#         89
  C:2631H         LINE#         91
  C:2631H         LINE#         92
  C:265AH         LINE#         93
  C:269BH         LINE#         94
  C:269BH         LINE#         95
  C:269DH         LINE#         96
  C:26ADH         LINE#         97
  C:26DBH         LINE#         98
  C:26DBH         LINE#         99
  C:26EBH         LINE#         101
  C:270DH         LINE#         103
  C:272BH         LINE#         105
  C:274EH         LINE#         106
  C:2789H         LINE#         107
  C:279DH         LINE#         108
  C:27A9H         LINE#         109
  C:27B1H         LINE#         110
  C:27B1H         LINE#         111
  C:27B1H         LINE#         112
  C:27B4H         LINE#         114
  C:27B4H         LINE#         116
  C:2810H         LINE#         117
  C:2810H         LINE#         118
  C:2826H         LINE#         119
  C:2826H         LINE#         120
  C:2837H         LINE#         122
  C:2855H         LINE#         123
  C:2861H         LINE#         124
  C:2861H         LINE#         126
  C:2893H         LINE#         127
  C:2896H         LINE#         129
  C:2896H         LINE#         130
  C:28C0H         LINE#         131
  C:28C0H         LINE#         132
  C:28D7H         LINE#         133
  C:28EEH         LINE#         135
  C:28EEH         LINE#         136
  C:2917H         LINE#         137
  C:2958H         LINE#         138
  C:2958H         LINE#         139
  C:295AH         LINE#         140
  C:2970H         LINE#         142
  C:2992H         LINE#         143
  C:29B4H         LINE#         144
  C:29DDH         LINE#         145
  C:29ECH         LINE#         147
  C:29ECH         LINE#         149
  C:29ECH         LINE#         151
  C:29FCH         LINE#         152
BL51 BANKED LINKER/LOCATER V6.22                                                      07/20/2016  11:29:11  PAGE 11


  C:2A11H         LINE#         154
  C:2A40H         LINE#         155
  C:2A6FH         LINE#         156
  C:2A9EH         LINE#         157
  C:2ACDH         LINE#         158
  C:2AFCH         LINE#         159
  C:2B2BH         LINE#         161
  C:2B34H         LINE#         163
  -------         ENDPROC       _CALUAS
  -------         PROC          UASCLEAR
  -------         DO            
  D:0007H         SYMBOL        i
  -------         ENDDO         
  C:63B5H         LINE#         165
  C:63B5H         LINE#         166
  C:63B5H         LINE#         169
  C:63BEH         LINE#         170
  C:63BEH         LINE#         171
  C:63C0H         LINE#         172
  C:63C0H         LINE#         173
  C:63CCH         LINE#         174
  C:63D8H         LINE#         175
  C:63E4H         LINE#         176
  C:63F0H         LINE#         177
  C:63FCH         LINE#         178
  C:6408H         LINE#         179
  C:6418H         LINE#         180
  C:6428H         LINE#         181
  C:6438H         LINE#         182
  C:6448H         LINE#         183
  C:6458H         LINE#         184
  C:6468H         LINE#         185
  C:6478H         LINE#         186
  C:6488H         LINE#         188
  C:6491H         LINE#         189
  C:6496H         LINE#         190
  C:6496H         LINE#         191
  -------         ENDPROC       UASCLEAR
  -------         PROC          UASQUARTER
  -------         DO            
  D:0007H         SYMBOL        i
  -------         ENDDO         
  C:5C2DH         LINE#         208
  C:5C2DH         LINE#         209
  C:5C2DH         LINE#         211
  C:5C2FH         LINE#         212
  C:5C2FH         LINE#         213
  C:5C3CH         LINE#         214
  C:5C3CH         LINE#         215
  C:5C48H         LINE#         217
  C:5C71H         LINE#         218
  C:5C73H         LINE#         220
  C:5C73H         LINE#         221
  C:5C91H         LINE#         222
  C:5CAFH         LINE#         223
  C:5CD4H         LINE#         225
  C:5CD4H         LINE#         227
BL51 BANKED LINKER/LOCATER V6.22                                                      07/20/2016  11:29:11  PAGE 12


  C:5CFFH         LINE#         228
  C:5D2AH         LINE#         229
  C:5D55H         LINE#         230
  C:5D80H         LINE#         231
  C:5DABH         LINE#         232
  C:5DD6H         LINE#         234
  C:5DDFH         LINE#         235
  C:5DE5H         LINE#         236
  -------         ENDPROC       UASQUARTER
  -------         PROC          _WRITETXJ2
  D:0001H         SYMBOL        chip
  X:7B43H         SYMBOL        witchJ2
  D:0003H         SYMBOL        Slot
  X:7B45H         SYMBOL        j2
  X:7B46H         SYMBOL        busB
  -------         DO            
  X:7B47H         SYMBOL        copOk
  D:0004H         SYMBOL        busBase
  X:7B49H         SYMBOL        i
  -------         ENDDO         
  C:67A3H         LINE#         138
  C:67AAH         LINE#         139
  C:67AAH         LINE#         140
  C:67B1H         LINE#         141
  C:67B4H         LINE#         142
  C:67BAH         LINE#         143
  C:67C0H         LINE#         144
  C:67C2H         LINE#         146
  C:67E0H         LINE#         147
  C:67F1H         LINE#         148
  C:680EH         LINE#         149
  C:6818H         LINE#         150
  C:683BH         LINE#         151
  C:6849H         LINE#         152
  C:6850H         LINE#         153
  C:6851H         LINE#         156
  -------         ENDPROC       _WRITETXJ2
  -------         PROC          _WRITEEXPECTJ2
  D:0001H         SYMBOL        chip
  X:7B43H         SYMBOL        witchJ2
  D:0003H         SYMBOL        Slot
  X:7B45H         SYMBOL        j2
  X:7B46H         SYMBOL        busB
  -------         DO            
  X:7B47H         SYMBOL        copOk
  D:0004H         SYMBOL        busBase
  X:7B49H         SYMBOL        i
  -------         ENDDO         
  C:6628H         LINE#         158
  C:662FH         LINE#         159
  C:662FH         LINE#         160
  C:6636H         LINE#         161
  C:6639H         LINE#         162
  C:663FH         LINE#         163
  C:6645H         LINE#         164
  C:6647H         LINE#         166
  C:6665H         LINE#         167
BL51 BANKED LINKER/LOCATER V6.22                                                      07/20/2016  11:29:11  PAGE 13


  C:6685H         LINE#         168
  C:66A2H         LINE#         169
  C:66ACH         LINE#         170
  C:66CFH         LINE#         171
  C:66DDH         LINE#         172
  C:66E4H         LINE#         173
  C:66E5H         LINE#         176
  -------         ENDPROC       _WRITEEXPECTJ2
  -------         PROC          L?0410
  -------         ENDPROC       L?0410
  -------         PROC          _READRXJ2
  D:0001H         SYMBOL        chip
  D:0005H         SYMBOL        witchJ2
  D:0004H         SYMBOL        Slot
  X:7B2EH         SYMBOL        j2
  X:7B31H         SYMBOL        busB
  -------         DO            
  X:7B32H         SYMBOL        copOk
  D:0002H         SYMBOL        busBase
  X:7B34H         SYMBOL        i
  -------         ENDDO         
  C:6206H         LINE#         178
  C:620AH         LINE#         179
  C:620AH         LINE#         180
  C:6211H         LINE#         181
  C:6214H         LINE#         182
  C:621AH         LINE#         183
  C:6220H         LINE#         184
  C:6222H         LINE#         186
  C:623FH         LINE#         187
  C:624BH         LINE#         188
  C:6255H         LINE#         189
  C:6278H         LINE#         190
  C:6286H         LINE#         191
  C:628DH         LINE#         192
  C:628DH         LINE#         195
  C:6297H         LINE#         196
  C:62BCH         LINE#         197
  C:62BEH         LINE#         198
  C:62CEH         LINE#         199
  C:62CEH         LINE#         201
  -------         ENDPROC       _READRXJ2
  -------         PROC          GETDATA
  -------         DO            
  X:7B38H         SYMBOL        i
  X:7B39H         SYMBOL        m
  X:7B3AH         SYMBOL        n
  X:7B3BH         SYMBOL        mi
  X:7B3CH         SYMBOL        ni
  D:0006H         SYMBOL        tmp
  D:0007H         SYMBOL        tmpi
  X:7B3DH         SYMBOL        ADCLK
  X:7B3EH         SYMBOL        PPILOS
  X:7B3FH         SYMBOL        TULOP
  X:7B40H         SYMBOL        LPSLM
  X:7B41H         SYMBOL        LPTIM
  X:7B42H         SYMBOL        LPTIU
BL51 BANKED LINKER/LOCATER V6.22                                                      07/20/2016  11:29:11  PAGE 14


  X:7B43H         SYMBOL        LPRDI
  X:7B44H         SYMBOL        LPRFI
  X:7B45H         SYMBOL        LPUNEQ
  X:7B46H         SYMBOL        TUAIS
  X:7B47H         SYMBOL        PPIAIS
  X:7B48H         SYMBOL        LOOP
  X:7B49H         SYMBOL        LOOPL
  X:7B4AH         SYMBOL        tv5
  X:7B4BH         SYMBOL        LPFEBE
  X:7B4DH         SYMBOL        HDB3
  X:7B4FH         SYMBOL        lopCnt
  -------         ENDDO         
  C:0046H         LINE#         216
  C:0046H         LINE#         217
  C:0046H         LINE#         221
  C:004BH         LINE#         222
  C:004FH         LINE#         223
  C:0053H         LINE#         224
  C:005CH         LINE#         225
  C:006DH         LINE#         226
  C:006DH         LINE#         228
  C:007AH         LINE#         229
  C:007AH         LINE#         230
  C:008AH         LINE#         232
  C:00A0H         LINE#         234
  C:00A3H         LINE#         236
  C:00A3H         LINE#         237
  C:00AFH         LINE#         238
  C:00B8H         LINE#         239
  C:00C5H         LINE#         240
  C:00CAH         LINE#         242
  C:00DDH         LINE#         244
  C:00E9H         LINE#         245
  C:00FBH         LINE#         247
  C:010AH         LINE#         249
  C:011FH         LINE#         251
  C:0136H         LINE#         252
  C:015EH         LINE#         253
  C:0164H         LINE#         254
  C:016BH         LINE#         267
  C:0177H         LINE#         268
  C:01A3H         LINE#         269
  C:01AAH         LINE#         270
  C:01B1H         LINE#         271
  C:01B8H         LINE#         272
  C:01BDH         LINE#         273
  C:01C2H         LINE#         274
  C:01C7H         LINE#         275
  C:01CCH         LINE#         276
  C:01D1H         LINE#         278
  C:01DAH         LINE#         295
  C:0208H         LINE#         296
  C:027EH         LINE#         298
  C:02AEH         LINE#         299
  C:02ECH         LINE#         302
  C:02FFH         LINE#         303
  C:0305H         LINE#         304
BL51 BANKED LINKER/LOCATER V6.22                                                      07/20/2016  11:29:11  PAGE 15


  C:0308H         LINE#         305
  C:030CH         LINE#         306
  C:030EH         LINE#         307
  C:0317H         LINE#         308
  C:0317H         LINE#         310
  C:0349H         LINE#         311
  C:0349H         LINE#         312
  C:035EH         LINE#         313
  C:0374H         LINE#         315
  C:0374H         LINE#         316
  C:038FH         LINE#         317
  C:0392H         LINE#         318
  C:0392H         LINE#         320
  C:03BDH         LINE#         321
  C:03CEH         LINE#         323
  C:03D3H         LINE#         324
  C:03FEH         LINE#         326
  C:0400H         LINE#         327
  C:0410H         LINE#         328
  C:0410H         LINE#         330
  C:0412H         LINE#         332
  C:0412H         LINE#         333
  C:0427H         LINE#         334
  C:0440H         LINE#         335
  C:0455H         LINE#         336
  C:0455H         LINE#         338
  C:0472H         LINE#         339
  C:0483H         LINE#         341
  C:04A1H         LINE#         342
  C:04B2H         LINE#         343
  C:04D0H         LINE#         344
  C:04E1H         LINE#         345
  C:04E7H         LINE#         346
  C:04E7H         LINE#         347
  C:04FCH         LINE#         348
  C:050DH         LINE#         349
  C:051EH         LINE#         353
  C:0522H         LINE#         354
  C:0525H         LINE#         356
  C:0525H         LINE#         357
  C:0542H         LINE#         358
  C:0553H         LINE#         359
  C:0570H         LINE#         360
  C:0581H         LINE#         361
  C:059EH         LINE#         362
  C:05AFH         LINE#         370
  C:05CCH         LINE#         371
  C:05DDH         LINE#         372
  C:05DDH         LINE#         373
  C:05FAH         LINE#         374
  C:060BH         LINE#         375
  C:0628H         LINE#         376
  C:0639H         LINE#         377
  C:067DH         LINE#         378
  C:069DH         LINE#         379
  C:06B6H         LINE#         380
  C:06B6H         LINE#         382
BL51 BANKED LINKER/LOCATER V6.22                                                      07/20/2016  11:29:11  PAGE 16


  C:06EBH         LINE#         384
  C:072EH         LINE#         385
  C:074EH         LINE#         386
  C:074EH         LINE#         388
  C:0777H         LINE#         389
  C:077DH         LINE#         391
  C:07AEH         LINE#         392
  C:07D9H         LINE#         393
  C:07D9H         LINE#         394
  C:07E0H         LINE#         395
  C:07E3H         LINE#         396
  C:07E5H         LINE#         398
  C:07E5H         LINE#         399
  C:07ECH         LINE#         400
  C:081DH         LINE#         401
  C:081DH         LINE#         402
  C:081DH         LINE#         403
  C:0826H         LINE#         405
  C:082BH         LINE#         406
  C:082BH         LINE#         407
  C:0837H         LINE#         408
  C:0842H         LINE#         409
  C:0856H         LINE#         413
  C:088CH         LINE#         416
  C:0896H         LINE#         417
  C:089BH         LINE#         418
  C:08CBH         LINE#         419
  C:08EFH         LINE#         422
  C:0918H         LINE#         426
  C:0926H         LINE#         430
  C:0930H         LINE#         431
  C:0936H         LINE#         434
  C:093CH         LINE#         435
  C:093CH         LINE#         436
  C:0941H         LINE#         437
  C:0945H         LINE#         438
  C:0950H         LINE#         439
  C:0952H         LINE#         440
  C:0964H         LINE#         441
  C:0964H         LINE#         442
  C:0971H         LINE#         443
  C:097EH         LINE#         444
  C:0986H         LINE#         445
  C:0986H         LINE#         446
  C:098FH         LINE#         447
  C:098FH         LINE#         448
  C:099DH         LINE#         449
  C:099DH         LINE#         450
  C:09BBH         LINE#         451
  C:09BBH         LINE#         452
  C:09CCH         LINE#         453
  C:09D9H         LINE#         454
  C:09DBH         LINE#         456
  C:09DBH         LINE#         457
  C:09EBH         LINE#         458
  C:09F7H         LINE#         459
  C:09F7H         LINE#         460
BL51 BANKED LINKER/LOCATER V6.22                                                      07/20/2016  11:29:11  PAGE 17


  C:09FFH         LINE#         461
  C:0A05H         LINE#         462
  C:0A09H         LINE#         463
  C:0A0FH         LINE#         464
  C:0A0FH         LINE#         466
  C:0A12H         LINE#         469
  C:0A18H         LINE#         470
  C:0A18H         LINE#         471
  C:0A1EH         LINE#         472
  C:0A23H         LINE#         473
  C:0A23H         LINE#         475
  C:0A2CH         LINE#         476
  C:0A2CH         LINE#         477
  C:0A35H         LINE#         479
  C:0A47H         LINE#         480
  C:0A47H         LINE#         481
  C:0A6DH         LINE#         482
  C:0A96H         LINE#         483
  C:0ABFH         LINE#         484
  C:0AE6H         LINE#         485
  C:0AF6H         LINE#         487
  C:0B03H         LINE#         490
  C:0B2CH         LINE#         491
  C:0B55H         LINE#         572
  C:0B5EH         LINE#         574
  C:0B63H         LINE#         576
  C:0B63H         LINE#         592
  C:0B69H         LINE#         596
  C:0B78H         LINE#         597
  C:0B7CH         LINE#         599
  C:0B7EH         LINE#         600
  C:0B84H         LINE#         601
  C:0B8CH         LINE#         603
  C:0B91H         LINE#         604
  C:0B97H         LINE#         605
  C:0B9FH         LINE#         607
  C:0BA4H         LINE#         608
  C:0BA7H         LINE#         609
  C:0BAEH         LINE#         611
  C:0BB3H         LINE#         613
  -------         ENDPROC       GETDATA
  -------         PROC          USERFUNC
  C:0011H         LINE#         628
  C:0011H         LINE#         679
  -------         ENDPROC       USERFUNC
  -------         PROC          HAPPENSWICH
  C:7060H         LINE#         696
  C:7066H         LINE#         699
  C:7068H         LINE#         700
  C:706BH         LINE#         703
  C:7071H         LINE#         704
  C:7073H         LINE#         706
  C:7079H         LINE#         707
  C:707BH         LINE#         709
  C:7081H         LINE#         710
  C:7083H         LINE#         713
  C:7085H         LINE#         715
BL51 BANKED LINKER/LOCATER V6.22                                                      07/20/2016  11:29:11  PAGE 18


  -------         ENDPROC       HAPPENSWICH
  -------         PROC          CONFSET
  -------         DO            
  X:7B3CH         SYMBOL        i
  X:7B3DH         SYMBOL        j
  X:7B3EH         SYMBOL        ilong
  X:7B3FH         SYMBOL        m
  X:7B40H         SYMBOL        n
  X:7B41H         SYMBOL        temp
  -------         ENDDO         
  C:2B35H         LINE#         730
  C:2B35H         LINE#         731
  C:2B35H         LINE#         736
  C:2B3DH         LINE#         737
  C:2B45H         LINE#         738
  C:2B4DH         LINE#         739
  C:2B55H         LINE#         740
  C:2B5DH         LINE#         741
  C:2B65H         LINE#         742
  C:2B6DH         LINE#         743
  C:2B7FH         LINE#         744
  C:2B8AH         LINE#         745
  C:2B93H         LINE#         746
  C:2BA7H         LINE#         748
  C:2BD1H         LINE#         749
  C:2BF8H         LINE#         750
  C:2C1EH         LINE#         751
  C:2C45H         LINE#         753
  C:2C55H         LINE#         755
  C:2C58H         LINE#         757
  C:2C85H         LINE#         758
  C:2C8EH         LINE#         759
  C:2CB9H         LINE#         760
  C:2CB9H         LINE#         762
  C:2CC9H         LINE#         763
  C:2CD6H         LINE#         764
  C:2CE3H         LINE#         765
  C:2CE6H         LINE#         766
  C:2D11H         LINE#         767
  C:2D37H         LINE#         768
  C:2D4AH         LINE#         769
  C:2D4AH         LINE#         771
  C:2D75H         LINE#         772
  C:2D7AH         LINE#         773
  C:2DA5H         LINE#         774
  C:2DB6H         LINE#         775
  C:2DC2H         LINE#         776
  C:2DCEH         LINE#         777
  C:2DCEH         LINE#         779
  C:2DCEH         LINE#         780
  C:2E13H         LINE#         781
  C:2E49H         LINE#         800
  C:2E5BH         LINE#         801
  C:2E5BH         LINE#         802
  C:2E66H         LINE#         803
  C:2E6BH         LINE#         806
  C:2EABH         LINE#         807
BL51 BANKED LINKER/LOCATER V6.22                                                      07/20/2016  11:29:11  PAGE 19


  C:2EEBH         LINE#         809
  C:2F2CH         LINE#         810
  C:2F6DH         LINE#         811
  C:2F76H         LINE#         813
  C:2F89H         LINE#         814
  C:2F89H         LINE#         815
  C:2F96H         LINE#         816
  C:2FA2H         LINE#         817
  C:2FA4H         LINE#         819
  C:2FA4H         LINE#         820
  C:2FB2H         LINE#         821
  C:2FBFH         LINE#         822
  C:2FBFH         LINE#         827
  C:2FC8H         LINE#         831
  C:2FCDH         LINE#         832
  C:2FCDH         LINE#         834
  C:2FE0H         LINE#         835
  C:2FE0H         LINE#         836
  C:2FFFH         LINE#         837
  C:2FFFH         LINE#         838
  C:3010H         LINE#         839
  C:3015H         LINE#         841
  C:3023H         LINE#         842
  C:3037H         LINE#         843
  C:303FH         LINE#         844
  C:303FH         LINE#         845
  C:303FH         LINE#         846
  C:303FH         LINE#         847
  C:304FH         LINE#         848
  C:3053H         LINE#         850
  C:3062H         LINE#         851
  C:3076H         LINE#         852
  C:307EH         LINE#         853
  C:307EH         LINE#         854
  C:307EH         LINE#         855
  C:3087H         LINE#         856
  C:3095H         LINE#         858
  C:309AH         LINE#         859
  C:309AH         LINE#         861
  C:30AAH         LINE#         862
  C:30AAH         LINE#         863
  C:30CAH         LINE#         864
  C:30CAH         LINE#         865
  C:30D7H         LINE#         866
  C:30D9H         LINE#         867
  C:30D9H         LINE#         869
  C:30E8H         LINE#         870
  C:30F0H         LINE#         871
  C:30FAH         LINE#         873
  C:310FH         LINE#         874
  C:3122H         LINE#         883
  C:312AH         LINE#         884
  -------         ENDPROC       CONFSET
  -------         PROC          USERHDLC
  -------         DO            
  X:7B21H         SYMBOL        i
  X:7B22H         SYMBOL        j
BL51 BANKED LINKER/LOCATER V6.22                                                      07/20/2016  11:29:11  PAGE 20


  X:7B23H         SYMBOL        m
  X:7B24H         SYMBOL        n
  X:7B25H         SYMBOL        temp
  X:7B26H         SYMBOL        addr
  X:7B28H         SYMBOL        val
  -------         DO            
  X:7B29H         SYMBOL        addr
  X:7B29H         SYMBOL        addr
  -------         ENDDO         
  -------         DO            
  X:7B29H         SYMBOL        addr
  -------         ENDDO         
  -------         ENDDO         
  C:312BH         LINE#         900
  C:312BH         LINE#         901
  C:312BH         LINE#         906
  C:3131H         LINE#         907
  C:3131H         LINE#         908
  C:3137H         LINE#         909
  C:3137H         LINE#         910
  C:3137H         LINE#         911
  C:3139H         LINE#         912
  C:313DH         LINE#         913
  C:313DH         LINE#         914
  C:3142H         LINE#         915
  C:3142H         LINE#         916
  C:3142H         LINE#         919
  C:3169H         LINE#         920
  C:3169H         LINE#         921
  C:3169H         LINE#         922
  C:3175H         LINE#         923
  C:3175H         LINE#         924
  C:3189H         LINE#         925
  C:318CH         LINE#         927
  C:31A8H         LINE#         928
  C:31A8H         LINE#         929
  C:31B8H         LINE#         930
  C:31C3H         LINE#         931
  C:31CCH         LINE#         933
  C:31DFH         LINE#         934
  C:31E9H         LINE#         935
  C:3211H         LINE#         936
  C:3213H         LINE#         937
  C:323BH         LINE#         938
  C:323BH         LINE#         939
  C:3240H         LINE#         940
  C:3249H         LINE#         941
  C:3249H         LINE#         942
  C:3251H         LINE#         943
  C:3251H         LINE#         944
  C:3265H         LINE#         945
  C:326CH         LINE#         946
  C:326CH         LINE#         948
  C:3275H         LINE#         949
  C:3280H         LINE#         950
  C:3282H         LINE#         951
  C:3293H         LINE#         952
BL51 BANKED LINKER/LOCATER V6.22                                                      07/20/2016  11:29:11  PAGE 21


  C:329EH         LINE#         953
  C:32A7H         LINE#         954
  C:32BAH         LINE#         955
  C:32C7H         LINE#         957
  C:32F2H         LINE#         958
  C:3318H         LINE#         959
  C:3318H         LINE#         960
  C:3321H         LINE#         962
  C:3321H         LINE#         963
  C:3323H         LINE#         964
  C:3335H         LINE#         965
  C:3340H         LINE#         966
  C:334BH         LINE#         967
  C:335FH         LINE#         968
  C:337DH         LINE#         969
  C:338AH         LINE#         971
  C:33B7H         LINE#         972
  C:33C0H         LINE#         973
  C:33EBH         LINE#         974
  C:33EBH         LINE#         975
  C:33F4H         LINE#         976
  C:33F4H         LINE#         980
  C:3410H         LINE#         981
  C:3410H         LINE#         982
  C:3420H         LINE#         983
  C:342BH         LINE#         984
  C:3434H         LINE#         986
  C:3447H         LINE#         987
  C:3451H         LINE#         988
  C:3479H         LINE#         989
  C:347BH         LINE#         990
  C:34A3H         LINE#         991
  C:34A3H         LINE#         992
  C:34A8H         LINE#         993
  C:34B1H         LINE#         994
  C:34B1H         LINE#         995
  C:34B1H         LINE#         996
  C:34B1H         LINE#         997
  C:34BCH         LINE#         998
  C:34C2H         LINE#         999
  C:34C6H         LINE#         1000
  C:34C8H         LINE#         1001
  C:34CCH         LINE#         1002
  C:34D0H         LINE#         1004
  C:34D9H         LINE#         1005
  C:34EBH         LINE#         1006
  C:34F5H         LINE#         1007
  C:34FEH         LINE#         1008
  C:3517H         LINE#         1009
  C:352FH         LINE#         1010
  C:353EH         LINE#         1011
  C:3541H         LINE#         1012
  C:355CH         LINE#         1013
  C:3564H         LINE#         1014
  C:356DH         LINE#         1015
  C:356DH         LINE#         1017
  C:356DH         LINE#         1018
BL51 BANKED LINKER/LOCATER V6.22                                                      07/20/2016  11:29:11  PAGE 22


  C:3570H         LINE#         1019
  C:3570H         LINE#         1020
  C:357BH         LINE#         1021
  C:3581H         LINE#         1022
  C:3585H         LINE#         1023
  C:3587H         LINE#         1024
  C:358BH         LINE#         1025
  C:358FH         LINE#         1027
  C:3598H         LINE#         1028
  C:35AAH         LINE#         1029
  C:35B4H         LINE#         1030
  C:35BDH         LINE#         1031
  C:35D6H         LINE#         1032
  C:35EEH         LINE#         1033
  C:35FDH         LINE#         1034
  C:3600H         LINE#         1035
  C:361BH         LINE#         1036
  C:3623H         LINE#         1037
  C:362CH         LINE#         1038
  C:3631H         LINE#         1040
  C:3631H         LINE#         1041
  C:3632H         LINE#         1043
  C:3632H         LINE#         1044
  C:3647H         LINE#         1045
  C:364CH         LINE#         1046
  C:364EH         LINE#         1047
  C:3650H         LINE#         1048
  C:3654H         LINE#         1050
  C:3659H         LINE#         1051
  C:3687H         LINE#         1052
  C:368DH         LINE#         1053
  C:368EH         LINE#         1055
  C:368EH         LINE#         1056
  C:36A4H         LINE#         1057
  C:36ADH         LINE#         1058
  C:36B2H         LINE#         1059
  C:36B4H         LINE#         1060
  C:36B6H         LINE#         1061
  C:36BAH         LINE#         1062
  C:36BFH         LINE#         1063
  C:36EEH         LINE#         1064
  C:36EEH         LINE#         1067
  C:36EEH         LINE#         1068
  C:36EEH         LINE#         1069
  C:36F0H         LINE#         1070
  C:36F0H         LINE#         1074
  C:36F0H         LINE#         1075
  C:36F0H         LINE#         1084
  C:36F0H         LINE#         1085
  C:36F0H         LINE#         1087
  -------         ENDPROC       USERHDLC
  -------         PROC          SELFCONF
  -------         DO            
  X:7B38H         SYMBOL        i
  X:7B3AH         SYMBOL        j
  X:7B3CH         SYMBOL        ctt
  D:0007H         SYMBOL        ucii
BL51 BANKED LINKER/LOCATER V6.22                                                      07/20/2016  11:29:11  PAGE 23


  -------         ENDDO         
  C:4671H         LINE#         1123
  C:4671H         LINE#         1124
  C:4671H         LINE#         1130
  C:4677H         LINE#         1131
  C:467DH         LINE#         1134
  C:4693H         LINE#         1135
  C:46B2H         LINE#         1137
  C:46C9H         LINE#         1138
  C:46E8H         LINE#         1140
  C:46FFH         LINE#         1141
  C:471EH         LINE#         1143
  C:4728H         LINE#         1146
  C:473FH         LINE#         1147
  C:475EH         LINE#         1148
  C:4775H         LINE#         1149
  C:4794H         LINE#         1158
  C:479AH         LINE#         1163
  C:47A1H         LINE#         1164
  C:47D1H         LINE#         1165
  C:47E8H         LINE#         1166
  C:47E8H         LINE#         1167
  C:47F4H         LINE#         1169
  C:4804H         LINE#         1177
  C:480AH         LINE#         1178
  C:480FH         LINE#         1180
  C:4817H         LINE#         1181
  C:4820H         LINE#         1183
  C:4826H         LINE#         1184
  C:482AH         LINE#         1185
  C:482EH         LINE#         1186
  C:4832H         LINE#         1187
  C:4836H         LINE#         1189
  C:483CH         LINE#         1191
  C:4842H         LINE#         1195
  C:4848H         LINE#         1197
  C:484EH         LINE#         1198
  C:4852H         LINE#         1199
  C:4856H         LINE#         1200
  C:485AH         LINE#         1201
  C:485EH         LINE#         1202
  C:4861H         LINE#         1203
  C:4866H         LINE#         1208
  C:486BH         LINE#         1209
  C:486FH         LINE#         1210
  C:4872H         LINE#         1211
  C:4876H         LINE#         1212
  C:487AH         LINE#         1217
  C:487FH         LINE#         1218
  C:4881H         LINE#         1219
  C:4883H         LINE#         1220
  C:4887H         LINE#         1221
  C:4889H         LINE#         1222
  C:488BH         LINE#         1223
  C:488FH         LINE#         1224
  C:4893H         LINE#         1225
  C:4895H         LINE#         1226
BL51 BANKED LINKER/LOCATER V6.22                                                      07/20/2016  11:29:11  PAGE 24


  C:4898H         LINE#         1227
  C:489CH         LINE#         1228
  C:489EH         LINE#         1229
  C:48A1H         LINE#         1230
  C:48A3H         LINE#         1231
  C:48A5H         LINE#         1237
  C:48ABH         LINE#         1238
  C:48ABH         LINE#         1239
  C:48B2H         LINE#         1240
  C:48B2H         LINE#         1241
  C:48E3H         LINE#         1242
  C:48FEH         LINE#         1243
  C:4918H         LINE#         1244
  C:4935H         LINE#         1246
  C:493BH         LINE#         1247
  C:493FH         LINE#         1249
  C:4945H         LINE#         1250
  C:4949H         LINE#         1252
  C:494FH         LINE#         1253
  C:4953H         LINE#         1256
  C:495AH         LINE#         1257
  C:495AH         LINE#         1258
  C:4961H         LINE#         1259
  C:4961H         LINE#         1260
  C:4992H         LINE#         1261
  C:49ADH         LINE#         1262
  C:49C7H         LINE#         1263
  C:49E4H         LINE#         1265
  C:49FBH         LINE#         1266
  C:49FBH         LINE#         1267
  C:4A18H         LINE#         1268
  C:4A29H         LINE#         1269
  C:4A39H         LINE#         1270
  -------         ENDPROC       SELFCONF
  -------         PROC          INITIOSW1021
  -------         DO            
  X:7B38H         SYMBOL        i
  X:7B3AH         SYMBOL        j
  X:7B3CH         SYMBOL        m
  X:7B3DH         SYMBOL        n
  -------         ENDDO         
  C:36F1H         LINE#         1287
  C:36F1H         LINE#         1288
  C:36F1H         LINE#         1292
  C:36F6H         LINE#         1294
  C:370FH         LINE#         1295
  C:370FH         LINE#         1296
  C:3723H         LINE#         1297
  C:3727H         LINE#         1298
  C:373DH         LINE#         1304
  C:3749H         LINE#         1305
  C:3756H         LINE#         1307
  C:3763H         LINE#         1309
  C:3770H         LINE#         1313
  C:377CH         LINE#         1314
  C:3788H         LINE#         1317
  C:37A2H         LINE#         1318
BL51 BANKED LINKER/LOCATER V6.22                                                      07/20/2016  11:29:11  PAGE 25


  C:37D7H         LINE#         1320
  C:3804H         LINE#         1326
  C:383FH         LINE#         1327
  C:386DH         LINE#         1328
  C:38A8H         LINE#         1334
  C:38DAH         LINE#         1337
  C:3937H         LINE#         1338
  C:399CH         LINE#         1339
  C:3A00H         LINE#         1340
  C:3A65H         LINE#         1343
  C:3A76H         LINE#         1345
  C:3A8DH         LINE#         1346
  C:3A98H         LINE#         1348
  C:3AA9H         LINE#         1351
  C:3AB0H         LINE#         1352
  C:3AB0H         LINE#         1353
  C:3AC7H         LINE#         1354
  C:3AD5H         LINE#         1355
  C:3AEFH         LINE#         1356
  C:3AEFH         LINE#         1357
  C:3AF6H         LINE#         1358
  C:3AF6H         LINE#         1359
  C:3B1EH         LINE#         1360
  C:3B48H         LINE#         1362
  C:3B73H         LINE#         1363
  C:3B9AH         LINE#         1364
  C:3B9DH         LINE#         1366
  C:3B9DH         LINE#         1368
  C:3BC5H         LINE#         1369
  C:3BEDH         LINE#         1371
  C:3C16H         LINE#         1372
  C:3C3FH         LINE#         1373
  C:3C3FH         LINE#         1374
  C:3C50H         LINE#         1375
  C:3C70H         LINE#         1377
  C:3C72H         LINE#         1378
  C:3C74H         LINE#         1379
  C:3C76H         LINE#         1380
  C:3C78H         LINE#         1381
  C:3C7AH         LINE#         1382
  C:3C80H         LINE#         1384
  -------         ENDPROC       INITIOSW1021
  -------         PROC          CHECKSW1021INIT
  -------         DO            
  X:7B38H         SYMBOL        ret
  D:0004H         SYMBOL        i
  X:7B3AH         SYMBOL        j
  D:0006H         SYMBOL        reg
  C:63ACH         SYMBOL        quit
  -------         ENDDO         
  C:62CFH         LINE#         1398
  C:62CFH         LINE#         1399
  C:62CFH         LINE#         1400
  C:62D6H         LINE#         1403
  C:62D8H         LINE#         1404
  C:62D8H         LINE#         1405
  C:62EAH         LINE#         1406
BL51 BANKED LINKER/LOCATER V6.22                                                      07/20/2016  11:29:11  PAGE 26


  C:62F0H         LINE#         1407
  C:62F0H         LINE#         1408
  C:62F3H         LINE#         1409
  C:62F3H         LINE#         1410
  C:6305H         LINE#         1411
  C:630BH         LINE#         1412
  C:630BH         LINE#         1413
  C:630DH         LINE#         1414
  C:630DH         LINE#         1416
  C:631DH         LINE#         1417
  C:6320H         LINE#         1418
  C:6320H         LINE#         1419
  C:6322H         LINE#         1420
  C:6322H         LINE#         1422
  C:6332H         LINE#         1423
  C:6335H         LINE#         1424
  C:6335H         LINE#         1425
  C:6337H         LINE#         1426
  C:6337H         LINE#         1428
  C:6350H         LINE#         1429
  C:637EH         LINE#         1430
  C:6384H         LINE#         1431
  C:638CH         LINE#         1432
  C:638EH         LINE#         1433
  C:638EH         LINE#         1434
  C:639EH         LINE#         1436
  C:63ACH         LINE#         1437
  C:63ACH         LINE#         1438
  C:63B4H         LINE#         1439
  -------         ENDPROC       CHECKSW1021INIT
  -------         PROC          MAIN
  -------         DO            
  D:0007H         SYMBOL        i
  X:7B36H         SYMBOL        ret
  -------         ENDDO         
  C:6497H         LINE#         1483
  C:6497H         LINE#         1484
  C:6497H         LINE#         1486
  C:649EH         LINE#         1489
  C:64A1H         LINE#         1490
  C:64ACH         LINE#         1491
  C:64AFH         LINE#         1492
  C:64B2H         LINE#         1494
  C:64B2H         LINE#         1499
  C:64B4H         LINE#         1500
  C:64B6H         LINE#         1502
  C:64B6H         LINE#         1503
  C:64B6H         LINE#         1518
  C:64C1H         LINE#         1519
  C:64C4H         LINE#         1520
  C:64C7H         LINE#         1521
  C:64CAH         LINE#         1522
  C:64CDH         LINE#         1524
  C:64CDH         LINE#         1526
  C:64D0H         LINE#         1527
  C:64D3H         LINE#         1529
  C:64DCH         LINE#         1530
BL51 BANKED LINKER/LOCATER V6.22                                                      07/20/2016  11:29:11  PAGE 27


  C:64DCH         LINE#         1531
  C:64DFH         LINE#         1532
  C:64E1H         LINE#         1533
  C:64E1H         LINE#         1534
  C:6506H         LINE#         1535
  C:652BH         LINE#         1536
  C:6550H         LINE#         1537
  C:6555H         LINE#         1538
  C:6558H         LINE#         1539
  C:655DH         LINE#         1540
  C:655DH         LINE#         1542
  C:6560H         LINE#         1543
  -------         ENDPROC       MAIN
  -------         ENDMOD        GF2488_01F1_E1_RST

  -------         MODULE        TIMER
  C:0000H         SYMBOL        _ICE_DUMMY_
  D:0090H         PUBLIC        P1
  D:00B0H         PUBLIC        P3
  C:5FF8H         PUBLIC        TimerIntep
  X:7BA0H         PUBLIC        g_LampEn
  X:7BA1H         SYMBOL        g_ucTenMs
  D:00A8H         PUBLIC        IE
  D:00C7H         PUBLIC        TA
  D:00B8H         PUBLIC        IP
  C:6FBAH         PUBLIC        TimerInit
  X:7BA2H         PUBLIC        g_SecondFlag
  X:7BA3H         PUBLIC        g_QuarterFlag
  D:0088H         PUBLIC        TCON
  X:7BA4H         SYMBOL        ucInActTime
  B:00C8H.7       PUBLIC        TF2
  X:7BA5H         PUBLIC        g_ulResetSec
  D:00E8H         PUBLIC        EIE
  X:7BA9H         PUBLIC        g_stuSysClock
  D:00F8H         PUBLIC        EIP
  D:0098H         PUBLIC        SCON0
  D:00C0H         PUBLIC        SCON1
  D:00C8H         PUBLIC        T2CON
  C:712AH         PUBLIC        _Delay
  D:00D0H         PUBLIC        PSW
  D:00D8H         PUBLIC        WDCON
  B:00D8H.0       PUBLIC        RWT
  C:0006H         SYMBOL        Com0013
  C:0006H         SYMBOL        L?0020
  C:0006H         SYMBOL        L?0021
  -------         PROC          COM0013
  -------         ENDPROC       COM0013
  -------         PROC          TIMERINTEP
  C:5FF8H         LINE#         37
  C:600EH         LINE#         39
  C:6010H         LINE#         41
  C:6016H         LINE#         42
  C:6023H         LINE#         43
  C:6023H         LINE#         45
  C:6029H         LINE#         46
  C:6029H         LINE#         48
  C:602BH         LINE#         54
BL51 BANKED LINKER/LOCATER V6.22                                                      07/20/2016  11:29:11  PAGE 28


  C:602BH         LINE#         57
  C:602EH         LINE#         60
  C:6036H         LINE#         61
  C:6036H         LINE#         62
  C:603AH         LINE#         63
  C:603DH         LINE#         64
  C:6043H         LINE#         65
  C:6062H         LINE#         67
  C:6068H         LINE#         68
  C:6068H         LINE#         69
  C:6073H         LINE#         70
  C:6073H         LINE#         71
  C:6075H         LINE#         72
  C:6079H         LINE#         74
  C:607EH         LINE#         76
  C:6083H         LINE#         77
  C:6086H         LINE#         78
  C:6086H         LINE#         79
  C:6088H         LINE#         81
  C:6088H         LINE#         82
  C:608DH         LINE#         83
  C:6091H         LINE#         84
  C:6096H         LINE#         85
  C:6096H         LINE#         87
  C:609EH         LINE#         88
  C:609EH         LINE#         89
  C:609FH         LINE#         90
  C:60A5H         LINE#         92
  C:60AFH         LINE#         93
  C:60B6H         LINE#         94
  C:60B9H         LINE#         95
  C:60BEH         LINE#         97
  C:60C7H         LINE#         98
  C:60C7H         LINE#         99
  C:60C9H         LINE#         100
  C:60CFH         LINE#         101
  C:60D5H         LINE#         102
  C:60D5H         LINE#         103
  C:60D7H         LINE#         104
  C:60DDH         LINE#         105
  C:60DDH         LINE#         106
  C:60DDH         LINE#         107
  C:60DDH         LINE#         108
  C:60DDH         LINE#         109
  C:60DDH         LINE#         111
  C:60E0H         LINE#         132
  -------         ENDPROC       TIMERINTEP
  -------         PROC          TIMERINIT
  C:6FBAH         LINE#         148
  C:6FBAH         LINE#         149
  C:6FBAH         LINE#         171
  C:6FC0H         LINE#         172
  C:6FC4H         LINE#         173
  C:6FC8H         LINE#         174
  C:6FCCH         LINE#         175
  C:6FCFH         LINE#         176
  C:6FD1H         LINE#         177
BL51 BANKED LINKER/LOCATER V6.22                                                      07/20/2016  11:29:11  PAGE 29


  C:6FD3H         LINE#         179
  C:6FD7H         LINE#         180
  C:6FD9H         LINE#         181
  C:6FDDH         LINE#         182
  C:6FDFH         LINE#         184
  C:6FE9H         LINE#         185
  C:6FEEH         LINE#         187
  C:6FF2H         LINE#         192
  -------         ENDPROC       TIMERINIT
  -------         PROC          _DELAY
  D:0007H         SYMBOL        uc10ms
  -------         DO            
  D:0006H         SYMBOL        ucLastTime
  -------         ENDDO         
  C:712AH         LINE#         208
  C:712AH         LINE#         209
  C:712AH         LINE#         212
  C:712FH         LINE#         213
  C:7135H         LINE#         214
  C:7135H         LINE#         216
  C:713DH         LINE#         217
  C:713DH         LINE#         218
  C:7145H         LINE#         220
  C:7148H         LINE#         222
  C:7149H         LINE#         223
  C:714BH         LINE#         224
  C:714BH         LINE#         225
  C:714DH         LINE#         226
  -------         ENDPROC       _DELAY
  -------         ENDMOD        TIMER

  -------         MODULE        COMM
  C:0000H         SYMBOL        _ICE_DUMMY_
  D:0090H         PUBLIC        P1
  X:76DEH         PUBLIC        g_AllClrFlag
  B:0023H.1       SYMBOL        ResetFlag
  D:00B0H         PUBLIC        P3
  B:0023H.2       SYMBOL        updateFlag
  D:00A5H         PUBLIC        P4
  C:717FH         PUBLIC        RESET
  X:76DFH         SYMBOL        usiCrcTemp
  B:00A8H.7       PUBLIC        EA
  X:76E1H         PUBLIC        sysErrCode
  B:0023H.3       PUBLIC        HotBoot_f
  C:6852H         SYMBOL        _ReadBctHead
  D:00A8H         PUBLIC        IE
  C:6F43H         PUBLIC        JumpToAux
  B:0023H.4       SYMBOL        isRecOK
  X:76E2H         SYMBOL        PmCodeCRC
  D:00C7H         PUBLIC        TA
  C:4DD5H         PUBLIC        LibDate
  D:00B8H         PUBLIC        IP
  X:76E4H         SYMBOL        g_ConfChange
  C:6B3AH         SYMBOL        _ProgBakFlash
  D:0021H         PUBLIC        outport
  B:0023H.5       SYMBOL        isBakRun
  C:4DEAH         PUBLIC        crc_table
BL51 BANKED LINKER/LOCATER V6.22                                                      07/20/2016  11:29:11  PAGE 30


  C:545CH         SYMBOL        softUpdate
  C:6DFEH         PUBLIC        _Check_SST_39VF
  B:0021H.1       PUBLIC        HOLD
  B:0021H.6       PUBLIC        LSCE
  C:4DE1H         PUBLIC        LibTime
  C:0BB4H         PUBLIC        ProcCmd
  C:708CH         PUBLIC        BootInit
  X:76E5H         PUBLIC        g_buffcom
  C:4FEAH         PUBLIC        ProcAlmData
  C:69A8H         SYMBOL        copyFlash
  D:0087H         PUBLIC        PCON
  X:7AFFH         PUBLIC        pfOtherCMD
  D:0088H         PUBLIC        TCON
  C:5881H         PUBLIC        ProcHisData
  D:009FH         PUBLIC        CHPCON
  C:6BA8H         SYMBOL        RamTest
  X:7B02H         SYMBOL        g_FileIndex
  C:4DCEH         PUBLIC        LibVer
  B:0023H.6       PUBLIC        ispFlag
  X:7B06H         PUBLIC        g_ReqConfig
  D:00CDH         PUBLIC        TH2
  C:6C7BH         PUBLIC        CommVarInit
  C:5A60H         PUBLIC        _VerShow
  C:6EAFH         PUBLIC        _CRCCCITT
  D:00CCH         PUBLIC        TL2
  D:00E8H         PUBLIC        EIE
  C:6CE1H         SYMBOL        _Program_One_Byte
  B:0021H.4       PUBLIC        ACT
  B:00C8H.2       PUBLIC        TR2
  C:4211H         SYMBOL        _downSoft
  B:0021H.3       PUBLIC        RED
  X:7B07H         SYMBOL        g_stuHisTime
  C:6D46H         PUBLIC        _ProgramAPROM
  B:0021H.2       PUBLIC        YELLOW
  D:00F8H         PUBLIC        EIP
  X:7B0BH         PUBLIC        g_ucSetTime
  X:7B0CH         SYMBOL        g_CrcValue
  X:7B0EH         SYMBOL        LineCodeCRC
  X:7B10H         SYMBOL        g_HisDataReady
  C:6FF3H         SYMBOL        _EraseFlash
  C:6F80H         SYMBOL        ispInit
  D:0098H         PUBLIC        SCON0
  D:00C0H         PUBLIC        SCON1
  D:00C8H         PUBLIC        T2CON
  X:7B11H         SYMBOL        memErrCode
  X:7B12H         SYMBOL        ispType
  X:7B13H         SYMBOL        AlmCodeCRC
  C:6AB7H         SYMBOL        _ReadFpgaHead
  C:714EH         PUBLIC        _EraseAPROM
  D:00ADH         PUBLIC        SFRAH
  D:00AEH         PUBLIC        SFRFD
  C:6E59H         PUBLIC        _MemCRC
  D:00ACH         PUBLIC        SFRAL
  D:00D0H         PUBLIC        PSW
  D:00D8H         PUBLIC        WDCON
  B:00D8H.0       PUBLIC        RWT
  D:00AFH         PUBLIC        SFRCN
BL51 BANKED LINKER/LOCATER V6.22                                                      07/20/2016  11:29:11  PAGE 31


  C:3C81H         SYMBOL        Com018B
  C:3C81H         SYMBOL        L?0396
  C:3C82H         SYMBOL        L?0397
  C:3C86H         SYMBOL        L?0398
  C:3CA4H         SYMBOL        L?0399
  C:3CA7H         SYMBOL        L?0400
  C:3CAFH         SYMBOL        L?0401
  C:3CAFH         SYMBOL        L?0402
  C:3CB0H         SYMBOL        L?0403
  C:3CB3H         SYMBOL        L?0404
  C:3CB6H         SYMBOL        L?0405
  C:3CB7H         SYMBOL        L?0406
  C:3CBBH         SYMBOL        L?0407
  C:3CC4H         SYMBOL        L?0408
  C:3D36H         SYMBOL        L?0409
  C:3D37H         SYMBOL        L?0410
  C:3D38H         SYMBOL        L?0411
  C:3D43H         SYMBOL        L?0412
  C:3D4CH         SYMBOL        L?0413
  C:3D62H         SYMBOL        L?0414
  C:3D63H         SYMBOL        L?0415
  C:3D64H         SYMBOL        L?0416
  C:3D8FH         SYMBOL        L?0417
  C:3DA1H         SYMBOL        L?0418
  C:3DBCH         SYMBOL        L?0419
  C:3DC6H         SYMBOL        L?0420
  C:3DC8H         SYMBOL        L?0421
  C:3DC9H         SYMBOL        L?0422
  C:3DCAH         SYMBOL        L?0423
  C:3DCDH         SYMBOL        L?0424
  C:3DD4H         SYMBOL        L?0425
  C:3DD4H         SYMBOL        L?0426
  C:3DD9H         SYMBOL        L?0427
  C:3DEDH         SYMBOL        L?0428
  C:3DF0H         SYMBOL        L?0429
  C:3DF4H         SYMBOL        L?0430
  C:3E00H         SYMBOL        L?0433
  C:3E04H         SYMBOL        L?0434
  C:3E0CH         SYMBOL        L?0435
  C:3E13H         SYMBOL        L?0436
  C:3E2CH         SYMBOL        L?0437
  C:3E3AH         SYMBOL        L?0438
  C:3E43H         SYMBOL        L?0439
  C:3E58H         SYMBOL        L?0440
  C:3E5BH         SYMBOL        L?0441
  C:3E5EH         SYMBOL        L?0442
  C:3E66H         SYMBOL        L?0443
  C:3E69H         SYMBOL        L?0444
  C:3E6DH         SYMBOL        L?0445
  C:3E71H         SYMBOL        L?0446
  C:3E7AH         SYMBOL        L?0447
  C:3E7AH         SYMBOL        L?0448
  C:3E83H         SYMBOL        L?0449
  C:3E86H         SYMBOL        L?0450
  C:3E8FH         SYMBOL        L?0451
  C:3E9AH         SYMBOL        L?0452
  C:3E9AH         SYMBOL        L?0453
BL51 BANKED LINKER/LOCATER V6.22                                                      07/20/2016  11:29:11  PAGE 32


  C:3EA4H         SYMBOL        L?0454
  C:3EABH         SYMBOL        L?0455
  C:3EBAH         SYMBOL        L?0456
  C:3EC8H         SYMBOL        L?0457
  C:3EC8H         SYMBOL        L?0458
  C:3ED4H         SYMBOL        L?0459
  C:3EDCH         SYMBOL        L?0460
  C:3EDCH         SYMBOL        L?0461
  C:3EE1H         SYMBOL        L?0462
  C:3EE9H         SYMBOL        L?0463
  C:3EE9H         SYMBOL        L?0464
  C:3EECH         SYMBOL        L?0465
  C:3EF5H         SYMBOL        L?0466
  C:3EF5H         SYMBOL        L?0467
  C:3F0CH         SYMBOL        L?0468
  C:3F1DH         SYMBOL        L?0469
  C:3F27H         SYMBOL        L?0470
  C:3F2AH         SYMBOL        L?0471
  C:3F3EH         SYMBOL        L?0472
  C:3F50H         SYMBOL        L?0474
  C:3F5BH         SYMBOL        L?0475
  C:3F62H         SYMBOL        L?0476
  C:3F62H         SYMBOL        L?0477
  C:3F68H         SYMBOL        L?0478
  C:3F71H         SYMBOL        L?0479
  C:3F88H         SYMBOL        L?0480
  C:3F8EH         SYMBOL        L?0481
  C:3FAEH         SYMBOL        L?0482
  C:3FAEH         SYMBOL        L?0483
  C:3FC0H         SYMBOL        L?0484
  C:3FC4H         SYMBOL        L?0485
  C:3FD1H         SYMBOL        L?0486
  C:3FD1H         SYMBOL        L?0487
  C:3FDAH         SYMBOL        L?0488
  C:3FDAH         SYMBOL        L?0489
  C:3FE2H         SYMBOL        L?0490
  C:3FE9H         SYMBOL        L?0491
  C:3FE9H         SYMBOL        L?0492
  C:3FF5H         SYMBOL        L?0493
  C:4008H         SYMBOL        L?0494
  C:4008H         SYMBOL        L?0495
  C:400BH         SYMBOL        L?0496
  C:4015H         SYMBOL        L?0497
  C:401CH         SYMBOL        L?0498
  C:4024H         SYMBOL        L?0499
  C:4026H         SYMBOL        L?0500
  C:4034H         SYMBOL        L?0503
  C:403AH         SYMBOL        L?0504
  C:4045H         SYMBOL        L?0505
  C:4045H         SYMBOL        L?0506
  C:4048H         SYMBOL        L?0507
  C:404EH         SYMBOL        L?0508
  C:404EH         SYMBOL        L?0509
  C:405CH         SYMBOL        L?0510
  C:405EH         SYMBOL        L?0511
  C:4065H         SYMBOL        L?0512
  C:4079H         SYMBOL        L?0513
BL51 BANKED LINKER/LOCATER V6.22                                                      07/20/2016  11:29:11  PAGE 33


  C:407AH         SYMBOL        L?0514
  C:407BH         SYMBOL        L?0515
  C:4082H         SYMBOL        L?0516
  C:4082H         SYMBOL        L?0517
  C:408BH         SYMBOL        L?0518
  C:408EH         SYMBOL        L?0519
  C:4095H         SYMBOL        L?0520
  C:4095H         SYMBOL        L?0521
  C:409CH         SYMBOL        L?0522
  C:409CH         SYMBOL        L?0523
  C:40A7H         SYMBOL        L?0524
  C:40A7H         SYMBOL        L?0525
  C:40B2H         SYMBOL        L?0526
  C:40B8H         SYMBOL        L?0527
  C:40BFH         SYMBOL        L?0528
  C:40BFH         SYMBOL        L?0529
  C:40C6H         SYMBOL        L?0530
  C:40C8H         SYMBOL        L?0531
  C:40D1H         SYMBOL        L?0532
  C:40D2H         SYMBOL        L?0533
  C:40D8H         SYMBOL        L?0534
  C:40D9H         SYMBOL        L?0535
  C:40DFH         SYMBOL        L?0536
  C:40DFH         SYMBOL        L?0537
  C:40E8H         SYMBOL        L?0538
  C:40E8H         SYMBOL        L?0539
  C:40F1H         SYMBOL        L?0540
  C:40FEH         SYMBOL        L?0541
  C:410BH         SYMBOL        L?0542
  C:410BH         SYMBOL        L?0543
  C:4111H         SYMBOL        L?0544
  C:4111H         SYMBOL        L?0545
  C:4118H         SYMBOL        L?0546
  C:4125H         SYMBOL        L?0547
  C:4132H         SYMBOL        L?0548
  C:4133H         SYMBOL        L?0549
  C:413BH         SYMBOL        L?0550
  C:413EH         SYMBOL        L?0551
  C:4145H         SYMBOL        L?0552
  C:4145H         SYMBOL        L?0553
  C:414CH         SYMBOL        L?0554
  C:414CH         SYMBOL        L?0555
  C:4153H         SYMBOL        L?0556
  C:4153H         SYMBOL        L?0557
  C:415AH         SYMBOL        L?0558
  C:415AH         SYMBOL        L?0559
  C:4161H         SYMBOL        L?0560
  C:4169H         SYMBOL        L?0561
  C:4175H         SYMBOL        L?0562
  C:4175H         SYMBOL        L?0563
  C:417DH         SYMBOL        L?0564
  C:417DH         SYMBOL        L?0565
  C:4185H         SYMBOL        L?0566
  C:4190H         SYMBOL        L?0567
  C:419BH         SYMBOL        L?0568
  C:41A6H         SYMBOL        L?0569
  C:41B1H         SYMBOL        L?0570
BL51 BANKED LINKER/LOCATER V6.22                                                      07/20/2016  11:29:11  PAGE 34


  C:41BBH         SYMBOL        L?0571
  C:41C6H         SYMBOL        L?0572
  C:41C7H         SYMBOL        L?0573
  C:41CEH         SYMBOL        L?0574
  C:41CFH         SYMBOL        L?0575
  C:41D6H         SYMBOL        L?0577
  C:41D6H         SYMBOL        L?0578
  C:41DDH         SYMBOL        L?0579
  C:41DDH         SYMBOL        L?0580
  C:41E4H         SYMBOL        L?0581
  C:41E4H         SYMBOL        L?0582
  C:41EBH         SYMBOL        L?0583
  C:41EBH         SYMBOL        L?0584
  C:41F2H         SYMBOL        L?0585
  C:41F2H         SYMBOL        L?0586
  C:41F9H         SYMBOL        L?0587
  C:4203H         SYMBOL        L?0588
  C:4203H         SYMBOL        L?0589
  C:420AH         SYMBOL        L?0590
  C:420AH         SYMBOL        L?0591
  -------         PROC          COM018B
  -------         ENDPROC       COM018B
  C:68F1H         SYMBOL        L?0501
  -------         PROC          _READBCTHEAD
  X:7B26H         SYMBOL        pHead
  C:6852H         LINE#         138
  C:6858H         LINE#         139
  C:6858H         LINE#         145
  C:6866H         LINE#         146
  C:6866H         LINE#         147
  C:687EH         LINE#         148
  C:687EH         LINE#         150
  C:687EH         LINE#         151
  C:688CH         LINE#         153
  C:68A8H         LINE#         154
  C:68C4H         LINE#         155
  C:68D4H         LINE#         156
  C:68E4H         LINE#         157
  C:68F0H         LINE#         158
  C:68F0H         LINE#         160
  -------         ENDPROC       _READBCTHEAD
  -------         PROC          _CHECK_SST_39VF
  D:0007H         SYMBOL        ucIC
  -------         DO            
  D:0004H         SYMBOL        ucSstID
  D:0003H         SYMBOL        ucSstCap
  -------         ENDDO         
  C:6DFEH         LINE#         179
  C:6DFEH         LINE#         180
  C:6DFEH         LINE#         183
  C:6E08H         LINE#         185
  C:6E08H         LINE#         186
  C:6E08H         LINE#         187
  C:6E08H         LINE#         188
  C:6E08H         LINE#         189
  C:6E0DH         LINE#         190
  C:6E0FH         LINE#         192
BL51 BANKED LINKER/LOCATER V6.22                                                      07/20/2016  11:29:11  PAGE 35


  C:6E19H         LINE#         194
  C:6E1CH         LINE#         195
  C:6E1EH         LINE#         196
  C:6E20H         LINE#         198
  C:6E23H         LINE#         200
  C:6E29H         LINE#         202
  C:6E2EH         LINE#         204
  C:6E36H         LINE#         205
  C:6E38H         LINE#         206
  C:6E3CH         LINE#         207
  C:6E3CH         LINE#         208
  C:6E41H         LINE#         209
  C:6E47H         LINE#         211
  C:6E4CH         LINE#         213
  C:6E56H         LINE#         215
  C:6E58H         LINE#         216
  -------         ENDPROC       _CHECK_SST_39VF
[...]
  C:56F3H         LINE#         63
  C:56F3H         LINE#         64
  C:56FAH         LINE#         65
  C:56FAH         LINE#         66
  C:56FDH         LINE#         67
  C:5704H         LINE#         68
  C:5704H         LINE#         69
  C:5707H         LINE#         71
  C:5707H         LINE#         72
  C:5726H         LINE#         73
  C:5726H         LINE#         74
  C:5729H         LINE#         75
  C:5729H         LINE#         113
  C:5730H         LINE#         114
  C:5730H         LINE#         115
  C:574BH         LINE#         116
  C:575BH         LINE#         117
  C:575BH         LINE#         118
  C:575EH         LINE#         119
  C:5761H         LINE#         120
  C:5761H         LINE#         121
  C:5764H         LINE#         123
  C:5764H         LINE#         124
  C:5767H         LINE#         125
  C:576AH         LINE#         126
  C:576AH         LINE#         127
  C:576AH         LINE#         128
  C:576AH         LINE#         129
  C:576AH         LINE#         130
  C:576DH         LINE#         132
BL51 BANKED LINKER/LOCATER V6.22                                                      07/20/2016  11:29:11  PAGE 69


  C:576DH         LINE#         133
  C:576DH         LINE#         134
  C:5778H         LINE#         135
  C:5780H         LINE#         136
  C:5780H         LINE#         137
  C:5783H         LINE#         138
  C:5786H         LINE#         139
  C:5786H         LINE#         140
  C:5789H         LINE#         142
  C:5789H         LINE#         143
  C:5794H         LINE#         144
  C:579AH         LINE#         145
  C:579AH         LINE#         146
  C:579AH         LINE#         147
  C:579AH         LINE#         148
  C:579AH         LINE#         149
  C:579AH         LINE#         150
  C:579AH         LINE#         151
  C:579AH         LINE#         153
  C:579AH         LINE#         154
  C:579DH         LINE#         157
  C:579DH         LINE#         158
  C:57A4H         LINE#         159
  C:57A4H         LINE#         160
  C:57A7H         LINE#         161
  C:57AEH         LINE#         162
  C:57AEH         LINE#         163
  C:57B1H         LINE#         165
  C:57B1H         LINE#         166
  C:57B1H         LINE#         167
  C:57CAH         LINE#         168
  C:57CAH         LINE#         169
  C:57CDH         LINE#         170
  C:57D3H         LINE#         171
  C:57D3H         LINE#         172
  C:57D6H         LINE#         174
  C:57D6H         LINE#         175
  C:57E6H         LINE#         176
  C:57F5H         LINE#         208
  C:57FCH         LINE#         209
  C:57FCH         LINE#         210
  C:57FFH         LINE#         211
  C:581AH         LINE#         212
  C:581AH         LINE#         213
  C:581DH         LINE#         214
  C:5823H         LINE#         215
  C:5823H         LINE#         216
  C:5825H         LINE#         218
  C:5825H         LINE#         219
  C:5828H         LINE#         220
  C:582FH         LINE#         221
  C:582FH         LINE#         222
  C:582FH         LINE#         223
  C:5831H         LINE#         225
  C:5831H         LINE#         226
  C:5833H         LINE#         227
  C:5833H         LINE#         228
BL51 BANKED LINKER/LOCATER V6.22                                                      07/20/2016  11:29:11  PAGE 70


  C:5833H         LINE#         229
  C:5836H         LINE#         230
  C:5836H         LINE#         231
  C:5836H         LINE#         233
  C:5836H         LINE#         234
  C:5836H         LINE#         235
  C:5838H         LINE#         238
  C:5838H         LINE#         242
  C:583FH         LINE#         244
  C:583FH         LINE#         245
  C:5842H         LINE#         246
  C:5849H         LINE#         247
  C:584FH         LINE#         248
  C:5851H         LINE#         249
  C:5854H         LINE#         250
  C:5856H         LINE#         292
  C:5856H         LINE#         293
  C:585BH         LINE#         294
  C:5860H         LINE#         295
  C:5860H         LINE#         296
  C:5860H         LINE#         297
  -------         ENDPROC       HDLCOK
  -------         PROC          HDLCERR
  C:702BH         LINE#         590
  C:703AH         LINE#         592
  C:703FH         LINE#         593
  C:7041H         LINE#         594
  C:7041H         LINE#         595
  C:7041H         LINE#         596
  C:7044H         LINE#         597
  C:7049H         LINE#         598
  C:7050H         LINE#         599
  C:7053H         LINE#         600
  -------         ENDPROC       HDLCERR
  -------         PROC          SCC1HARDINIT
  C:71A6H         LINE#         617
  C:71A6H         LINE#         618
  C:71A6H         LINE#         620
  C:71ABH         LINE#         621
  C:71ADH         LINE#         622
  C:71AFH         LINE#         624
  C:71B1H         LINE#         625
  C:71B3H         LINE#         626
  C:71B5H         LINE#         739
  -------         ENDPROC       SCC1HARDINIT
  -------         PROC          SCC1INIT
  C:6DA2H         LINE#         755
  C:6DA2H         LINE#         756
  C:6DA2H         LINE#         759
  C:6DA9H         LINE#         760
  C:6DADH         LINE#         761
  C:6DB3H         LINE#         762
  C:6DB7H         LINE#         763
  C:6DBDH         LINE#         765
  C:6DC1H         LINE#         768
  C:6DC5H         LINE#         769
  C:6DC9H         LINE#         770
BL51 BANKED LINKER/LOCATER V6.22                                                      07/20/2016  11:29:11  PAGE 71


  C:6DCDH         LINE#         771
  C:6DD1H         LINE#         772
  C:6DD3H         LINE#         774
  C:6DE0H         LINE#         775
  C:6DEFH         LINE#         776
  -------         ENDPROC       SCC1INIT
  -------         PROC          SCC1TX
  -------         DO            
  X:7B15H         SYMBOL        uTemp
  D:0018H         SYMBOL        usTemp
  -------         ENDDO         
  C:5DE6H         LINE#         793
  C:5DE6H         LINE#         794
  C:5DE6H         LINE#         804
  C:5DF1H         LINE#         805
  C:5DF1H         LINE#         806
  C:5DF5H         LINE#         808
  C:5DFAH         LINE#         810
  C:5DFBH         LINE#         811
  C:5E04H         LINE#         812
  C:5E04H         LINE#         813
  C:5E0AH         LINE#         816
  C:5E10H         LINE#         820
  C:5E14H         LINE#         823
  C:5E1EH         LINE#         824
  C:5E21H         LINE#         825
  C:5E24H         LINE#         827
  C:5E2AH         LINE#         828
  C:5E31H         LINE#         829
  C:5E52H         LINE#         831
  C:5E60H         LINE#         832
  C:5E6EH         LINE#         833
  C:5E74H         LINE#         854
  C:5E75H         LINE#         856
  C:5E75H         LINE#         860
  C:5E7AH         LINE#         864
  C:5E8AH         LINE#         865
  C:5E98H         LINE#         870
  C:5EAEH         LINE#         873
  C:5EBDH         LINE#         874
  C:5EBDH         LINE#         875
  C:5EC0H         LINE#         877
  C:5EDCH         LINE#         878
  C:5EF0H         LINE#         879
  C:5EF6H         LINE#         896
  C:5EFDH         LINE#         897
  C:5EFDH         LINE#         898
  -------         ENDPROC       SCC1TX
  -------         ENDMOD        HDLC

  -------         MODULE        ?C_STARTUP
  C:66E6H         SEGMENT       ?C_C51STARTUP
  I:0024H         SEGMENT       ?STACK
  C:0000H         PUBLIC        ?C_STARTUP
  B:00D0H.6       SYMBOL        AC
  D:00E0H         SYMBOL        ACC
  D:00F0H         SYMBOL        B
BL51 BANKED LINKER/LOCATER V6.22                                                      07/20/2016  11:29:11  PAGE 72


  D:008EH         SYMBOL        CKCON
  B:00C8H.0       SYMBOL        CP_RL2
  B:00D0H.7       SYMBOL        CY
  B:00C8H.1       SYMBOL        C_T2
  D:0083H         SYMBOL        DPH
  D:0085H         SYMBOL        DPH1
  D:0082H         SYMBOL        DPL
  D:0084H         SYMBOL        DPL1
  D:0086H         SYMBOL        DPS
  B:00A8H.7       SYMBOL        EA
  D:00E8H         SYMBOL        EIE
  D:00F8H         SYMBOL        EIP
  B:00D8H.5       SYMBOL        EPFI
  B:00A8H.4       SYMBOL        ES0
  B:00A8H.6       SYMBOL        ES1
  B:00A8H.1       SYMBOL        ET0
  B:00A8H.3       SYMBOL        ET1
  B:00A8H.5       SYMBOL        ET2
  B:00E8H.4       SYMBOL        EWDI
  B:00D8H.1       SYMBOL        EWT
  B:00A8H.0       SYMBOL        EX0
  B:00A8H.2       SYMBOL        EX1
  B:00E8H.0       SYMBOL        EX2
  B:00E8H.1       SYMBOL        EX3
  B:00E8H.2       SYMBOL        EX4
  B:00E8H.3       SYMBOL        EX5
  B:00C8H.3       SYMBOL        EXEN2
  B:00C8H.6       SYMBOL        EXF2
  D:0091H         SYMBOL        EXIF
  B:00D0H.5       SYMBOL        F0
  B:00D0H.1       SYMBOL        FL
  N:0000H         SYMBOL        IBPSTACK
  N:0100H         SYMBOL        IBPSTACKTOP
  N:0100H         SYMBOL        IDATALEN
  C:66E9H         SYMBOL        IDATALOOP
  D:00A8H         SYMBOL        IE
  B:0088H.1       SYMBOL        IE0
  B:0088H.3       SYMBOL        IE1
  B:00B0H.2       SYMBOL        INT0
  B:00B0H.3       SYMBOL        INT1
  B:0090H.4       SYMBOL        INT2
  B:0090H.5       SYMBOL        INT3
  B:0090H.6       SYMBOL        INT4
  B:0090H.7       SYMBOL        INT5
  D:00B8H         SYMBOL        IP
  B:0088H.0       SYMBOL        IT0
  B:0088H.2       SYMBOL        IT1
  B:00D0H.2       SYMBOL        OV
  B:00D0H.0       SYMBOL        P
  D:0080H         SYMBOL        P0
  D:0090H         SYMBOL        P1
  D:00A0H         SYMBOL        P2
  D:00B0H         SYMBOL        P3
  N:0000H         SYMBOL        PBPSTACK
  N:0000H         SYMBOL        PBPSTACKTOP
  D:0087H         SYMBOL        PCON
  N:0000H         SYMBOL        PDATALEN
BL51 BANKED LINKER/LOCATER V6.22                                                      07/20/2016  11:29:11  PAGE 73


  N:0000H         SYMBOL        PDATASTART
  B:00D8H.4       SYMBOL        PFI
  B:00D8H.6       SYMBOL        POR
  N:0000H         SYMBOL        PPAGE
  N:0000H         SYMBOL        PPAGEENABLE
  B:00B8H.4       SYMBOL        PS0
  B:00B8H.6       SYMBOL        PS1
  D:00D0H         SYMBOL        PSW
  B:00B8H.1       SYMBOL        PT0
  B:00B8H.3       SYMBOL        PT1
  B:00B8H.5       SYMBOL        PT2
  B:00F8H.4       SYMBOL        PWDI
  B:00B8H.0       SYMBOL        PX0
  B:00B8H.2       SYMBOL        PX1
  B:00F8H.0       SYMBOL        PX2
  B:00F8H.1       SYMBOL        PX3
  B:00F8H.2       SYMBOL        PX4
  B:00F8H.3       SYMBOL        PX5
  B:0098H.2       SYMBOL        RB8
  B:00C0H.2       SYMBOL        RB81
  D:00CBH         SYMBOL        RCAP2H
  D:00CAH         SYMBOL        RCAP2L
  B:00C8H.5       SYMBOL        RCLK
  B:00B0H.7       SYMBOL        RD
  B:0098H.4       SYMBOL        REN
  B:00C0H.4       SYMBOL        REN1
  B:0098H.0       SYMBOL        RI
  B:00C0H.0       SYMBOL        RI1
  B:00D0H.3       SYMBOL        RS0
  B:00D0H.4       SYMBOL        RS1
  B:00D8H.0       SYMBOL        RWT
  B:00B0H.0       SYMBOL        RXD0
  B:0090H.2       SYMBOL        RXD1
  D:00A9H         SYMBOL        SADDR0
  D:00AAH         SYMBOL        SADDR1
  D:00B9H         SYMBOL        SADEN0
  D:00BAH         SYMBOL        SADEN1
  D:0099H         SYMBOL        SBUF0
  D:00C1H         SYMBOL        SBUF1
  D:0098H         SYMBOL        SCON0
  D:00C0H         SYMBOL        SCON1
  B:0098H.7       SYMBOL        SM0
  B:00C0H.7       SYMBOL        SM01
  B:0098H.6       SYMBOL        SM1
  B:00C0H.6       SYMBOL        SM11
  B:0098H.5       SYMBOL        SM2
  B:00C0H.5       SYMBOL        SM21
  B:00D8H.7       SYMBOL        SMOD
  D:0081H         SYMBOL        SP
  C:66E6H         SYMBOL        STARTUP1
  D:00C5H         SYMBOL        STATUS
  B:00B0H.4       SYMBOL        T0
  B:00B0H.5       SYMBOL        T1
  B:0090H.0       SYMBOL        T2
  D:00C8H         SYMBOL        T2CON
  B:0090H.1       SYMBOL        T2EX
  D:00C9H         SYMBOL        T2MOD
BL51 BANKED LINKER/LOCATER V6.22                                                      07/20/2016  11:29:11  PAGE 74


  D:00C7H         SYMBOL        TA
  B:0098H.3       SYMBOL        TB8
  B:00C0H.3       SYMBOL        TB81
  B:00C8H.4       SYMBOL        TCLK
  D:0088H         SYMBOL        TCON
  B:0088H.5       SYMBOL        TF0
  B:0088H.7       SYMBOL        TF1
  B:00C8H.7       SYMBOL        TF2
  D:008CH         SYMBOL        TH0
  D:008DH         SYMBOL        TH1
  D:00CDH         SYMBOL        TH2
  B:0098H.1       SYMBOL        TI
  B:00C0H.1       SYMBOL        TI1
  D:008AH         SYMBOL        TL0
  D:008BH         SYMBOL        TL1
  D:00CCH         SYMBOL        TL2
  D:0089H         SYMBOL        TMOD
  B:0088H.4       SYMBOL        TR0
  B:0088H.6       SYMBOL        TR1
  B:00C8H.2       SYMBOL        TR2
  B:00B0H.1       SYMBOL        TXD0
  B:0090H.3       SYMBOL        TXD1
  D:00D8H         SYMBOL        WDCON
  B:00D8H.3       SYMBOL        WDIF
  B:00D8H.2       SYMBOL        WDRF
  B:00B0H.6       SYMBOL        WR
  N:0000H         SYMBOL        XBPSTACK
  N:0000H         SYMBOL        XBPSTACKTOP
  N:0000H         SYMBOL        XDATALEN
  N:0000H         SYMBOL        XDATASTART
  C:0000H         LINE#         82
  C:66E6H         LINE#         89
  C:66E8H         LINE#         90
  C:66E9H         LINE#         91
  C:66EAH         LINE#         92
  C:66ECH         LINE#         141
  C:66EFH         LINE#         143
  C:66F1H         LINE#         144
  C:66F4H         LINE#         145
  C:66F7H         LINE#         146
  C:66FAH         LINE#         147
  C:66FCH         LINE#         149
  C:66FFH         LINE#         151
  C:6702H         LINE#         152
  C:6705H         LINE#         153
  C:6708H         LINE#         154
  C:670AH         LINE#         155
  C:670CH         LINE#         157
  C:670FH         LINE#         158
  C:6712H         LINE#         159
  C:6715H         LINE#         160
  C:6718H         LINE#         161
  C:671BH         LINE#         162
  C:671DH         LINE#         164
  C:6720H         LINE#         166
  -------         ENDMOD        ?C_STARTUP

BL51 BANKED LINKER/LOCATER V6.22                                                      07/20/2016  11:29:11  PAGE 75


  -------         MODULE        ?C?CLDPTR
  C:1E1EH         PUBLIC        ?C?CLDPTR
  -------         ENDMOD        ?C?CLDPTR

  -------         MODULE        ?C?CLDOPTR
  C:1E37H         PUBLIC        ?C?CLDOPTR
  -------         ENDMOD        ?C?CLDOPTR

  -------         MODULE        ?C?CSTPTR
  C:1E64H         PUBLIC        ?C?CSTPTR
  -------         ENDMOD        ?C?CSTPTR

  -------         MODULE        ?C?CSTOPTR
  C:1E76H         PUBLIC        ?C?CSTOPTR
  -------         ENDMOD        ?C?CSTOPTR

  -------         MODULE        ?C?IMUL
  C:1E98H         PUBLIC        ?C?IMUL
  -------         ENDMOD        ?C?IMUL

  -------         MODULE        ?C?UIDIV
  C:1EAAH         PUBLIC        ?C?UIDIV
  -------         ENDMOD        ?C?UIDIV

  -------         MODULE        ?C?IILDX
  C:1EFFH         PUBLIC        ?C?IILDX
  -------         ENDMOD        ?C?IILDX

  -------         MODULE        ?C?ILDIX
  C:1F15H         PUBLIC        ?C?ILDIX
  -------         ENDMOD        ?C?ILDIX

  -------         MODULE        ?C?ILDOPTR
  C:1F2BH         PUBLIC        ?C?ILDOPTR
  -------         ENDMOD        ?C?ILDOPTR

  -------         MODULE        ?C?ISTPTR
  C:1F63H         PUBLIC        ?C?ISTPTR
  -------         ENDMOD        ?C?ISTPTR

  -------         MODULE        ?C?ISTOPTR
  C:1F82H         PUBLIC        ?C?ISTOPTR
  -------         ENDMOD        ?C?ISTOPTR

  -------         MODULE        ?C?ULCMP
  C:1FAFH         PUBLIC        ?C?ULCMP
  -------         ENDMOD        ?C?ULCMP

  -------         MODULE        ?C?LSHL
  C:1FC0H         PUBLIC        ?C?LSHL
  -------         ENDMOD        ?C?LSHL

  -------         MODULE        ?C?LLDOPTR
  C:1FD3H         PUBLIC        ?C?LLDOPTR
  -------         ENDMOD        ?C?LLDOPTR

  -------         MODULE        ?C?LSTXDATA
BL51 BANKED LINKER/LOCATER V6.22                                                      07/20/2016  11:29:11  PAGE 76


  C:2003H         PUBLIC        ?C?LSTXDATA
  -------         ENDMOD        ?C?LSTXDATA

  -------         MODULE        ?C?LSTKXDATA
  C:200FH         PUBLIC        ?C?LSTKXDATA
  -------         ENDMOD        ?C?LSTKXDATA

  -------         MODULE        ?C?OFFX256
  C:2040H         PUBLIC        ?C?OFFX256
  -------         ENDMOD        ?C?OFFX256

  -------         MODULE        ?C?OFFXADD
  C:2051H         PUBLIC        ?C?OFFXADD
  -------         ENDMOD        ?C?OFFXADD

  -------         MODULE        ?C?CCASE
  C:205DH         PUBLIC        ?C?CCASE
  -------         ENDMOD        ?C?CCASE

  -------         MODULE        ?C?ICALL
  C:2083H         PUBLIC        ?C?ICALL
  C:2087H         PUBLIC        ?C?ICALL2
  -------         ENDMOD        ?C?ICALL

  -------         MODULE        PRINTF
  X:7B4EH         PUBLIC        ?_PRINTF517?BYTE
  X:7B4EH         PUBLIC        ?_PRINTF?BYTE
  X:7B4EH         PUBLIC        ?_SPRINTF517?BYTE
  X:7B4EH         PUBLIC        ?_SPRINTF?BYTE
  C:4AA5H         PUBLIC        _PRINTF
  C:4AA5H         PUBLIC        _PRINTF517
  C:4A9FH         PUBLIC        _SPRINTF
  C:4A9FH         PUBLIC        _SPRINTF517
  -------         ENDMOD        PRINTF

  -------         MODULE        TOINT
  C:70B6H         PUBLIC        _TOINT
  -------         ENDMOD        TOINT

  -------         MODULE        ISXDIGIT
  C:7104H         PUBLIC        _isxdigit
  -------         ENDMOD        ISXDIGIT

  -------         MODULE        TOUPPER
  C:7185H         PUBLIC        _toupper
  -------         ENDMOD        TOUPPER

  -------         MODULE        STRNCMP
  X:7B42H         PUBLIC        ?_strncmp?BYTE
  C:6A30H         PUBLIC        _strncmp
  -------         ENDMOD        STRNCMP

  -------         MODULE        STRNCPY
  X:7B29H         PUBLIC        ?_strncpy?BYTE
  C:6C13H         PUBLIC        _strncpy
  -------         ENDMOD        STRNCPY

BL51 BANKED LINKER/LOCATER V6.22                                                      07/20/2016  11:29:11  PAGE 77


  -------         MODULE        STRLEN
  C:002EH         PUBLIC        _STRLEN
  -------         ENDMOD        STRLEN

  -------         MODULE        ?C?MEMSET
  C:2089H         PUBLIC        ?C?MEMSET
  -------         ENDMOD        ?C?MEMSET

  -------         MODULE        ?C?MEMCMPAMD
  C:2213H         PUBLIC        ?C?MEMCMPAMD
  -------         ENDMOD        ?C?MEMCMPAMD

  -------         MODULE        ?C?COPYAMD
  C:22F3H         PUBLIC        ?C?COPYAMD
  -------         ENDMOD        ?C?COPYAMD

  -------         MODULE        ?C?STRCMPAMD
  C:246FH         PUBLIC        ?C?STRCMPAMD
  -------         ENDMOD        ?C?STRCMPAMD

  -------         MODULE        ?C?LLDIDATA
  C:248CH         PUBLIC        ?C?LLDIDATA
  -------         ENDMOD        ?C?LLDIDATA

  -------         MODULE        ?C?LLDXDATA
  C:2498H         PUBLIC        ?C?LLDXDATA
  -------         ENDMOD        ?C?LLDXDATA

  -------         MODULE        ?C?LLDPDATA
  C:24A4H         PUBLIC        ?C?LLDPDATA
  -------         ENDMOD        ?C?LLDPDATA

  -------         MODULE        ?C?LLDCODE
  C:24B0H         PUBLIC        ?C?LLDCODE
  -------         ENDMOD        ?C?LLDCODE

  -------         MODULE        ?C?PLDIXDATA
  C:24C0H         PUBLIC        ?C?PLDIXDATA
  -------         ENDMOD        ?C?PLDIXDATA

  -------         MODULE        ?C?PSTXDATA
  C:24D7H         PUBLIC        ?C?PSTXDATA
  -------         ENDMOD        ?C?PSTXDATA

  -------         MODULE        PUTCHAR
  C:70DDH         PUBLIC        _PUTCHAR
  -------         ENDMOD        PUTCHAR

Program Size: data=37.0 xdata=31679 code=29091
LINK/LOCATE RUN COMPLETE.  0 WARNING(S),  0 ERROR(S)
