BL51 BANKED LINKER/LOCATER V6.22                                                        04/13/2016  14:31:06  PAGE 1


BL51 BANKED LINKER/LOCATER V6.22, INVOKED BY:
D:\KEIL_V5\C51\BIN\BL51.EXE GF2488-01F1-E1-RST.obj, .\NewLib9.LIB TO citrans550f RAMSIZE (256)


MEMORY MODEL: LARGE


INPUT MODULES INCLUDED:
  GF2488-01F1-E1-RST.obj (GF2488_01F1_E1_RST)
  .\NewLib9.LIB (TIMER)
  .\NewLib9.LIB (COMM)
  .\NewLib9.LIB (DEBUG)
  .\NewLib9.LIB (HDLC)
  .\NewLib9.LIB (?C_STARTUP)
  D:\KEIL_V5\C51\LIB\C51L.LIB (?C_INIT)
  D:\KEIL_V5\C51\LIB\C51L.LIB (?C?CLDPTR)
  D:\KEIL_V5\C51\LIB\C51L.LIB (?C?CLDOPTR)
  D:\KEIL_V5\C51\LIB\C51L.LIB (?C?CSTPTR)
  D:\KEIL_V5\C51\LIB\C51L.LIB (?C?CSTOPTR)
  D:\KEIL_V5\C51\LIB\C51L.LIB (?C?IMUL)
  D:\KEIL_V5\C51\LIB\C51L.LIB (?C?UIDIV)
  D:\KEIL_V5\C51\LIB\C51L.LIB (?C?SIDIV)
  D:\KEIL_V5\C51\LIB\C51L.LIB (?C?IILDX)
  D:\KEIL_V5\C51\LIB\C51L.LIB (?C?ILDIX)
  D:\KEIL_V5\C51\LIB\C51L.LIB (?C?ILDOPTR)
  D:\KEIL_V5\C51\LIB\C51L.LIB (?C?ISTPTR)
  D:\KEIL_V5\C51\LIB\C51L.LIB (?C?ISTOPTR)
  D:\KEIL_V5\C51\LIB\C51L.LIB (?C?ULCMP)
  D:\KEIL_V5\C51\LIB\C51L.LIB (?C?LSHL)
  D:\KEIL_V5\C51\LIB\C51L.LIB (?C?LLDOPTR)
  D:\KEIL_V5\C51\LIB\C51L.LIB (?C?LSTXDATA)
  D:\KEIL_V5\C51\LIB\C51L.LIB (?C?LSTKXDATA)
  D:\KEIL_V5\C51\LIB\C51L.LIB (?C?OFFX256)
  D:\KEIL_V5\C51\LIB\C51L.LIB (?C?OFFXADD)
  D:\KEIL_V5\C51\LIB\C51L.LIB (?C?CCASE)
  D:\KEIL_V5\C51\LIB\C51L.LIB (?C?ICALL)
  D:\KEIL_V5\C51\LIB\C51L.LIB (PRINTF)
  D:\KEIL_V5\C51\LIB\C51L.LIB (TOINT)
  D:\KEIL_V5\C51\LIB\C51L.LIB (ISXDIGIT)
  D:\KEIL_V5\C51\LIB\C51L.LIB (TOUPPER)
  D:\KEIL_V5\C51\LIB\C51L.LIB (STRNCMP)
  D:\KEIL_V5\C51\LIB\C51L.LIB (STRNCPY)
  D:\KEIL_V5\C51\LIB\C51L.LIB (STRLEN)
  D:\KEIL_V5\C51\LIB\C51L.LIB (?C?MEMSET)
  D:\KEIL_V5\C51\LIB\C51L.LIB (?C?MEMCMPAMD)
  D:\KEIL_V5\C51\LIB\C51L.LIB (?C?COPYAMD)
  D:\KEIL_V5\C51\LIB\C51L.LIB (?C?STRCMPAMD)
  D:\KEIL_V5\C51\LIB\C51L.LIB (?C?LLDIDATA)
  D:\KEIL_V5\C51\LIB\C51L.LIB (?C?LLDXDATA)
  D:\KEIL_V5\C51\LIB\C51L.LIB (?C?LLDPDATA)
  D:\KEIL_V5\C51\LIB\C51L.LIB (?C?LLDCODE)
  D:\KEIL_V5\C51\LIB\C51L.LIB (?C?PLDIXDATA)
  D:\KEIL_V5\C51\LIB\C51L.LIB (?C?PSTXDATA)
  D:\KEIL_V5\C51\LIB\C51L.LIB (PUTCHAR)


LINK MAP OF MODULE:  citrans550f (GF2488_01F1_E1_RST)

BL51 BANKED LINKER/LOCATER V6.22                                                      04/13/2016  14:31:06  PAGE 2



            TYPE    BASE      LENGTH    RELOCATION   SEGMENT NAME
            -----------------------------------------------------

            * * * * * * *   D A T A   M E M O R Y   * * * * * * *
            REG     0000H     0008H     ABSOLUTE     "REG BANK 0"
            REG     0008H     0008H     ABSOLUTE     "REG BANK 1"
            REG     0010H     0008H     ABSOLUTE     "REG BANK 2"
            DATA    0018H     0007H     UNIT         _DATA_GROUP_
            DATA    001FH     0001H     UNIT         ?DT?DEBUG
            DATA    0020H     0001H     BIT_ADDR     ?BA?GF2488_01F1_E1_RST
            DATA    0021H     0001H     BIT_ADDR     ?BA?COMM
            BIT     0022H.0   0001H.1   UNIT         _BIT_GROUP_
            BIT     0023H.1   0000H.6   UNIT         ?BI?COMM
            BIT     0023H.7   0000H.1   UNIT         ?BI?DEBUG
            IDATA   0024H     0001H     UNIT         ?STACK

            * * * * * * *  X D A T A   M E M O R Y  * * * * * * *
            XDATA   0000H     2000H     ABSOLUTE     
            XDATA   2000H     56DEH     UNIT         ?XD?GF2488_01F1_E1_RST
            XDATA   76DEH     0437H     UNIT         ?XD?COMM
            XDATA   7B15H     005EH     UNIT         _XDATA_GROUP_
            XDATA   7B73H     002AH     UNIT         ?XD?DEBUG
            XDATA   7B9DH     0010H     UNIT         ?XD?TIMER
            XDATA   7BADH     000FH     UNIT         ?XD?HDLC

            * * * * * * *   C O D E   M E M O R Y   * * * * * * *
            CODE    0000H     0003H     ABSOLUTE     
            CODE    0003H     0003H     ABSOLUTE     
            CODE    0006H     0007H     UNIT         ?PR?TIMER
            CODE    000DH     0004H     UNIT         ?C_INITSEG
            CODE    0011H     0001H     UNIT         ?PR?USERFUNC?GF2488_01F1_E1_RST
                    0012H     0001H                  *** GAP ***
            CODE    0013H     0003H     ABSOLUTE     
                    0016H     000DH                  *** GAP ***
            CODE    0023H     0003H     ABSOLUTE     
                    0026H     0005H                  *** GAP ***
            CODE    002BH     0003H     ABSOLUTE     
            CODE    002EH     0DD8H     UNIT         ?PR?GETDATA?GF2488_01F1_E1_RST
            CODE    0E06H     0940H     UNIT         ?PR?PROCCMD?COMM
            CODE    1746H     092AH     UNIT         ?PR?DEBUG?DEBUG
            CODE    2070H     06F8H     UNIT         ?C?LIB_CODE
            CODE    2768H     0655H     UNIT         ?PR?_CALUAS?GF2488_01F1_E1_RST
            CODE    2DBDH     0590H     UNIT         ?PR?COMM
            CODE    334DH     0580H     UNIT         ?PR?CONFSET?GF2488_01F1_E1_RST
            CODE    38CDH     050FH     UNIT         ?PR?INITIOSW1021?GF2488_01F1_E1_RST
            CODE    3DDCH     0460H     UNIT         ?PR?_DOWNSOFT?COMM
            CODE    423CH     03CCH     UNIT         ?PR?SELFCONF?GF2488_01F1_E1_RST
            CODE    4608H     0365H     UNIT         ?PR?PRINTF?PRINTF
            CODE    496DH     02D2H     UNIT         ?PR?USERHDLC?GF2488_01F1_E1_RST
            CODE    4C3FH     024BH     UNIT         ?CO?COMM
            CODE    4E8AH     0243H     UNIT         ?PR?PROCALMDATA?COMM
            CODE    50CDH     022FH     UNIT         ?CO?DEBUG
            CODE    52FCH     0214H     UNIT         ?PR?SOFTUPDATE?COMM
            CODE    5510H     0211H     UNIT         ?PR?HDLCOK?HDLC
            CODE    5721H     01DFH     UNIT         ?PR?PROCHISDATA?COMM
            CODE    5900H     01CDH     UNIT         ?PR?_VERSHOW?COMM
BL51 BANKED LINKER/LOCATER V6.22                                                      04/13/2016  14:31:06  PAGE 3


            CODE    5ACDH     01B9H     UNIT         ?PR?UASQUARTER?GF2488_01F1_E1_RST
            CODE    5C86H     0118H     UNIT         ?PR?SCC1TX?HDLC
            CODE    5D9EH     00F9H     UNIT         ?PR?TIMERINTEP?TIMER
            CODE    5E97H     00F8H     UNIT         ?PR?DEBUG
            CODE    5F8FH     00F7H     UNIT         ?PR?CHECKSW1021INIT?GF2488_01F1_E1_RST
            CODE    6086H     00E2H     UNIT         ?PR?UASCLEAR?GF2488_01F1_E1_RST
            CODE    6168H     00D0H     UNIT         ?CO?GF2488_01F1_E1_RST
            CODE    6238H     00CEH     UNIT         ?PR?MAIN?GF2488_01F1_E1_RST
            CODE    6306H     00C5H     UNIT         ?PR?SCC2INTEP?DEBUG
            CODE    63CBH     00BEH     UNIT         ?PR?_WRITEEXPECTJ2?GF2488_01F1_E1_RST
            CODE    6489H     00BDH     UNIT         ?C_C51STARTUP
            CODE    6546H     00AFH     UNIT         ?PR?_WRITETXJ2?GF2488_01F1_E1_RST
            CODE    65F5H     00AFH     UNIT         ?PR?_READBCTHEAD?COMM
            CODE    66A4H     00A7H     UNIT         ?PR?HDLC
            CODE    674BH     0088H     UNIT         ?PR?COPYFLASH?COMM
            CODE    67D3H     0087H     UNIT         ?PR?_STRNCMP?STRNCMP
            CODE    685AH     0083H     UNIT         ?PR?_READFPGAHEAD?COMM
            CODE    68DDH     006EH     UNIT         ?PR?_PROGBAKFLASH?COMM
            CODE    694BH     006BH     UNIT         ?PR?RAMTEST?COMM
            CODE    69B6H     0068H     UNIT         ?PR?_STRNCPY?STRNCPY
            CODE    6A1EH     0066H     UNIT         ?PR?COMMVARINIT?COMM
            CODE    6A84H     0065H     UNIT         ?PR?_PROGRAM_ONE_BYTE?COMM
            CODE    6AE9H     005CH     UNIT         ?PR?_PROGRAMAPROM?COMM
            CODE    6B45H     005CH     UNIT         ?PR?SCC1INIT?HDLC
            CODE    6BA1H     005BH     UNIT         ?PR?_CHECK_SST_39VF?COMM
            CODE    6BFCH     0056H     UNIT         ?PR?_MEMCRC?COMM
            CODE    6C52H     0050H     UNIT         ?PR?_CRCCCITT?COMM
            CODE    6CA2H     0044H     UNIT         ?PR?SCC2INIT?DEBUG
            CODE    6CE6H     003DH     UNIT         ?PR?JUMPTOAUX?COMM
            CODE    6D23H     003AH     UNIT         ?PR?ISPINIT?COMM
            CODE    6D5DH     0039H     UNIT         ?PR?TIMERINIT?TIMER
            CODE    6D96H     0038H     UNIT         ?PR?_ERASEFLASH?COMM
            CODE    6DCEH     0035H     UNIT         ?PR?HDLCERR?HDLC
            CODE    6E03H     002AH     UNIT         ?PR?BOOTINIT?COMM
            CODE    6E2DH     0027H     UNIT         ?PR?TOINT?TOINT
            CODE    6E54H     0027H     UNIT         ?PR?PUTCHAR?PUTCHAR
            CODE    6E7BH     0026H     UNIT         ?PR?_ISXDIGIT?ISXDIGIT
            CODE    6EA1H     0024H     UNIT         ?PR?_DELAY?TIMER
            CODE    6EC5H     0020H     UNIT         ?PR?_ERASEAPROM?COMM
            CODE    6EE5H     0017H     UNIT         ?PR?RESET?COMM
            CODE    6EFCH     0015H     UNIT         ?PR?_STRLEN?STRLEN
            CODE    6F11H     0011H     UNIT         ?PR?_TOUPPER?TOUPPER
            CODE    6F22H     0010H     UNIT         ?PR?TXDATA?DEBUG
            CODE    6F32H     0010H     UNIT         ?PR?SCC1HARDINIT?HDLC



OVERLAY MAP OF MODULE:   citrans550f (GF2488_01F1_E1_RST)


SEGMENT                                           BIT_GROUP          DATA_GROUP          XDATA_GROUP
  +--> CALLED SEGMENT                          START    LENGTH     START    LENGTH     START    LENGTH
------------------------------------------------------------------------------------------------------
?PR?TIMERINTEP?TIMER                           -----    -----      -----    -----      -----    -----
  +--> ?PR?TIMER
  +--> ?PR?SCC1HARDINIT?HDLC
  +--> ?PR?USERFUNC?GF2488_01F1_E1_RST
BL51 BANKED LINKER/LOCATER V6.22                                                      04/13/2016  14:31:06  PAGE 4



*** NEW ROOT ***************************************************

?PR?SCC2INTEP?DEBUG                            -----    -----      -----    -----      -----    -----
  +--> ?PR?_TOUPPER?TOUPPER
  +--> ?PR?DEBUG

?PR?DEBUG                                      -----    -----      -----    -----      -----    -----
  +--> ?CO?DEBUG

*** NEW ROOT ***************************************************

?PR?HDLCOK?HDLC                                -----    -----      -----    -----      -----    -----
  +--> ?PR?HDLC
  +--> ?PR?PROCCMD?COMM
  +--> ?PR?SCC1TX?HDLC

?PR?PROCCMD?COMM                               -----    -----      -----    -----      7B15H    000CH
  +--> ?PR?COMM
  +--> ?CO?COMM
  +--> ?PR?_STRLEN?STRLEN
  +--> ?CO?GF2488_01F1_E1_RST
  +--> ?PR?_READBCTHEAD?COMM
  +--> ?PR?_READFPGAHEAD?COMM
  +--> ?PR?_DOWNSOFT?COMM
  +--> ?PR?USERHDLC?GF2488_01F1_E1_RST
  +--> ?PR?_VERSHOW?COMM

?PR?COMM                                       -----    -----      -----    -----      -----    -----
  +--> ?CO?GF2488_01F1_E1_RST
  +--> ?CO?COMM

?PR?_READBCTHEAD?COMM                          -----    -----      -----    -----      7B26H    0003H
  +--> ?PR?COMM
  +--> ?CO?GF2488_01F1_E1_RST
  +--> ?PR?_STRNCPY?STRNCPY

?PR?_STRNCPY?STRNCPY                           -----    -----      -----    -----      7B29H    000AH

?PR?_READFPGAHEAD?COMM                         -----    -----      -----    -----      7B26H    0006H
  +--> ?PR?COMM

?PR?_DOWNSOFT?COMM                             -----    -----      -----    -----      7B21H    0005H
  +--> ?PR?COMM
  +--> ?PR?_READBCTHEAD?COMM
  +--> ?PR?_READFPGAHEAD?COMM
  +--> ?PR?_CRCCCITT?COMM

?PR?_CRCCCITT?COMM                             -----    -----      -----    -----      7B26H    0007H
  +--> ?PR?COMM

?PR?USERHDLC?GF2488_01F1_E1_RST                -----    -----      -----    -----      7B21H    0006H

?PR?_VERSHOW?COMM                              -----    -----      -----    -----      7B21H    0008H
  +--> ?PR?COMM
  +--> ?CO?COMM
  +--> ?PR?_STRLEN?STRLEN
BL51 BANKED LINKER/LOCATER V6.22                                                      04/13/2016  14:31:06  PAGE 5



?PR?SCC1TX?HDLC                                -----    -----      0018H    0002H      7B15H    0002H
  +--> ?PR?HDLC

*** NEW ROOT ***************************************************

?PR?HDLCERR?HDLC                               -----    -----      -----    -----      -----    -----
  +--> ?PR?HDLC

*** NEW ROOT ***************************************************

?C_C51STARTUP                                  -----    -----      -----    -----      -----    -----
  +--> ?PR?BOOTINIT?COMM
  +--> ?PR?MAIN?GF2488_01F1_E1_RST
  +--> ?C_INITSEG

?PR?BOOTINIT?COMM                              -----    -----      -----    -----      -----    -----
  +--> ?PR?COMM
  +--> ?PR?RAMTEST?COMM
  +--> ?PR?COMMVARINIT?COMM
  +--> ?PR?ISPINIT?COMM
  +--> ?PR?SCC2INIT?DEBUG
  +--> ?PR?SCC1INIT?HDLC
  +--> ?PR?TIMERINIT?TIMER

?PR?RAMTEST?COMM                               -----    -----      001AH    0002H      -----    -----
  +--> ?PR?COMM
  +--> ?PR?RESET?COMM

?PR?COMMVARINIT?COMM                           -----    -----      -----    -----      -----    -----
  +--> ?PR?COMM

?PR?SCC2INIT?DEBUG                             -----    -----      -----    -----      -----    -----
  +--> ?PR?DEBUG

?PR?MAIN?GF2488_01F1_E1_RST                    -----    -----      -----    -----      7B33H    0002H
  +--> ?PR?SELFCONF?GF2488_01F1_E1_RST
  +--> ?PR?CHECKSW1021INIT?GF2488_01F1_E1_RST
  +--> ?PR?INITIOSW1021?GF2488_01F1_E1_RST
  +--> ?PR?CONFSET?GF2488_01F1_E1_RST
  +--> ?PR?GETDATA?GF2488_01F1_E1_RST
  +--> ?PR?PROCALMDATA?COMM
  +--> ?PR?UASQUARTER?GF2488_01F1_E1_RST
  +--> ?PR?PROCHISDATA?COMM
  +--> ?PR?DEBUG?DEBUG

?PR?SELFCONF?GF2488_01F1_E1_RST                -----    -----      -----    -----      7B35H    0016H
  +--> ?CO?GF2488_01F1_E1_RST
  +--> ?PR?PRINTF?PRINTF

?PR?PRINTF?PRINTF                              0022H.0  0001H.1    001AH    0005H      7B4BH    0028H
  +--> ?PR?PUTCHAR?PUTCHAR

?PR?CHECKSW1021INIT?GF2488_01F1_E1_RST         -----    -----      -----    -----      7B35H    0004H

?PR?INITIOSW1021?GF2488_01F1_E1_RST            -----    -----      -----    -----      7B35H    0006H
  +--> ?PR?_DELAY?TIMER
BL51 BANKED LINKER/LOCATER V6.22                                                      04/13/2016  14:31:06  PAGE 6


  +--> ?CO?GF2488_01F1_E1_RST
  +--> ?PR?_WRITETXJ2?GF2488_01F1_E1_RST
  +--> ?PR?_WRITEEXPECTJ2?GF2488_01F1_E1_RST

?PR?_DELAY?TIMER                               -----    -----      -----    -----      -----    -----
  +--> ?PR?TIMER

?PR?_WRITETXJ2?GF2488_01F1_E1_RST              -----    -----      -----    -----      7B3FH    0009H

?PR?_WRITEEXPECTJ2?GF2488_01F1_E1_RST          -----    -----      -----    -----      7B3FH    0009H

?PR?CONFSET?GF2488_01F1_E1_RST                 -----    -----      -----    -----      7B39H    0006H
  +--> ?CO?GF2488_01F1_E1_RST
  +--> ?PR?_DELAY?TIMER
  +--> ?PR?_WRITETXJ2?GF2488_01F1_E1_RST
  +--> ?PR?_WRITEEXPECTJ2?GF2488_01F1_E1_RST

?PR?GETDATA?GF2488_01F1_E1_RST                 -----    -----      -----    -----      7B35H    0014H
  +--> ?PR?_DELAY?TIMER
  +--> ?PR?UASCLEAR?GF2488_01F1_E1_RST
  +--> ?PR?_CALUAS?GF2488_01F1_E1_RST

?PR?_CALUAS?GF2488_01F1_E1_RST                 -----    -----      -----    -----      7B49H    0004H

?PR?PROCALMDATA?COMM                           -----    -----      -----    -----      7B35H    0004H
  +--> ?PR?RESET?COMM
  +--> ?CO?GF2488_01F1_E1_RST
  +--> ?PR?_MEMCRC?COMM
  +--> ?PR?COMM
  +--> ?PR?CONFSET?GF2488_01F1_E1_RST
  +--> ?PR?SOFTUPDATE?COMM

?PR?_MEMCRC?COMM                               -----    -----      -----    -----      7B39H    0007H
  +--> ?PR?COMM

?PR?SOFTUPDATE?COMM                            -----    -----      -----    -----      7B39H    000AH
  +--> ?PR?_ERASEFLASH?COMM
  +--> ?PR?COMM
  +--> ?PR?COPYFLASH?COMM
  +--> ?PR?RESET?COMM
  +--> ?PR?_CHECK_SST_39VF?COMM
  +--> ?PR?_PROGBAKFLASH?COMM
  +--> ?PR?_ERASEAPROM?COMM
  +--> ?PR?_PROGRAMAPROM?COMM
  +--> ?PR?JUMPTOAUX?COMM

?PR?_ERASEFLASH?COMM                           -----    -----      -----    -----      -----    -----
  +--> ?PR?COMM
  +--> ?PR?_DELAY?TIMER

?PR?COPYFLASH?COMM                             -----    -----      -----    -----      7B43H    0009H
  +--> ?PR?COMM
  +--> ?PR?_PROGRAM_ONE_BYTE?COMM

?PR?_PROGRAM_ONE_BYTE?COMM                     -----    -----      -----    -----      7B4EH    0006H
  +--> ?PR?COMM

BL51 BANKED LINKER/LOCATER V6.22                                                      04/13/2016  14:31:06  PAGE 7


?PR?_CHECK_SST_39VF?COMM                       -----    -----      -----    -----      -----    -----
  +--> ?PR?COMM

?PR?_PROGBAKFLASH?COMM                         -----    -----      -----    -----      7B43H    000BH
  +--> ?PR?COMM
  +--> ?PR?_PROGRAM_ONE_BYTE?COMM

?PR?_PROGRAMAPROM?COMM                         -----    -----      -----    -----      7B43H    0007H

?PR?PROCHISDATA?COMM                           -----    -----      -----    -----      -----    -----
  +--> ?PR?COMM
  +--> ?CO?GF2488_01F1_E1_RST
  +--> ?PR?RESET?COMM
  +--> ?PR?_MEMCRC?COMM

?PR?DEBUG?DEBUG                                -----    -----      -----    -----      7B35H    000AH
  +--> ?PR?DEBUG
  +--> ?CO?DEBUG
  +--> ?PR?_DELAY?TIMER
  +--> ?PR?JUMPTOAUX?COMM
  +--> ?PR?PRINTF?PRINTF
  +--> ?PR?TOINT?TOINT
  +--> ?PR?_ISXDIGIT?ISXDIGIT
  +--> ?CO?GF2488_01F1_E1_RST
  +--> ?CO?COMM
  +--> ?PR?_STRNCMP?STRNCMP
  +--> ?PR?RESET?COMM
  +--> ?PR?_CHECK_SST_39VF?COMM
  +--> ?PR?TXDATA?DEBUG

?PR?_STRNCMP?STRNCMP                           -----    -----      -----    -----      7B3FH    0008H

?PR?TXDATA?DEBUG                               -----    -----      -----    -----      -----    -----
  +--> ?PR?DEBUG



SYMBOL TABLE OF MODULE:  citrans550f (GF2488_01F1_E1_RST)

  VALUE           TYPE          NAME
  ----------------------------------

  -------         MODULE        GF2488_01F1_E1_RST
  C:0000H         SYMBOL        _ICE_DUMMY_
  C:617BH         PUBLIC        g_usAlmNum
  B:0020H.7       PUBLIC        IO15
  C:38CDH         PUBLIC        InitioSw1021
  D:0090H         PUBLIC        P1
  D:00B0H         PUBLIC        P3
  C:5F8FH         SYMBOL        checkSW1021Init
  C:617AH         PUBLIC        g_ucBoardCode
  X:2000H         PUBLIC        g_ucNoUseFlag
  D:00A8H         PUBLIC        IE
  X:203FH         PUBLIC        N1000
  X:20BDH         PUBLIC        ulSesLimit
  X:20BFH         PUBLIC        g_usiNoEs
  X:213DH         PUBLIC        g_usiNoUseBbe
BL51 BANKED LINKER/LOCATER V6.22                                                      04/13/2016  14:31:06  PAGE 8


  C:5ACDH         PUBLIC        UasQuarter
  C:6179H         PUBLIC        g_ucAlmTypeNum
  C:423CH         PUBLIC        SelfConf
  C:6086H         PUBLIC        UasClear
  C:63CBH         SYMBOL        _writeExpectJ2
  D:00B8H         PUBLIC        IP
  C:002EH         PUBLIC        GetData
  X:21BBH         PUBLIC        ulEsLimit
  C:496DH         PUBLIC        UserHdlc
  C:61E3H         PUBLIC        SoftDate
  X:21BDH         PUBLIC        g_ucNoUseTime
  C:617DH         PUBLIC        g_usPmNum
  X:21FCH         PUBLIC        g_usiBbe
  X:227AH         PUBLIC        g_ucState
  X:23CCH         PUBLIC        g_ucConfData
  C:6238H         PUBLIC        main
  C:61C5H         PUBLIC        PcbTime
  X:2DCCH         PUBLIC        g_ucLineCode
  X:2E0CH         PUBLIC        g_usiCses
  C:6192H         PUBLIC        BoardSn
  C:0011H         PUBLIC        UserFunc
  C:61EFH         PUBLIC        SoftTime
  X:2E8AH         PUBLIC        first_conf
  D:0088H         PUBLIC        TCON
  C:334DH         PUBLIC        ConfSet
  C:6178H         PUBLIC        g_ucPmTypeNum
  X:2E8BH         PUBLIC        sw1021Chip
  C:61D0H         PUBLIC        BoardSoftVer
  X:2E8DH         PUBLIC        g_ucAlmCode
  X:2E9CH         PUBLIC        g_ucLineMask
  C:2768H         PUBLIC        _CalUas
  X:2EDCH         PUBLIC        ulSesLmt
  X:2FD8H         PUBLIC        g_bClearUas
  X:2FD9H         PUBLIC        g_ucLofFlag
  X:3018H         PUBLIC        g_stuAlm
  D:0020H         PUBLIC        hio
  C:61F8H         PUBLIC        slot
  C:6180H         PUBLIC        SysName
  X:6576H         PUBLIC        g_usiOfs
  X:65F4H         PUBLIC        g_usiUas
  X:6672H         PUBLIC        actnumber
  X:6673H         PUBLIC        g_usiSes
  X:66F1H         PUBLIC        almnumber
  B:0090H.2       PUBLIC        IO2
  X:66F2H         PUBLIC        g_ucAlmMask
  C:61A2H         PUBLIC        SoftVer
  B:0090H.5       PUBLIC        IO5
  B:0090H.6       PUBLIC        IO6
  B:0090H.7       PUBLIC        IO7
  X:6701H         PUBLIC        g_liError1s
  B:0020H.0       PUBLIC        IO8
  B:0020H.1       PUBLIC        IO9
  X:67FDH         PUBLIC        BIP_2_1S
  X:687BH         PUBLIC        g_usiEs
  D:00E8H         PUBLIC        EIE
  C:6176H         PUBLIC        g_usStateLen
  C:61B5H         PUBLIC        PcbSn
BL51 BANKED LINKER/LOCATER V6.22                                                      04/13/2016  14:31:06  PAGE 9


  C:6174H         PUBLIC        g_usConfLen
  X:68F9H         PUBLIC        BIP
  X:6977H         PUBLIC        g_ucPmCode
  C:617FH         PUBLIC        g_ucLineNum
  D:00F8H         PUBLIC        EIP
  X:697EH         PUBLIC        g_ucUseTime
  X:69BDH         PUBLIC        g_ucAlmType
  X:69CCH         PUBLIC        BIP_2_1000S
  X:6A4AH         PUBLIC        g_stuPm
  D:0098H         PUBLIC        SCON0
  D:00C0H         PUBLIC        SCON1
  D:00C8H         PUBLIC        T2CON
  X:74A0H         PUBLIC        g_ucEsTime
  X:74DFH         PUBLIC        g_ucDefectFlag
  X:751EH         PUBLIC        g_ucPmMask
  C:618BH         PUBLIC        BoardName
  C:6546H         SYMBOL        _writeTxJ2
  X:7525H         PUBLIC        g_ucLinePmMask
  B:0020H.2       PUBLIC        IO10
  B:0020H.3       PUBLIC        IO11
  D:00D0H         PUBLIC        PSW
  B:0020H.4       PUBLIC        IO12
  B:0020H.5       PUBLIC        IO13
  D:00D8H         PUBLIC        WDCON
  B:0020H.6       PUBLIC        IO14
  -------         PROC          _CALUAS
  X:7B49H         SYMBOL        ulSesLmt
  -------         DO            
  X:7B4CH         SYMBOL        i
  -------         ENDDO         
  C:2768H         LINE#         65
  C:2773H         LINE#         66
  C:2773H         LINE#         70
  C:2783H         LINE#         71
  C:2783H         LINE#         72
  C:2793H         LINE#         73
  C:2793H         LINE#         74
  C:27EBH         LINE#         75
  C:27EBH         LINE#         77
  C:2827H         LINE#         78
  C:2833H         LINE#         79
  C:283FH         LINE#         80
  C:284FH         LINE#         81
  C:285FH         LINE#         82
  C:2862H         LINE#         84
  C:2862H         LINE#         85
  C:288CH         LINE#         86
  C:288CH         LINE#         87
  C:289DH         LINE#         89
  C:28B9H         LINE#         91
  C:28B9H         LINE#         92
  C:28E2H         LINE#         93
  C:2923H         LINE#         94
  C:2923H         LINE#         95
  C:2925H         LINE#         96
  C:2935H         LINE#         97
  C:2963H         LINE#         98
BL51 BANKED LINKER/LOCATER V6.22                                                      04/13/2016  14:31:06  PAGE 10


  C:2963H         LINE#         99
  C:2973H         LINE#         101
  C:2995H         LINE#         103
  C:29B3H         LINE#         105
  C:29D6H         LINE#         106
  C:2A11H         LINE#         107
  C:2A25H         LINE#         108
  C:2A31H         LINE#         109
  C:2A39H         LINE#         110
  C:2A39H         LINE#         111
  C:2A39H         LINE#         112
  C:2A3CH         LINE#         114
  C:2A3CH         LINE#         116
  C:2A98H         LINE#         117
  C:2A98H         LINE#         118
  C:2AAEH         LINE#         119
  C:2AAEH         LINE#         120
  C:2ABFH         LINE#         122
  C:2ADDH         LINE#         123
  C:2AE9H         LINE#         124
  C:2AE9H         LINE#         126
  C:2B1BH         LINE#         127
  C:2B1EH         LINE#         129
  C:2B1EH         LINE#         130
  C:2B48H         LINE#         131
  C:2B48H         LINE#         132
  C:2B5FH         LINE#         133
  C:2B76H         LINE#         135
  C:2B76H         LINE#         136
  C:2B9FH         LINE#         137
  C:2BE0H         LINE#         138
  C:2BE0H         LINE#         139
  C:2BE2H         LINE#         140
  C:2BF8H         LINE#         142
  C:2C1AH         LINE#         143
  C:2C3CH         LINE#         144
  C:2C65H         LINE#         145
  C:2C74H         LINE#         147
  C:2C74H         LINE#         149
  C:2C74H         LINE#         151
  C:2C84H         LINE#         152
  C:2C99H         LINE#         154
  C:2CC8H         LINE#         155
  C:2CF7H         LINE#         156
  C:2D26H         LINE#         157
  C:2D55H         LINE#         158
  C:2D84H         LINE#         159
  C:2DB3H         LINE#         161
  C:2DBCH         LINE#         163
  -------         ENDPROC       _CALUAS
  -------         PROC          UASCLEAR
  -------         DO            
  D:0007H         SYMBOL        i
  -------         ENDDO         
  C:6086H         LINE#         165
  C:6086H         LINE#         166
  C:6086H         LINE#         169
BL51 BANKED LINKER/LOCATER V6.22                                                      04/13/2016  14:31:06  PAGE 11


  C:608FH         LINE#         170
  C:608FH         LINE#         171
  C:6091H         LINE#         172
  C:6091H         LINE#         173
  C:609DH         LINE#         174
  C:60A9H         LINE#         175
  C:60B5H         LINE#         176
  C:60C1H         LINE#         177
  C:60CDH         LINE#         178
  C:60D9H         LINE#         179
  C:60E9H         LINE#         180
  C:60F9H         LINE#         181
  C:6109H         LINE#         182
  C:6119H         LINE#         183
  C:6129H         LINE#         184
  C:6139H         LINE#         185
  C:6149H         LINE#         186
  C:6159H         LINE#         188
  C:6162H         LINE#         189
  C:6167H         LINE#         190
  C:6167H         LINE#         191
  -------         ENDPROC       UASCLEAR
  -------         PROC          UASQUARTER
  -------         DO            
  D:0007H         SYMBOL        i
  -------         ENDDO         
  C:5ACDH         LINE#         208
  C:5ACDH         LINE#         209
  C:5ACDH         LINE#         211
  C:5ACFH         LINE#         212
  C:5ACFH         LINE#         213
  C:5ADCH         LINE#         214
  C:5ADCH         LINE#         215
  C:5AE8H         LINE#         217
  C:5B11H         LINE#         218
  C:5B13H         LINE#         220
  C:5B13H         LINE#         221
  C:5B31H         LINE#         222
  C:5B4FH         LINE#         223
  C:5B74H         LINE#         225
  C:5B74H         LINE#         227
  C:5B9FH         LINE#         228
  C:5BCAH         LINE#         229
  C:5BF5H         LINE#         230
  C:5C20H         LINE#         231
  C:5C4BH         LINE#         232
  C:5C76H         LINE#         234
  C:5C7FH         LINE#         235
  C:5C85H         LINE#         236
  -------         ENDPROC       UASQUARTER
  -------         PROC          _WRITETXJ2
  D:0001H         SYMBOL        chip
  X:7B40H         SYMBOL        witchJ2
  D:0003H         SYMBOL        Slot
  X:7B42H         SYMBOL        j2
  X:7B43H         SYMBOL        busB
  -------         DO            
BL51 BANKED LINKER/LOCATER V6.22                                                      04/13/2016  14:31:06  PAGE 12


  X:7B44H         SYMBOL        copOk
  D:0004H         SYMBOL        busBase
  X:7B46H         SYMBOL        i
  -------         ENDDO         
  C:6546H         LINE#         97
  C:654DH         LINE#         98
  C:654DH         LINE#         99
  C:6554H         LINE#         100
  C:6557H         LINE#         101
  C:655DH         LINE#         102
  C:6563H         LINE#         103
  C:6565H         LINE#         105
  C:6583H         LINE#         106
  C:6594H         LINE#         107
  C:65B1H         LINE#         108
  C:65BBH         LINE#         109
  C:65DEH         LINE#         110
  C:65ECH         LINE#         111
  C:65F3H         LINE#         112
  C:65F4H         LINE#         115
  -------         ENDPROC       _WRITETXJ2
  -------         PROC          _WRITEEXPECTJ2
  D:0001H         SYMBOL        chip
  X:7B40H         SYMBOL        witchJ2
  D:0003H         SYMBOL        Slot
  X:7B42H         SYMBOL        j2
  X:7B43H         SYMBOL        busB
  -------         DO            
  X:7B44H         SYMBOL        copOk
  D:0004H         SYMBOL        busBase
  X:7B46H         SYMBOL        i
  -------         ENDDO         
  C:63CBH         LINE#         117
  C:63D2H         LINE#         118
  C:63D2H         LINE#         119
  C:63D9H         LINE#         120
  C:63DCH         LINE#         121
  C:63E2H         LINE#         122
  C:63E8H         LINE#         123
  C:63EAH         LINE#         125
  C:6408H         LINE#         126
  C:6428H         LINE#         127
  C:6445H         LINE#         128
  C:644FH         LINE#         129
  C:6472H         LINE#         130
  C:6480H         LINE#         131
  C:6487H         LINE#         132
  C:6488H         LINE#         135
  -------         ENDPROC       _WRITEEXPECTJ2
  -------         PROC          GETDATA
  -------         DO            
  X:7B35H         SYMBOL        i
  X:7B36H         SYMBOL        m
  X:7B37H         SYMBOL        n
  X:7B38H         SYMBOL        mi
  X:7B39H         SYMBOL        ni
  D:0007H         SYMBOL        tmp
BL51 BANKED LINKER/LOCATER V6.22                                                      04/13/2016  14:31:06  PAGE 13


  X:7B3AH         SYMBOL        ADCLK
  X:7B3BH         SYMBOL        PPILOS
  X:7B3CH         SYMBOL        TULOP
  X:7B3DH         SYMBOL        LPSLM
  X:7B3EH         SYMBOL        LPTIM
  X:7B3FH         SYMBOL        LPTIU
  X:7B40H         SYMBOL        LPRDI
  X:7B41H         SYMBOL        LPRFI
  X:7B42H         SYMBOL        LPUNEQ
  X:7B43H         SYMBOL        TUAIS
  X:7B44H         SYMBOL        PPIAIS
  X:7B45H         SYMBOL        LOOP
  X:7B46H         SYMBOL        LOOPL
  D:0001H         SYMBOL        tv5
  X:7B47H         SYMBOL        LPFEBE
  D:0006H         SYMBOL        HDB3
  -------         ENDDO         
  C:002EH         LINE#         150
  C:002EH         LINE#         151
  C:002EH         LINE#         155
  C:0033H         LINE#         156
  C:0037H         LINE#         157
  C:0040H         LINE#         158
  C:0051H         LINE#         159
  C:0051H         LINE#         161
  C:005EH         LINE#         162
  C:005EH         LINE#         163
  C:006EH         LINE#         165
  C:0084H         LINE#         167
  C:0087H         LINE#         169
  C:0087H         LINE#         170
  C:0093H         LINE#         171
  C:009CH         LINE#         172
  C:00A9H         LINE#         173
  C:00AEH         LINE#         175
  C:00C1H         LINE#         177
  C:00CDH         LINE#         178
  C:00DFH         LINE#         180
  C:00EEH         LINE#         182
  C:0104H         LINE#         184
  C:011AH         LINE#         185
  C:0150H         LINE#         186
  C:0156H         LINE#         187
  C:015DH         LINE#         189
  C:0169H         LINE#         190
  C:016FH         LINE#         191
  C:0176H         LINE#         192
  C:017DH         LINE#         193
  C:0182H         LINE#         194
  C:0187H         LINE#         195
  C:018CH         LINE#         196
  C:0191H         LINE#         197
  C:0196H         LINE#         212
  C:0205H         LINE#         213
  C:0240H         LINE#         215
  C:024BH         LINE#         217
  C:0251H         LINE#         218
BL51 BANKED LINKER/LOCATER V6.22                                                      04/13/2016  14:31:06  PAGE 14


  C:0258H         LINE#         220
  C:028AH         LINE#         221
  C:028AH         LINE#         222
  C:029FH         LINE#         223
  C:02B5H         LINE#         225
  C:02B5H         LINE#         226
  C:02D0H         LINE#         227
  C:02D6H         LINE#         228
  C:02D6H         LINE#         230
  C:0309H         LINE#         231
  C:031AH         LINE#         233
  C:031FH         LINE#         234
  C:0351H         LINE#         236
  C:0353H         LINE#         237
  C:0363H         LINE#         238
  C:0363H         LINE#         240
  C:0365H         LINE#         242
  C:0365H         LINE#         243
  C:037AH         LINE#         244
  C:0393H         LINE#         245
  C:03A8H         LINE#         246
  C:03A8H         LINE#         249
  C:03C6H         LINE#         250
  C:03D7H         LINE#         251
  C:03F5H         LINE#         252
  C:0406H         LINE#         253
  C:040CH         LINE#         254
  C:040CH         LINE#         255
  C:0421H         LINE#         256
  C:0432H         LINE#         257
  C:0443H         LINE#         259
  C:0447H         LINE#         260
  C:044AH         LINE#         262
  C:044AH         LINE#         263
  C:0467H         LINE#         264
  C:0478H         LINE#         265
  C:0495H         LINE#         266
  C:04A6H         LINE#         267
  C:04C3H         LINE#         268
  C:04D4H         LINE#         272
  C:04F1H         LINE#         273
  C:0502H         LINE#         274
  C:0502H         LINE#         275
  C:051FH         LINE#         276
  C:0530H         LINE#         277
  C:054DH         LINE#         278
  C:055EH         LINE#         279
  C:05A2H         LINE#         280
  C:05C2H         LINE#         281
  C:05DBH         LINE#         282
  C:05DBH         LINE#         284
  C:060FH         LINE#         286
  C:064AH         LINE#         287
  C:065BH         LINE#         288
  C:065BH         LINE#         290
  C:0684H         LINE#         291
  C:068AH         LINE#         293
BL51 BANKED LINKER/LOCATER V6.22                                                      04/13/2016  14:31:06  PAGE 15


  C:06BDH         LINE#         294
  C:06E8H         LINE#         295
  C:06E8H         LINE#         296
  C:06ECH         LINE#         297
  C:06FFH         LINE#         298
  C:0701H         LINE#         300
  C:0701H         LINE#         301
  C:0705H         LINE#         302
  C:073BH         LINE#         303
  C:073BH         LINE#         304
  C:073BH         LINE#         305
  C:0744H         LINE#         307
  C:0749H         LINE#         308
  C:0749H         LINE#         309
  C:0755H         LINE#         310
  C:075EH         LINE#         311
  C:0771H         LINE#         315
  C:07B9H         LINE#         318
  C:07C3H         LINE#         319
  C:07C8H         LINE#         320
  C:07F8H         LINE#         321
  C:081CH         LINE#         324
  C:0845H         LINE#         328
  C:0853H         LINE#         332
  C:085DH         LINE#         333
  C:0863H         LINE#         336
  C:0869H         LINE#         337
  C:0869H         LINE#         338
  C:086EH         LINE#         339
  C:0872H         LINE#         340
  C:087DH         LINE#         341
  C:087FH         LINE#         342
  C:0891H         LINE#         343
  C:0891H         LINE#         344
  C:089EH         LINE#         345
  C:08ABH         LINE#         346
  C:08B3H         LINE#         347
  C:08B3H         LINE#         348
  C:08BCH         LINE#         349
  C:08BCH         LINE#         350
  C:08CAH         LINE#         351
  C:08CAH         LINE#         352
  C:08E8H         LINE#         353
  C:08E8H         LINE#         354
  C:08F9H         LINE#         355
  C:0906H         LINE#         356
  C:0908H         LINE#         358
  C:0908H         LINE#         359
  C:0918H         LINE#         360
  C:0924H         LINE#         361
  C:0924H         LINE#         362
  C:092CH         LINE#         363
  C:0932H         LINE#         364
  C:0936H         LINE#         365
  C:093CH         LINE#         366
  C:093CH         LINE#         368
  C:093FH         LINE#         371
BL51 BANKED LINKER/LOCATER V6.22                                                      04/13/2016  14:31:06  PAGE 16


  C:0945H         LINE#         372
  C:0945H         LINE#         373
  C:094BH         LINE#         374
  C:0950H         LINE#         375
  C:0950H         LINE#         377
  C:0959H         LINE#         378
  C:0959H         LINE#         379
  C:0962H         LINE#         381
  C:0974H         LINE#         382
  C:0974H         LINE#         383
  C:099AH         LINE#         384
  C:09C3H         LINE#         385
  C:09ECH         LINE#         386
  C:0A13H         LINE#         387
  C:0A23H         LINE#         389
  C:0A30H         LINE#         392
  C:0A59H         LINE#         393
  C:0A82H         LINE#         397
  C:0AAAH         LINE#         398
  C:0AAAH         LINE#         399
  C:0ABFH         LINE#         400
  C:0AC9H         LINE#         401
  C:0ACCH         LINE#         403
  C:0ACCH         LINE#         404
  C:0AF2H         LINE#         405
  C:0B19H         LINE#         406
  C:0B2DH         LINE#         407
  C:0B4EH         LINE#         408
  C:0B4EH         LINE#         409
  C:0B4EH         LINE#         410
  C:0B67H         LINE#         411
  C:0B70H         LINE#         412
  C:0B7CH         LINE#         413
  C:0B7CH         LINE#         414
  C:0B7EH         LINE#         416
  C:0B7EH         LINE#         417
  C:0B9BH         LINE#         418
  C:0BB0H         LINE#         419
  C:0BBCH         LINE#         420
  C:0BD0H         LINE#         421
  C:0BD3H         LINE#         423
  C:0BD3H         LINE#         426
  C:0BFDH         LINE#         427
  C:0BFDH         LINE#         428
  C:0C1AH         LINE#         429
  C:0C2EH         LINE#         430
  C:0C37H         LINE#         431
  C:0C4BH         LINE#         432
  C:0C5FH         LINE#         433
  C:0C69H         LINE#         434
  C:0C6CH         LINE#         439
  C:0C6CH         LINE#         442
  C:0C90H         LINE#         443
  C:0C90H         LINE#         444
  C:0CADH         LINE#         445
  C:0CC1H         LINE#         446
  C:0CCAH         LINE#         447
BL51 BANKED LINKER/LOCATER V6.22                                                      04/13/2016  14:31:06  PAGE 17


  C:0CDEH         LINE#         448
  C:0CF2H         LINE#         449
  C:0CFCH         LINE#         450
  C:0CFFH         LINE#         451
  C:0CFFH         LINE#         452
  C:0D02H         LINE#         454
  C:0D02H         LINE#         457
  C:0D1EH         LINE#         458
  C:0D1EH         LINE#         459
  C:0D37H         LINE#         460
  C:0D4EH         LINE#         461
  C:0D57H         LINE#         462
  C:0D6BH         LINE#         463
  C:0D7FH         LINE#         464
  C:0D8FH         LINE#         465
  C:0D91H         LINE#         467
  C:0DA7H         LINE#         468
  C:0DA7H         LINE#         469
  C:0DA7H         LINE#         470
  C:0DA7H         LINE#         474
  C:0DB0H         LINE#         476
  C:0DB5H         LINE#         478
  C:0DB5H         LINE#         494
  C:0DBBH         LINE#         498
  C:0DCAH         LINE#         499
  C:0DCEH         LINE#         501
  C:0DD0H         LINE#         502
  C:0DD6H         LINE#         503
  C:0DDEH         LINE#         505
  C:0DE3H         LINE#         506
  C:0DE9H         LINE#         507
  C:0DF1H         LINE#         509
  C:0DF6H         LINE#         510
  C:0DF9H         LINE#         511
  C:0E00H         LINE#         513
  C:0E05H         LINE#         515
  -------         ENDPROC       GETDATA
  -------         PROC          USERFUNC
  C:0011H         LINE#         531
  C:0011H         LINE#         534
  -------         ENDPROC       USERFUNC
  -------         PROC          CONFSET
  -------         DO            
  X:7B39H         SYMBOL        i
  X:7B3AH         SYMBOL        j
  X:7B3BH         SYMBOL        ilong
  X:7B3CH         SYMBOL        m
  X:7B3DH         SYMBOL        n
  X:7B3EH         SYMBOL        temp
  -------         ENDDO         
  C:334DH         LINE#         549
  C:334DH         LINE#         550
  C:334DH         LINE#         555
  C:3355H         LINE#         556
  C:335DH         LINE#         557
  C:3365H         LINE#         558
  C:336DH         LINE#         559
BL51 BANKED LINKER/LOCATER V6.22                                                      04/13/2016  14:31:06  PAGE 18


  C:3375H         LINE#         560
  C:337DH         LINE#         561
  C:3385H         LINE#         562
  C:3397H         LINE#         563
  C:33A1H         LINE#         564
  C:33ACH         LINE#         565
  C:33BFH         LINE#         567
  C:33FBH         LINE#         568
  C:3411H         LINE#         569
  C:3445H         LINE#         570
  C:345BH         LINE#         572
  C:346BH         LINE#         575
  C:34A1H         LINE#         576
  C:34B0H         LINE#         577
  C:34DEH         LINE#         579
  C:34EEH         LINE#         580
  C:34FBH         LINE#         581
  C:3508H         LINE#         582
  C:350BH         LINE#         583
  C:353FH         LINE#         584
  C:354CH         LINE#         585
  C:355FH         LINE#         586
  C:355FH         LINE#         588
  C:358FH         LINE#         589
  C:3594H         LINE#         590
  C:35C6H         LINE#         591
  C:35D7H         LINE#         592
  C:35E3H         LINE#         593
  C:35EFH         LINE#         594
  C:35EFH         LINE#         595
  C:35EFH         LINE#         596
  C:3636H         LINE#         597
  C:3653H         LINE#         602
  C:3665H         LINE#         603
  C:3665H         LINE#         604
  C:3670H         LINE#         605
  C:3675H         LINE#         608
  C:36B5H         LINE#         609
  C:36F5H         LINE#         611
  C:3736H         LINE#         612
  C:3777H         LINE#         613
  C:3780H         LINE#         615
  C:3793H         LINE#         616
  C:3793H         LINE#         617
  C:37A0H         LINE#         618
  C:37ACH         LINE#         619
  C:37AEH         LINE#         621
  C:37AEH         LINE#         622
  C:37BCH         LINE#         623
  C:37C9H         LINE#         624
  C:37C9H         LINE#         629
  C:37D2H         LINE#         633
  C:37D7H         LINE#         634
  C:37D7H         LINE#         636
  C:37E7H         LINE#         637
  C:37E7H         LINE#         638
  C:3807H         LINE#         639
BL51 BANKED LINKER/LOCATER V6.22                                                      04/13/2016  14:31:06  PAGE 19


  C:3807H         LINE#         640
  C:3814H         LINE#         641
  C:3816H         LINE#         642
  C:3816H         LINE#         644
  C:3825H         LINE#         646
  C:382DH         LINE#         647
  C:3837H         LINE#         649
  C:383CH         LINE#         650
  C:383CH         LINE#         652
  C:384CH         LINE#         653
  C:384CH         LINE#         654
  C:386CH         LINE#         655
  C:386CH         LINE#         656
  C:3879H         LINE#         657
  C:387BH         LINE#         658
  C:387BH         LINE#         660
  C:388AH         LINE#         661
  C:3892H         LINE#         662
  C:389CH         LINE#         664
  C:38B1H         LINE#         665
  C:38C4H         LINE#         673
  C:38CCH         LINE#         674
  -------         ENDPROC       CONFSET
  -------         PROC          USERHDLC
  -------         DO            
  X:7B21H         SYMBOL        i
  X:7B22H         SYMBOL        m
  X:7B23H         SYMBOL        n
  X:7B24H         SYMBOL        temp
  X:7B25H         SYMBOL        addr
  -------         ENDDO         
  C:496DH         LINE#         690
  C:496DH         LINE#         691
  C:496DH         LINE#         695
  C:4973H         LINE#         696
  C:4973H         LINE#         697
  C:4979H         LINE#         698
  C:4979H         LINE#         699
  C:4979H         LINE#         700
  C:497BH         LINE#         701
  C:497FH         LINE#         702
  C:497FH         LINE#         703
  C:4984H         LINE#         704
  C:4984H         LINE#         705
  C:4984H         LINE#         708
  C:499DH         LINE#         709
  C:499DH         LINE#         710
  C:499DH         LINE#         711
  C:49A9H         LINE#         712
  C:49A9H         LINE#         713
  C:49BDH         LINE#         714
  C:49C0H         LINE#         716
  C:49DCH         LINE#         717
  C:49DCH         LINE#         718
  C:49ECH         LINE#         719
  C:49F7H         LINE#         720
  C:4A00H         LINE#         722
BL51 BANKED LINKER/LOCATER V6.22                                                      04/13/2016  14:31:06  PAGE 20


  C:4A13H         LINE#         723
  C:4A1EH         LINE#         724
  C:4A4FH         LINE#         725
  C:4A51H         LINE#         726
  C:4A82H         LINE#         727
  C:4A82H         LINE#         728
  C:4A87H         LINE#         729
  C:4A90H         LINE#         730
  C:4A90H         LINE#         731
  C:4A98H         LINE#         732
  C:4A98H         LINE#         733
  C:4AACH         LINE#         734
  C:4AB3H         LINE#         736
  C:4ACFH         LINE#         737
  C:4ACFH         LINE#         738
  C:4ADFH         LINE#         739
  C:4AEAH         LINE#         740
  C:4AF3H         LINE#         742
  C:4B06H         LINE#         743
  C:4B11H         LINE#         744
  C:4B42H         LINE#         745
  C:4B44H         LINE#         746
  C:4B75H         LINE#         747
  C:4B75H         LINE#         748
  C:4B7AH         LINE#         749
  C:4B83H         LINE#         750
  C:4B83H         LINE#         752
  C:4B83H         LINE#         754
  C:4B83H         LINE#         755
  C:4B98H         LINE#         756
  C:4B9DH         LINE#         757
  C:4B9FH         LINE#         758
  C:4BA1H         LINE#         759
  C:4BA5H         LINE#         761
  C:4BAAH         LINE#         762
  C:4BD8H         LINE#         763
  C:4BDEH         LINE#         764
  C:4BDFH         LINE#         766
  C:4BDFH         LINE#         767
  C:4BF5H         LINE#         768
  C:4BFEH         LINE#         769
  C:4C03H         LINE#         770
  C:4C05H         LINE#         771
  C:4C07H         LINE#         772
  C:4C0BH         LINE#         773
  C:4C10H         LINE#         774
  C:4C3EH         LINE#         775
  C:4C3EH         LINE#         817
  C:4C3EH         LINE#         819
  -------         ENDPROC       USERHDLC
  -------         PROC          SELFCONF
  -------         DO            
  X:7B35H         SYMBOL        i
  X:7B37H         SYMBOL        j
  X:7B39H         SYMBOL        ctt
  D:0007H         SYMBOL        ucii
  -------         ENDDO         
BL51 BANKED LINKER/LOCATER V6.22                                                      04/13/2016  14:31:06  PAGE 21


  C:423CH         LINE#         835
  C:423CH         LINE#         836
  C:423CH         LINE#         842
  C:4242H         LINE#         843
  C:4248H         LINE#         846
  C:425EH         LINE#         847
  C:427DH         LINE#         849
  C:4294H         LINE#         850
  C:42B3H         LINE#         852
  C:42CAH         LINE#         853
  C:42E9H         LINE#         855
  C:42F3H         LINE#         858
  C:430AH         LINE#         859
  C:4329H         LINE#         860
  C:4340H         LINE#         861
  C:435FH         LINE#         870
  C:4365H         LINE#         878
  C:436CH         LINE#         879
  C:439CH         LINE#         880
  C:43B3H         LINE#         881
  C:43B3H         LINE#         882
  C:43BFH         LINE#         884
  C:43CFH         LINE#         892
  C:43D5H         LINE#         893
  C:43DAH         LINE#         895
  C:43E2H         LINE#         896
  C:43EBH         LINE#         898
  C:43F1H         LINE#         899
  C:43F5H         LINE#         900
  C:43F9H         LINE#         901
  C:43FDH         LINE#         902
  C:4401H         LINE#         904
  C:4405H         LINE#         906
  C:440BH         LINE#         908
  C:4411H         LINE#         909
  C:4415H         LINE#         910
  C:4419H         LINE#         911
  C:441DH         LINE#         912
  C:4421H         LINE#         913
  C:4424H         LINE#         914
  C:4429H         LINE#         915
  C:442EH         LINE#         917
  C:4432H         LINE#         918
  C:4436H         LINE#         919
  C:4439H         LINE#         920
  C:443DH         LINE#         921
  C:4441H         LINE#         923
  C:4444H         LINE#         924
  C:4448H         LINE#         926
  C:444DH         LINE#         927
  C:444FH         LINE#         928
  C:4451H         LINE#         929
  C:4455H         LINE#         930
  C:4457H         LINE#         931
  C:4459H         LINE#         932
  C:445DH         LINE#         933
  C:4461H         LINE#         934
BL51 BANKED LINKER/LOCATER V6.22                                                      04/13/2016  14:31:06  PAGE 22


  C:4463H         LINE#         935
  C:4466H         LINE#         936
  C:446AH         LINE#         937
  C:446CH         LINE#         938
  C:446FH         LINE#         939
  C:4471H         LINE#         940
  C:4473H         LINE#         943
  C:4479H         LINE#         944
  C:4479H         LINE#         945
  C:4480H         LINE#         946
  C:4480H         LINE#         947
  C:44B1H         LINE#         948
  C:44CCH         LINE#         949
  C:44E6H         LINE#         950
  C:4503H         LINE#         952
  C:4509H         LINE#         953
  C:450DH         LINE#         955
  C:4513H         LINE#         956
  C:4517H         LINE#         958
  C:451DH         LINE#         959
  C:4521H         LINE#         962
  C:4528H         LINE#         963
  C:4528H         LINE#         964
  C:452FH         LINE#         965
  C:452FH         LINE#         966
  C:4560H         LINE#         967
  C:457BH         LINE#         968
  C:4595H         LINE#         969
  C:45B2H         LINE#         971
  C:45C9H         LINE#         972
  C:45C9H         LINE#         973
  C:45E6H         LINE#         974
  C:45F7H         LINE#         975
  C:4607H         LINE#         976
  -------         ENDPROC       SELFCONF
  -------         PROC          INITIOSW1021
  -------         DO            
  X:7B35H         SYMBOL        i
  X:7B37H         SYMBOL        j
  X:7B39H         SYMBOL        m
  X:7B3AH         SYMBOL        n
  -------         ENDDO         
  C:38CDH         LINE#         993
  C:38CDH         LINE#         994
  C:38CDH         LINE#         998
  C:38D2H         LINE#         1000
  C:38EBH         LINE#         1001
  C:38EBH         LINE#         1002
  C:38FFH         LINE#         1003
  C:3904H         LINE#         1004
  C:391AH         LINE#         1010
  C:3926H         LINE#         1011
  C:3933H         LINE#         1014
  C:393FH         LINE#         1015
  C:394BH         LINE#         1018
  C:3952H         LINE#         1019
  C:39A3H         LINE#         1021
BL51 BANKED LINKER/LOCATER V6.22                                                      04/13/2016  14:31:06  PAGE 23


  C:39AFH         LINE#         1027
  C:39BCH         LINE#         1028
  C:39C9H         LINE#         1029
  C:39D6H         LINE#         1035
  C:39E3H         LINE#         1038
  C:3A52H         LINE#         1039
  C:3AC8H         LINE#         1040
  C:3B3EH         LINE#         1041
  C:3BB4H         LINE#         1044
  C:3BD1H         LINE#         1046
  C:3BE8H         LINE#         1047
  C:3BF3H         LINE#         1049
  C:3C04H         LINE#         1052
  C:3C0BH         LINE#         1053
  C:3C0BH         LINE#         1054
  C:3C22H         LINE#         1055
  C:3C30H         LINE#         1056
  C:3C4AH         LINE#         1057
  C:3C4AH         LINE#         1058
  C:3C51H         LINE#         1059
  C:3C51H         LINE#         1060
  C:3C79H         LINE#         1061
  C:3CA3H         LINE#         1063
  C:3CCEH         LINE#         1064
  C:3CF5H         LINE#         1065
  C:3CF8H         LINE#         1067
  C:3CF8H         LINE#         1069
  C:3D20H         LINE#         1070
  C:3D48H         LINE#         1072
  C:3D71H         LINE#         1073
  C:3D9AH         LINE#         1074
  C:3D9AH         LINE#         1075
  C:3DABH         LINE#         1076
  C:3DCBH         LINE#         1078
  C:3DCDH         LINE#         1079
  C:3DCFH         LINE#         1080
  C:3DD1H         LINE#         1081
  C:3DD3H         LINE#         1082
  C:3DD5H         LINE#         1083
  C:3DDBH         LINE#         1085
  -------         ENDPROC       INITIOSW1021
  -------         PROC          CHECKSW1021INIT
  -------         DO            
  X:7B35H         SYMBOL        ret
  D:0002H         SYMBOL        i
  X:7B37H         SYMBOL        j
  D:0004H         SYMBOL        reg
  C:607DH         SYMBOL        quit
  -------         ENDDO         
  C:5F8FH         LINE#         1099
  C:5F8FH         LINE#         1100
  C:5F8FH         LINE#         1101
  C:5F96H         LINE#         1104
  C:5F98H         LINE#         1105
  C:5F98H         LINE#         1106
  C:5FAAH         LINE#         1107
  C:5FADH         LINE#         1108
BL51 BANKED LINKER/LOCATER V6.22                                                      04/13/2016  14:31:06  PAGE 24


  C:5FADH         LINE#         1109
  C:5FB0H         LINE#         1110
  C:5FB0H         LINE#         1111
  C:5FC2H         LINE#         1112
  C:5FC5H         LINE#         1113
  C:5FC5H         LINE#         1114
  C:5FC8H         LINE#         1115
  C:5FC8H         LINE#         1117
  C:5FD8H         LINE#         1118
  C:5FDBH         LINE#         1119
  C:5FDBH         LINE#         1120
  C:5FDDH         LINE#         1121
  C:5FDDH         LINE#         1123
  C:5FEDH         LINE#         1124
  C:5FF0H         LINE#         1125
  C:5FF0H         LINE#         1126
  C:5FF2H         LINE#         1127
  C:5FF2H         LINE#         1129
  C:600BH         LINE#         1130
  C:604FH         LINE#         1131
  C:6055H         LINE#         1132
  C:605DH         LINE#         1133
  C:605FH         LINE#         1134
  C:605FH         LINE#         1135
  C:606FH         LINE#         1137
  C:607DH         LINE#         1138
  C:607DH         LINE#         1139
  C:6085H         LINE#         1140
  -------         ENDPROC       CHECKSW1021INIT
  -------         PROC          MAIN
  -------         DO            
  D:0007H         SYMBOL        i
  X:7B33H         SYMBOL        ret
  -------         ENDDO         
  C:6238H         LINE#         1155
  C:6238H         LINE#         1156
  C:6238H         LINE#         1158
  C:623FH         LINE#         1161
  C:6242H         LINE#         1163
  C:624DH         LINE#         1164
  C:6250H         LINE#         1165
  C:6253H         LINE#         1167
  C:6253H         LINE#         1168
  C:6253H         LINE#         1172
  C:6259H         LINE#         1179
  C:6264H         LINE#         1180
  C:6267H         LINE#         1181
  C:626AH         LINE#         1182
  C:626DH         LINE#         1183
  C:6270H         LINE#         1184
  C:6270H         LINE#         1186
  C:6273H         LINE#         1187
  C:6276H         LINE#         1189
  C:627FH         LINE#         1190
  C:627FH         LINE#         1191
  C:6282H         LINE#         1192
  C:6284H         LINE#         1193
BL51 BANKED LINKER/LOCATER V6.22                                                      04/13/2016  14:31:06  PAGE 25


  C:6284H         LINE#         1194
  C:62A9H         LINE#         1195
  C:62CEH         LINE#         1196
  C:62F3H         LINE#         1197
  C:62F8H         LINE#         1198
  C:62FBH         LINE#         1199
  C:6300H         LINE#         1200
  C:6300H         LINE#         1202
  C:6303H         LINE#         1203
  -------         ENDPROC       MAIN
  -------         ENDMOD        GF2488_01F1_E1_RST

  -------         MODULE        TIMER
  C:0000H         SYMBOL        _ICE_DUMMY_
  D:0090H         PUBLIC        P1
  D:00B0H         PUBLIC        P3
  C:5D9EH         PUBLIC        TimerIntep
  X:7B9DH         PUBLIC        g_LampEn
  X:7B9EH         SYMBOL        g_ucTenMs
  D:00A8H         PUBLIC        IE
  D:00C7H         PUBLIC        TA
  D:00B8H         PUBLIC        IP
  C:6D5DH         PUBLIC        TimerInit
  X:7B9FH         PUBLIC        g_SecondFlag
  X:7BA0H         PUBLIC        g_QuarterFlag
  D:0088H         PUBLIC        TCON
  X:7BA1H         SYMBOL        ucInActTime
  B:00C8H.7       PUBLIC        TF2
  X:7BA2H         PUBLIC        g_ulResetSec
  D:00E8H         PUBLIC        EIE
  X:7BA6H         PUBLIC        g_stuSysClock
  D:00F8H         PUBLIC        EIP
  D:0098H         PUBLIC        SCON0
  D:00C0H         PUBLIC        SCON1
  D:00C8H         PUBLIC        T2CON
  C:6EA1H         PUBLIC        _Delay
  D:00D0H         PUBLIC        PSW
  D:00D8H         PUBLIC        WDCON
  B:00D8H.0       PUBLIC        RWT
  C:0006H         SYMBOL        Com0013
  C:0006H         SYMBOL        L?0020
  C:0006H         SYMBOL        L?0021
  -------         PROC          COM0013
  -------         ENDPROC       COM0013
  -------         PROC          TIMERINTEP
  C:5D9EH         LINE#         37
  C:5DB4H         LINE#         39
  C:5DB6H         LINE#         41
  C:5DBCH         LINE#         42
  C:5DC9H         LINE#         43
  C:5DC9H         LINE#         45
  C:5DCFH         LINE#         46
  C:5DCFH         LINE#         48
  C:5DD1H         LINE#         54
  C:5DD1H         LINE#         57
  C:5DD4H         LINE#         60
  C:5DDCH         LINE#         61
BL51 BANKED LINKER/LOCATER V6.22                                                      04/13/2016  14:31:06  PAGE 26


  C:5DDCH         LINE#         62
  C:5DE0H         LINE#         63
  C:5DE3H         LINE#         64
  C:5DE9H         LINE#         65
  C:5E08H         LINE#         67
  C:5E0EH         LINE#         68
  C:5E0EH         LINE#         69
  C:5E19H         LINE#         70
  C:5E19H         LINE#         71
  C:5E1BH         LINE#         72
  C:5E1FH         LINE#         74
  C:5E24H         LINE#         76
  C:5E29H         LINE#         77
  C:5E2CH         LINE#         78
  C:5E2CH         LINE#         79
  C:5E2EH         LINE#         81
  C:5E2EH         LINE#         82
  C:5E33H         LINE#         83
  C:5E37H         LINE#         84
  C:5E3CH         LINE#         85
  C:5E3CH         LINE#         87
  C:5E44H         LINE#         88
  C:5E44H         LINE#         89
  C:5E45H         LINE#         90
  C:5E4BH         LINE#         92
  C:5E55H         LINE#         93
  C:5E5CH         LINE#         94
  C:5E5FH         LINE#         95
  C:5E64H         LINE#         97
  C:5E6DH         LINE#         98
  C:5E6DH         LINE#         99
  C:5E6FH         LINE#         100
  C:5E75H         LINE#         101
  C:5E7BH         LINE#         102
  C:5E7BH         LINE#         103
  C:5E7DH         LINE#         104
  C:5E83H         LINE#         105
  C:5E83H         LINE#         106
  C:5E83H         LINE#         107
  C:5E83H         LINE#         108
  C:5E83H         LINE#         109
  C:5E83H         LINE#         111
  C:5E86H         LINE#         132
  -------         ENDPROC       TIMERINTEP
  -------         PROC          TIMERINIT
  C:6D5DH         LINE#         148
  C:6D5DH         LINE#         149
  C:6D5DH         LINE#         171
  C:6D63H         LINE#         172
  C:6D67H         LINE#         173
  C:6D6BH         LINE#         174
  C:6D6FH         LINE#         175
  C:6D72H         LINE#         176
  C:6D74H         LINE#         177
  C:6D76H         LINE#         179
  C:6D7AH         LINE#         180
  C:6D7CH         LINE#         181
BL51 BANKED LINKER/LOCATER V6.22                                                      04/13/2016  14:31:06  PAGE 27


  C:6D80H         LINE#         182
  C:6D82H         LINE#         184
  C:6D8CH         LINE#         185
  C:6D91H         LINE#         187
  C:6D95H         LINE#         192
  -------         ENDPROC       TIMERINIT
  -------         PROC          _DELAY
  D:0007H         SYMBOL        uc10ms
  -------         DO            
  D:0006H         SYMBOL        ucLastTime
  -------         ENDDO         
  C:6EA1H         LINE#         208
  C:6EA1H         LINE#         209
  C:6EA1H         LINE#         212
  C:6EA6H         LINE#         213
  C:6EACH         LINE#         214
  C:6EACH         LINE#         216
  C:6EB4H         LINE#         217
  C:6EB4H         LINE#         218
  C:6EBCH         LINE#         220
  C:6EBFH         LINE#         222
  C:6EC0H         LINE#         223
  C:6EC2H         LINE#         224
  C:6EC2H         LINE#         225
  C:6EC4H         LINE#         226
  -------         ENDPROC       _DELAY
  -------         ENDMOD        TIMER

  -------         MODULE        COMM
  C:0000H         SYMBOL        _ICE_DUMMY_
  D:0090H         PUBLIC        P1
  X:76DEH         PUBLIC        g_AllClrFlag
  B:0023H.1       SYMBOL        ResetFlag
  D:00B0H         PUBLIC        P3
  B:0023H.2       SYMBOL        updateFlag
  D:00A5H         PUBLIC        P4
  C:6EF6H         PUBLIC        RESET
  X:76DFH         SYMBOL        usiCrcTemp
  B:00A8H.7       PUBLIC        EA
  X:76E1H         PUBLIC        sysErrCode
  B:0023H.3       PUBLIC        HotBoot_f
  C:65F5H         SYMBOL        _ReadBctHead
  D:00A8H         PUBLIC        IE
  C:6CE6H         PUBLIC        JumpToAux
  B:0023H.4       SYMBOL        isRecOK
  X:76E2H         SYMBOL        PmCodeCRC
  D:00C7H         PUBLIC        TA
  C:4C75H         PUBLIC        LibDate
  D:00B8H         PUBLIC        IP
  X:76E4H         SYMBOL        g_ConfChange
  C:68DDH         SYMBOL        _ProgBakFlash
  D:0021H         PUBLIC        outport
  B:0023H.5       SYMBOL        isBakRun
  C:4C8AH         PUBLIC        crc_table
  C:52FCH         SYMBOL        softUpdate
  C:6BA1H         PUBLIC        _Check_SST_39VF
  B:0021H.1       PUBLIC        HOLD
BL51 BANKED LINKER/LOCATER V6.22                                                      04/13/2016  14:31:06  PAGE 28


  B:0021H.6       PUBLIC        LSCE
  C:4C81H         PUBLIC        LibTime
  C:0E06H         PUBLIC        ProcCmd
  C:6E03H         PUBLIC        BootInit
  X:76E5H         PUBLIC        g_buffcom
  C:4E8AH         PUBLIC        ProcAlmData
  C:674BH         SYMBOL        copyFlash
  D:0087H         PUBLIC        PCON
  X:7AFFH         PUBLIC        pfOtherCMD
  D:0088H         PUBLIC        TCON
  C:5721H         PUBLIC        ProcHisData
  D:009FH         PUBLIC        CHPCON
  C:694BH         SYMBOL        RamTest
  X:7B02H         SYMBOL        g_FileIndex
  C:4C6EH         PUBLIC        LibVer
  B:0023H.6       PUBLIC        ispFlag
  X:7B06H         PUBLIC        g_ReqConfig
  D:00CDH         PUBLIC        TH2
  C:6A1EH         PUBLIC        CommVarInit
  C:5900H         PUBLIC        _VerShow
  C:6C52H         PUBLIC        _CRCCCITT
  D:00CCH         PUBLIC        TL2
  D:00E8H         PUBLIC        EIE
  C:6A84H         SYMBOL        _Program_One_Byte
  B:0021H.4       PUBLIC        ACT
  B:00C8H.2       PUBLIC        TR2
  C:3DDCH         SYMBOL        _downSoft
  B:0021H.3       PUBLIC        RED
  X:7B07H         SYMBOL        g_stuHisTime
  C:6AE9H         PUBLIC        _ProgramAPROM
  B:0021H.2       PUBLIC        YELLOW
  D:00F8H         PUBLIC        EIP
  X:7B0BH         PUBLIC        g_ucSetTime
  X:7B0CH         SYMBOL        g_CrcValue
  X:7B0EH         SYMBOL        LineCodeCRC
  X:7B10H         SYMBOL        g_HisDataReady
  C:6D96H         SYMBOL        _EraseFlash
  C:6D23H         SYMBOL        ispInit
  D:0098H         PUBLIC        SCON0
  D:00C0H         PUBLIC        SCON1
  D:00C8H         PUBLIC        T2CON
  X:7B11H         SYMBOL        memErrCode
  X:7B12H         SYMBOL        ispType
  X:7B13H         SYMBOL        AlmCodeCRC
  C:685AH         SYMBOL        _ReadFpgaHead
  C:6EC5H         PUBLIC        _EraseAPROM
  D:00ADH         PUBLIC        SFRAH
  D:00AEH         PUBLIC        SFRFD
  C:6BFCH         PUBLIC        _MemCRC
  D:00ACH         PUBLIC        SFRAL
  D:00D0H         PUBLIC        PSW
  D:00D8H         PUBLIC        WDCON
  B:00D8H.0       PUBLIC        RWT
  D:00AFH         PUBLIC        SFRCN
  C:2DBDH         SYMBOL        Com018B
  C:2DBDH         SYMBOL        L?0396
  C:2DBEH         SYMBOL        L?0397
BL51 BANKED LINKER/LOCATER V6.22                                                      04/13/2016  14:31:06  PAGE 29


  C:2DC2H         SYMBOL        L?0398
  C:2DE0H         SYMBOL        L?0399
  C:2DE3H         SYMBOL        L?0400
  C:2DEBH         SYMBOL        L?0401
  C:2DEBH         SYMBOL        L?0402
  C:2DECH         SYMBOL        L?0403
  C:2DEFH         SYMBOL        L?0404
  C:2DF2H         SYMBOL        L?0405
  C:2DF3H         SYMBOL        L?0406
  C:2DF7H         SYMBOL        L?0407
  C:2E00H         SYMBOL        L?0408
  C:2E72H         SYMBOL        L?0409
  C:2E73H         SYMBOL        L?0410
  C:2E74H         SYMBOL        L?0411
  C:2E7FH         SYMBOL        L?0412
  C:2E88H         SYMBOL        L?0413
  C:2E9EH         SYMBOL        L?0414
  C:2E9FH         SYMBOL        L?0415
  C:2EA0H         SYMBOL        L?0416
  C:2ECBH         SYMBOL        L?0417
  C:2EDDH         SYMBOL        L?0418
  C:2EF8H         SYMBOL        L?0419
  C:2F02H         SYMBOL        L?0420
  C:2F04H         SYMBOL        L?0421
  C:2F05H         SYMBOL        L?0422
  C:2F06H         SYMBOL        L?0423
  C:2F09H         SYMBOL        L?0424
  C:2F10H         SYMBOL        L?0425
  C:2F10H         SYMBOL        L?0426
  C:2F15H         SYMBOL        L?0427
  C:2F29H         SYMBOL        L?0428
  C:2F2CH         SYMBOL        L?0429
  C:2F30H         SYMBOL        L?0430
  C:2F3CH         SYMBOL        L?0433
  C:2F40H         SYMBOL        L?0434
  C:2F48H         SYMBOL        L?0435
  C:2F4FH         SYMBOL        L?0436
  C:2F68H         SYMBOL        L?0437
  C:2F76H         SYMBOL        L?0438
  C:2F7FH         SYMBOL        L?0439
  C:2F94H         SYMBOL        L?0440
  C:2F97H         SYMBOL        L?0441
  C:2F9AH         SYMBOL        L?0442
  C:2FA2H         SYMBOL        L?0443
  C:2FA5H         SYMBOL        L?0444
  C:2FA9H         SYMBOL        L?0445
  C:2FADH         SYMBOL        L?0446
  C:2FB6H         SYMBOL        L?0447
  C:2FB6H         SYMBOL        L?0448
  C:2FBFH         SYMBOL        L?0449
  C:2FC2H         SYMBOL        L?0450
  C:2FCBH         SYMBOL        L?0451
  C:2FD6H         SYMBOL        L?0452
  C:2FD6H         SYMBOL        L?0453
  C:2FE0H         SYMBOL        L?0454
  C:2FE7H         SYMBOL        L?0455
  C:2FF6H         SYMBOL        L?0456
BL51 BANKED LINKER/LOCATER V6.22                                                      04/13/2016  14:31:06  PAGE 30


  C:3004H         SYMBOL        L?0457
  C:3004H         SYMBOL        L?0458
  C:3010H         SYMBOL        L?0459
  C:3018H         SYMBOL        L?0460
  C:3018H         SYMBOL        L?0461
  C:301DH         SYMBOL        L?0462
  C:3025H         SYMBOL        L?0463
  C:3025H         SYMBOL        L?0464
  C:3028H         SYMBOL        L?0465
  C:3031H         SYMBOL        L?0466
  C:3031H         SYMBOL        L?0467
  C:3048H         SYMBOL        L?0468
  C:3059H         SYMBOL        L?0469
  C:3063H         SYMBOL        L?0470
  C:3066H         SYMBOL        L?0471
  C:307AH         SYMBOL        L?0472
  C:308CH         SYMBOL        L?0474
  C:3097H         SYMBOL        L?0475
  C:309EH         SYMBOL        L?0476
  C:309EH         SYMBOL        L?0477
  C:30A4H         SYMBOL        L?0478
  C:30ADH         SYMBOL        L?0479
  C:30C4H         SYMBOL        L?0480
  C:30CAH         SYMBOL        L?0481
  C:30EAH         SYMBOL        L?0482
  C:30EAH         SYMBOL        L?0483
  C:30FCH         SYMBOL        L?0484
  C:3100H         SYMBOL        L?0485
  C:310DH         SYMBOL        L?0486
  C:310DH         SYMBOL        L?0487
  C:3116H         SYMBOL        L?0488
  C:3116H         SYMBOL        L?0489
  C:311EH         SYMBOL        L?0490
  C:3125H         SYMBOL        L?0491
  C:3125H         SYMBOL        L?0492
  C:3131H         SYMBOL        L?0493
  C:3144H         SYMBOL        L?0494
  C:3144H         SYMBOL        L?0495
  C:3147H         SYMBOL        L?0496
  C:3151H         SYMBOL        L?0497
  C:3158H         SYMBOL        L?0498
  C:3160H         SYMBOL        L?0499
  C:3162H         SYMBOL        L?0500
  C:3170H         SYMBOL        L?0503
  C:3176H         SYMBOL        L?0504
  C:3181H         SYMBOL        L?0505
  C:3181H         SYMBOL        L?0506
  C:3184H         SYMBOL        L?0507
  C:318AH         SYMBOL        L?0508
  C:318AH         SYMBOL        L?0509
  C:3198H         SYMBOL        L?0510
  C:319AH         SYMBOL        L?0511
  C:31A1H         SYMBOL        L?0512
  C:31B5H         SYMBOL        L?0513
  C:31B6H         SYMBOL        L?0514
  C:31B7H         SYMBOL        L?0515
  C:31BEH         SYMBOL        L?0516
BL51 BANKED LINKER/LOCATER V6.22                                                      04/13/2016  14:31:06  PAGE 31


  C:31BEH         SYMBOL        L?0517
  C:31C7H         SYMBOL        L?0518
  C:31CAH         SYMBOL        L?0519
  C:31D1H         SYMBOL        L?0520
  C:31D1H         SYMBOL        L?0521
  C:31D8H         SYMBOL        L?0522
  C:31D8H         SYMBOL        L?0523
  C:31E3H         SYMBOL        L?0524
  C:31E3H         SYMBOL        L?0525
  C:31EEH         SYMBOL        L?0526
  C:31F4H         SYMBOL        L?0527
  C:31FBH         SYMBOL        L?0528
  C:31FBH         SYMBOL        L?0529
  C:3202H         SYMBOL        L?0530
  C:3204H         SYMBOL        L?0531
  C:320DH         SYMBOL        L?0532
  C:320EH         SYMBOL        L?0533
  C:3214H         SYMBOL        L?0534
  C:3215H         SYMBOL        L?0535
  C:321BH         SYMBOL        L?0536
  C:321BH         SYMBOL        L?0537
  C:3224H         SYMBOL        L?0538
  C:3224H         SYMBOL        L?0539
  C:322DH         SYMBOL        L?0540
  C:323AH         SYMBOL        L?0541
  C:3247H         SYMBOL        L?0542
  C:3247H         SYMBOL        L?0543
  C:324DH         SYMBOL        L?0544
  C:324DH         SYMBOL        L?0545
  C:3254H         SYMBOL        L?0546
  C:3261H         SYMBOL        L?0547
  C:326EH         SYMBOL        L?0548
  C:326FH         SYMBOL        L?0549
  C:3277H         SYMBOL        L?0550
  C:327AH         SYMBOL        L?0551
  C:3281H         SYMBOL        L?0552
  C:3281H         SYMBOL        L?0553
  C:3288H         SYMBOL        L?0554
  C:3288H         SYMBOL        L?0555
  C:328FH         SYMBOL        L?0556
  C:328FH         SYMBOL        L?0557
  C:3296H         SYMBOL        L?0558
  C:3296H         SYMBOL        L?0559
  C:329DH         SYMBOL        L?0560
  C:32A5H         SYMBOL        L?0561
  C:32B1H         SYMBOL        L?0562
  C:32B1H         SYMBOL        L?0563
  C:32B9H         SYMBOL        L?0564
  C:32B9H         SYMBOL        L?0565
  C:32C1H         SYMBOL        L?0566
  C:32CCH         SYMBOL        L?0567
  C:32D7H         SYMBOL        L?0568
  C:32E2H         SYMBOL        L?0569
  C:32EDH         SYMBOL        L?0570
  C:32F7H         SYMBOL        L?0571
  C:3302H         SYMBOL        L?0572
  C:3303H         SYMBOL        L?0573
BL51 BANKED LINKER/LOCATER V6.22                                                      04/13/2016  14:31:06  PAGE 32


  C:330AH         SYMBOL        L?0574
  C:330BH         SYMBOL        L?0575
  C:3312H         SYMBOL        L?0577
  C:3312H         SYMBOL        L?0578
  C:3319H         SYMBOL        L?0579
  C:3319H         SYMBOL        L?0580
  C:3320H         SYMBOL        L?0581
  C:3320H         SYMBOL        L?0582
  C:3327H         SYMBOL        L?0583
  C:3327H         SYMBOL        L?0584
  C:332EH         SYMBOL        L?0585
  C:332EH         SYMBOL        L?0586
  C:3335H         SYMBOL        L?0587
  C:333FH         SYMBOL        L?0588
  C:333FH         SYMBOL        L?0589
  C:3346H         SYMBOL        L?0590
  C:3346H         SYMBOL        L?0591
  -------         PROC          COM018B
  -------         ENDPROC       COM018B
  C:6694H         SYMBOL        L?0501
  -------         PROC          _READBCTHEAD
  X:7B26H         SYMBOL        pHead
  C:65F5H         LINE#         138
  C:65FBH         LINE#         139
  C:65FBH         LINE#         145
  C:6609H         LINE#         146
  C:6609H         LINE#         147
  C:6621H         LINE#         148
  C:6621H         LINE#         150
  C:6621H         LINE#         151
  C:662FH         LINE#         153
  C:664BH         LINE#         154
  C:6667H         LINE#         155
  C:6677H         LINE#         156
  C:6687H         LINE#         157
  C:6693H         LINE#         158
  C:6693H         LINE#         160
  -------         ENDPROC       _READBCTHEAD
  -------         PROC          _CHECK_SST_39VF
  D:0007H         SYMBOL        ucIC
  -------         DO            
  D:0004H         SYMBOL        ucSstID
  D:0003H         SYMBOL        ucSstCap
  -------         ENDDO         
  C:6BA1H         LINE#         179
  C:6BA1H         LINE#         180
  C:6BA1H         LINE#         183
  C:6BABH         LINE#         185
  C:6BABH         LINE#         186
  C:6BABH         LINE#         187
  C:6BABH         LINE#         188
  C:6BABH         LINE#         189
  C:6BB0H         LINE#         190
  C:6BB2H         LINE#         192
  C:6BBCH         LINE#         194
  C:6BBFH         LINE#         195
  C:6BC1H         LINE#         196
BL51 BANKED LINKER/LOCATER V6.22                                                      04/13/2016  14:31:06  PAGE 33


  C:6BC3H         LINE#         198
  C:6BC6H         LINE#         200
  C:6BCCH         LINE#         202
  C:6BD1H         LINE#         204
  C:6BD9H         LINE#         205
  C:6BDBH         LINE#         206
  C:6BDFH         LINE#         207
  C:6BDFH         LINE#         208
  C:6BE4H         LINE#         209
  C:6BEAH         LINE#         211
  C:6BEFH         LINE#         213
  C:6BF9H         LINE#         215
  C:6BFBH         LINE#         216
  -------         ENDPROC       _CHECK_SST_39VF
  -------         PROC          _READFPGAHEAD
  D:0001H         SYMBOL        pHead
  D:0005H         SYMBOL        ucIC
  -------         DO            
  X:7B26H         SYMBOL        i
  X:7B28H         SYMBOL        FlashAddr
  -------         ENDDO         
  C:685AH         LINE#         230
  C:685AH         LINE#         231
  C:685AH         LINE#         235
  C:685DH         LINE#         236
  C:685DH         LINE#         237
  C:6867H         LINE#         238
  C:6867H         LINE#         239
  C:686BH         LINE#         240
  C:686BH         LINE#         241
  C:6875H         LINE#         242
  C:6875H         LINE#         244
  C:6875H         LINE#         245
  C:6878H         LINE#         246
  C:6878H         LINE#         248
  C:6882H         LINE#         249
  C:688CH         LINE#         250
  C:6893H         LINE#         251
  C:6893H         LINE#         252
  C:68A6H         LINE#         253
  C:68ADH         LINE#         254
  C:68B4H         LINE#         255
  C:68C0H         LINE#         256
  C:68DAH         LINE#         257
  C:68DCH         LINE#         258
  -------         ENDPROC       _READFPGAHEAD
  -------         PROC          ISPINIT
  C:6D23H         LINE#         273
  C:6D23H         LINE#         274
  C:6D23H         LINE#         276
  C:6D25H         LINE#         277
  C:6D27H         LINE#         278
  C:6D29H         LINE#         279
  C:6D2BH         LINE#         281
  C:6D33H         LINE#         282
  C:6D3DH         LINE#         284
  C:6D3FH         LINE#         285
BL51 BANKED LINKER/LOCATER V6.22                                                      04/13/2016  14:31:06  PAGE 34


  C:6D44H         LINE#         288
  C:6D4DH         LINE#         291
  C:6D5CH         LINE#         292
  -------         ENDPROC       ISPINIT
  C:6EE5H         SYMBOL        L?0432
  -------         PROC          L?0431
  -------         ENDPROC       L?0431
  C:6EE5H         SYMBOL        L?0432
  -------         PROC          RESET
  C:6EF6H         LINE#         303
  C:6EF6H         LINE#         304
  C:6EF6H         LINE#         306
  C:6EF9H         LINE#         307
  -------         ENDPROC       RESET
  -------         PROC          _ERASEFLASH
  D:0007H         SYMBOL        ucIC
  C:6D96H         LINE#         335
  C:6D96H         LINE#         336
  C:6D96H         LINE#         337
  C:6DA0H         LINE#         339
  C:6DA0H         LINE#         340
  C:6DA0H         LINE#         342
  C:6DA0H         LINE#         343
  C:6DA0H         LINE#         345
  C:6DA5H         LINE#         346
  C:6DA7H         LINE#         348
  C:6DAEH         LINE#         349
  C:6DB1H         LINE#         351
  C:6DB5H         LINE#         352
  C:6DB5H         LINE#         354
  C:6DBAH         LINE#         355
  C:6DC0H         LINE#         357
  C:6DC6H         LINE#         359
  C:6DCBH         LINE#         361
  C:6DCDH         LINE#         362
  -------         ENDPROC       _ERASEFLASH
  -------         PROC          _PROGRAM_ONE_BYTE
  D:0007H         SYMBOL        ucIC
  D:0005H         SYMBOL        ucSrcByte
  X:7B50H         SYMBOL        FlashAddr
  -------         DO            
  D:0005H         SYMBOL        ucPreData
  D:0006H         SYMBOL        ucCurrData
  D:0007H         SYMBOL        ucTimeOut
  -------         ENDDO         
  C:6A84H         LINE#         376
  C:6A84H         LINE#         377
  C:6A84H         LINE#         382
  C:6A8EH         LINE#         384
  C:6A95H         LINE#         385
  C:6A98H         LINE#         387
  C:6A9BH         LINE#         388
  C:6A9BH         LINE#         390
  C:6AA0H         LINE#         391
  C:6AA6H         LINE#         393
  C:6AAEH         LINE#         395
  C:6AC1H         LINE#         396
BL51 BANKED LINKER/LOCATER V6.22                                                      04/13/2016  14:31:06  PAGE 35


  C:6AC6H         LINE#         400
  C:6AC8H         LINE#         401
  C:6ACCH         LINE#         403
  C:6AD5H         LINE#         404
  C:6AD5H         LINE#         405
  C:6ADCH         LINE#         406
  C:6ADFH         LINE#         407
  C:6ADFH         LINE#         408
  C:6AE2H         LINE#         409
  C:6AE2H         LINE#         410
  C:6AE4H         LINE#         411
  C:6AE6H         LINE#         412
  C:6AE8H         LINE#         413
  -------         ENDPROC       _PROGRAM_ONE_BYTE
  -------         PROC          _PROGBAKFLASH
  X:7B43H         SYMBOL        pSour
  X:7B46H         SYMBOL        dstAddr
  X:7B4AH         SYMBOL        length
  C:68DDH         LINE#         426
  C:68E3H         LINE#         427
  C:68E3H         LINE#         428
  C:68F0H         LINE#         429
  C:68F0H         LINE#         430
  C:6916H         LINE#         431
[...]
  C:559DH         LINE#         67
  C:55A4H         LINE#         68
  C:55A4H         LINE#         69
  C:55A7H         LINE#         71
  C:55A7H         LINE#         72
  C:55C6H         LINE#         73
  C:55C6H         LINE#         74
  C:55C9H         LINE#         75
  C:55C9H         LINE#         113
  C:55D0H         LINE#         114
  C:55D0H         LINE#         115
  C:55EBH         LINE#         116
  C:55FBH         LINE#         117
  C:55FBH         LINE#         118
  C:55FEH         LINE#         119
  C:5601H         LINE#         120
  C:5601H         LINE#         121
  C:5604H         LINE#         123
  C:5604H         LINE#         124
  C:5607H         LINE#         125
  C:560AH         LINE#         126
  C:560AH         LINE#         127
  C:560AH         LINE#         128
  C:560AH         LINE#         129
  C:560AH         LINE#         130
  C:560DH         LINE#         132
  C:560DH         LINE#         133
  C:560DH         LINE#         134
  C:5618H         LINE#         135
BL51 BANKED LINKER/LOCATER V6.22                                                      04/13/2016  14:31:06  PAGE 67


  C:5620H         LINE#         136
  C:5620H         LINE#         137
  C:5623H         LINE#         138
  C:5626H         LINE#         139
  C:5626H         LINE#         140
  C:5629H         LINE#         142
  C:5629H         LINE#         143
  C:5634H         LINE#         144
  C:563AH         LINE#         145
  C:563AH         LINE#         146
  C:563AH         LINE#         147
  C:563AH         LINE#         148
  C:563AH         LINE#         149
  C:563AH         LINE#         150
  C:563AH         LINE#         151
  C:563AH         LINE#         153
  C:563AH         LINE#         154
  C:563DH         LINE#         157
  C:563DH         LINE#         158
  C:5644H         LINE#         159
  C:5644H         LINE#         160
  C:5647H         LINE#         161
  C:564EH         LINE#         162
  C:564EH         LINE#         163
  C:5651H         LINE#         165
  C:5651H         LINE#         166
  C:5651H         LINE#         167
  C:566AH         LINE#         168
  C:566AH         LINE#         169
  C:566DH         LINE#         170
  C:5673H         LINE#         171
  C:5673H         LINE#         172
  C:5676H         LINE#         174
  C:5676H         LINE#         175
  C:5686H         LINE#         176
  C:5695H         LINE#         208
  C:569CH         LINE#         209
  C:569CH         LINE#         210
  C:569FH         LINE#         211
  C:56BAH         LINE#         212
  C:56BAH         LINE#         213
  C:56BDH         LINE#         214
  C:56C3H         LINE#         215
  C:56C3H         LINE#         216
  C:56C5H         LINE#         218
  C:56C5H         LINE#         219
  C:56C8H         LINE#         220
  C:56CFH         LINE#         221
  C:56CFH         LINE#         222
  C:56CFH         LINE#         223
  C:56D1H         LINE#         225
  C:56D1H         LINE#         226
  C:56D3H         LINE#         227
  C:56D3H         LINE#         228
  C:56D3H         LINE#         229
  C:56D6H         LINE#         230
  C:56D6H         LINE#         231
BL51 BANKED LINKER/LOCATER V6.22                                                      04/13/2016  14:31:06  PAGE 68


  C:56D6H         LINE#         233
  C:56D6H         LINE#         234
  C:56D6H         LINE#         235
  C:56D8H         LINE#         238
  C:56D8H         LINE#         242
  C:56DFH         LINE#         244
  C:56DFH         LINE#         245
  C:56E2H         LINE#         246
  C:56E9H         LINE#         247
  C:56EFH         LINE#         248
  C:56F1H         LINE#         249
  C:56F4H         LINE#         250
  C:56F6H         LINE#         292
  C:56F6H         LINE#         293
  C:56FBH         LINE#         294
  C:5700H         LINE#         295
  C:5700H         LINE#         296
  C:5700H         LINE#         297
  -------         ENDPROC       HDLCOK
  -------         PROC          HDLCERR
  C:6DCEH         LINE#         590
  C:6DDDH         LINE#         592
  C:6DE2H         LINE#         593
  C:6DE4H         LINE#         594
  C:6DE4H         LINE#         595
  C:6DE4H         LINE#         596
  C:6DE7H         LINE#         597
  C:6DECH         LINE#         598
  C:6DF3H         LINE#         599
  C:6DF6H         LINE#         600
  -------         ENDPROC       HDLCERR
  -------         PROC          SCC1HARDINIT
  C:6F32H         LINE#         617
  C:6F32H         LINE#         618
  C:6F32H         LINE#         620
  C:6F37H         LINE#         621
  C:6F39H         LINE#         622
  C:6F3BH         LINE#         624
  C:6F3DH         LINE#         625
  C:6F3FH         LINE#         626
  C:6F41H         LINE#         739
  -------         ENDPROC       SCC1HARDINIT
  -------         PROC          SCC1INIT
  C:6B45H         LINE#         755
  C:6B45H         LINE#         756
  C:6B45H         LINE#         759
  C:6B4CH         LINE#         760
  C:6B50H         LINE#         761
  C:6B56H         LINE#         762
  C:6B5AH         LINE#         763
  C:6B60H         LINE#         765
  C:6B64H         LINE#         768
  C:6B68H         LINE#         769
  C:6B6CH         LINE#         770
  C:6B70H         LINE#         771
  C:6B74H         LINE#         772
  C:6B76H         LINE#         774
BL51 BANKED LINKER/LOCATER V6.22                                                      04/13/2016  14:31:06  PAGE 69


  C:6B83H         LINE#         775
  C:6B92H         LINE#         776
  -------         ENDPROC       SCC1INIT
  -------         PROC          SCC1TX
  -------         DO            
  X:7B15H         SYMBOL        uTemp
  D:0018H         SYMBOL        usTemp
  -------         ENDDO         
  C:5C86H         LINE#         793
  C:5C86H         LINE#         794
  C:5C86H         LINE#         804
  C:5C91H         LINE#         805
  C:5C91H         LINE#         806
  C:5C95H         LINE#         808
  C:5C9AH         LINE#         810
  C:5C9BH         LINE#         811
  C:5CA4H         LINE#         812
  C:5CA4H         LINE#         813
  C:5CAAH         LINE#         816
  C:5CB0H         LINE#         820
  C:5CB4H         LINE#         823
  C:5CBEH         LINE#         824
  C:5CC1H         LINE#         825
  C:5CC4H         LINE#         827
  C:5CCAH         LINE#         828
  C:5CD1H         LINE#         829
  C:5CF2H         LINE#         831
  C:5D00H         LINE#         832
  C:5D0EH         LINE#         833
  C:5D14H         LINE#         854
  C:5D15H         LINE#         856
  C:5D15H         LINE#         860
  C:5D1AH         LINE#         864
  C:5D2AH         LINE#         865
  C:5D38H         LINE#         870
  C:5D4EH         LINE#         873
  C:5D5DH         LINE#         874
  C:5D5DH         LINE#         875
  C:5D60H         LINE#         877
  C:5D7CH         LINE#         878
  C:5D90H         LINE#         879
  C:5D96H         LINE#         896
  C:5D9DH         LINE#         897
  C:5D9DH         LINE#         898
  -------         ENDPROC       SCC1TX
  -------         ENDMOD        HDLC

  -------         MODULE        ?C_STARTUP
  C:6489H         SEGMENT       ?C_C51STARTUP
  I:0024H         SEGMENT       ?STACK
  C:0000H         PUBLIC        ?C_STARTUP
  B:00D0H.6       SYMBOL        AC
  D:00E0H         SYMBOL        ACC
  D:00F0H         SYMBOL        B
  D:008EH         SYMBOL        CKCON
  B:00C8H.0       SYMBOL        CP_RL2
  B:00D0H.7       SYMBOL        CY
BL51 BANKED LINKER/LOCATER V6.22                                                      04/13/2016  14:31:06  PAGE 70


  B:00C8H.1       SYMBOL        C_T2
  D:0083H         SYMBOL        DPH
  D:0085H         SYMBOL        DPH1
  D:0082H         SYMBOL        DPL
  D:0084H         SYMBOL        DPL1
  D:0086H         SYMBOL        DPS
  B:00A8H.7       SYMBOL        EA
  D:00E8H         SYMBOL        EIE
  D:00F8H         SYMBOL        EIP
  B:00D8H.5       SYMBOL        EPFI
  B:00A8H.4       SYMBOL        ES0
  B:00A8H.6       SYMBOL        ES1
  B:00A8H.1       SYMBOL        ET0
  B:00A8H.3       SYMBOL        ET1
  B:00A8H.5       SYMBOL        ET2
  B:00E8H.4       SYMBOL        EWDI
  B:00D8H.1       SYMBOL        EWT
  B:00A8H.0       SYMBOL        EX0
  B:00A8H.2       SYMBOL        EX1
  B:00E8H.0       SYMBOL        EX2
  B:00E8H.1       SYMBOL        EX3
  B:00E8H.2       SYMBOL        EX4
  B:00E8H.3       SYMBOL        EX5
  B:00C8H.3       SYMBOL        EXEN2
  B:00C8H.6       SYMBOL        EXF2
  D:0091H         SYMBOL        EXIF
  B:00D0H.5       SYMBOL        F0
  B:00D0H.1       SYMBOL        FL
  N:0000H         SYMBOL        IBPSTACK
  N:0100H         SYMBOL        IBPSTACKTOP
  N:0100H         SYMBOL        IDATALEN
  C:648CH         SYMBOL        IDATALOOP
  D:00A8H         SYMBOL        IE
  B:0088H.1       SYMBOL        IE0
  B:0088H.3       SYMBOL        IE1
  B:00B0H.2       SYMBOL        INT0
  B:00B0H.3       SYMBOL        INT1
  B:0090H.4       SYMBOL        INT2
  B:0090H.5       SYMBOL        INT3
  B:0090H.6       SYMBOL        INT4
  B:0090H.7       SYMBOL        INT5
  D:00B8H         SYMBOL        IP
  B:0088H.0       SYMBOL        IT0
  B:0088H.2       SYMBOL        IT1
  B:00D0H.2       SYMBOL        OV
  B:00D0H.0       SYMBOL        P
  D:0080H         SYMBOL        P0
  D:0090H         SYMBOL        P1
  D:00A0H         SYMBOL        P2
  D:00B0H         SYMBOL        P3
  N:0000H         SYMBOL        PBPSTACK
  N:0000H         SYMBOL        PBPSTACKTOP
  D:0087H         SYMBOL        PCON
  N:0000H         SYMBOL        PDATALEN
  N:0000H         SYMBOL        PDATASTART
  B:00D8H.4       SYMBOL        PFI
  B:00D8H.6       SYMBOL        POR
BL51 BANKED LINKER/LOCATER V6.22                                                      04/13/2016  14:31:06  PAGE 71


  N:0000H         SYMBOL        PPAGE
  N:0000H         SYMBOL        PPAGEENABLE
  B:00B8H.4       SYMBOL        PS0
  B:00B8H.6       SYMBOL        PS1
  D:00D0H         SYMBOL        PSW
  B:00B8H.1       SYMBOL        PT0
  B:00B8H.3       SYMBOL        PT1
  B:00B8H.5       SYMBOL        PT2
  B:00F8H.4       SYMBOL        PWDI
  B:00B8H.0       SYMBOL        PX0
  B:00B8H.2       SYMBOL        PX1
  B:00F8H.0       SYMBOL        PX2
  B:00F8H.1       SYMBOL        PX3
  B:00F8H.2       SYMBOL        PX4
  B:00F8H.3       SYMBOL        PX5
  B:0098H.2       SYMBOL        RB8
  B:00C0H.2       SYMBOL        RB81
  D:00CBH         SYMBOL        RCAP2H
  D:00CAH         SYMBOL        RCAP2L
  B:00C8H.5       SYMBOL        RCLK
  B:00B0H.7       SYMBOL        RD
  B:0098H.4       SYMBOL        REN
  B:00C0H.4       SYMBOL        REN1
  B:0098H.0       SYMBOL        RI
  B:00C0H.0       SYMBOL        RI1
  B:00D0H.3       SYMBOL        RS0
  B:00D0H.4       SYMBOL        RS1
  B:00D8H.0       SYMBOL        RWT
  B:00B0H.0       SYMBOL        RXD0
  B:0090H.2       SYMBOL        RXD1
  D:00A9H         SYMBOL        SADDR0
  D:00AAH         SYMBOL        SADDR1
  D:00B9H         SYMBOL        SADEN0
  D:00BAH         SYMBOL        SADEN1
  D:0099H         SYMBOL        SBUF0
  D:00C1H         SYMBOL        SBUF1
  D:0098H         SYMBOL        SCON0
  D:00C0H         SYMBOL        SCON1
  B:0098H.7       SYMBOL        SM0
  B:00C0H.7       SYMBOL        SM01
  B:0098H.6       SYMBOL        SM1
  B:00C0H.6       SYMBOL        SM11
  B:0098H.5       SYMBOL        SM2
  B:00C0H.5       SYMBOL        SM21
  B:00D8H.7       SYMBOL        SMOD
  D:0081H         SYMBOL        SP
  C:6489H         SYMBOL        STARTUP1
  D:00C5H         SYMBOL        STATUS
  B:00B0H.4       SYMBOL        T0
  B:00B0H.5       SYMBOL        T1
  B:0090H.0       SYMBOL        T2
  D:00C8H         SYMBOL        T2CON
  B:0090H.1       SYMBOL        T2EX
  D:00C9H         SYMBOL        T2MOD
  D:00C7H         SYMBOL        TA
  B:0098H.3       SYMBOL        TB8
  B:00C0H.3       SYMBOL        TB81
BL51 BANKED LINKER/LOCATER V6.22                                                      04/13/2016  14:31:06  PAGE 72


  B:00C8H.4       SYMBOL        TCLK
  D:0088H         SYMBOL        TCON
  B:0088H.5       SYMBOL        TF0
  B:0088H.7       SYMBOL        TF1
  B:00C8H.7       SYMBOL        TF2
  D:008CH         SYMBOL        TH0
  D:008DH         SYMBOL        TH1
  D:00CDH         SYMBOL        TH2
  B:0098H.1       SYMBOL        TI
  B:00C0H.1       SYMBOL        TI1
  D:008AH         SYMBOL        TL0
  D:008BH         SYMBOL        TL1
  D:00CCH         SYMBOL        TL2
  D:0089H         SYMBOL        TMOD
  B:0088H.4       SYMBOL        TR0
  B:0088H.6       SYMBOL        TR1
  B:00C8H.2       SYMBOL        TR2
  B:00B0H.1       SYMBOL        TXD0
  B:0090H.3       SYMBOL        TXD1
  D:00D8H         SYMBOL        WDCON
  B:00D8H.3       SYMBOL        WDIF
  B:00D8H.2       SYMBOL        WDRF
  B:00B0H.6       SYMBOL        WR
  N:0000H         SYMBOL        XBPSTACK
  N:0000H         SYMBOL        XBPSTACKTOP
  N:0000H         SYMBOL        XDATALEN
  N:0000H         SYMBOL        XDATASTART
  C:0000H         LINE#         82
  C:6489H         LINE#         89
  C:648BH         LINE#         90
  C:648CH         LINE#         91
  C:648DH         LINE#         92
  C:648FH         LINE#         141
  C:6492H         LINE#         143
  C:6494H         LINE#         144
  C:6497H         LINE#         145
  C:649AH         LINE#         146
  C:649DH         LINE#         147
  C:649FH         LINE#         149
  C:64A2H         LINE#         151
  C:64A5H         LINE#         152
  C:64A8H         LINE#         153
  C:64ABH         LINE#         154
  C:64ADH         LINE#         155
  C:64AFH         LINE#         157
  C:64B2H         LINE#         158
  C:64B5H         LINE#         159
  C:64B8H         LINE#         160
  C:64BBH         LINE#         161
  C:64BEH         LINE#         162
  C:64C0H         LINE#         164
  C:64C3H         LINE#         166
  -------         ENDMOD        ?C_STARTUP

  -------         MODULE        ?C?CLDPTR
  C:2070H         PUBLIC        ?C?CLDPTR
  -------         ENDMOD        ?C?CLDPTR
BL51 BANKED LINKER/LOCATER V6.22                                                      04/13/2016  14:31:06  PAGE 73



  -------         MODULE        ?C?CLDOPTR
  C:2089H         PUBLIC        ?C?CLDOPTR
  -------         ENDMOD        ?C?CLDOPTR

  -------         MODULE        ?C?CSTPTR
  C:20B6H         PUBLIC        ?C?CSTPTR
  -------         ENDMOD        ?C?CSTPTR

  -------         MODULE        ?C?CSTOPTR
  C:20C8H         PUBLIC        ?C?CSTOPTR
  -------         ENDMOD        ?C?CSTOPTR

  -------         MODULE        ?C?IMUL
  C:20EAH         PUBLIC        ?C?IMUL
  -------         ENDMOD        ?C?IMUL

  -------         MODULE        ?C?UIDIV
  C:20FCH         PUBLIC        ?C?UIDIV
  -------         ENDMOD        ?C?UIDIV

  -------         MODULE        ?C?SIDIV
  C:2151H         PUBLIC        ?C?SIDIV
  -------         ENDMOD        ?C?SIDIV

  -------         MODULE        ?C?IILDX
  C:2187H         PUBLIC        ?C?IILDX
  -------         ENDMOD        ?C?IILDX

  -------         MODULE        ?C?ILDIX
  C:219DH         PUBLIC        ?C?ILDIX
  -------         ENDMOD        ?C?ILDIX

  -------         MODULE        ?C?ILDOPTR
  C:21B3H         PUBLIC        ?C?ILDOPTR
  -------         ENDMOD        ?C?ILDOPTR

  -------         MODULE        ?C?ISTPTR
  C:21EBH         PUBLIC        ?C?ISTPTR
  -------         ENDMOD        ?C?ISTPTR

  -------         MODULE        ?C?ISTOPTR
  C:220AH         PUBLIC        ?C?ISTOPTR
  -------         ENDMOD        ?C?ISTOPTR

  -------         MODULE        ?C?ULCMP
  C:2237H         PUBLIC        ?C?ULCMP
  -------         ENDMOD        ?C?ULCMP

  -------         MODULE        ?C?LSHL
  C:2248H         PUBLIC        ?C?LSHL
  -------         ENDMOD        ?C?LSHL

  -------         MODULE        ?C?LLDOPTR
  C:225BH         PUBLIC        ?C?LLDOPTR
  -------         ENDMOD        ?C?LLDOPTR

BL51 BANKED LINKER/LOCATER V6.22                                                      04/13/2016  14:31:06  PAGE 74


  -------         MODULE        ?C?LSTXDATA
  C:228BH         PUBLIC        ?C?LSTXDATA
  -------         ENDMOD        ?C?LSTXDATA

  -------         MODULE        ?C?LSTKXDATA
  C:2297H         PUBLIC        ?C?LSTKXDATA
  -------         ENDMOD        ?C?LSTKXDATA

  -------         MODULE        ?C?OFFX256
  C:22C8H         PUBLIC        ?C?OFFX256
  -------         ENDMOD        ?C?OFFX256

  -------         MODULE        ?C?OFFXADD
  C:22D9H         PUBLIC        ?C?OFFXADD
  -------         ENDMOD        ?C?OFFXADD

  -------         MODULE        ?C?CCASE
  C:22E5H         PUBLIC        ?C?CCASE
  -------         ENDMOD        ?C?CCASE

  -------         MODULE        ?C?ICALL
  C:230BH         PUBLIC        ?C?ICALL
  C:230FH         PUBLIC        ?C?ICALL2
  -------         ENDMOD        ?C?ICALL

  -------         MODULE        PRINTF
  X:7B4BH         PUBLIC        ?_PRINTF517?BYTE
  X:7B4BH         PUBLIC        ?_PRINTF?BYTE
  X:7B4BH         PUBLIC        ?_SPRINTF517?BYTE
  X:7B4BH         PUBLIC        ?_SPRINTF?BYTE
  C:4673H         PUBLIC        _PRINTF
  C:4673H         PUBLIC        _PRINTF517
  C:466DH         PUBLIC        _SPRINTF
  C:466DH         PUBLIC        _SPRINTF517
  -------         ENDMOD        PRINTF

  -------         MODULE        TOINT
  C:6E2DH         PUBLIC        _TOINT
  -------         ENDMOD        TOINT

  -------         MODULE        ISXDIGIT
  C:6E7BH         PUBLIC        _isxdigit
  -------         ENDMOD        ISXDIGIT

  -------         MODULE        TOUPPER
  C:6F11H         PUBLIC        _toupper
  -------         ENDMOD        TOUPPER

  -------         MODULE        STRNCMP
  X:7B3FH         PUBLIC        ?_strncmp?BYTE
  C:67D3H         PUBLIC        _strncmp
  -------         ENDMOD        STRNCMP

  -------         MODULE        STRNCPY
  X:7B29H         PUBLIC        ?_strncpy?BYTE
  C:69B6H         PUBLIC        _strncpy
  -------         ENDMOD        STRNCPY
BL51 BANKED LINKER/LOCATER V6.22                                                      04/13/2016  14:31:06  PAGE 75



  -------         MODULE        STRLEN
  C:6EFCH         PUBLIC        _STRLEN
  -------         ENDMOD        STRLEN

  -------         MODULE        ?C?MEMSET
  C:2311H         PUBLIC        ?C?MEMSET
  -------         ENDMOD        ?C?MEMSET

  -------         MODULE        ?C?MEMCMPAMD
  C:249BH         PUBLIC        ?C?MEMCMPAMD
  -------         ENDMOD        ?C?MEMCMPAMD

  -------         MODULE        ?C?COPYAMD
  C:257BH         PUBLIC        ?C?COPYAMD
  -------         ENDMOD        ?C?COPYAMD

  -------         MODULE        ?C?STRCMPAMD
  C:26F7H         PUBLIC        ?C?STRCMPAMD
  -------         ENDMOD        ?C?STRCMPAMD

  -------         MODULE        ?C?LLDIDATA
  C:2714H         PUBLIC        ?C?LLDIDATA
  -------         ENDMOD        ?C?LLDIDATA

  -------         MODULE        ?C?LLDXDATA
  C:2720H         PUBLIC        ?C?LLDXDATA
  -------         ENDMOD        ?C?LLDXDATA

  -------         MODULE        ?C?LLDPDATA
  C:272CH         PUBLIC        ?C?LLDPDATA
  -------         ENDMOD        ?C?LLDPDATA

  -------         MODULE        ?C?LLDCODE
  C:2738H         PUBLIC        ?C?LLDCODE
  -------         ENDMOD        ?C?LLDCODE

  -------         MODULE        ?C?PLDIXDATA
  C:2748H         PUBLIC        ?C?PLDIXDATA
  -------         ENDMOD        ?C?PLDIXDATA

  -------         MODULE        ?C?PSTXDATA
  C:275FH         PUBLIC        ?C?PSTXDATA
  -------         ENDMOD        ?C?PSTXDATA

  -------         MODULE        PUTCHAR
  C:6E54H         PUBLIC        _PUTCHAR
  -------         ENDMOD        PUTCHAR

Program Size: data=37.0 xdata=31676 code=28463
LINK/LOCATE RUN COMPLETE.  0 WARNING(S),  0 ERROR(S)
